1000, 1509376, 1, 0, 0
2000, 733184, 1, 0, 0
3000, 948224, 1, 0, 0
4000, 1202354, 1, 0, 0
5000, 755712, 1, 0, 0
6000, 844800, 1, 0, 0
7000, 640000, 1, 0, 0
8000, 497137, 1, 0, 0
9000, 736256, 1, 0, 0
10000, 614400, 1, 0, 0
11000, 528384, 1, 0, 0
12000, 568888, 1, 0, 0
13000, 385024, 1, 0, 0
14000, 427008, 1, 0, 0
15000, 520712, 1, 0, 0
16000, 461824, 1, 0, 0
17000, 503808, 1, 0, 0
18000, 259331, 1, 0, 0
19000, 238592, 1, 0, 0
20000, 238592, 1, 0, 0
21000, 473561, 1, 0, 0
22000, 574464, 1, 0, 0
23000, 605184, 1, 0, 0
24000, 548864, 1, 0, 0
25000, 461824, 1, 0, 0
26000, 481761, 1, 0, 0
27000, 424960, 1, 0, 0
28000, 250880, 1, 0, 0
29000, 320512, 1, 0, 0
30000, 283931, 1, 0, 0
31000, 323584, 1, 0, 0
32000, 357376, 1, 0, 0
33000, 340308, 1, 0, 0
34000, 287744, 1, 0, 0
35000, 345088, 1, 0, 0
36000, 727040, 1, 0, 0
37000, 1340416, 1, 0, 0
38000, 807936, 1, 0, 0
39000, 548388, 1, 0, 0
40000, 698368, 1, 0, 0
41000, 283648, 1, 0, 0
42000, 193536, 1, 0, 0
43000, 178354, 1, 0, 0
44000, 186368, 1, 0, 0
45000, 179200, 1, 0, 0
46000, 149504, 1, 0, 0
47000, 146578, 1, 0, 0
48000, 143360, 1, 0, 0
49000, 137216, 1, 0, 0
50000, 103424, 1, 0, 0
51000, 119927, 1, 0, 0
52000, 450560, 1, 0, 0
53000, 520192, 1, 0, 0
54000, 350558, 1, 0, 0
55000, 443392, 1, 0, 0
56000, 375808, 1, 0, 0
57000, 579584, 1, 0, 0
58000, 578114, 1, 0, 0
59000, 579584, 1, 0, 0
60000, 578560, 1, 0, 0
61000, 579139, 1, 0, 0
62000, 575488, 1, 0, 0
63000, 578560, 1, 0, 0
64001, 579584, 1, 0, 0
65000, 578114, 1, 0, 0
66000, 578560, 1, 0, 0
67000, 579584, 1, 0, 0
68000, 578560, 1, 0, 0
69000, 578114, 1, 0, 0
70000, 291840, 1, 0, 0
71000, 200704, 1, 0, 0
72000, 198656, 1, 0, 0
73000, 197632, 1, 0, 0
74000, 139264, 1, 0, 0
75000, 132228, 1, 0, 0
76000, 134144, 1, 0, 0
77000, 129024, 1, 0, 0
78000, 225505, 1, 0, 0
79000, 578560, 1, 0, 0
80000, 578560, 1, 0, 0
81000, 579584, 1, 0, 0
82000, 578114, 1, 0, 0
83000, 579584, 1, 0, 0
84000, 578560, 1, 0, 0
85000, 578560, 1, 0, 0
86000, 588364, 1, 0, 0
87000, 578560, 1, 0, 0
88000, 462848, 1, 0, 0
89000, 135168, 1, 0, 0
90000, 131072, 1, 0, 0
91000, 177152, 1, 0, 0
92000, 578560, 1, 0, 0
93000, 578560, 1, 0, 0
94000, 579139, 1, 0, 0
95000, 578560, 1, 0, 0
96000, 578560, 1, 0, 0
97000, 578560, 1, 0, 0
98000, 429056, 1, 0, 0
99000, 132096, 1, 0, 0
100000, 130048, 1, 0, 0
101000, 132096, 1, 0, 0
102000, 135168, 1, 0, 0
103000, 137216, 1, 0, 0
104000, 134144, 1, 0, 0
105000, 135168, 1, 0, 0
106000, 155648, 1, 0, 0
107000, 132096, 1, 0, 0
108000, 125952, 1, 0, 0
109000, 130048, 1, 0, 0
110000, 123904, 1, 0, 0
111000, 158878, 1, 0, 0
112000, 135168, 1, 0, 0
113000, 607232, 1, 0, 0
114000, 963584, 1, 0, 0
115000, 964608, 1, 0, 0
116000, 961536, 1, 0, 0
117000, 958464, 1, 0, 0
118000, 962560, 1, 0, 0
119000, 965632, 1, 0, 0
120000, 1145856, 1, 0, 0
121000, 1915771, 1, 0, 0
122000, 1926144, 1, 0, 0
123000, 1098752, 1, 0, 0
124000, 955323, 1, 0, 0
125000, 962560, 1, 0, 0
126000, 961536, 1, 0, 0
127000, 966656, 1, 0, 0
128000, 960448, 1, 0, 0
129000, 965632, 1, 0, 0
130000, 965632, 1, 0, 0
131000, 961473, 1, 0, 0
132000, 967680, 1, 0, 0
133000, 955392, 1, 0, 0
134000, 958464, 1, 0, 0
135000, 959423, 1, 0, 0
136000, 970752, 1, 0, 0
137000, 316416, 1, 0, 0
138000, 131072, 1, 0, 0
139000, 206848, 1, 0, 0
140000, 579584, 1, 0, 0
141000, 578560, 1, 0, 0
142000, 579584, 1, 0, 0
143000, 432128, 1, 0, 0
144000, 236544, 1, 0, 0
145000, 152576, 1, 0, 0
146000, 166912, 1, 0, 0
147000, 128000, 1, 0, 0
148000, 129024, 1, 0, 0
149000, 131072, 1, 0, 0
150000, 178354, 1, 0, 0
151000, 784384, 1, 0, 0
152000, 915456, 1, 0, 0
153000, 953344, 1, 0, 0
154000, 958464, 1, 0, 0
155000, 817152, 1, 0, 0
156000, 641024, 1, 0, 0
157000, 637952, 1, 0, 0
158000, 756736, 1, 0, 0
159000, 964608, 1, 0, 0
160000, 864256, 1, 0, 0
161000, 817152, 1, 0, 0
162000, 956416, 1, 0, 0
163000, 964608, 1, 0, 0
164000, 963584, 1, 0, 0
165000, 965632, 1, 0, 0
166000, 968704, 1, 0, 0
167000, 1482186, 1, 0, 0
168000, 1926144, 1, 0, 0
169000, 1938432, 1, 0, 0
170000, 1920000, 1, 0, 0
171000, 1934222, 1, 0, 0
172000, 1923072, 1, 0, 0
173000, 1926144, 1, 0, 0
174000, 1924996, 1, 0, 0
175000, 1914880, 1, 0, 0
176000, 1924096, 1, 0, 0
177000, 1916928, 1, 0, 0
178000, 1933197, 1, 0, 0
179000, 1924096, 1, 0, 0
180000, 1913856, 1, 0, 0
181000, 1914880, 1, 0, 0
182000, 1935247, 1, 0, 0
183000, 1139712, 1, 0, 0
184000, 129024, 1, 0, 0
185000, 132228, 1, 0, 0
186000, 133120, 1, 0, 0
187000, 129024, 1, 0, 0
188000, 132096, 1, 0, 0
189000, 129024, 1, 0, 0
190000, 130048, 1, 0, 0
191000, 136192, 1, 0, 0
192000, 131072, 1, 0, 0
193000, 134144, 1, 0, 0
194000, 136192, 1, 0, 0
195000, 129024, 1, 0, 0
196000, 131203, 1, 0, 0
197000, 129024, 1, 0, 0
198000, 135168, 1, 0, 0
199000, 790528, 1, 0, 0
200000, 579584, 1, 0, 0
201000, 578560, 1, 0, 0
202000, 578114, 1, 0, 0
203000, 579584, 1, 0, 0
204000, 578560, 1, 0, 0
205000, 579584, 1, 0, 0
206000, 578114, 1, 0, 0
207000, 579584, 1, 0, 0
208000, 156672, 1, 0, 0
209000, 130048, 1, 0, 0
210000, 138240, 1, 0, 0
211000, 127103, 1, 0, 0
212000, 131072, 1, 0, 0
213000, 128000, 1, 0, 0
214000, 132096, 1, 0, 0
215000, 130048, 1, 0, 0
216000, 132096, 1, 0, 0
217000, 185344, 1, 0, 0
218000, 191488, 1, 0, 0
219000, 196608, 1, 0, 0
220000, 193536, 1, 0, 0
221000, 200704, 1, 0, 0
222000, 194560, 1, 0, 0
223000, 193536, 1, 0, 0
224000, 190654, 1, 0, 0
225000, 197632, 1, 0, 0
226000, 188416, 1, 0, 0
227000, 171008, 1, 0, 0
228000, 189440, 1, 0, 0
229000, 194560, 1, 0, 0
230000, 197632, 1, 0, 0
231000, 197632, 1, 0, 0
232000, 142336, 1, 0, 0
233000, 191488, 1, 0, 0
234000, 185344, 1, 0, 0
235000, 195584, 1, 0, 0
236001, 190464, 1, 0, 0
237000, 193729, 1, 0, 0
238000, 197632, 1, 0, 0
239000, 191488, 1, 0, 0
240000, 201728, 1, 0, 0
241000, 191488, 1, 0, 0
242000, 197632, 1, 0, 0
243000, 193536, 1, 0, 0
244000, 191488, 1, 0, 0
245000, 194560, 1, 0, 0
246000, 193536, 1, 0, 0
247000, 195584, 1, 0, 0
248000, 189440, 1, 0, 0
249000, 190654, 1, 0, 0
250000, 190464, 1, 0, 0
251000, 191488, 1, 0, 0
252000, 197632, 1, 0, 0
253000, 198854, 1, 0, 0
254000, 192512, 1, 0, 0
255000, 199680, 1, 0, 0
256000, 193729, 1, 0, 0
257000, 196608, 1, 0, 0
258000, 189440, 1, 0, 0
259000, 190464, 1, 0, 0
260000, 302382, 1, 0, 0
261000, 871424, 1, 0, 0
262000, 954368, 1, 0, 0
263000, 954368, 1, 0, 0
264000, 646144, 1, 0, 0
265000, 641024, 1, 0, 0
266000, 640000, 1, 0, 0
267000, 638976, 1, 0, 0
268000, 640000, 1, 0, 0
269000, 642690, 1, 0, 0
270000, 642048, 1, 0, 0
271000, 636928, 1, 0, 0
272000, 580608, 1, 0, 0
273000, 577536, 1, 0, 0
274000, 579584, 1, 0, 0
275000, 578560, 1, 0, 0
276000, 578560, 1, 0, 0
277000, 579584, 1, 0, 0
278000, 579139, 1, 0, 0
279000, 578560, 1, 0, 0
280000, 949248, 1, 0, 0
281000, 1903616, 1, 0, 0
282000, 1912696, 1, 0, 0
283000, 1917952, 1, 0, 0
284000, 1921024, 1, 0, 0
285000, 1921024, 1, 0, 0
286000, 1918976, 1, 0, 0
287000, 1922048, 1, 0, 0
288000, 1920000, 1, 0, 0
289000, 1925120, 1, 0, 0
290000, 1928072, 1, 0, 0
291000, 1914880, 1, 0, 0
292000, 1925120, 1, 0, 0
293000, 1936384, 1, 0, 0
294000, 1928192, 1, 0, 0
295000, 1906688, 1, 0, 0
296000, 1924096, 1, 0, 0
297000, 1924096, 1, 0, 0
298000, 1921024, 1, 0, 0
299000, 1932288, 1, 0, 0
300000, 1091584, 1, 0, 0
301000, 1711104, 1, 0, 0
302000, 1906688, 1, 0, 0
303000, 1928192, 1, 0, 0
304000, 1905521, 1, 0, 0
305000, 1925120, 1, 0, 0
306000, 1926144, 1, 0, 0
307000, 1925120, 1, 0, 0
308000, 1924096, 1, 0, 0
309000, 833536, 1, 0, 0
310000, 944128, 1, 0, 0
311000, 950272, 1, 0, 0
312000, 843776, 1, 0, 0
313000, 954368, 1, 0, 0
314000, 894976, 1, 0, 0
315000, 634880, 1, 0, 0
316000, 637952, 1, 0, 0
317000, 640000, 1, 0, 0
318000, 643072, 1, 0, 0
319000, 640000, 1, 0, 0
320000, 639615, 1, 0, 0
321000, 664576, 1, 0, 0
322000, 1848320, 1, 0, 0
323000, 1915904, 1, 0, 0
324000, 1911808, 1, 0, 0
325000, 1031168, 1, 0, 0
326000, 951296, 1, 0, 0
327000, 957440, 1, 0, 0
328000, 663552, 1, 0, 0
329000, 312320, 1, 0, 0
330000, 210944, 1, 0, 0
331000, 193536, 1, 0, 0
332000, 569344, 1, 0, 0
333000, 578560, 1, 0, 0
334000, 580164, 1, 0, 0
335000, 577536, 1, 0, 0
336000, 579584, 1, 0, 0
337000, 578560, 1, 0, 0
338000, 579584, 1, 0, 0
339000, 175104, 1, 0, 0
340000, 523264, 1, 0, 0
341000, 579584, 1, 0, 0
342000, 180224, 1, 0, 0
343000, 131072, 1, 0, 0
344000, 126976, 1, 0, 0
345000, 130048, 1, 0, 0
346000, 131072, 1, 0, 0
347000, 818176, 1, 0, 0
348000, 958464, 1, 0, 0
349000, 966656, 1, 0, 0
350000, 965632, 1, 0, 0
351000, 963523, 1, 0, 0
352000, 973824, 1, 0, 0
353000, 952320, 1, 0, 0
354000, 953344, 1, 0, 0
355000, 963584, 1, 0, 0
356000, 961536, 1, 0, 0
357000, 952320, 1, 0, 0
358000, 956416, 1, 0, 0
359000, 955392, 1, 0, 0
360000, 957440, 1, 0, 0
361000, 955392, 1, 0, 0
362000, 950272, 1, 0, 0
363000, 959488, 1, 0, 0
364000, 956416, 1, 0, 0
365000, 952320, 1, 0, 0
366000, 953273, 1, 0, 0
367000, 953344, 1, 0, 0
368000, 958464, 1, 0, 0
369000, 956416, 1, 0, 0
370000, 949248, 1, 0, 0
371000, 958464, 1, 0, 0
372000, 367616, 1, 0, 0
373000, 178176, 1, 0, 0
374000, 132096, 1, 0, 0
375000, 878592, 1, 0, 0
376000, 953344, 1, 0, 0
377000, 960512, 1, 0, 0
378000, 715776, 1, 0, 0
379000, 578560, 1, 0, 0
380000, 579584, 1, 0, 0
381000, 598016, 1, 0, 0
382000, 579584, 1, 0, 0
383000, 578114, 1, 0, 0
384000, 191488, 1, 0, 0
385000, 130048, 1, 0, 0
386000, 675840, 1, 0, 0
387000, 930816, 1, 0, 0
388000, 952320, 1, 0, 0
389000, 958464, 1, 0, 0
390000, 960512, 1, 0, 0
391000, 960512, 1, 0, 0
392000, 964608, 1, 0, 0
393000, 961536, 1, 0, 0
394000, 1048576, 1, 0, 0
395000, 973824, 1, 0, 0
396000, 684032, 1, 0, 0
397000, 923648, 1, 0, 0
398000, 1133568, 1, 0, 0
399000, 782336, 1, 0, 0
400000, 639615, 1, 0, 0
401000, 1477632, 1, 0, 0
402000, 1937408, 1, 0, 0
403000, 1926144, 1, 0, 0
404000, 1896448, 1, 0, 0
405000, 1672192, 1, 0, 0
406000, 162816, 1, 0, 0
407000, 122880, 1, 0, 0
408000, 130048, 1, 0, 0
409000, 718848, 1, 0, 0
410000, 959488, 1, 0, 0
411000, 961536, 1, 0, 0
412000, 961536, 1, 0, 0
413000, 962560, 1, 0, 0
414000, 966656, 1, 0, 0
415000, 965632, 1, 0, 0
416000, 965573, 1, 0, 0
417000, 970752, 1, 0, 0
418000, 964608, 1, 0, 0
419000, 964608, 1, 0, 0
420000, 958464, 1, 0, 0
421000, 966656, 1, 0, 0
422000, 958464, 1, 0, 0
423000, 966656, 1, 0, 0
424000, 960512, 1, 0, 0
425000, 963584, 1, 0, 0
426000, 962560, 1, 0, 0
427000, 961536, 1, 0, 0
428000, 968704, 1, 0, 0
429000, 968704, 1, 0, 0
430000, 965632, 1, 0, 0
431000, 968704, 1, 0, 0
432000, 959423, 1, 0, 0
433000, 964608, 1, 0, 0
434000, 961536, 1, 0, 0
435000, 963584, 1, 0, 0
436000, 965632, 1, 0, 0
437000, 964608, 1, 0, 0
438000, 963584, 1, 0, 0
439000, 965632, 1, 0, 0
440000, 961536, 1, 0, 0
441000, 958464, 1, 0, 0
442000, 966656, 1, 0, 0
443000, 1367040, 1, 0, 0
444000, 1927168, 1, 0, 0
445000, 1886208, 1, 0, 0
446000, 1935360, 1, 0, 0
447000, 1924096, 1, 0, 0
448000, 1925120, 1, 0, 0
449000, 1931147, 1, 0, 0
450000, 1178624, 1, 0, 0
451000, 971776, 1, 0, 0
452000, 965632, 1, 0, 0
453000, 962560, 1, 0, 0
454000, 963584, 1, 0, 0
455000, 947200, 1, 0, 0
456000, 959488, 1, 0, 0
457000, 955392, 1, 0, 0
458000, 965632, 1, 0, 0
459000, 628340, 1, 0, 0
460000, 573440, 1, 0, 0
461000, 1693696, 1, 0, 0
462000, 1922048, 1, 0, 0
463000, 1918976, 1, 0, 0
464000, 1914880, 1, 0, 0
465000, 1074176, 1, 0, 0
466000, 963584, 1, 0, 0
467000, 963584, 1, 0, 0
468000, 969728, 1, 0, 0
469000, 532480, 1, 0, 0
470000, 515072, 1, 0, 0
471000, 578560, 1, 0, 0
472000, 580608, 1, 0, 0
473000, 640000, 1, 0, 0
474000, 658066, 1, 0, 0
475000, 595968, 1, 0, 0
476000, 436224, 1, 0, 0
477000, 395264, 1, 0, 0
478000, 404480, 1, 0, 0
479000, 401408, 1, 0, 0
480000, 377856, 1, 0, 0
481000, 588800, 1, 0, 0
482000, 578560, 1, 0, 0
483000, 420864, 1, 0, 0
484000, 388096, 1, 0, 0
485000, 377856, 1, 0, 0
486000, 402432, 1, 0, 0
487000, 394240, 1, 0, 0
488000, 393216, 1, 0, 0
489001, 404480, 1, 0, 0
490000, 398734, 1, 0, 0
491000, 240640, 1, 0, 0
492000, 190464, 1, 0, 0
493000, 188416, 1, 0, 0
494000, 163840, 1, 0, 0
495000, 176128, 1, 0, 0
496000, 172032, 1, 0, 0
497000, 957440, 1, 0, 0
498000, 961536, 1, 0, 0
499000, 956416, 1, 0, 0
500000, 958464, 1, 0, 0
501000, 977920, 1, 0, 0
502000, 957440, 1, 0, 0
503000, 964608, 1, 0, 0
504000, 961536, 1, 0, 0
505000, 971776, 1, 0, 0
506000, 965573, 1, 0, 0
507000, 1551360, 1, 0, 0
508000, 1933312, 1, 0, 0
509000, 1204224, 1, 0, 0
510000, 966656, 1, 0, 0
511000, 961536, 1, 0, 0
512000, 962560, 1, 0, 0
513000, 960512, 1, 0, 0
514000, 961536, 1, 0, 0
515000, 961536, 1, 0, 0
516000, 962560, 1, 0, 0
517000, 965632, 1, 0, 0
518000, 1804288, 1, 0, 0
519000, 1928192, 1, 0, 0
520000, 1910784, 1, 0, 0
521000, 1924996, 1, 0, 0
522000, 1619968, 1, 0, 0
523000, 963584, 1, 0, 0
524000, 685056, 1, 0, 0
525000, 630784, 1, 0, 0
526000, 598016, 1, 0, 0
527000, 579584, 1, 0, 0
528000, 578560, 1, 0, 0
529000, 578560, 1, 0, 0
530000, 578560, 1, 0, 0
531000, 579584, 1, 0, 0
532000, 577536, 1, 0, 0
533000, 579139, 1, 0, 0
534000, 603136, 1, 0, 0
535000, 578560, 1, 0, 0
536000, 578560, 1, 0, 0
537000, 614400, 1, 0, 0
538000, 583680, 1, 0, 0
539000, 574464, 1, 0, 0
540000, 911360, 1, 0, 0
541000, 954368, 1, 0, 0
542000, 963584, 1, 0, 0
543000, 952320, 1, 0, 0
544000, 708292, 1, 0, 0
545000, 641024, 1, 0, 0
546000, 634880, 1, 0, 0
547000, 638976, 1, 0, 0
548000, 643072, 1, 0, 0
549000, 643072, 1, 0, 0
550000, 642048, 1, 0, 0
551000, 642048, 1, 0, 0
552000, 645120, 1, 0, 0
553000, 641024, 1, 0, 0
554000, 639615, 1, 0, 0
555000, 640000, 1, 0, 0
556000, 232448, 1, 0, 0
557000, 631808, 1, 0, 0
558000, 683008, 1, 0, 0
559000, 640000, 1, 0, 0
560000, 642048, 1, 0, 0
561000, 667648, 1, 0, 0
562000, 642048, 1, 0, 0
563000, 274432, 1, 0, 0
564000, 199680, 1, 0, 0
565000, 197632, 1, 0, 0
566000, 195584, 1, 0, 0
567000, 196608, 1, 0, 0
568000, 199680, 1, 0, 0
569000, 195584, 1, 0, 0
570000, 194754, 1, 0, 0
571000, 195584, 1, 0, 0
572000, 191488, 1, 0, 0
573000, 610304, 1, 0, 0
574000, 635904, 1, 0, 0
575000, 632832, 1, 0, 0
576000, 638976, 1, 0, 0
577000, 641024, 1, 0, 0
578000, 636928, 1, 0, 0
579000, 635904, 1, 0, 0
580000, 594944, 1, 0, 0
581000, 578560, 1, 0, 0
582000, 578560, 1, 0, 0
583000, 578560, 1, 0, 0
584000, 579584, 1, 0, 0
585000, 577536, 1, 0, 0
586000, 580164, 1, 0, 0
587000, 577536, 1, 0, 0
588000, 576512, 1, 0, 0
589000, 578560, 1, 0, 0
590000, 578560, 1, 0, 0
591000, 575488, 1, 0, 0
592000, 579584, 1, 0, 0
593000, 478208, 1, 0, 0
594000, 135168, 1, 0, 0
595000, 132096, 1, 0, 0
596000, 138378, 1, 0, 0
597000, 129024, 1, 0, 0
598000, 132096, 1, 0, 0
599000, 131072, 1, 0, 0
600000, 131072, 1, 0, 0
