1000, 1440768, 1, 0, 0
2000, 569344, 1, 0, 0
3000, 472064, 1, 0, 0
4000, 405909, 1, 0, 0
5000, 182272, 1, 0, 0
6000, 449536, 1, 0, 0
7000, 802816, 1, 0, 0
8000, 1137777, 1, 0, 0
9000, 422912, 1, 0, 0
10000, 987136, 1, 0, 0
11000, 1114112, 1, 0, 0
12000, 1045525, 1, 0, 0
13000, 1203200, 1, 0, 0
14000, 1169408, 1, 0, 0
15000, 1073201, 1, 0, 0
16000, 802816, 1, 0, 0
17000, 670720, 1, 0, 0
18000, 896896, 1, 0, 0
19000, 969728, 1, 0, 0
20000, 1199104, 1, 0, 0
21000, 821045, 1, 0, 0
22000, 759808, 1, 0, 0
23000, 484352, 1, 0, 0
24000, 509952, 1, 0, 0
25000, 430080, 1, 0, 0
26000, 697017, 1, 0, 0
27000, 848896, 1, 0, 0
28000, 842752, 1, 0, 0
29000, 976896, 1, 0, 0
30000, 869221, 1, 0, 0
31000, 1409024, 1, 0, 0
32000, 1177600, 1, 0, 0
33000, 1173653, 1, 0, 0
34000, 1212416, 1, 0, 0
35000, 1046528, 1, 0, 0
36000, 714752, 1, 0, 0
37000, 142336, 1, 0, 0
38000, 829440, 1, 0, 0
39000, 1179803, 1, 0, 0
40000, 1006592, 1, 0, 0
41000, 1442816, 1, 0, 0
42000, 1576960, 1, 0, 0
43000, 1610314, 1, 0, 0
44000, 1551360, 1, 0, 0
45000, 1527808, 1, 0, 0
46000, 1918976, 1, 0, 0
47000, 1917821, 1, 0, 0
48000, 1922048, 1, 0, 0
49000, 1912832, 1, 0, 0
50000, 1916928, 1, 0, 0
51000, 1847095, 1, 0, 0
52000, 811008, 1, 0, 0
53000, 521216, 1, 0, 0
54000, 335183, 1, 0, 0
55000, 444416, 1, 0, 0
56000, 374784, 1, 0, 0
57000, 578560, 1, 0, 0
58000, 578114, 1, 0, 0
59000, 579584, 1, 0, 0
60000, 578560, 1, 0, 0
61000, 579139, 1, 0, 0
62000, 575488, 1, 0, 0
63000, 578560, 1, 0, 0
64001, 579584, 1, 0, 0
65000, 578114, 1, 0, 0
66000, 579584, 1, 0, 0
67000, 578560, 1, 0, 0
68000, 577536, 1, 0, 0
69000, 580164, 1, 0, 0
70000, 526336, 1, 0, 0
71000, 955392, 1, 0, 0
72000, 956416, 1, 0, 0
73000, 959488, 1, 0, 0
74000, 1804288, 1, 0, 0
75000, 1917821, 1, 0, 0
76000, 1922048, 1, 0, 0
77000, 1926144, 1, 0, 0
78000, 1641065, 1, 0, 0
79000, 578560, 1, 0, 0
80000, 578560, 1, 0, 0
81000, 578560, 1, 0, 0
82000, 579139, 1, 0, 0
83000, 578560, 1, 0, 0
84000, 579584, 1, 0, 0
85000, 578560, 1, 0, 0
86000, 575039, 1, 0, 0
87000, 579584, 1, 0, 0
88000, 462848, 1, 0, 0
89000, 133120, 1, 0, 0
90000, 129024, 1, 0, 0
91000, 181248, 1, 0, 0
92000, 578560, 1, 0, 0
93000, 578560, 1, 0, 0
94000, 579139, 1, 0, 0
95000, 578560, 1, 0, 0
96000, 579584, 1, 0, 0
97000, 577536, 1, 0, 0
98000, 1027072, 1, 0, 0
99000, 1916928, 1, 0, 0
100000, 1922048, 1, 0, 0
101000, 1915904, 1, 0, 0
102000, 1910784, 1, 0, 0
103000, 1909760, 1, 0, 0
104000, 1916928, 1, 0, 0
105000, 1910784, 1, 0, 0
106000, 1901568, 1, 0, 0
107000, 1911808, 1, 0, 0
108000, 1929216, 1, 0, 0
109000, 1926144, 1, 0, 0
110000, 1939456, 1, 0, 0
111000, 1932172, 1, 0, 0
112000, 1906688, 1, 0, 0
113000, 1394688, 1, 0, 0
114000, 963584, 1, 0, 0
115000, 962560, 1, 0, 0
116000, 963584, 1, 0, 0
117000, 956416, 1, 0, 0
118000, 963584, 1, 0, 0
119000, 966656, 1, 0, 0
120000, 776192, 1, 0, 0
121000, 135303, 1, 0, 0
122000, 130048, 1, 0, 0
123000, 855040, 1, 0, 0
124000, 958398, 1, 0, 0
125000, 963584, 1, 0, 0
126000, 958464, 1, 0, 0
127000, 962560, 1, 0, 0
128000, 963523, 1, 0, 0
129000, 964608, 1, 0, 0
130000, 966656, 1, 0, 0
131000, 961473, 1, 0, 0
132000, 966656, 1, 0, 0
133000, 954368, 1, 0, 0
134000, 959488, 1, 0, 0
135000, 962498, 1, 0, 0
136000, 966656, 1, 0, 0
137000, 1708032, 1, 0, 0
138000, 1922048, 1, 0, 0
139000, 1698816, 1, 0, 0
140000, 578560, 1, 0, 0
141000, 578560, 1, 0, 0
142000, 578560, 1, 0, 0
143000, 432128, 1, 0, 0
144000, 1602560, 1, 0, 0
145000, 1485824, 1, 0, 0
146000, 1413120, 1, 0, 0
147000, 1932288, 1, 0, 0
148000, 1924096, 1, 0, 0
149000, 132096, 1, 0, 0
150000, 864096, 1, 0, 0
151000, 385024, 1, 0, 0
152000, 281600, 1, 0, 0
153000, 201728, 1, 0, 0
154000, 190464, 1, 0, 0
155000, 258048, 1, 0, 0
156000, 396288, 1, 0, 0
157000, 399360, 1, 0, 0
158000, 321536, 1, 0, 0
159000, 193536, 1, 0, 0
160000, 247808, 1, 0, 0
161000, 279552, 1, 0, 0
162000, 201728, 1, 0, 0
163000, 191488, 1, 0, 0
164000, 190464, 1, 0, 0
165000, 192512, 1, 0, 0
166000, 189440, 1, 0, 0
167000, 153753, 1, 0, 0
168000, 131072, 1, 0, 0
169000, 123904, 1, 0, 0
170000, 131072, 1, 0, 0
171000, 127103, 1, 0, 0
172000, 131072, 1, 0, 0
173000, 129024, 1, 0, 0
174000, 128128, 1, 0, 0
175000, 132096, 1, 0, 0
176000, 126976, 1, 0, 0
177000, 136192, 1, 0, 0
178000, 128128, 1, 0, 0
179000, 130048, 1, 0, 0
180000, 135168, 1, 0, 0
181000, 133120, 1, 0, 0
182000, 126078, 1, 0, 0
183000, 915456, 1, 0, 0
184000, 1925120, 1, 0, 0
185000, 1917821, 1, 0, 0
186000, 1915904, 1, 0, 0
187000, 1925120, 1, 0, 0
188000, 1917952, 1, 0, 0
189000, 1923072, 1, 0, 0
190000, 1927168, 1, 0, 0
191000, 1904640, 1, 0, 0
192000, 1913856, 1, 0, 0
193000, 1917952, 1, 0, 0
194000, 1910784, 1, 0, 0
195000, 1930240, 1, 0, 0
196000, 1922946, 1, 0, 0
197000, 1937408, 1, 0, 0
198000, 1903616, 1, 0, 0
199000, 1117184, 1, 0, 0
200000, 580608, 1, 0, 0
201000, 578560, 1, 0, 0
202000, 579139, 1, 0, 0
203000, 578560, 1, 0, 0
204000, 578560, 1, 0, 0
205000, 579584, 1, 0, 0
206000, 578114, 1, 0, 0
207000, 578560, 1, 0, 0
208000, 158720, 1, 0, 0
209000, 132096, 1, 0, 0
210000, 129024, 1, 0, 0
211000, 126078, 1, 0, 0
212000, 128000, 1, 0, 0
213000, 131072, 1, 0, 0
214000, 132096, 1, 0, 0
215000, 125952, 1, 0, 0
216000, 254976, 1, 0, 0
217000, 958464, 1, 0, 0
218000, 964608, 1, 0, 0
219000, 960512, 1, 0, 0
220000, 963584, 1, 0, 0
221000, 957440, 1, 0, 0
222000, 961536, 1, 0, 0
223000, 962560, 1, 0, 0
224000, 964548, 1, 0, 0
225000, 960512, 1, 0, 0
226000, 970752, 1, 0, 0
227000, 970752, 1, 0, 0
228000, 966656, 1, 0, 0
229000, 962560, 1, 0, 0
230000, 958464, 1, 0, 0
231000, 961536, 1, 0, 0
232000, 306176, 1, 0, 0
233000, 185344, 1, 0, 0
234000, 192512, 1, 0, 0
235000, 191488, 1, 0, 0
236001, 189440, 1, 0, 0
237000, 189629, 1, 0, 0
238000, 191488, 1, 0, 0
239000, 192512, 1, 0, 0
240000, 202752, 1, 0, 0
241000, 194560, 1, 0, 0
242000, 202752, 1, 0, 0
243000, 192512, 1, 0, 0
244000, 190464, 1, 0, 0
245000, 191488, 1, 0, 0
246000, 189440, 1, 0, 0
247000, 195584, 1, 0, 0
248000, 191488, 1, 0, 0
249000, 188604, 1, 0, 0
250000, 192512, 1, 0, 0
251000, 188416, 1, 0, 0
252000, 196608, 1, 0, 0
253000, 199879, 1, 0, 0
254000, 197632, 1, 0, 0
255000, 201728, 1, 0, 0
256000, 192704, 1, 0, 0
257000, 196608, 1, 0, 0
258000, 197632, 1, 0, 0
259000, 194560, 1, 0, 0
260000, 225505, 1, 0, 0
261000, 250880, 1, 0, 0
262000, 205824, 1, 0, 0
263000, 199680, 1, 0, 0
264000, 376832, 1, 0, 0
265000, 393216, 1, 0, 0
266000, 397312, 1, 0, 0
267000, 394240, 1, 0, 0
268000, 397312, 1, 0, 0
269000, 382334, 1, 0, 0
270000, 391168, 1, 0, 0
271000, 401408, 1, 0, 0
272000, 578560, 1, 0, 0
273000, 579584, 1, 0, 0
274000, 578560, 1, 0, 0
275000, 578560, 1, 0, 0
276000, 578560, 1, 0, 0
277000, 578560, 1, 0, 0
278000, 580164, 1, 0, 0
279000, 577536, 1, 0, 0
280000, 403456, 1, 0, 0
281000, 135168, 1, 0, 0
282000, 133253, 1, 0, 0
283000, 131072, 1, 0, 0
284000, 131072, 1, 0, 0
285000, 131072, 1, 0, 0
286000, 132096, 1, 0, 0
287000, 133120, 1, 0, 0
288000, 130048, 1, 0, 0
289000, 129024, 1, 0, 0
290000, 129153, 1, 0, 0
291000, 135168, 1, 0, 0
292000, 130048, 1, 0, 0
293000, 125952, 1, 0, 0
294000, 129024, 1, 0, 0
295000, 131072, 1, 0, 0
296000, 129024, 1, 0, 0
297000, 131072, 1, 0, 0
298000, 130048, 1, 0, 0
299000, 130048, 1, 0, 0
300000, 179200, 1, 0, 0
301000, 145408, 1, 0, 0
302000, 136192, 1, 0, 0
303000, 129024, 1, 0, 0
304000, 136328, 1, 0, 0
305000, 126976, 1, 0, 0
306000, 129024, 1, 0, 0
307000, 130048, 1, 0, 0
308000, 130048, 1, 0, 0
309000, 315392, 1, 0, 0
310000, 212992, 1, 0, 0
311000, 208896, 1, 0, 0
312000, 257024, 1, 0, 0
313000, 201728, 1, 0, 0
314000, 224256, 1, 0, 0
315000, 404480, 1, 0, 0
316000, 400384, 1, 0, 0
317000, 399360, 1, 0, 0
318000, 381952, 1, 0, 0
319000, 400384, 1, 0, 0
320000, 394634, 1, 0, 0
321000, 392192, 1, 0, 0
322000, 136192, 1, 0, 0
323000, 132096, 1, 0, 0
324000, 132096, 1, 0, 0
325000, 189440, 1, 0, 0
326000, 193536, 1, 0, 0
327000, 199680, 1, 0, 0
328000, 365568, 1, 0, 0
329000, 245760, 1, 0, 0
330000, 208896, 1, 0, 0
331000, 190464, 1, 0, 0
332000, 571392, 1, 0, 0
333000, 577536, 1, 0, 0
334000, 579139, 1, 0, 0
335000, 578560, 1, 0, 0
336000, 578560, 1, 0, 0
337000, 579584, 1, 0, 0
338000, 578560, 1, 0, 0
339000, 174080, 1, 0, 0
340000, 525312, 1, 0, 0
341000, 578560, 1, 0, 0
342000, 181248, 1, 0, 0
343000, 131072, 1, 0, 0
344000, 129024, 1, 0, 0
345000, 130048, 1, 0, 0
346000, 133120, 1, 0, 0
347000, 158720, 1, 0, 0
348000, 199680, 1, 0, 0
349000, 188416, 1, 0, 0
350000, 192512, 1, 0, 0
351000, 195779, 1, 0, 0
352000, 189440, 1, 0, 0
353000, 201728, 1, 0, 0
354000, 205824, 1, 0, 0
355000, 194560, 1, 0, 0
356000, 196608, 1, 0, 0
357000, 204800, 1, 0, 0
358000, 202752, 1, 0, 0
359000, 202752, 1, 0, 0
360000, 202752, 1, 0, 0
361000, 202752, 1, 0, 0
362000, 209920, 1, 0, 0
363000, 196608, 1, 0, 0
364000, 202752, 1, 0, 0
365000, 200704, 1, 0, 0
366000, 203979, 1, 0, 0
367000, 202752, 1, 0, 0
368000, 202752, 1, 0, 0
369000, 198656, 1, 0, 0
370000, 208896, 1, 0, 0
371000, 199680, 1, 0, 0
372000, 146432, 1, 0, 0
373000, 175104, 1, 0, 0
374000, 137216, 1, 0, 0
375000, 185344, 1, 0, 0
376000, 201728, 1, 0, 0
377000, 198656, 1, 0, 0
378000, 388096, 1, 0, 0
379000, 579584, 1, 0, 0
380000, 577536, 1, 0, 0
381000, 522240, 1, 0, 0
382000, 579584, 1, 0, 0
383000, 579139, 1, 0, 0
384000, 335872, 1, 0, 0
385000, 132096, 1, 0, 0
386000, 173056, 1, 0, 0
387000, 253952, 1, 0, 0
388000, 207872, 1, 0, 0
389000, 197632, 1, 0, 0
390000, 198656, 1, 0, 0
391000, 194560, 1, 0, 0
392000, 192512, 1, 0, 0
393000, 194560, 1, 0, 0
394000, 192512, 1, 0, 0
395000, 618496, 1, 0, 0
396000, 683008, 1, 0, 0
397000, 738304, 1, 0, 0
398000, 173056, 1, 0, 0
399000, 462848, 1, 0, 0
400000, 641665, 1, 0, 0
401000, 289792, 1, 0, 0
402000, 126976, 1, 0, 0
403000, 130048, 1, 0, 0
404000, 130048, 1, 0, 0
405000, 154624, 1, 0, 0
406000, 160768, 1, 0, 0
407000, 128000, 1, 0, 0
408000, 128000, 1, 0, 0
409000, 168960, 1, 0, 0
410000, 196608, 1, 0, 0
411000, 193536, 1, 0, 0
412000, 195584, 1, 0, 0
413000, 194560, 1, 0, 0
414000, 192512, 1, 0, 0
415000, 189440, 1, 0, 0
416000, 192704, 1, 0, 0
417000, 187392, 1, 0, 0
418000, 193536, 1, 0, 0
419000, 190464, 1, 0, 0
420000, 198656, 1, 0, 0
421000, 191488, 1, 0, 0
422000, 199680, 1, 0, 0
423000, 191488, 1, 0, 0
424000, 198656, 1, 0, 0
425000, 194560, 1, 0, 0
426000, 194560, 1, 0, 0
427000, 193536, 1, 0, 0
428000, 191488, 1, 0, 0
429000, 191488, 1, 0, 0
430000, 190464, 1, 0, 0
431000, 188416, 1, 0, 0
432000, 198854, 1, 0, 0
433000, 194560, 1, 0, 0
434000, 196608, 1, 0, 0
435000, 193536, 1, 0, 0
436000, 192512, 1, 0, 0
437000, 193536, 1, 0, 0
438000, 195584, 1, 0, 0
439000, 194560, 1, 0, 0
440000, 192512, 1, 0, 0
441000, 200704, 1, 0, 0
442000, 192512, 1, 0, 0
443000, 176128, 1, 0, 0
444000, 129024, 1, 0, 0
445000, 142336, 1, 0, 0
446000, 126976, 1, 0, 0
447000, 128000, 1, 0, 0
448000, 129024, 1, 0, 0
449000, 130178, 1, 0, 0
450000, 174080, 1, 0, 0
451000, 182272, 1, 0, 0
452000, 191488, 1, 0, 0
453000, 195584, 1, 0, 0
454000, 192512, 1, 0, 0
455000, 210944, 1, 0, 0
456000, 193536, 1, 0, 0
457000, 200704, 1, 0, 0
458000, 193536, 1, 0, 0
459000, 529937, 1, 0, 0
460000, 573440, 1, 0, 0
461000, 206848, 1, 0, 0
462000, 133120, 1, 0, 0
463000, 131072, 1, 0, 0
464000, 133120, 1, 0, 0
465000, 179200, 1, 0, 0
466000, 194560, 1, 0, 0
467000, 192512, 1, 0, 0
468000, 186368, 1, 0, 0
469000, 735232, 1, 0, 0
470000, 627712, 1, 0, 0
471000, 578560, 1, 0, 0
472000, 572416, 1, 0, 0
473000, 364544, 1, 0, 0
474000, 425385, 1, 0, 0
475000, 595968, 1, 0, 0
476000, 626688, 1, 0, 0
477000, 638976, 1, 0, 0
478000, 636928, 1, 0, 0
479000, 636928, 1, 0, 0
480000, 645120, 1, 0, 0
481000, 576512, 1, 0, 0
482000, 578560, 1, 0, 0
483000, 630784, 1, 0, 0
484000, 642048, 1, 0, 0
485000, 647168, 1, 0, 0
486000, 638976, 1, 0, 0
487000, 641024, 1, 0, 0
488000, 640000, 1, 0, 0
489001, 636928, 1, 0, 0
490000, 639615, 1, 0, 0
491000, 893952, 1, 0, 0
492000, 969728, 1, 0, 0
493000, 968704, 1, 0, 0
494000, 411648, 1, 0, 0
495000, 176128, 1, 0, 0
496000, 137216, 1, 0, 0
497000, 190464, 1, 0, 0
498000, 198656, 1, 0, 0
499000, 200704, 1, 0, 0
500000, 199680, 1, 0, 0
501000, 186368, 1, 0, 0
502000, 197632, 1, 0, 0
503000, 192512, 1, 0, 0
504000, 197632, 1, 0, 0
505000, 185344, 1, 0, 0
506000, 193729, 1, 0, 0
507000, 156672, 1, 0, 0
508000, 128000, 1, 0, 0
509000, 771072, 1, 0, 0
510000, 965632, 1, 0, 0
511000, 961536, 1, 0, 0
512000, 964608, 1, 0, 0
513000, 960512, 1, 0, 0
514000, 959488, 1, 0, 0
515000, 962560, 1, 0, 0
516000, 965632, 1, 0, 0
517000, 965632, 1, 0, 0
518000, 225280, 1, 0, 0
519000, 129024, 1, 0, 0
520000, 134144, 1, 0, 0
521000, 130178, 1, 0, 0
522000, 139264, 1, 0, 0
523000, 194560, 1, 0, 0
524000, 406528, 1, 0, 0
525000, 427008, 1, 0, 0
526000, 520192, 1, 0, 0
527000, 579584, 1, 0, 0
528000, 578560, 1, 0, 0
529000, 578560, 1, 0, 0
530000, 578560, 1, 0, 0
531000, 579584, 1, 0, 0
532000, 577536, 1, 0, 0
533000, 579139, 1, 0, 0
534000, 507904, 1, 0, 0
535000, 578560, 1, 0, 0
536000, 578560, 1, 0, 0
537000, 474112, 1, 0, 0
538000, 564224, 1, 0, 0
539000, 591872, 1, 0, 0
540000, 913408, 1, 0, 0
541000, 955392, 1, 0, 0
542000, 962560, 1, 0, 0
543000, 955392, 1, 0, 0
544000, 706242, 1, 0, 0
545000, 641024, 1, 0, 0
546000, 635904, 1, 0, 0
547000, 638976, 1, 0, 0
548000, 638976, 1, 0, 0
549000, 644096, 1, 0, 0
550000, 641024, 1, 0, 0
551000, 643072, 1, 0, 0
552000, 646144, 1, 0, 0
553000, 641024, 1, 0, 0
554000, 640640, 1, 0, 0
555000, 642048, 1, 0, 0
556000, 1668096, 1, 0, 0
557000, 1350656, 1, 0, 0
558000, 683008, 1, 0, 0
559000, 641024, 1, 0, 0
560000, 640000, 1, 0, 0
561000, 666624, 1, 0, 0
562000, 643072, 1, 0, 0
563000, 907264, 1, 0, 0
564000, 960512, 1, 0, 0
565000, 956416, 1, 0, 0
566000, 961536, 1, 0, 0
567000, 957440, 1, 0, 0
568000, 958464, 1, 0, 0
569000, 962560, 1, 0, 0
570000, 960448, 1, 0, 0
571000, 961536, 1, 0, 0
572000, 959488, 1, 0, 0
573000, 671744, 1, 0, 0
574000, 636928, 1, 0, 0
575000, 631808, 1, 0, 0
576000, 638976, 1, 0, 0
577000, 641024, 1, 0, 0
578000, 609280, 1, 0, 0
579000, 406528, 1, 0, 0
580000, 530432, 1, 0, 0
581000, 578560, 1, 0, 0
582000, 579584, 1, 0, 0
583000, 577536, 1, 0, 0
584000, 578560, 1, 0, 0
585000, 579584, 1, 0, 0
586000, 578114, 1, 0, 0
587000, 579584, 1, 0, 0
588000, 575488, 1, 0, 0
589000, 579584, 1, 0, 0
590000, 578560, 1, 0, 0
591000, 574464, 1, 0, 0
592000, 579584, 1, 0, 0
593000, 823296, 1, 0, 0
594000, 1896448, 1, 0, 0
595000, 1917952, 1, 0, 0
596000, 1732292, 1, 0, 0
597000, 133120, 1, 0, 0
598000, 132096, 1, 0, 0
599000, 132096, 1, 0, 0
600000, 132096, 1, 0, 0
