1000, 1368064, 1, 0, 0
2000, 524288, 1, 0, 0
3000, 548864, 1, 0, 0
4000, 523787, 1, 0, 0
5000, 1243136, 1, 0, 0
6000, 904192, 1, 0, 0
7000, 758784, 1, 0, 0
8000, 535063, 1, 0, 0
9000, 1032192, 1, 0, 0
10000, 553984, 1, 0, 0
11000, 518144, 1, 0, 0
12000, 538138, 1, 0, 0
13000, 535552, 1, 0, 0
14000, 555008, 1, 0, 0
14999, 527887, 1, 0, 0
16000, 793600, 1, 0, 0
17000, 646144, 1, 0, 0
17999, 244980, 1, 0, 0
19000, 325632, 1, 0, 0
20000, 392192, 1, 0, 0
21000, 483811, 1, 0, 0
22000, 811008, 1, 0, 0
23000, 626688, 1, 0, 0
24000, 583680, 1, 0, 0
25000, 1186816, 1, 0, 0
26000, 797469, 1, 0, 0
27000, 450560, 1, 0, 0
28000, 142336, 1, 0, 0
29000, 149504, 1, 0, 0
30000, 159903, 1, 0, 0
31000, 164864, 1, 0, 0
32000, 186368, 1, 0, 0
33000, 181429, 1, 0, 0
34000, 187392, 1, 0, 0
35000, 172032, 1, 0, 0
36000, 201728, 1, 0, 0
37000, 171008, 1, 0, 0
38000, 172032, 1, 0, 0
39000, 140428, 1, 0, 0
40000, 159744, 1, 0, 0
41000, 143360, 1, 0, 0
42000, 124928, 1, 0, 0
42999, 117877, 1, 0, 0
44000, 129024, 1, 0, 0
45000, 132096, 1, 0, 0
46000, 119808, 1, 0, 0
47000, 132228, 1, 0, 0
48000, 128000, 1, 0, 0
49000, 122880, 1, 0, 0
50000, 137216, 1, 0, 0
51000, 175279, 1, 0, 0
52000, 592896, 1, 0, 0
53000, 572416, 1, 0, 0
54000, 848720, 1, 0, 0
55000, 838656, 1, 0, 0
56000, 1187840, 1, 0, 0
57000, 579584, 1, 0, 0
58000, 578114, 1, 0, 0
59000, 579584, 1, 0, 0
60000, 579584, 1, 0, 0
61000, 578114, 1, 0, 0
62000, 575488, 1, 0, 0
63000, 578560, 1, 0, 0
64000, 579584, 1, 0, 0
65000, 579139, 1, 0, 0
66000, 578560, 1, 0, 0
67000, 578560, 1, 0, 0
68000, 579584, 1, 0, 0
69000, 578114, 1, 0, 0
70000, 1206272, 1, 0, 0
71000, 955392, 1, 0, 0
72000, 957440, 1, 0, 0
73000, 961536, 1, 0, 0
74000, 221184, 1, 0, 0
75000, 132228, 1, 0, 0
76000, 130048, 1, 0, 0
77000, 131072, 1, 0, 0
77999, 224480, 1, 0, 0
79000, 578560, 1, 0, 0
80000, 579584, 1, 0, 0
81000, 577536, 1, 0, 0
81999, 579139, 1, 0, 0
83000, 579584, 1, 0, 0
84000, 578560, 1, 0, 0
85000, 578560, 1, 0, 0
86000, 576064, 1, 0, 0
87000, 579584, 1, 0, 0
88000, 462848, 1, 0, 0
89000, 134144, 1, 0, 0
90000, 126976, 1, 0, 0
91000, 177152, 1, 0, 0
92000, 579584, 1, 0, 0
93000, 578560, 1, 0, 0
93999, 579139, 1, 0, 0
95000, 577536, 1, 0, 0
96000, 579584, 1, 0, 0
97000, 578560, 1, 0, 0
98000, 430080, 1, 0, 0
99000, 130048, 1, 0, 0
100000, 132096, 1, 0, 0
101000, 136192, 1, 0, 0
102000, 136192, 1, 0, 0
103000, 133120, 1, 0, 0
104000, 133120, 1, 0, 0
105000, 136192, 1, 0, 0
106000, 133120, 1, 0, 0
107000, 134144, 1, 0, 0
108000, 128000, 1, 0, 0
109000, 129024, 1, 0, 0
110000, 124928, 1, 0, 0
110999, 113777, 1, 0, 0
112000, 136192, 1, 0, 0
113000, 157696, 1, 0, 0
114000, 191488, 1, 0, 0
115000, 194560, 1, 0, 0
116000, 196608, 1, 0, 0
117000, 201728, 1, 0, 0
118000, 192512, 1, 0, 0
119000, 192512, 1, 0, 0
120000, 197632, 1, 0, 0
121000, 130178, 1, 0, 0
122000, 129024, 1, 0, 0
123000, 180224, 1, 0, 0
124000, 201929, 1, 0, 0
125000, 193536, 1, 0, 0
126000, 197632, 1, 0, 0
127000, 190464, 1, 0, 0
128000, 196804, 1, 0, 0
129000, 194560, 1, 0, 0
130000, 193536, 1, 0, 0
130999, 197829, 1, 0, 0
132000, 187392, 1, 0, 0
133000, 202752, 1, 0, 0
134000, 200704, 1, 0, 0
135000, 197829, 1, 0, 0
136000, 189440, 1, 0, 0
137000, 145408, 1, 0, 0
138000, 131072, 1, 0, 0
139000, 204800, 1, 0, 0
140000, 578560, 1, 0, 0
141000, 578560, 1, 0, 0
142000, 578560, 1, 0, 0
143000, 432128, 1, 0, 0
144000, 238592, 1, 0, 0
145000, 154624, 1, 0, 0
146000, 166912, 1, 0, 0
147000, 130048, 1, 0, 0
148000, 133120, 1, 0, 0
149000, 129024, 1, 0, 0
149999, 175279, 1, 0, 0
151000, 190464, 1, 0, 0
152000, 209920, 1, 0, 0
153000, 881664, 1, 0, 0
154000, 351232, 1, 0, 0
155000, 421888, 1, 0, 0
156000, 638976, 1, 0, 0
157000, 638976, 1, 0, 0
158000, 482304, 1, 0, 0
159000, 190464, 1, 0, 0
160000, 342016, 1, 0, 0
161000, 398336, 1, 0, 0
162000, 196608, 1, 0, 0
163000, 197632, 1, 0, 0
164000, 195584, 1, 0, 0
165000, 192512, 1, 0, 0
166000, 192512, 1, 0, 0
167000, 153753, 1, 0, 0
168000, 129024, 1, 0, 0
169000, 130048, 1, 0, 0
170000, 131072, 1, 0, 0
171000, 129153, 1, 0, 0
172000, 130048, 1, 0, 0
173000, 131072, 1, 0, 0
174000, 132228, 1, 0, 0
175000, 132096, 1, 0, 0
176000, 129024, 1, 0, 0
177000, 131072, 1, 0, 0
178000, 128128, 1, 0, 0
179000, 130048, 1, 0, 0
180000, 133120, 1, 0, 0
181000, 135168, 1, 0, 0
182000, 126078, 1, 0, 0
183000, 132096, 1, 0, 0
184000, 131072, 1, 0, 0
185000, 133253, 1, 0, 0
186000, 132096, 1, 0, 0
187000, 129024, 1, 0, 0
188000, 132096, 1, 0, 0
189000, 133120, 1, 0, 0
190000, 128000, 1, 0, 0
191000, 136192, 1, 0, 0
192000, 133120, 1, 0, 0
193000, 132096, 1, 0, 0
194000, 134144, 1, 0, 0
195000, 128000, 1, 0, 0
195999, 128128, 1, 0, 0
197000, 124928, 1, 0, 0
198000, 138240, 1, 0, 0
199000, 203776, 1, 0, 0
200000, 578560, 1, 0, 0
201000, 578560, 1, 0, 0
202000, 580164, 1, 0, 0
203000, 577536, 1, 0, 0
204000, 579584, 1, 0, 0
205000, 578560, 1, 0, 0
206000, 579139, 1, 0, 0
207000, 578560, 1, 0, 0
208000, 157696, 1, 0, 0
209000, 131072, 1, 0, 0
210000, 134144, 1, 0, 0
210999, 128128, 1, 0, 0
212000, 129024, 1, 0, 0
213000, 130048, 1, 0, 0
214000, 133120, 1, 0, 0
215000, 132096, 1, 0, 0
216000, 797696, 1, 0, 0
217000, 980992, 1, 0, 0
218000, 964608, 1, 0, 0
219000, 958464, 1, 0, 0
220000, 962560, 1, 0, 0
221000, 958464, 1, 0, 0
222000, 963584, 1, 0, 0
223000, 962560, 1, 0, 0
223999, 965573, 1, 0, 0
225000, 963584, 1, 0, 0
226000, 969728, 1, 0, 0
227000, 931840, 1, 0, 0
228000, 965632, 1, 0, 0
229000, 963584, 1, 0, 0
230000, 958464, 1, 0, 0
231000, 960512, 1, 0, 0
232000, 1725440, 1, 0, 0
233000, 974848, 1, 0, 0
234000, 966656, 1, 0, 0
235000, 963584, 1, 0, 0
236000, 967680, 1, 0, 0
236999, 965573, 1, 0, 0
238000, 962560, 1, 0, 0
239000, 966656, 1, 0, 0
240000, 956416, 1, 0, 0
241000, 963584, 1, 0, 0
242000, 957440, 1, 0, 0
243000, 964608, 1, 0, 0
244000, 966656, 1, 0, 0
245000, 962560, 1, 0, 0
246000, 966656, 1, 0, 0
247000, 960512, 1, 0, 0
248000, 964608, 1, 0, 0
249000, 968648, 1, 0, 0
250000, 965632, 1, 0, 0
251000, 966656, 1, 0, 0
252000, 961536, 1, 0, 0
253000, 956348, 1, 0, 0
254000, 963584, 1, 0, 0
255000, 957440, 1, 0, 0
256000, 964548, 1, 0, 0
257000, 961536, 1, 0, 0
258000, 965632, 1, 0, 0
259000, 965632, 1, 0, 0
259999, 893821, 1, 0, 0
261000, 322560, 1, 0, 0
262000, 202752, 1, 0, 0
263000, 196608, 1, 0, 0
264000, 629760, 1, 0, 0
265000, 640000, 1, 0, 0
266000, 640000, 1, 0, 0
267000, 640000, 1, 0, 0
268000, 637952, 1, 0, 0
268999, 645765, 1, 0, 0
270000, 642048, 1, 0, 0
271000, 636928, 1, 0, 0
272000, 578560, 1, 0, 0
273000, 579584, 1, 0, 0
274000, 578560, 1, 0, 0
275000, 578560, 1, 0, 0
276000, 579584, 1, 0, 0
277000, 579584, 1, 0, 0
278000, 577089, 1, 0, 0
279000, 579584, 1, 0, 0
280000, 392192, 1, 0, 0
281000, 136192, 1, 0, 0
282000, 137353, 1, 0, 0
283000, 133120, 1, 0, 0
284000, 129024, 1, 0, 0
285000, 131072, 1, 0, 0
286000, 133120, 1, 0, 0
287000, 128000, 1, 0, 0
288000, 135168, 1, 0, 0
289000, 129024, 1, 0, 0
289999, 131203, 1, 0, 0
291000, 132096, 1, 0, 0
292000, 131072, 1, 0, 0
293000, 124928, 1, 0, 0
294000, 126976, 1, 0, 0
295000, 144384, 1, 0, 0
296000, 128000, 1, 0, 0
297000, 130048, 1, 0, 0
298000, 131072, 1, 0, 0
299000, 125952, 1, 0, 0
300000, 864256, 1, 0, 0
301000, 314368, 1, 0, 0
302000, 138240, 1, 0, 0
303000, 126976, 1, 0, 0
303999, 136328, 1, 0, 0
305000, 129024, 1, 0, 0
306000, 132096, 1, 0, 0
307000, 129024, 1, 0, 0
308000, 130048, 1, 0, 0
309000, 642048, 1, 0, 0
310000, 943104, 1, 0, 0
311000, 951296, 1, 0, 0
312000, 789504, 1, 0, 0
313000, 203776, 1, 0, 0
314000, 300032, 1, 0, 0
315000, 635904, 1, 0, 0
316000, 638976, 1, 0, 0
317000, 636928, 1, 0, 0
318000, 644096, 1, 0, 0
319000, 637952, 1, 0, 0
319999, 640640, 1, 0, 0
321000, 664576, 1, 0, 0
322000, 189440, 1, 0, 0
323000, 131072, 1, 0, 0
324000, 137216, 1, 0, 0
325000, 900096, 1, 0, 0
326000, 952320, 1, 0, 0
327000, 964608, 1, 0, 0
328000, 664576, 1, 0, 0
329000, 876544, 1, 0, 0
330000, 949248, 1, 0, 0
331000, 1055744, 1, 0, 0
332000, 604160, 1, 0, 0
333000, 579584, 1, 0, 0
333999, 578114, 1, 0, 0
335000, 578560, 1, 0, 0
336000, 579584, 1, 0, 0
337000, 578560, 1, 0, 0
338000, 577536, 1, 0, 0
339000, 174080, 1, 0, 0
340000, 527360, 1, 0, 0
341000, 579584, 1, 0, 0
342000, 178176, 1, 0, 0
343000, 129024, 1, 0, 0
344000, 130048, 1, 0, 0
345000, 130048, 1, 0, 0
346000, 131072, 1, 0, 0
347000, 161792, 1, 0, 0
348000, 199680, 1, 0, 0
349000, 193536, 1, 0, 0
350000, 190464, 1, 0, 0
350999, 192704, 1, 0, 0
352000, 192512, 1, 0, 0
353000, 204800, 1, 0, 0
354000, 204800, 1, 0, 0
355000, 191488, 1, 0, 0
356000, 197632, 1, 0, 0
357000, 200704, 1, 0, 0
358000, 200704, 1, 0, 0
359000, 200704, 1, 0, 0
360000, 198656, 1, 0, 0
361000, 201728, 1, 0, 0
362000, 206848, 1, 0, 0
363000, 198656, 1, 0, 0
364000, 199680, 1, 0, 0
365000, 205824, 1, 0, 0
365999, 203979, 1, 0, 0
367000, 203776, 1, 0, 0
368000, 196608, 1, 0, 0
369000, 200704, 1, 0, 0
370000, 206848, 1, 0, 0
371000, 197632, 1, 0, 0
372000, 152576, 1, 0, 0
373000, 173056, 1, 0, 0
374000, 129024, 1, 0, 0
375000, 182272, 1, 0, 0
376000, 207872, 1, 0, 0
377000, 196608, 1, 0, 0
378000, 496640, 1, 0, 0
379000, 578560, 1, 0, 0
380000, 578560, 1, 0, 0
381000, 596992, 1, 0, 0
382000, 578560, 1, 0, 0
382999, 579139, 1, 0, 0
384000, 207872, 1, 0, 0
385000, 132096, 1, 0, 0
386000, 173056, 1, 0, 0
387000, 197632, 1, 0, 0
388000, 202752, 1, 0, 0
389000, 201728, 1, 0, 0
390000, 197632, 1, 0, 0
391000, 195584, 1, 0, 0
392000, 192512, 1, 0, 0
393000, 194560, 1, 0, 0
394000, 190464, 1, 0, 0
395000, 183296, 1, 0, 0
396000, 354304, 1, 0, 0
397000, 207872, 1, 0, 0
398000, 175104, 1, 0, 0
399000, 288768, 1, 0, 0
399999, 395659, 1, 0, 0
401000, 223232, 1, 0, 0
402000, 125952, 1, 0, 0
403000, 130048, 1, 0, 0
404000, 126976, 1, 0, 0
405000, 159744, 1, 0, 0
406000, 163840, 1, 0, 0
407000, 126976, 1, 0, 0
408000, 126976, 1, 0, 0
409000, 162816, 1, 0, 0
410000, 201728, 1, 0, 0
411000, 199680, 1, 0, 0
412000, 195584, 1, 0, 0
413000, 193536, 1, 0, 0
414000, 190464, 1, 0, 0
415000, 193536, 1, 0, 0
415999, 192704, 1, 0, 0
417000, 187392, 1, 0, 0
418000, 191488, 1, 0, 0
419000, 193536, 1, 0, 0
420000, 199680, 1, 0, 0
421000, 190464, 1, 0, 0
422000, 198656, 1, 0, 0
423000, 189440, 1, 0, 0
424000, 193536, 1, 0, 0
425000, 196608, 1, 0, 0
426000, 194560, 1, 0, 0
427000, 193536, 1, 0, 0
428000, 190464, 1, 0, 0
429000, 186368, 1, 0, 0
430000, 191488, 1, 0, 0
431000, 187392, 1, 0, 0
431999, 195779, 1, 0, 0
433000, 193536, 1, 0, 0
434000, 192512, 1, 0, 0
435000, 196608, 1, 0, 0
436000, 194560, 1, 0, 0
437000, 191488, 1, 0, 0
438000, 193536, 1, 0, 0
439000, 191488, 1, 0, 0
440000, 194560, 1, 0, 0
441000, 199680, 1, 0, 0
442000, 192512, 1, 0, 0
443000, 165888, 1, 0, 0
444000, 128000, 1, 0, 0
445000, 142336, 1, 0, 0
446000, 125952, 1, 0, 0
447000, 133120, 1, 0, 0
448000, 128000, 1, 0, 0
448999, 126078, 1, 0, 0
450000, 172032, 1, 0, 0
451000, 186368, 1, 0, 0
452000, 192512, 1, 0, 0
453000, 196608, 1, 0, 0
454000, 195584, 1, 0, 0
455000, 209920, 1, 0, 0
456000, 198656, 1, 0, 0
457000, 201728, 1, 0, 0
458000, 191488, 1, 0, 0
458999, 528912, 1, 0, 0
460000, 572416, 1, 0, 0
461000, 207872, 1, 0, 0
462000, 129024, 1, 0, 0
463000, 133120, 1, 0, 0
464000, 136192, 1, 0, 0
465000, 179200, 1, 0, 0
466000, 194560, 1, 0, 0
467000, 195584, 1, 0, 0
468000, 187392, 1, 0, 0
469000, 646144, 1, 0, 0
470000, 628736, 1, 0, 0
471000, 579584, 1, 0, 0
472000, 579584, 1, 0, 0
473000, 655360, 1, 0, 0
473999, 577089, 1, 0, 0
475000, 527360, 1, 0, 0
476000, 625664, 1, 0, 0
477000, 640000, 1, 0, 0
478000, 637952, 1, 0, 0
479000, 637952, 1, 0, 0
480000, 646144, 1, 0, 0
481000, 574464, 1, 0, 0
482000, 578560, 1, 0, 0
483000, 631808, 1, 0, 0
484000, 641024, 1, 0, 0
485000, 648192, 1, 0, 0
486000, 636928, 1, 0, 0
487000, 638976, 1, 0, 0
488000, 641024, 1, 0, 0
489000, 635904, 1, 0, 0
489999, 639615, 1, 0, 0
491000, 299008, 1, 0, 0
492000, 186368, 1, 0, 0
493000, 192512, 1, 0, 0
494000, 139264, 1, 0, 0
495000, 173056, 1, 0, 0
496000, 136192, 1, 0, 0
497000, 195584, 1, 0, 0
498000, 194560, 1, 0, 0
499000, 199680, 1, 0, 0
500000, 196608, 1, 0, 0
501000, 186368, 1, 0, 0
502000, 199680, 1, 0, 0
503000, 195584, 1, 0, 0
504000, 195584, 1, 0, 0
505000, 187392, 1, 0, 0
505999, 189629, 1, 0, 0
507000, 155648, 1, 0, 0
508000, 126976, 1, 0, 0
509000, 168960, 1, 0, 0
510000, 190464, 1, 0, 0
511000, 193536, 1, 0, 0
512000, 195584, 1, 0, 0
513000, 195584, 1, 0, 0
514000, 199680, 1, 0, 0
515000, 194560, 1, 0, 0
516000, 195584, 1, 0, 0
517000, 193536, 1, 0, 0
518000, 142336, 1, 0, 0
519000, 130048, 1, 0, 0
520000, 133120, 1, 0, 0
521000, 130178, 1, 0, 0
522000, 138240, 1, 0, 0
523000, 193536, 1, 0, 0
524000, 535552, 1, 0, 0
525000, 629760, 1, 0, 0
526000, 599040, 1, 0, 0
527000, 577536, 1, 0, 0
528000, 579584, 1, 0, 0
529000, 578560, 1, 0, 0
530000, 578560, 1, 0, 0
531000, 578560, 1, 0, 0
532000, 578560, 1, 0, 0
532999, 579139, 1, 0, 0
534000, 603136, 1, 0, 0
535000, 578560, 1, 0, 0
536000, 578560, 1, 0, 0
537000, 614400, 1, 0, 0
538000, 582656, 1, 0, 0
539000, 574464, 1, 0, 0
540000, 252928, 1, 0, 0
541000, 203776, 1, 0, 0
542000, 188416, 1, 0, 0
543000, 203776, 1, 0, 0
544000, 563763, 1, 0, 0
545000, 640000, 1, 0, 0
546000, 635904, 1, 0, 0
547000, 637952, 1, 0, 0
548000, 641024, 1, 0, 0
549000, 644096, 1, 0, 0
550000, 642048, 1, 0, 0
551000, 643072, 1, 0, 0
552000, 646144, 1, 0, 0
553000, 640000, 1, 0, 0
553999, 640640, 1, 0, 0
555000, 637952, 1, 0, 0
556000, 236544, 1, 0, 0
557000, 167936, 1, 0, 0
558000, 593920, 1, 0, 0
559000, 637952, 1, 0, 0
560000, 643072, 1, 0, 0
561000, 614400, 1, 0, 0
562000, 641024, 1, 0, 0
563000, 906240, 1, 0, 0
564000, 958464, 1, 0, 0
565000, 955392, 1, 0, 0
566000, 960512, 1, 0, 0
567000, 961536, 1, 0, 0
568000, 959488, 1, 0, 0
569000, 958464, 1, 0, 0
569999, 961473, 1, 0, 0
571000, 962560, 1, 0, 0
572000, 962560, 1, 0, 0
573000, 683008, 1, 0, 0
574000, 638976, 1, 0, 0
575000, 657408, 1, 0, 0
576000, 637952, 1, 0, 0
577000, 642048, 1, 0, 0
578000, 649216, 1, 0, 0
579000, 637952, 1, 0, 0
580000, 593920, 1, 0, 0
581000, 579584, 1, 0, 0
582000, 577536, 1, 0, 0
583000, 579584, 1, 0, 0
584000, 578560, 1, 0, 0
585000, 578560, 1, 0, 0
585999, 579139, 1, 0, 0
587000, 578560, 1, 0, 0
588000, 588800, 1, 0, 0
589000, 578560, 1, 0, 0
590000, 579584, 1, 0, 0
591000, 587776, 1, 0, 0
592000, 578560, 1, 0, 0
593000, 552960, 1, 0, 0
594000, 157696, 1, 0, 0
595000, 130048, 1, 0, 0
595999, 314682, 1, 0, 0
597000, 1921024, 1, 0, 0
598000, 1918976, 1, 0, 0
599000, 1922048, 1, 0, 0
600000, 1918976, 1, 0, 0
