1000, 1522688, 1, 0, 0
2000, 475136, 1, 0, 0
3000, 335872, 1, 0, 0
4000, 187579, 1, 0, 0
5000, 122880, 1, 0, 0
6000, 119808, 1, 0, 0
7000, 130048, 1, 0, 0
8000, 129153, 1, 0, 0
9000, 137216, 1, 0, 0
10000, 159744, 1, 0, 0
11000, 160768, 1, 0, 0
12000, 175279, 1, 0, 0
13000, 173056, 1, 0, 0
14000, 188416, 1, 0, 0
15000, 183479, 1, 0, 0
16000, 256000, 1, 0, 0
17000, 478208, 1, 0, 0
18000, 922522, 1, 0, 0
19000, 790528, 1, 0, 0
20000, 475136, 1, 0, 0
21000, 535063, 1, 0, 0
22000, 187392, 1, 0, 0
23000, 578560, 1, 0, 0
24000, 665600, 1, 0, 0
25000, 262144, 1, 0, 0
26000, 321857, 1, 0, 0
27000, 600064, 1, 0, 0
28000, 1072128, 1, 0, 0
29000, 870400, 1, 0, 0
30000, 990174, 1, 0, 0
31000, 404480, 1, 0, 0
32000, 586752, 1, 0, 0
33000, 608864, 1, 0, 0
34000, 651264, 1, 0, 0
35000, 749568, 1, 0, 0
36000, 669696, 1, 0, 0
37000, 647168, 1, 0, 0
38000, 512000, 1, 0, 0
39000, 440760, 1, 0, 0
40000, 447488, 1, 0, 0
41000, 453632, 1, 0, 0
42000, 421888, 1, 0, 0
43000, 401809, 1, 0, 0
44000, 454656, 1, 0, 0
45000, 475136, 1, 0, 0
46000, 125952, 1, 0, 0
47000, 131203, 1, 0, 0
48000, 122880, 1, 0, 0
49000, 136192, 1, 0, 0
50000, 140288, 1, 0, 0
51000, 187579, 1, 0, 0
52000, 448512, 1, 0, 0
53000, 715776, 1, 0, 0
54000, 766718, 1, 0, 0
55000, 590848, 1, 0, 0
56000, 375808, 1, 0, 0
57000, 578560, 1, 0, 0
58000, 578114, 1, 0, 0
59000, 579584, 1, 0, 0
60000, 578560, 1, 0, 0
61000, 578114, 1, 0, 0
62000, 588800, 1, 0, 0
63000, 579584, 1, 0, 0
64001, 578560, 1, 0, 0
65000, 579139, 1, 0, 0
66000, 578560, 1, 0, 0
67000, 579584, 1, 0, 0
68000, 578560, 1, 0, 0
69000, 579139, 1, 0, 0
70000, 291840, 1, 0, 0
71000, 203776, 1, 0, 0
72000, 201728, 1, 0, 0
73000, 196608, 1, 0, 0
74000, 151552, 1, 0, 0
75000, 131203, 1, 0, 0
76000, 129024, 1, 0, 0
77000, 128000, 1, 0, 0
78000, 227555, 1, 0, 0
79000, 578560, 1, 0, 0
80000, 578560, 1, 0, 0
81000, 578560, 1, 0, 0
82000, 579139, 1, 0, 0
83000, 579584, 1, 0, 0
84000, 578560, 1, 0, 0
85000, 579584, 1, 0, 0
86000, 575039, 1, 0, 0
87000, 578560, 1, 0, 0
88000, 927744, 1, 0, 0
89000, 1911808, 1, 0, 0
90000, 1927168, 1, 0, 0
91000, 1779712, 1, 0, 0
92000, 578560, 1, 0, 0
93000, 578560, 1, 0, 0
94000, 579139, 1, 0, 0
95000, 578560, 1, 0, 0
96000, 579584, 1, 0, 0
97000, 577536, 1, 0, 0
98000, 430080, 1, 0, 0
99000, 135168, 1, 0, 0
100000, 131072, 1, 0, 0
101000, 131072, 1, 0, 0
102000, 134144, 1, 0, 0
103000, 133120, 1, 0, 0
104000, 130048, 1, 0, 0
105000, 133120, 1, 0, 0
106000, 125952, 1, 0, 0
107000, 137216, 1, 0, 0
108000, 132096, 1, 0, 0
109000, 130048, 1, 0, 0
110000, 124928, 1, 0, 0
111000, 111727, 1, 0, 0
112000, 136192, 1, 0, 0
113000, 155648, 1, 0, 0
114000, 194560, 1, 0, 0
115000, 193536, 1, 0, 0
116000, 193536, 1, 0, 0
117000, 199680, 1, 0, 0
118000, 194560, 1, 0, 0
119000, 192512, 1, 0, 0
120000, 193536, 1, 0, 0
121000, 134278, 1, 0, 0
122000, 130048, 1, 0, 0
123000, 182272, 1, 0, 0
124000, 199879, 1, 0, 0
125000, 195584, 1, 0, 0
126000, 198656, 1, 0, 0
127000, 193536, 1, 0, 0
128000, 196804, 1, 0, 0
129000, 190464, 1, 0, 0
130000, 189440, 1, 0, 0
131000, 194754, 1, 0, 0
132000, 194560, 1, 0, 0
133000, 201728, 1, 0, 0
134000, 196608, 1, 0, 0
135000, 194754, 1, 0, 0
136000, 190464, 1, 0, 0
137000, 144384, 1, 0, 0
138000, 130048, 1, 0, 0
139000, 203776, 1, 0, 0
140000, 579584, 1, 0, 0
141000, 579584, 1, 0, 0
142000, 578560, 1, 0, 0
143000, 1017856, 1, 0, 0
144000, 238592, 1, 0, 0
145000, 521216, 1, 0, 0
146000, 566272, 1, 0, 0
147000, 125952, 1, 0, 0
148000, 133120, 1, 0, 0
149000, 1917952, 1, 0, 0
150000, 1097801, 1, 0, 0
151000, 954368, 1, 0, 0
152000, 907264, 1, 0, 0
153000, 280576, 1, 0, 0
154000, 813056, 1, 0, 0
155000, 818176, 1, 0, 0
156000, 638976, 1, 0, 0
157000, 637952, 1, 0, 0
158000, 754688, 1, 0, 0
159000, 965632, 1, 0, 0
160000, 862208, 1, 0, 0
161000, 820224, 1, 0, 0
162000, 958464, 1, 0, 0
163000, 962560, 1, 0, 0
164000, 963584, 1, 0, 0
165000, 964608, 1, 0, 0
166000, 965632, 1, 0, 0
167000, 524812, 1, 0, 0
168000, 128000, 1, 0, 0
169000, 125952, 1, 0, 0
170000, 131072, 1, 0, 0
171000, 127103, 1, 0, 0
172000, 131072, 1, 0, 0
173000, 126976, 1, 0, 0
174000, 131203, 1, 0, 0
175000, 145408, 1, 0, 0
176000, 125952, 1, 0, 0
177000, 131072, 1, 0, 0
178000, 127103, 1, 0, 0
179000, 130048, 1, 0, 0
180000, 135168, 1, 0, 0
181000, 131072, 1, 0, 0
182000, 128128, 1, 0, 0
183000, 129024, 1, 0, 0
184000, 130048, 1, 0, 0
185000, 132228, 1, 0, 0
186000, 134144, 1, 0, 0
187000, 131072, 1, 0, 0
188000, 134144, 1, 0, 0
189000, 129024, 1, 0, 0
190000, 131072, 1, 0, 0
191000, 136192, 1, 0, 0
192000, 137216, 1, 0, 0
193000, 132096, 1, 0, 0
194000, 133120, 1, 0, 0
195000, 126976, 1, 0, 0
196000, 132228, 1, 0, 0
197000, 123904, 1, 0, 0
198000, 137216, 1, 0, 0
199000, 204800, 1, 0, 0
200000, 577536, 1, 0, 0
201000, 578560, 1, 0, 0
202000, 579139, 1, 0, 0
203000, 578560, 1, 0, 0
204000, 578560, 1, 0, 0
205000, 578560, 1, 0, 0
206000, 579139, 1, 0, 0
207000, 578560, 1, 0, 0
208000, 1842176, 1, 0, 0
209000, 1922048, 1, 0, 0
210000, 1913856, 1, 0, 0
211000, 1934222, 1, 0, 0
212000, 1927168, 1, 0, 0
213000, 1925120, 1, 0, 0
214000, 1916928, 1, 0, 0
215000, 1927168, 1, 0, 0
216000, 1139712, 1, 0, 0
217000, 183296, 1, 0, 0
218000, 193536, 1, 0, 0
219000, 197632, 1, 0, 0
220000, 195584, 1, 0, 0
221000, 199680, 1, 0, 0
222000, 194560, 1, 0, 0
223000, 196608, 1, 0, 0
224000, 193729, 1, 0, 0
225000, 192512, 1, 0, 0
226000, 187392, 1, 0, 0
227000, 241664, 1, 0, 0
228000, 193536, 1, 0, 0
229000, 194560, 1, 0, 0
230000, 199680, 1, 0, 0
231000, 195584, 1, 0, 0
232000, 141312, 1, 0, 0
233000, 963584, 1, 0, 0
234000, 969728, 1, 0, 0
235000, 963584, 1, 0, 0
236001, 967680, 1, 0, 0
237000, 965573, 1, 0, 0
238000, 963584, 1, 0, 0
239000, 964608, 1, 0, 0
240000, 955392, 1, 0, 0
241000, 965632, 1, 0, 0
242000, 956416, 1, 0, 0
243000, 963584, 1, 0, 0
244000, 968704, 1, 0, 0
245000, 964608, 1, 0, 0
246000, 965632, 1, 0, 0
247000, 962560, 1, 0, 0
248000, 969728, 1, 0, 0
249000, 968648, 1, 0, 0
250000, 966656, 1, 0, 0
251000, 967680, 1, 0, 0
252000, 960512, 1, 0, 0
253000, 959423, 1, 0, 0
254000, 962560, 1, 0, 0
255000, 957440, 1, 0, 0
256000, 963523, 1, 0, 0
257000, 961536, 1, 0, 0
258000, 962560, 1, 0, 0
259000, 964608, 1, 0, 0
260000, 894846, 1, 0, 0
261000, 867328, 1, 0, 0
262000, 953344, 1, 0, 0
263000, 964608, 1, 0, 0
264000, 660480, 1, 0, 0
265000, 642048, 1, 0, 0
266000, 637952, 1, 0, 0
267000, 642048, 1, 0, 0
268000, 640000, 1, 0, 0
269000, 644740, 1, 0, 0
270000, 638976, 1, 0, 0
271000, 638976, 1, 0, 0
272000, 577536, 1, 0, 0
273000, 578560, 1, 0, 0
274000, 579584, 1, 0, 0
275000, 578560, 1, 0, 0
276000, 578560, 1, 0, 0
277000, 578560, 1, 0, 0
278000, 579139, 1, 0, 0
279000, 578560, 1, 0, 0
280000, 571392, 1, 0, 0
281000, 138240, 1, 0, 0
282000, 134278, 1, 0, 0
283000, 133120, 1, 0, 0
284000, 134144, 1, 0, 0
285000, 131072, 1, 0, 0
286000, 132096, 1, 0, 0
287000, 130048, 1, 0, 0
288000, 132096, 1, 0, 0
289000, 130048, 1, 0, 0
290000, 127103, 1, 0, 0
291000, 131072, 1, 0, 0
292000, 130048, 1, 0, 0
293000, 128000, 1, 0, 0
294000, 129024, 1, 0, 0
295000, 134144, 1, 0, 0
296000, 132096, 1, 0, 0
297000, 131072, 1, 0, 0
298000, 133120, 1, 0, 0
299000, 126976, 1, 0, 0
300000, 180224, 1, 0, 0
301000, 143360, 1, 0, 0
302000, 135168, 1, 0, 0
303000, 129024, 1, 0, 0
304000, 138378, 1, 0, 0
305000, 133120, 1, 0, 0
306000, 128000, 1, 0, 0
307000, 129024, 1, 0, 0
308000, 133120, 1, 0, 0
309000, 523264, 1, 0, 0
310000, 215040, 1, 0, 0
311000, 204800, 1, 0, 0
312000, 423936, 1, 0, 0
313000, 955392, 1, 0, 0
314000, 894976, 1, 0, 0
315000, 637952, 1, 0, 0
316000, 638976, 1, 0, 0
317000, 640000, 1, 0, 0
318000, 645120, 1, 0, 0
319000, 637952, 1, 0, 0
320000, 639615, 1, 0, 0
321000, 592896, 1, 0, 0
322000, 141312, 1, 0, 0
323000, 134144, 1, 0, 0
324000, 134144, 1, 0, 0
325000, 194560, 1, 0, 0
326000, 218112, 1, 0, 0
327000, 192512, 1, 0, 0
328000, 621568, 1, 0, 0
329000, 880640, 1, 0, 0
330000, 946176, 1, 0, 0
331000, 875520, 1, 0, 0
332000, 570368, 1, 0, 0
333000, 578560, 1, 0, 0
334000, 579139, 1, 0, 0
335000, 578560, 1, 0, 0
336000, 578560, 1, 0, 0
337000, 579584, 1, 0, 0
338000, 578560, 1, 0, 0
339000, 1790976, 1, 0, 0
340000, 737280, 1, 0, 0
341000, 578560, 1, 0, 0
342000, 1775616, 1, 0, 0
343000, 1924096, 1, 0, 0
344000, 1928192, 1, 0, 0
345000, 1925120, 1, 0, 0
346000, 1920000, 1, 0, 0
347000, 1176576, 1, 0, 0
348000, 957440, 1, 0, 0
349000, 965632, 1, 0, 0
350000, 964608, 1, 0, 0
351000, 965573, 1, 0, 0
352000, 957440, 1, 0, 0
353000, 955392, 1, 0, 0
354000, 952320, 1, 0, 0
355000, 965632, 1, 0, 0
356000, 960512, 1, 0, 0
357000, 955392, 1, 0, 0
358000, 955392, 1, 0, 0
359000, 955392, 1, 0, 0
360000, 957440, 1, 0, 0
361000, 954368, 1, 0, 0
362000, 948224, 1, 0, 0
363000, 960512, 1, 0, 0
364000, 956416, 1, 0, 0
365000, 955392, 1, 0, 0
366000, 954298, 1, 0, 0
367000, 953344, 1, 0, 0
368000, 958464, 1, 0, 0
369000, 958464, 1, 0, 0
370000, 950272, 1, 0, 0
371000, 959488, 1, 0, 0
372000, 1647616, 1, 0, 0
373000, 1788928, 1, 0, 0
374000, 1915904, 1, 0, 0
375000, 1069056, 1, 0, 0
376000, 953344, 1, 0, 0
377000, 958464, 1, 0, 0
378000, 714752, 1, 0, 0
379000, 578560, 1, 0, 0
380000, 579584, 1, 0, 0
381000, 595968, 1, 0, 0
382000, 578560, 1, 0, 0
383000, 578114, 1, 0, 0
384000, 1577984, 1, 0, 0
385000, 1922048, 1, 0, 0
386000, 1293312, 1, 0, 0
387000, 930816, 1, 0, 0
388000, 953344, 1, 0, 0
389000, 957440, 1, 0, 0
390000, 959488, 1, 0, 0
391000, 963584, 1, 0, 0
392000, 965632, 1, 0, 0
393000, 962560, 1, 0, 0
394000, 889856, 1, 0, 0
395000, 532480, 1, 0, 0
396000, 593920, 1, 0, 0
397000, 447488, 1, 0, 0
398000, 831488, 1, 0, 0
399001, 782336, 1, 0, 0
400000, 638590, 1, 0, 0
401000, 322560, 1, 0, 0
402000, 124928, 1, 0, 0
403000, 130048, 1, 0, 0
404000, 159744, 1, 0, 0
405000, 328704, 1, 0, 0
406000, 1827840, 1, 0, 0
407000, 1937408, 1, 0, 0
408000, 1929216, 1, 0, 0
409000, 1264640, 1, 0, 0
410000, 957440, 1, 0, 0
411000, 961536, 1, 0, 0
412000, 961536, 1, 0, 0
413000, 963584, 1, 0, 0
414000, 966656, 1, 0, 0
415000, 966656, 1, 0, 0
416000, 963523, 1, 0, 0
417000, 969728, 1, 0, 0
418000, 964608, 1, 0, 0
419000, 965632, 1, 0, 0
420000, 957440, 1, 0, 0
421000, 966656, 1, 0, 0
422000, 958464, 1, 0, 0
423000, 965632, 1, 0, 0
424000, 963584, 1, 0, 0
425000, 961536, 1, 0, 0
426000, 962560, 1, 0, 0
427000, 966656, 1, 0, 0
428000, 964608, 1, 0, 0
429000, 967680, 1, 0, 0
430000, 967680, 1, 0, 0
431000, 969728, 1, 0, 0
432000, 961473, 1, 0, 0
433000, 962560, 1, 0, 0
434000, 963584, 1, 0, 0
435000, 960512, 1, 0, 0
436000, 963584, 1, 0, 0
437000, 963584, 1, 0, 0
438000, 962560, 1, 0, 0
439000, 963584, 1, 0, 0
440000, 965632, 1, 0, 0
441000, 957440, 1, 0, 0
442000, 963584, 1, 0, 0
443000, 607232, 1, 0, 0
444000, 130048, 1, 0, 0
445000, 143360, 1, 0, 0
446000, 126976, 1, 0, 0
447000, 130048, 1, 0, 0
448000, 132096, 1, 0, 0
449000, 128128, 1, 0, 0
450000, 789504, 1, 0, 0
451000, 974848, 1, 0, 0
452000, 965632, 1, 0, 0
453000, 960512, 1, 0, 0
454000, 963584, 1, 0, 0
455000, 947200, 1, 0, 0
456000, 961536, 1, 0, 0
457000, 957440, 1, 0, 0
458000, 964608, 1, 0, 0
459000, 629365, 1, 0, 0
460000, 595968, 1, 0, 0
461000, 205824, 1, 0, 0
462000, 130048, 1, 0, 0
463000, 131072, 1, 0, 0
464000, 131072, 1, 0, 0
465000, 882688, 1, 0, 0
466000, 963584, 1, 0, 0
467000, 962560, 1, 0, 0
468000, 971776, 1, 0, 0
469000, 401408, 1, 0, 0
470000, 541696, 1, 0, 0
471000, 579584, 1, 0, 0
472000, 580608, 1, 0, 0
473000, 655360, 1, 0, 0
474000, 654990, 1, 0, 0
475000, 595968, 1, 0, 0
476000, 626688, 1, 0, 0
477000, 640000, 1, 0, 0
478000, 635904, 1, 0, 0
479000, 638976, 1, 0, 0
480000, 645120, 1, 0, 0
481000, 576512, 1, 0, 0
482000, 578560, 1, 0, 0
483000, 632832, 1, 0, 0
484000, 641024, 1, 0, 0
485000, 644096, 1, 0, 0
486000, 635904, 1, 0, 0
487000, 640000, 1, 0, 0
488000, 642048, 1, 0, 0
489001, 635904, 1, 0, 0
490000, 637565, 1, 0, 0
491000, 881664, 1, 0, 0
492000, 967680, 1, 0, 0
493000, 966656, 1, 0, 0
494000, 1599488, 1, 0, 0
495000, 1790976, 1, 0, 0
496000, 1876992, 1, 0, 0
497000, 963584, 1, 0, 0
498000, 960512, 1, 0, 0
499000, 958464, 1, 0, 0
500000, 958464, 1, 0, 0
501000, 965632, 1, 0, 0
502000, 959488, 1, 0, 0
503000, 961536, 1, 0, 0
504000, 961536, 1, 0, 0
505000, 969728, 1, 0, 0
506000, 966598, 1, 0, 0
507000, 451584, 1, 0, 0
508000, 125952, 1, 0, 0
509000, 171008, 1, 0, 0
510000, 191488, 1, 0, 0
511000, 199680, 1, 0, 0
512000, 191488, 1, 0, 0
513000, 197632, 1, 0, 0
514000, 195584, 1, 0, 0
515000, 195584, 1, 0, 0
516000, 191488, 1, 0, 0
517000, 188416, 1, 0, 0
518000, 144384, 1, 0, 0
519000, 128000, 1, 0, 0
520000, 134144, 1, 0, 0
521000, 132228, 1, 0, 0
522000, 416768, 1, 0, 0
523000, 963584, 1, 0, 0
524000, 687104, 1, 0, 0
525000, 628736, 1, 0, 0
526000, 598016, 1, 0, 0
527000, 578560, 1, 0, 0
528000, 578560, 1, 0, 0
529000, 579584, 1, 0, 0
530000, 577536, 1, 0, 0
531000, 579584, 1, 0, 0
532000, 578560, 1, 0, 0
533000, 579139, 1, 0, 0
534000, 601088, 1, 0, 0
535000, 578560, 1, 0, 0
536000, 579584, 1, 0, 0
537000, 613376, 1, 0, 0
538000, 583680, 1, 0, 0
539000, 574464, 1, 0, 0
540000, 237568, 1, 0, 0
541000, 202752, 1, 0, 0
542000, 197632, 1, 0, 0
543000, 204800, 1, 0, 0
544000, 336208, 1, 0, 0
545000, 395264, 1, 0, 0
546000, 407552, 1, 0, 0
547000, 397312, 1, 0, 0
548000, 393216, 1, 0, 0
549000, 384000, 1, 0, 0
550000, 390144, 1, 0, 0
551000, 385024, 1, 0, 0
552000, 378880, 1, 0, 0
553000, 393216, 1, 0, 0
554000, 393609, 1, 0, 0
555000, 394240, 1, 0, 0
556000, 177152, 1, 0, 0
557000, 166912, 1, 0, 0
558000, 354304, 1, 0, 0
559000, 395264, 1, 0, 0
560000, 391168, 1, 0, 0
561000, 364544, 1, 0, 0
562000, 390144, 1, 0, 0
563000, 226304, 1, 0, 0
564000, 196608, 1, 0, 0
565000, 204800, 1, 0, 0
566000, 197632, 1, 0, 0
567000, 199680, 1, 0, 0
568000, 197632, 1, 0, 0
569000, 197632, 1, 0, 0
570000, 197829, 1, 0, 0
571000, 196608, 1, 0, 0
572000, 200704, 1, 0, 0
573000, 351232, 1, 0, 0
574000, 403456, 1, 0, 0
575000, 392192, 1, 0, 0
576000, 399360, 1, 0, 0
577000, 389120, 1, 0, 0
578000, 419840, 1, 0, 0
579000, 635904, 1, 0, 0
580000, 594944, 1, 0, 0
581000, 578560, 1, 0, 0
582000, 578560, 1, 0, 0
583000, 578560, 1, 0, 0
584000, 579584, 1, 0, 0
585000, 578560, 1, 0, 0
586000, 579139, 1, 0, 0
587000, 577536, 1, 0, 0
588000, 576512, 1, 0, 0
589000, 578560, 1, 0, 0
590000, 577536, 1, 0, 0
591000, 575488, 1, 0, 0
592000, 578560, 1, 0, 0
593000, 455680, 1, 0, 0
594000, 130048, 1, 0, 0
595000, 134144, 1, 0, 0
596000, 129153, 1, 0, 0
597000, 134144, 1, 0, 0
598000, 130048, 1, 0, 0
599000, 131072, 1, 0, 0
600000, 133120, 1, 0, 0
