1000, 1041425, 1, 0, 0
2000, 1011712, 1, 0, 0
3000, 1349632, 1, 0, 0
4000, 380928, 1, 0, 0
5000, 364544, 1, 0, 0
6000, 396288, 1, 0, 0
7000, 415744, 1, 0, 0
8000, 1267712, 1, 0, 0
9000, 1347584, 1, 0, 0
10000, 1353728, 1, 0, 0
11000, 1369088, 1, 0, 0
12000, 1409024, 1, 0, 0
13000, 1373184, 1, 0, 0
14000, 1397760, 1, 0, 0
15000, 1147904, 1, 0, 0
15999, 1133677, 1, 0, 0
17000, 1096704, 1, 0, 0
18000, 1114112, 1, 0, 0
19000, 1104896, 1, 0, 0
20000, 1065984, 1, 0, 0
21000, 1132544, 1, 0, 0
22000, 1169408, 1, 0, 0
23000, 1072128, 1, 0, 0
24000, 1145856, 1, 0, 0
25000, 1152000, 1, 0, 0
26000, 1148928, 1, 0, 0
27000, 972800, 1, 0, 0
28000, 558080, 1, 0, 0
29000, 1035275, 1, 0, 0
30000, 1310720, 1, 0, 0
31000, 652288, 1, 0, 0
32000, 464896, 1, 0, 0
33000, 535552, 1, 0, 0
34000, 736256, 1, 0, 0
35000, 549888, 1, 0, 0
35999, 469461, 1, 0, 0
37000, 458752, 1, 0, 0
38000, 453632, 1, 0, 0
39000, 1350656, 1, 0, 0
40000, 842752, 1, 0, 0
41000, 491520, 1, 0, 0
42000, 454656, 1, 0, 0
43000, 463872, 1, 0, 0
44000, 491520, 1, 0, 0
45000, 459776, 1, 0, 0
46000, 526336, 1, 0, 0
47000, 552960, 1, 0, 0
48000, 464896, 1, 0, 0
49000, 526336, 1, 0, 0
49999, 467411, 1, 0, 0
50999, 486400, 1, 0, 0
52000, 470016, 1, 0, 0
53000, 465920, 1, 0, 0
54000, 478208, 1, 0, 0
55000, 801792, 1, 0, 0
56000, 484352, 1, 0, 0
57000, 455680, 1, 0, 0
58000, 541696, 1, 0, 0
59000, 579584, 1, 0, 0
60000, 844800, 1, 0, 0
61000, 600064, 1, 0, 0
62000, 600064, 1, 0, 0
63000, 561152, 1, 0, 0
64000, 559104, 1, 0, 0
64999, 523787, 1, 0, 0
66000, 463872, 1, 0, 0
67000, 471040, 1, 0, 0
68000, 848896, 1, 0, 0
69000, 1317888, 1, 0, 0
70000, 1377280, 1, 0, 0
71000, 764928, 1, 0, 0
72000, 1247232, 1, 0, 0
73000, 1185792, 1, 0, 0
74000, 1175552, 1, 0, 0
75000, 1086464, 1, 0, 0
76000, 1098752, 1, 0, 0
77000, 1142784, 1, 0, 0
78000, 1163264, 1, 0, 0
79000, 1154048, 1, 0, 0
79999, 1117277, 1, 0, 0
81000, 1150976, 1, 0, 0
82000, 1222656, 1, 0, 0
83000, 1168384, 1, 0, 0
84000, 1134592, 1, 0, 0
85000, 1171456, 1, 0, 0
86000, 1421312, 1, 0, 0
87000, 1071104, 1, 0, 0
88000, 1129472, 1, 0, 0
89000, 1097728, 1, 0, 0
90000, 1141760, 1, 0, 0
91000, 1303552, 1, 0, 0
92000, 1447936, 1, 0, 0
92999, 1428884, 1, 0, 0
94000, 1193984, 1, 0, 0
95000, 1387520, 1, 0, 0
96000, 1383424, 1, 0, 0
97000, 1418240, 1, 0, 0
98000, 1459200, 1, 0, 0
99000, 1327104, 1, 0, 0
100000, 1346560, 1, 0, 0
101000, 1208320, 1, 0, 0
102000, 1144832, 1, 0, 0
103000, 1135616, 1, 0, 0
104000, 1146880, 1, 0, 0
105000, 1118208, 1, 0, 0
106000, 1060864, 1, 0, 0
106999, 1010674, 1, 0, 0
108000, 1054720, 1, 0, 0
109000, 1058816, 1, 0, 0
110000, 1265664, 1, 0, 0
111000, 1263616, 1, 0, 0
112000, 1428480, 1, 0, 0
113000, 1482752, 1, 0, 0
114000, 1530880, 1, 0, 0
115000, 1451008, 1, 0, 0
116000, 1472512, 1, 0, 0
117000, 1313792, 1, 0, 0
118000, 1262592, 1, 0, 0
119000, 1326080, 1, 0, 0
120000, 1460224, 1, 0, 0
120999, 1490386, 1, 0, 0
121999, 1328128, 1, 0, 0
123000, 1330176, 1, 0, 0
124000, 1350656, 1, 0, 0
125000, 1404928, 1, 0, 0
126000, 1244160, 1, 0, 0
127000, 1281024, 1, 0, 0
128000, 1282048, 1, 0, 0
129000, 1275904, 1, 0, 0
130000, 1458176, 1, 0, 0
131000, 1378304, 1, 0, 0
132000, 1502208, 1, 0, 0
133000, 1481728, 1, 0, 0
134000, 1258496, 1, 0, 0
135000, 1127424, 1, 0, 0
135999, 1375583, 1, 0, 0
137000, 1443840, 1, 0, 0
138000, 1416192, 1, 0, 0
139000, 1291264, 1, 0, 0
140000, 1418240, 1, 0, 0
141000, 1423360, 1, 0, 0
142000, 1509376, 1, 0, 0
143000, 1442816, 1, 0, 0
144000, 1244160, 1, 0, 0
145000, 1561600, 1, 0, 0
146000, 1442816, 1, 0, 0
147000, 1408000, 1, 0, 0
148000, 1629184, 1, 0, 0
149000, 1383424, 1, 0, 0
150000, 1359872, 1, 0, 0
150999, 1294606, 1, 0, 0
152000, 1419264, 1, 0, 0
153000, 1387520, 1, 0, 0
154000, 1428480, 1, 0, 0
155000, 1338368, 1, 0, 0
156000, 1351680, 1, 0, 0
157000, 1415168, 1, 0, 0
158000, 1418240, 1, 0, 0
159000, 1392640, 1, 0, 0
160000, 1211392, 1, 0, 0
161000, 1295360, 1, 0, 0
162000, 1429504, 1, 0, 0
163000, 1469440, 1, 0, 0
164000, 1285120, 1, 0, 0
164999, 1162378, 1, 0, 0
165999, 1157120, 1, 0, 0
167000, 1159168, 1, 0, 0
168000, 1167360, 1, 0, 0
169000, 1158144, 1, 0, 0
170000, 1144832, 1, 0, 0
171000, 1142784, 1, 0, 0
172000, 1146880, 1, 0, 0
173000, 1162240, 1, 0, 0
174000, 1138688, 1, 0, 0
175000, 1147904, 1, 0, 0
176000, 1153024, 1, 0, 0
177000, 1143808, 1, 0, 0
178000, 1138688, 1, 0, 0
179000, 1157120, 1, 0, 0
179999, 1149053, 1, 0, 0
181000, 1142784, 1, 0, 0
182000, 1146880, 1, 0, 0
183000, 1153024, 1, 0, 0
184000, 1161216, 1, 0, 0
185000, 1150976, 1, 0, 0
186000, 1161216, 1, 0, 0
187000, 1155072, 1, 0, 0
188000, 1157120, 1, 0, 0
189000, 1150976, 1, 0, 0
190000, 1154048, 1, 0, 0
191000, 1165312, 1, 0, 0
192000, 1165312, 1, 0, 0
193000, 1165312, 1, 0, 0
193999, 1149053, 1, 0, 0
195000, 1332224, 1, 0, 0
196000, 1436672, 1, 0, 0
197000, 1453056, 1, 0, 0
198000, 1447936, 1, 0, 0
199000, 1464320, 1, 0, 0
200000, 1467392, 1, 0, 0
201000, 1429504, 1, 0, 0
202000, 1440768, 1, 0, 0
203000, 1462272, 1, 0, 0
204000, 1469440, 1, 0, 0
205000, 1363968, 1, 0, 0
206000, 1428480, 1, 0, 0
207000, 1499136, 1, 0, 0
208000, 1460224, 1, 0, 0
208999, 1379683, 1, 0, 0
210000, 1433600, 1, 0, 0
211000, 1452032, 1, 0, 0
212000, 1482752, 1, 0, 0
213000, 1430528, 1, 0, 0
214000, 1079296, 1, 0, 0
215000, 1098752, 1, 0, 0
216000, 1158144, 1, 0, 0
217000, 506880, 1, 0, 0
218000, 447488, 1, 0, 0
219000, 464896, 1, 0, 0
220000, 458752, 1, 0, 0
221000, 458752, 1, 0, 0
222000, 455680, 1, 0, 0
222999, 447935, 1, 0, 0
223999, 468992, 1, 0, 0
225000, 446464, 1, 0, 0
226000, 454656, 1, 0, 0
227000, 468992, 1, 0, 0
228000, 770048, 1, 0, 0
229000, 1179648, 1, 0, 0
230000, 546816, 1, 0, 0
231000, 449536, 1, 0, 0
232000, 453632, 1, 0, 0
233000, 448512, 1, 0, 0
234000, 462848, 1, 0, 0
235000, 448512, 1, 0, 0
236000, 464896, 1, 0, 0
237000, 459776, 1, 0, 0
237999, 466386, 1, 0, 0
239000, 424960, 1, 0, 0
240000, 376832, 1, 0, 0
241000, 380928, 1, 0, 0
242000, 379904, 1, 0, 0
243000, 367616, 1, 0, 0
244000, 375808, 1, 0, 0
245000, 377856, 1, 0, 0
246000, 378880, 1, 0, 0
247000, 376832, 1, 0, 0
248000, 376832, 1, 0, 0
249000, 367616, 1, 0, 0
250000, 372736, 1, 0, 0
251000, 369664, 1, 0, 0
252000, 370688, 1, 0, 0
252999, 389509, 1, 0, 0
254000, 453632, 1, 0, 0
255000, 476160, 1, 0, 0
256000, 446464, 1, 0, 0
257000, 459776, 1, 0, 0
258000, 458752, 1, 0, 0
259000, 438272, 1, 0, 0
260000, 370688, 1, 0, 0
261000, 386048, 1, 0, 0
262000, 368640, 1, 0, 0
263000, 390144, 1, 0, 0
264000, 386048, 1, 0, 0
265000, 384000, 1, 0, 0
266000, 384000, 1, 0, 0
266999, 382334, 1, 0, 0
267999, 380928, 1, 0, 0
269000, 384000, 1, 0, 0
270000, 393216, 1, 0, 0
271000, 385024, 1, 0, 0
272000, 391168, 1, 0, 0
273000, 382976, 1, 0, 0
274000, 376832, 1, 0, 0
275000, 376832, 1, 0, 0
276000, 369664, 1, 0, 0
277000, 385024, 1, 0, 0
278000, 381952, 1, 0, 0
279000, 369664, 1, 0, 0
280000, 418816, 1, 0, 0
281000, 393216, 1, 0, 0
281999, 384384, 1, 0, 0
282999, 374784, 1, 0, 0
284000, 384000, 1, 0, 0
285000, 373760, 1, 0, 0
286000, 389120, 1, 0, 0
287000, 379904, 1, 0, 0
288000, 393216, 1, 0, 0
289000, 393216, 1, 0, 0
290000, 386048, 1, 0, 0
291000, 376832, 1, 0, 0
292000, 382976, 1, 0, 0
293000, 378880, 1, 0, 0
294000, 377856, 1, 0, 0
295000, 355328, 1, 0, 0
296000, 329728, 1, 0, 0
296999, 1895271, 1, 0, 0
298000, 2097152, 1, 0, 0
299000, 1797120, 1, 0, 0
300000, 2766848, 1, 0, 0
301000, 3605504, 1, 0, 0
302000, 3631104, 1, 0, 0
303000, 3416064, 1, 0, 0
304000, 1202176, 1, 0, 0
305000, 1257472, 1, 0, 0
306000, 1157120, 1, 0, 0
307000, 1085440, 1, 0, 0
308000, 1380352, 1, 0, 0
309000, 1225728, 1, 0, 0
310000, 1146880, 1, 0, 0
310999, 1237205, 1, 0, 0
312000, 1286144, 1, 0, 0
313000, 1258496, 1, 0, 0
314000, 1148928, 1, 0, 0
315000, 1144832, 1, 0, 0
316000, 1159168, 1, 0, 0
317000, 1183744, 1, 0, 0
318000, 1155072, 1, 0, 0
319000, 1154048, 1, 0, 0
320000, 1410048, 1, 0, 0
321000, 1130496, 1, 0, 0
322000, 2963456, 1, 0, 0
323000, 3610624, 1, 0, 0
324000, 3602432, 1, 0, 0
325000, 3639296, 1, 0, 0
325999, 3626538, 1, 0, 0
327000, 3633152, 1, 0, 0
328000, 1433600, 1, 0, 0
329000, 3023872, 1, 0, 0
330000, 3615744, 1, 0, 0
331000, 1704960, 1, 0, 0
332000, 1274880, 1, 0, 0
333000, 1081344, 1, 0, 0
334000, 1261568, 1, 0, 0
335000, 1165312, 1, 0, 0
336000, 1176576, 1, 0, 0
337000, 1570816, 1, 0, 0
338000, 1249280, 1, 0, 0
339000, 1202176, 1, 0, 0
339999, 1223879, 1, 0, 0
340999, 1061888, 1, 0, 0
342000, 1149952, 1, 0, 0
343000, 1240064, 1, 0, 0
344000, 1188864, 1, 0, 0
345000, 1161216, 1, 0, 0
346000, 1275904, 1, 0, 0
347000, 1235968, 1, 0, 0
348000, 1157120, 1, 0, 0
349000, 1141760, 1, 0, 0
350000, 1187840, 1, 0, 0
351000, 1228800, 1, 0, 0
352000, 1145856, 1, 0, 0
353000, 1150976, 1, 0, 0
354000, 1215488, 1, 0, 0
354999, 1151103, 1, 0, 0
356000, 1220608, 1, 0, 0
357000, 1118208, 1, 0, 0
358000, 1291264, 1, 0, 0
359000, 1056768, 1, 0, 0
360000, 1115136, 1, 0, 0
361000, 1073152, 1, 0, 0
362000, 1134592, 1, 0, 0
363000, 348160, 1, 0, 0
364000, 331776, 1, 0, 0
365000, 336896, 1, 0, 0
366000, 322560, 1, 0, 0
367000, 336896, 1, 0, 0
368000, 370688, 1, 0, 0
369000, 396288, 1, 0, 0
369999, 387459, 1, 0, 0
371000, 384000, 1, 0, 0
372000, 397312, 1, 0, 0
373000, 344064, 1, 0, 0
374000, 335872, 1, 0, 0
375000, 335872, 1, 0, 0
376000, 328704, 1, 0, 0
377000, 338944, 1, 0, 0
378000, 329728, 1, 0, 0
379000, 337920, 1, 0, 0
380000, 331776, 1, 0, 0
381000, 335872, 1, 0, 0
382000, 337920, 1, 0, 0
383000, 328704, 1, 0, 0
383999, 333133, 1, 0, 0
385000, 332800, 1, 0, 0
386000, 339968, 1, 0, 0
387000, 334848, 1, 0, 0
388000, 352256, 1, 0, 0
389000, 372736, 1, 0, 0
390000, 382976, 1, 0, 0
391000, 368640, 1, 0, 0
392000, 378880, 1, 0, 0
393000, 386048, 1, 0, 0
394000, 402432, 1, 0, 0
395000, 339968, 1, 0, 0
396000, 336896, 1, 0, 0
397000, 347136, 1, 0, 0
398000, 331776, 1, 0, 0
398999, 340308, 1, 0, 0
400000, 379904, 1, 0, 0
401000, 354304, 1, 0, 0
402000, 374784, 1, 0, 0
403000, 1203200, 1, 0, 0
404000, 1412096, 1, 0, 0
405000, 813056, 1, 0, 0
406000, 322560, 1, 0, 0
407000, 324608, 1, 0, 0
408000, 370688, 1, 0, 0
409000, 381952, 1, 0, 0
410000, 417792, 1, 0, 0
411000, 385024, 1, 0, 0
412000, 379904, 1, 0, 0
412999, 376184, 1, 0, 0
413999, 373760, 1, 0, 0
415000, 351232, 1, 0, 0
416000, 1110016, 1, 0, 0
417000, 1153024, 1, 0, 0
418000, 1136640, 1, 0, 0
419000, 1163264, 1, 0, 0
420000, 877568, 1, 0, 0
421000, 380928, 1, 0, 0
422000, 371712, 1, 0, 0
423000, 324608, 1, 0, 0
424000, 3379200, 1, 0, 0
425000, 3591168, 1, 0, 0
426000, 1382400, 1, 0, 0
426999, 1114202, 1, 0, 0
428000, 1142784, 1, 0, 0
429000, 1168384, 1, 0, 0
430000, 791552, 1, 0, 0
431000, 338944, 1, 0, 0
432000, 324608, 1, 0, 0
433000, 332800, 1, 0, 0
434000, 365568, 1, 0, 0
435000, 1154048, 1, 0, 0
436000, 1159168, 1, 0, 0
437000, 1106944, 1, 0, 0
438000, 1152000, 1, 0, 0
439000, 1146880, 1, 0, 0
440000, 1198080, 1, 0, 0
440999, 1235155, 1, 0, 0
441999, 1315840, 1, 0, 0
443000, 1123328, 1, 0, 0
444000, 743424, 1, 0, 0
445000, 812032, 1, 0, 0
446000, 1157120, 1, 0, 0
447000, 1137664, 1, 0, 0
448000, 1128448, 1, 0, 0
449000, 1121280, 1, 0, 0
450000, 1149952, 1, 0, 0
451000, 1148928, 1, 0, 0
452000, 1148928, 1, 0, 0
453000, 1141760, 1, 0, 0
454000, 1228800, 1, 0, 0
455000, 1193984, 1, 0, 0
455999, 1152128, 1, 0, 0
457000, 1356800, 1, 0, 0
458000, 1139712, 1, 0, 0
459000, 1253376, 1, 0, 0
460000, 1243136, 1, 0, 0
461000, 1268736, 1, 0, 0
462000, 1270784, 1, 0, 0
463000, 1167360, 1, 0, 0
464000, 1287168, 1, 0, 0
465000, 1170432, 1, 0, 0
466000, 1265664, 1, 0, 0
467000, 1217536, 1, 0, 0
468000, 1153024, 1, 0, 0
469000, 1186816, 1, 0, 0
469999, 1073201, 1, 0, 0
470999, 1164288, 1, 0, 0
472000, 1123328, 1, 0, 0
473000, 3405824, 1, 0, 0
474000, 3610624, 1, 0, 0
475000, 3612672, 1, 0, 0
476000, 3622912, 1, 0, 0
477000, 3588096, 1, 0, 0
478000, 3602432, 1, 0, 0
479000, 3614720, 1, 0, 0
480000, 3594240, 1, 0, 0
481000, 3597312, 1, 0, 0
482000, 3590144, 1, 0, 0
483000, 3597312, 1, 0, 0
484000, 3595264, 1, 0, 0
484999, 3597837, 1, 0, 0
486000, 3605504, 1, 0, 0
487000, 3590144, 1, 0, 0
488000, 3612672, 1, 0, 0
489000, 1900544, 1, 0, 0
490000, 1152000, 1, 0, 0
491000, 1168384, 1, 0, 0
492000, 1162240, 1, 0, 0
493000, 1200128, 1, 0, 0
494000, 1143808, 1, 0, 0
495000, 1214464, 1, 0, 0
496000, 1162240, 1, 0, 0
497000, 1226752, 1, 0, 0
498000, 1156096, 1, 0, 0
499000, 1160192, 1, 0, 0
499999, 1221829, 1, 0, 0
501000, 1153024, 1, 0, 0
502000, 1202176, 1, 0, 0
503000, 1154048, 1, 0, 0
504000, 3409920, 1, 0, 0
505000, 3627008, 1, 0, 0
506000, 3615744, 1, 0, 0
507000, 3624960, 1, 0, 0
508000, 3622912, 1, 0, 0
509000, 3636224, 1, 0, 0
510000, 3612672, 1, 0, 0
511000, 3625984, 1, 0, 0
512000, 3634176, 1, 0, 0
513000, 3632128, 1, 0, 0
513999, 3621413, 1, 0, 0
514999, 3633152, 1, 0, 0
516000, 3611648, 1, 0, 0
517000, 3612672, 1, 0, 0
518000, 1417216, 1, 0, 0
519000, 1159168, 1, 0, 0
520000, 1092608, 1, 0, 0
521000, 1191936, 1, 0, 0
522000, 1010688, 1, 0, 0
523000, 1135616, 1, 0, 0
524000, 1114112, 1, 0, 0
525000, 1161216, 1, 0, 0
526000, 1158144, 1, 0, 0
527000, 1175552, 1, 0, 0
528000, 1134592, 1, 0, 0
528999, 1202354, 1, 0, 0
529999, 1186816, 1, 0, 0
531000, 1152000, 1, 0, 0
532000, 1150976, 1, 0, 0
533000, 1202176, 1, 0, 0
534000, 1116160, 1, 0, 0
535000, 1144832, 1, 0, 0
536000, 1124352, 1, 0, 0
537000, 1139712, 1, 0, 0
538000, 1161216, 1, 0, 0
539000, 1388544, 1, 0, 0
540000, 1226752, 1, 0, 0
540999, 1148028, 1, 0, 0
541999, 1150976, 1, 0, 0
543000, 3324928, 1, 0, 0
544000, 3633152, 1, 0, 0
545000, 3616768, 1, 0, 0
546000, 3635200, 1, 0, 0
547000, 3615744, 1, 0, 0
548000, 2707456, 1, 0, 0
549000, 1168384, 1, 0, 0
550000, 359424, 1, 0, 0
551000, 335872, 1, 0, 0
552000, 328704, 1, 0, 0
553000, 334848, 1, 0, 0
554000, 928768, 1, 0, 0
555000, 1108992, 1, 0, 0
556000, 1118208, 1, 0, 0
557000, 1144832, 1, 0, 0
557999, 1154178, 1, 0, 0
559000, 1142784, 1, 0, 0
560000, 1134592, 1, 0, 0
561000, 1156096, 1, 0, 0
562000, 1309696, 1, 0, 0
563000, 1276928, 1, 0, 0
564000, 1130496, 1, 0, 0
565000, 1175552, 1, 0, 0
566000, 1161216, 1, 0, 0
567000, 1156096, 1, 0, 0
568000, 1158144, 1, 0, 0
569000, 1143808, 1, 0, 0
570000, 1190912, 1, 0, 0
571000, 1176576, 1, 0, 0
571999, 1140852, 1, 0, 0
573000, 1177600, 1, 0, 0
574000, 933888, 1, 0, 0
575000, 1168384, 1, 0, 0
576000, 1157120, 1, 0, 0
577000, 1129472, 1, 0, 0
578000, 1233920, 1, 0, 0
579000, 1116160, 1, 0, 0
580000, 1180672, 1, 0, 0
581000, 750592, 1, 0, 0
582000, 369664, 1, 0, 0
583000, 1035264, 1, 0, 0
584000, 1135616, 1, 0, 0
585000, 1227776, 1, 0, 0
586000, 3455359, 1, 0, 0
587000, 3622912, 1, 0, 0
588000, 3622912, 1, 0, 0
589000, 1391616, 1, 0, 0
590000, 1163264, 1, 0, 0
591000, 1152000, 1, 0, 0
592000, 1212604, 1, 0, 0
593000, 1129472, 1, 0, 0
594000, 1145856, 1, 0, 0
595000, 1119232, 1, 0, 0
596000, 1191936, 1, 0, 0
597000, 3297280, 1, 0, 0
598000, 3627008, 1, 0, 0
598999, 3621413, 1, 0, 0
600000, 1461248, 1, 0, 0
601000, 1156096, 1, 0, 0
602000, 1350656, 1, 0, 0
603000, 1104896, 1, 0, 0
604000, 1232896, 1, 0, 0
605000, 1240064, 1, 0, 0
606000, 1012736, 1, 0, 0
607000, 1254400, 1, 0, 0
608000, 1124352, 1, 0, 0
609000, 1125477, 1, 0, 0
610000, 3392512, 1, 0, 0
611000, 3616768, 1, 0, 0
612000, 3625984, 1, 0, 0
613000, 3233792, 1, 0, 0
614000, 1187840, 1, 0, 0
615000, 1165312, 1, 0, 0
616000, 1148928, 1, 0, 0
617000, 1170432, 1, 0, 0
618000, 1176576, 1, 0, 0
618999, 1229005, 1, 0, 0
620000, 1216512, 1, 0, 0
621000, 1116160, 1, 0, 0
622000, 1074176, 1, 0, 0
623000, 1144832, 1, 0, 0
624000, 1153024, 1, 0, 0
625000, 1346560, 1, 0, 0
626000, 1207296, 1, 0, 0
627000, 1046528, 1, 0, 0
628000, 1164288, 1, 0, 0
629000, 1148928, 1, 0, 0
630000, 1300480, 1, 0, 0
631000, 1079296, 1, 0, 0
632000, 1132544, 1, 0, 0
632999, 1118302, 1, 0, 0
634000, 1019904, 1, 0, 0
635000, 1210368, 1, 0, 0
636000, 1155072, 1, 0, 0
637000, 3409920, 1, 0, 0
638000, 1446912, 1, 0, 0
639000, 1238016, 1, 0, 0
640000, 1338368, 1, 0, 0
641000, 1163264, 1, 0, 0
642000, 911360, 1, 0, 0
643000, 1116160, 1, 0, 0
644000, 1159168, 1, 0, 0
644999, 1136752, 1, 0, 0
646000, 1042432, 1, 0, 0
647000, 1210368, 1, 0, 0
648000, 1154048, 1, 0, 0
649000, 1127424, 1, 0, 0
650000, 1329152, 1, 0, 0
651000, 1537024, 1, 0, 0
652000, 1499136, 1, 0, 0
653000, 1689600, 1, 0, 0
654000, 1520640, 1, 0, 0
655000, 1534976, 1, 0, 0
656000, 1489920, 1, 0, 0
657000, 1519616, 1, 0, 0
658000, 1486848, 1, 0, 0
658999, 1669765, 1, 0, 0
660000, 1270784, 1, 0, 0
661000, 647168, 1, 0, 0
662000, 2281472, 1, 0, 0
663000, 2018304, 1, 0, 0
664000, 1391616, 1, 0, 0
665000, 1128448, 1, 0, 0
666000, 3451904, 1, 0, 0
667000, 3684352, 1, 0, 0
668000, 3700736, 1, 0, 0
668999, 3268804, 1, 0, 0
670000, 3686400, 1, 0, 0
671000, 3690496, 1, 0, 0
672000, 3681280, 1, 0, 0
673000, 3675136, 1, 0, 0
674000, 3703808, 1, 0, 0
675000, 3701760, 1, 0, 0
676000, 1724416, 1, 0, 0
677000, 1560576, 1, 0, 0
678000, 1497088, 1, 0, 0
679000, 1625088, 1, 0, 0
680000, 1542144, 1, 0, 0
681000, 1619968, 1, 0, 0
682000, 1632256, 1, 0, 0
683000, 1606656, 1, 0, 0
683999, 1533437, 1, 0, 0
684999, 1476608, 1, 0, 0
686000, 1575936, 1, 0, 0
687000, 1619968, 1, 0, 0
688000, 1510400, 1, 0, 0
689000, 1799168, 1, 0, 0
690000, 2466816, 1, 0, 0
691000, 3688448, 1, 0, 0
692000, 3698688, 1, 0, 0
693000, 3681280, 1, 0, 0
694000, 3423232, 1, 0, 0
695000, 3623936, 1, 0, 0
696000, 3687424, 1, 0, 0
697000, 3700736, 1, 0, 0
698000, 3649536, 1, 0, 0
699000, 3707904, 1, 0, 0
699999, 3703415, 1, 0, 0
701000, 3650560, 1, 0, 0
702000, 3503104, 1, 0, 0
703000, 3514368, 1, 0, 0
704000, 3496960, 1, 0, 0
705000, 3510272, 1, 0, 0
