1000, 1031168, 1, 0, 0
2001, 407552, 1, 0, 0
3000, 394634, 1, 0, 0
4000, 393216, 1, 0, 0
5000, 392192, 1, 0, 0
6000, 380928, 1, 0, 0
7000, 382976, 1, 0, 0
8000, 395264, 1, 0, 0
9000, 403456, 1, 0, 0
10000, 384000, 1, 0, 0
11000, 403456, 1, 0, 0
12000, 396288, 1, 0, 0
13000, 400384, 1, 0, 0
14000, 404480, 1, 0, 0
15000, 379904, 1, 0, 0
16000, 396288, 1, 0, 0
17000, 792344, 1, 0, 0
18000, 557056, 1, 0, 0
19000, 410624, 1, 0, 0
20000, 391168, 1, 0, 0
21000, 400384, 1, 0, 0
22000, 406528, 1, 0, 0
23000, 394240, 1, 0, 0
24000, 399360, 1, 0, 0
25000, 402432, 1, 0, 0
26000, 369664, 1, 0, 0
27000, 329728, 1, 0, 0
28000, 345088, 1, 0, 0
29000, 437248, 1, 0, 0
30000, 333824, 1, 0, 0
31000, 339283, 1, 0, 0
32000, 338944, 1, 0, 0
33000, 917504, 1, 0, 0
34000, 344064, 1, 0, 0
35000, 339968, 1, 0, 0
36000, 336896, 1, 0, 0
37000, 335872, 1, 0, 0
38000, 332800, 1, 0, 0
39000, 338944, 1, 0, 0
40000, 346112, 1, 0, 0
41000, 334848, 1, 0, 0
42000, 348160, 1, 0, 0
43000, 337920, 1, 0, 0
44000, 335872, 1, 0, 0
45000, 454086, 1, 0, 0
46000, 337920, 1, 0, 0
47000, 1963008, 1, 0, 0
48000, 3616768, 1, 0, 0
49000, 3606528, 1, 0, 0
50000, 3598336, 1, 0, 0
51000, 3610624, 1, 0, 0
52000, 3607552, 1, 0, 0
53000, 3600384, 1, 0, 0
54000, 2379776, 1, 0, 0
55000, 1091584, 1, 0, 0
56000, 1162240, 1, 0, 0
57000, 1159303, 1, 0, 0
58000, 1195008, 1, 0, 0
59000, 1028096, 1, 0, 0
60000, 1016832, 1, 0, 0
61000, 1182720, 1, 0, 0
62000, 1164288, 1, 0, 0
63000, 1153024, 1, 0, 0
64000, 1195179, 1, 0, 0
65000, 1156096, 1, 0, 0
66000, 1395712, 1, 0, 0
67000, 3619840, 1, 0, 0
68000, 3605504, 1, 0, 0
69000, 3649536, 1, 0, 0
70000, 3575808, 1, 0, 0
71000, 3547136, 1, 0, 0
72000, 2022400, 1, 0, 0
73000, 1159303, 1, 0, 0
74000, 1160192, 1, 0, 0
75000, 1120256, 1, 0, 0
76000, 1150976, 1, 0, 0
77000, 1025024, 1, 0, 0
78000, 1116160, 1, 0, 0
79000, 1116160, 1, 0, 0
80000, 1150976, 1, 0, 0
81000, 1160192, 1, 0, 0
82000, 1170578, 1, 0, 0
83000, 1058816, 1, 0, 0
84000, 1032192, 1, 0, 0
85000, 1157120, 1, 0, 0
86000, 1225728, 1, 0, 0
87000, 1120256, 1, 0, 0
88000, 1211392, 1, 0, 0
89000, 1082368, 1, 0, 0
90000, 339968, 1, 0, 0
91000, 333824, 1, 0, 0
92000, 470016, 1, 0, 0
93000, 327680, 1, 0, 0
94000, 332800, 1, 0, 0
95000, 334848, 1, 0, 0
96000, 456704, 1, 0, 0
97000, 336208, 1, 0, 0
98000, 1107968, 1, 0, 0
99000, 1173504, 1, 0, 0
100000, 1147904, 1, 0, 0
101000, 1157120, 1, 0, 0
102000, 1081344, 1, 0, 0
103000, 1089536, 1, 0, 0
104000, 1120256, 1, 0, 0
105000, 1093632, 1, 0, 0
106000, 466944, 1, 0, 0
107000, 327680, 1, 0, 0
108000, 330752, 1, 0, 0
109000, 340992, 1, 0, 0
110000, 336896, 1, 0, 0
111000, 337233, 1, 0, 0
112000, 330752, 1, 0, 0
113000, 478208, 1, 0, 0
114000, 392192, 1, 0, 0
115000, 508928, 1, 0, 0
116000, 337920, 1, 0, 0
117000, 336896, 1, 0, 0
118000, 347136, 1, 0, 0
119000, 366592, 1, 0, 0
120000, 340992, 1, 0, 0
121000, 331776, 1, 0, 0
122000, 340992, 1, 0, 0
123000, 337920, 1, 0, 0
124000, 336896, 1, 0, 0
125001, 345088, 1, 0, 0
126000, 329033, 1, 0, 0
127000, 339968, 1, 0, 0
128000, 344064, 1, 0, 0
129000, 354304, 1, 0, 0
130000, 346112, 1, 0, 0
131000, 348160, 1, 0, 0
132000, 400384, 1, 0, 0
133000, 342016, 1, 0, 0
134000, 1226752, 1, 0, 0
135000, 855040, 1, 0, 0
136000, 407552, 1, 0, 0
137000, 331776, 1, 0, 0
138000, 340992, 1, 0, 0
139000, 342016, 1, 0, 0
140000, 326982, 1, 0, 0
141000, 348160, 1, 0, 0
142000, 339968, 1, 0, 0
143000, 340992, 1, 0, 0
144000, 829440, 1, 0, 0
145000, 337920, 1, 0, 0
146000, 334848, 1, 0, 0
147000, 344064, 1, 0, 0
148000, 346458, 1, 0, 0
149000, 340992, 1, 0, 0
150000, 335872, 1, 0, 0
151000, 337920, 1, 0, 0
152000, 337920, 1, 0, 0
153000, 348160, 1, 0, 0
154000, 347136, 1, 0, 0
155000, 338944, 1, 0, 0
156000, 345088, 1, 0, 0
157000, 340992, 1, 0, 0
158000, 343040, 1, 0, 0
159000, 342016, 1, 0, 0
160000, 347483, 1, 0, 0
161000, 342016, 1, 0, 0
162000, 1123328, 1, 0, 0
163000, 524288, 1, 0, 0
164000, 332800, 1, 0, 0
165000, 339968, 1, 0, 0
166000, 342016, 1, 0, 0
167000, 342016, 1, 0, 0
168000, 476160, 1, 0, 0
169000, 337920, 1, 0, 0
170000, 338944, 1, 0, 0
171000, 345088, 1, 0, 0
172000, 671744, 1, 0, 0
173000, 437248, 1, 0, 0
174000, 1054720, 1, 0, 0
175000, 1163403, 1, 0, 0
176000, 1127424, 1, 0, 0
177000, 1195008, 1, 0, 0
178000, 1155072, 1, 0, 0
179000, 1075200, 1, 0, 0
180000, 1199104, 1, 0, 0
181000, 1080320, 1, 0, 0
182000, 1124352, 1, 0, 0
183000, 1121280, 1, 0, 0
184000, 1163264, 1, 0, 0
185000, 544768, 1, 0, 0
186000, 339968, 1, 0, 0
187000, 336896, 1, 0, 0
188000, 339968, 1, 0, 0
189000, 332108, 1, 0, 0
190000, 346112, 1, 0, 0
191000, 329728, 1, 0, 0
192000, 337920, 1, 0, 0
193000, 339968, 1, 0, 0
194000, 348160, 1, 0, 0
195000, 1021952, 1, 0, 0
196000, 1131520, 1, 0, 0
197000, 1155072, 1, 0, 0
198000, 1112064, 1, 0, 0
199000, 914432, 1, 0, 0
200000, 318464, 1, 0, 0
201000, 335872, 1, 0, 0
202000, 323584, 1, 0, 0
203000, 337233, 1, 0, 0
204000, 334848, 1, 0, 0
205000, 333824, 1, 0, 0
206000, 332800, 1, 0, 0
207000, 347136, 1, 0, 0
208000, 329728, 1, 0, 0
209000, 330752, 1, 0, 0
210000, 346112, 1, 0, 0
211000, 332800, 1, 0, 0
212000, 331776, 1, 0, 0
213000, 326656, 1, 0, 0
214000, 343040, 1, 0, 0
215000, 344064, 1, 0, 0
216000, 331776, 1, 0, 0
217000, 375808, 1, 0, 0
218000, 354658, 1, 0, 0
219000, 331776, 1, 0, 0
220000, 1094656, 1, 0, 0
221000, 1150976, 1, 0, 0
222000, 1136640, 1, 0, 0
223000, 1144832, 1, 0, 0
224000, 1162240, 1, 0, 0
225000, 525312, 1, 0, 0
226000, 332800, 1, 0, 0
227000, 345088, 1, 0, 0
228000, 330752, 1, 0, 0
229000, 339968, 1, 0, 0
230000, 335872, 1, 0, 0
231000, 340308, 1, 0, 0
232000, 350208, 1, 0, 0
233000, 369664, 1, 0, 0
234000, 366592, 1, 0, 0
235000, 387072, 1, 0, 0
236000, 1108992, 1, 0, 0
237000, 1143808, 1, 0, 0
238000, 1160192, 1, 0, 0
239000, 1186816, 1, 0, 0
240000, 1046528, 1, 0, 0
241000, 1152000, 1, 0, 0
242000, 1502208, 1, 0, 0
243000, 1072128, 1, 0, 0
244000, 1114112, 1, 0, 0
245000, 1162240, 1, 0, 0
246000, 1155203, 1, 0, 0
247000, 765952, 1, 0, 0
248000, 473088, 1, 0, 0
249000, 471040, 1, 0, 0
250000, 402432, 1, 0, 0
251000, 351232, 1, 0, 0
252000, 329728, 1, 0, 0
253000, 332800, 1, 0, 0
254000, 351232, 1, 0, 0
255000, 1699491, 1, 0, 0
256000, 1881088, 1, 0, 0
257000, 1839104, 1, 0, 0
258000, 1904640, 1, 0, 0
259000, 1720320, 1, 0, 0
260000, 1943552, 1, 0, 0
261000, 2722816, 1, 0, 0
262000, 3631104, 1, 0, 0
263000, 1683456, 1, 0, 0
264000, 636928, 1, 0, 0
265000, 343040, 1, 0, 0
266000, 328704, 1, 0, 0
267000, 337920, 1, 0, 0
268000, 325632, 1, 0, 0
269000, 334848, 1, 0, 0
270000, 1117277, 1, 0, 0
271000, 1161216, 1, 0, 0
272000, 1160192, 1, 0, 0
273000, 1158144, 1, 0, 0
274000, 1183744, 1, 0, 0
275000, 1345536, 1, 0, 0
276000, 1217536, 1, 0, 0
277000, 1159168, 1, 0, 0
278000, 1162240, 1, 0, 0
279000, 1157120, 1, 0, 0
280000, 1157120, 1, 0, 0
281000, 1266688, 1, 0, 0
282000, 1204224, 1, 0, 0
283000, 1133568, 1, 0, 0
284000, 1140852, 1, 0, 0
285000, 1162240, 1, 0, 0
286000, 1167360, 1, 0, 0
287000, 1307648, 1, 0, 0
288000, 1162240, 1, 0, 0
289000, 1155072, 1, 0, 0
290000, 1162240, 1, 0, 0
291000, 1281024, 1, 0, 0
292000, 1091584, 1, 0, 0
293000, 1442816, 1, 0, 0
294000, 1217536, 1, 0, 0
295000, 1146880, 1, 0, 0
296000, 1079296, 1, 0, 0
297000, 1113088, 1, 0, 0
298000, 1144952, 1, 0, 0
299000, 1097728, 1, 0, 0
300000, 1182720, 1, 0, 0
301000, 416768, 1, 0, 0
302000, 567296, 1, 0, 0
303000, 1148928, 1, 0, 0
304000, 1224704, 1, 0, 0
305000, 1102848, 1, 0, 0
306000, 1135616, 1, 0, 0
307000, 1158144, 1, 0, 0
308000, 1228800, 1, 0, 0
309000, 1155072, 1, 0, 0
310000, 1125376, 1, 0, 0
311000, 1135616, 1, 0, 0
312000, 1201152, 1, 0, 0
313000, 1148028, 1, 0, 0
314000, 1366016, 1, 0, 0
315000, 442368, 1, 0, 0
316000, 332800, 1, 0, 0
317000, 384000, 1, 0, 0
318000, 346112, 1, 0, 0
319000, 343040, 1, 0, 0
320000, 330752, 1, 0, 0
321000, 752640, 1, 0, 0
322000, 340992, 1, 0, 0
323000, 335872, 1, 0, 0
324000, 342016, 1, 0, 0
325000, 360448, 1, 0, 0
326000, 345088, 1, 0, 0
327000, 340308, 1, 0, 0
328000, 1061888, 1, 0, 0
329000, 1218560, 1, 0, 0
330000, 418816, 1, 0, 0
331000, 334848, 1, 0, 0
332000, 942080, 1, 0, 0
333000, 820224, 1, 0, 0
334000, 347136, 1, 0, 0
335000, 340992, 1, 0, 0
336000, 328704, 1, 0, 0
337000, 355328, 1, 0, 0
338000, 346112, 1, 0, 0
339000, 331776, 1, 0, 0
340000, 352256, 1, 0, 0
341000, 344064, 1, 0, 0
342000, 338258, 1, 0, 0
343000, 986112, 1, 0, 0
344000, 338944, 1, 0, 0
345000, 545792, 1, 0, 0
346000, 344064, 1, 0, 0
347000, 344064, 1, 0, 0
348000, 334848, 1, 0, 0
349000, 331776, 1, 0, 0
350000, 348160, 1, 0, 0
351000, 367616, 1, 0, 0
352000, 642048, 1, 0, 0
353000, 1636352, 1, 0, 0
354000, 1455104, 1, 0, 0
355000, 479232, 1, 0, 0
356000, 398734, 1, 0, 0
357000, 387072, 1, 0, 0
358000, 375808, 1, 0, 0
359000, 384000, 1, 0, 0
360000, 375808, 1, 0, 0
361000, 985088, 1, 0, 0
362000, 1229824, 1, 0, 0
363000, 1153024, 1, 0, 0
364000, 1172480, 1, 0, 0
365000, 1153024, 1, 0, 0
366000, 1158144, 1, 0, 0
367000, 1180672, 1, 0, 0
368000, 1370112, 1, 0, 0
369000, 1213440, 1, 0, 0
370000, 1153153, 1, 0, 0
371000, 1116160, 1, 0, 0
372000, 1038336, 1, 0, 0
373000, 1133568, 1, 0, 0
374000, 968704, 1, 0, 0
375000, 668672, 1, 0, 0
376000, 718848, 1, 0, 0
377000, 389120, 1, 0, 0
378000, 389120, 1, 0, 0
379000, 986112, 1, 0, 0
380000, 1681408, 1, 0, 0
381000, 1048576, 1, 0, 0
382000, 1030144, 1, 0, 0
383000, 403456, 1, 0, 0
384000, 1397760, 1, 0, 0
385000, 1263855, 1, 0, 0
386000, 1416192, 1, 0, 0
387000, 1301504, 1, 0, 0
388000, 1024000, 1, 0, 0
389000, 386048, 1, 0, 0
390000, 402432, 1, 0, 0
391000, 658432, 1, 0, 0
392000, 1033216, 1, 0, 0
393000, 665600, 1, 0, 0
394000, 372736, 1, 0, 0
395000, 382976, 1, 0, 0
396000, 380928, 1, 0, 0
397000, 372736, 1, 0, 0
398000, 393216, 1, 0, 0
399000, 379259, 1, 0, 0
400000, 386048, 1, 0, 0
401000, 379904, 1, 0, 0
402000, 389120, 1, 0, 0
403000, 381952, 1, 0, 0
404000, 377856, 1, 0, 0
405000, 377856, 1, 0, 0
406000, 388096, 1, 0, 0
407000, 370688, 1, 0, 0
408000, 491520, 1, 0, 0
409000, 2949120, 1, 0, 0
410000, 3400704, 1, 0, 0
411000, 3476480, 1, 0, 0
412000, 3529728, 1, 0, 0
413000, 3563520, 1, 0, 0
414000, 3401033, 1, 0, 0
415000, 3568640, 1, 0, 0
416000, 3571712, 1, 0, 0
417000, 3593216, 1, 0, 0
418000, 3602432, 1, 0, 0
419000, 3595264, 1, 0, 0
420000, 3618816, 1, 0, 0
421000, 3596288, 1, 0, 0
422000, 3608576, 1, 0, 0
423000, 3598336, 1, 0, 0
424000, 3611648, 1, 0, 0
425000, 2132992, 1, 0, 0
426000, 2260992, 1, 0, 0
427000, 2034688, 1, 0, 0
428000, 341333, 1, 0, 0
429000, 515072, 1, 0, 0
430000, 346112, 1, 0, 0
431000, 338944, 1, 0, 0
432000, 355328, 1, 0, 0
433000, 381952, 1, 0, 0
434000, 366592, 1, 0, 0
435000, 381952, 1, 0, 0
436000, 395264, 1, 0, 0
437000, 376832, 1, 0, 0
438000, 372736, 1, 0, 0
439000, 412672, 1, 0, 0
440000, 1547264, 1, 0, 0
441000, 3607552, 1, 0, 0
442000, 3607063, 1, 0, 0
443000, 3585024, 1, 0, 0
444000, 3605504, 1, 0, 0
445000, 3580928, 1, 0, 0
446000, 3606528, 1, 0, 0
447000, 3376128, 1, 0, 0
448000, 3182592, 1, 0, 0
449000, 3611648, 1, 0, 0
450000, 3611648, 1, 0, 0
451000, 3602432, 1, 0, 0
452000, 3599360, 1, 0, 0
453000, 3614720, 1, 0, 0
454000, 3607552, 1, 0, 0
455000, 3586048, 1, 0, 0
456000, 3600384, 1, 0, 0
457000, 3602962, 1, 0, 0
458000, 3597312, 1, 0, 0
459000, 3546112, 1, 0, 0
460000, 3493888, 1, 0, 0
461000, 3414016, 1, 0, 0
462000, 3303424, 1, 0, 0
463000, 3514368, 1, 0, 0
464000, 3513344, 1, 0, 0
465000, 3499008, 1, 0, 0
466000, 3596288, 1, 0, 0
467000, 3586048, 1, 0, 0
468000, 3624960, 1, 0, 0
469000, 3607552, 1, 0, 0
470000, 3608576, 1, 0, 0
471000, 3599887, 1, 0, 0
472000, 3609600, 1, 0, 0
473000, 3609600, 1, 0, 0
474000, 3510272, 1, 0, 0
475000, 3615744, 1, 0, 0
476000, 3551232, 1, 0, 0
477000, 3506176, 1, 0, 0
478000, 3511296, 1, 0, 0
479000, 3496960, 1, 0, 0
480000, 3497984, 1, 0, 0
481000, 3496960, 1, 0, 0
482000, 3481600, 1, 0, 0
483000, 3508224, 1, 0, 0
484000, 3479552, 1, 0, 0
485000, 3495936, 1, 0, 0
486000, 3499435, 1, 0, 0
487000, 3485696, 1, 0, 0
488000, 3489792, 1, 0, 0
489000, 3489792, 1, 0, 0
490000, 3490816, 1, 0, 0
491000, 3502080, 1, 0, 0
492000, 3499008, 1, 0, 0
493000, 3510272, 1, 0, 0
494000, 3204096, 1, 0, 0
495000, 2406400, 1, 0, 0
496000, 2457600, 1, 0, 0
497000, 2327552, 1, 0, 0
498000, 2359296, 1, 0, 0
499000, 2293760, 1, 0, 0
500000, 2449809, 1, 0, 0
501000, 2387968, 1, 0, 0
502000, 2246656, 1, 0, 0
503000, 2479104, 1, 0, 0
504000, 2413568, 1, 0, 0
505000, 2487296, 1, 0, 0
506000, 2089984, 1, 0, 0
507000, 2026496, 1, 0, 0
508000, 2088960, 1, 0, 0
509000, 1917952, 1, 0, 0
510000, 2468864, 1, 0, 0
511000, 2523136, 1, 0, 0
512000, 2374656, 1, 0, 0
513000, 2344960, 1, 0, 0
514000, 2425856, 1, 0, 0
515000, 2330906, 1, 0, 0
516000, 2334720, 1, 0, 0
517000, 2380800, 1, 0, 0
518000, 2380800, 1, 0, 0
519000, 2476032, 1, 0, 0
520000, 2433024, 1, 0, 0
521000, 2368512, 1, 0, 0
522000, 2245632, 1, 0, 0
523000, 2404352, 1, 0, 0
524000, 2394112, 1, 0, 0
525000, 3578880, 1, 0, 0
526000, 3614720, 1, 0, 0
527000, 3607552, 1, 0, 0
528000, 3625984, 1, 0, 0
529000, 3618338, 1, 0, 0
530000, 3630080, 1, 0, 0
531000, 3620864, 1, 0, 0
532000, 3613696, 1, 0, 0
533000, 3612672, 1, 0, 0
534000, 3617792, 1, 0, 0
535000, 3631104, 1, 0, 0
536000, 3622912, 1, 0, 0
537000, 3640320, 1, 0, 0
538000, 3540992, 1, 0, 0
539000, 3508224, 1, 0, 0
540000, 3515392, 1, 0, 0
541000, 3496960, 1, 0, 0
542000, 3516416, 1, 0, 0
543000, 3469312, 1, 0, 0
544000, 3515835, 1, 0, 0
545000, 3561472, 1, 0, 0
546000, 3603456, 1, 0, 0
547000, 3629056, 1, 0, 0
548000, 3613696, 1, 0, 0
549000, 3239936, 1, 0, 0
550000, 1163264, 1, 0, 0
551000, 1162240, 1, 0, 0
552000, 1149952, 1, 0, 0
553000, 1294336, 1, 0, 0
554000, 1156096, 1, 0, 0
555000, 1162240, 1, 0, 0
556000, 1159168, 1, 0, 0
557000, 1169408, 1, 0, 0
558000, 1142902, 1, 0, 0
559000, 508928, 1, 0, 0
560000, 346112, 1, 0, 0
561000, 346112, 1, 0, 0
562000, 340992, 1, 0, 0
563000, 345088, 1, 0, 0
564000, 340992, 1, 0, 0
565000, 340992, 1, 0, 0
566000, 349184, 1, 0, 0
567000, 340992, 1, 0, 0
568000, 346112, 1, 0, 0
569000, 336896, 1, 0, 0
570000, 334848, 1, 0, 0
571000, 348160, 1, 0, 0
572000, 974848, 1, 0, 0
573000, 1119327, 1, 0, 0
574000, 1148928, 1, 0, 0
575000, 1125376, 1, 0, 0
576000, 1162240, 1, 0, 0
577000, 1163264, 1, 0, 0
578000, 1098752, 1, 0, 0
579000, 1119232, 1, 0, 0
580000, 1101824, 1, 0, 0
581000, 1051648, 1, 0, 0
582000, 1087488, 1, 0, 0
583000, 1159168, 1, 0, 0
584000, 1067008, 1, 0, 0
585000, 1115136, 1, 0, 0
586000, 1203200, 1, 0, 0
587000, 618090, 1, 0, 0
588000, 332800, 1, 0, 0
589000, 338944, 1, 0, 0
590000, 330752, 1, 0, 0
591000, 340992, 1, 0, 0
592000, 336896, 1, 0, 0
593000, 345088, 1, 0, 0
594000, 344064, 1, 0, 0
595000, 335872, 1, 0, 0
596000, 339968, 1, 0, 0
597000, 339968, 1, 0, 0
598000, 1669120, 1, 0, 0
599000, 1942528, 1, 0, 0
600000, 1887232, 1, 0, 0
601000, 1876820, 1, 0, 0
602000, 1983488, 1, 0, 0
603000, 1951744, 1, 0, 0
604000, 1847296, 1, 0, 0
605000, 1902592, 1, 0, 0
606000, 2590720, 1, 0, 0
607000, 3621888, 1, 0, 0
608000, 3629056, 1, 0, 0
609000, 3611648, 1, 0, 0
610000, 3620864, 1, 0, 0
611000, 3625984, 1, 0, 0
612000, 1323008, 1, 0, 0
613000, 331776, 1, 0, 0
614000, 335872, 1, 0, 0
615000, 336896, 1, 0, 0
616000, 641665, 1, 0, 0
617000, 1136640, 1, 0, 0
618000, 1153024, 1, 0, 0
619000, 1162240, 1, 0, 0
620000, 1155072, 1, 0, 0
621000, 1138688, 1, 0, 0
622000, 1149952, 1, 0, 0
623000, 1167360, 1, 0, 0
624000, 1154048, 1, 0, 0
625000, 1157120, 1, 0, 0
626000, 1157120, 1, 0, 0
627000, 1147904, 1, 0, 0
628000, 1107968, 1, 0, 0
629000, 1343488, 1, 0, 0
630000, 1138688, 1, 0, 0
631000, 1150078, 1, 0, 0
632000, 1362944, 1, 0, 0
633000, 424960, 1, 0, 0
634000, 335872, 1, 0, 0
635000, 339968, 1, 0, 0
636000, 730112, 1, 0, 0
637000, 1149952, 1, 0, 0
638000, 1155072, 1, 0, 0
639000, 1126400, 1, 0, 0
640000, 1153024, 1, 0, 0
641000, 339968, 1, 0, 0
642000, 348160, 1, 0, 0
643000, 342016, 1, 0, 0
644000, 782336, 1, 0, 0
645000, 1946522, 1, 0, 0
646000, 1773568, 1, 0, 0
647000, 1587200, 1, 0, 0
648000, 1372160, 1, 0, 0
649000, 2101248, 1, 0, 0
650000, 1867776, 1, 0, 0
651000, 2068480, 1, 0, 0
652000, 2049024, 1, 0, 0
653000, 1904640, 1, 0, 0
654000, 1932288, 1, 0, 0
655000, 2121728, 1, 0, 0
656000, 1936384, 1, 0, 0
657000, 2267136, 1, 0, 0
658000, 1852416, 1, 0, 0
659000, 1909760, 1, 0, 0
660000, 1969073, 1, 0, 0
661000, 2138112, 1, 0, 0
662000, 2002944, 1, 0, 0
663000, 1720320, 1, 0, 0
664000, 1948672, 1, 0, 0
665000, 1722368, 1, 0, 0
666000, 2886656, 1, 0, 0
667000, 1152000, 1, 0, 0
668000, 1163264, 1, 0, 0
669000, 1157120, 1, 0, 0
670000, 1222656, 1, 0, 0
671000, 1155072, 1, 0, 0
672000, 1138688, 1, 0, 0
673000, 1156096, 1, 0, 0
674000, 611939, 1, 0, 0
675000, 376832, 1, 0, 0
676000, 374784, 1, 0, 0
677000, 368640, 1, 0, 0
678000, 365568, 1, 0, 0
679000, 1091584, 1, 0, 0
680000, 1148928, 1, 0, 0
681000, 1154048, 1, 0, 0
682000, 1136640, 1, 0, 0
683000, 1198080, 1, 0, 0
684000, 1100800, 1, 0, 0
685000, 1130496, 1, 0, 0
686000, 1181696, 1, 0, 0
687000, 1155072, 1, 0, 0
688000, 1157120, 1, 0, 0
689000, 952248, 1, 0, 0
690000, 333824, 1, 0, 0
691000, 1010688, 1, 0, 0
692000, 1075200, 1, 0, 0
693000, 1162240, 1, 0, 0
694000, 1162240, 1, 0, 0
695000, 1157120, 1, 0, 0
696000, 1146880, 1, 0, 0
697000, 1156096, 1, 0, 0
698000, 1155072, 1, 0, 0
699000, 1155072, 1, 0, 0
700000, 452608, 1, 0, 0
701000, 326656, 1, 0, 0
702000, 410624, 1, 0, 0
703000, 1150078, 1, 0, 0
704000, 1159168, 1, 0, 0
705000, 1160192, 1, 0, 0
