1000, 1034240, 1, 0, 0
2000, 1011712, 1, 0, 0
3000, 1276928, 1, 0, 0
4000, 1780736, 1, 0, 0
5000, 1953792, 1, 0, 0
6000, 2132992, 1, 0, 0
7000, 2111488, 1, 0, 0
8000, 1459200, 1, 0, 0
9000, 1341440, 1, 0, 0
10000, 1426432, 1, 0, 0
11000, 1394688, 1, 0, 0
12000, 1421312, 1, 0, 0
13000, 1392640, 1, 0, 0
14000, 1382400, 1, 0, 0
15001, 1189888, 1, 0, 0
16000, 1172628, 1, 0, 0
17000, 1094656, 1, 0, 0
18000, 1140736, 1, 0, 0
19000, 1192960, 1, 0, 0
20000, 1159168, 1, 0, 0
21000, 1223680, 1, 0, 0
22000, 1147904, 1, 0, 0
23000, 1226752, 1, 0, 0
24000, 1167360, 1, 0, 0
25000, 1084416, 1, 0, 0
26000, 1161216, 1, 0, 0
27000, 1169408, 1, 0, 0
28000, 1079296, 1, 0, 0
29000, 1166478, 1, 0, 0
30000, 1156096, 1, 0, 0
31000, 1355776, 1, 0, 0
32000, 1384448, 1, 0, 0
33000, 1236992, 1, 0, 0
34000, 1116160, 1, 0, 0
35000, 1146880, 1, 0, 0
36000, 1314082, 1, 0, 0
37000, 1338368, 1, 0, 0
38000, 1616896, 1, 0, 0
39000, 1409024, 1, 0, 0
40000, 1306624, 1, 0, 0
41000, 1276928, 1, 0, 0
42000, 1353728, 1, 0, 0
43000, 1335296, 1, 0, 0
44000, 1361920, 1, 0, 0
45000, 1336320, 1, 0, 0
46000, 1356800, 1, 0, 0
47000, 1234944, 1, 0, 0
48000, 1405952, 1, 0, 0
49000, 1426432, 1, 0, 0
50000, 1349957, 1, 0, 0
51000, 1247232, 1, 0, 0
52000, 1283072, 1, 0, 0
53000, 1321984, 1, 0, 0
54000, 1390592, 1, 0, 0
55000, 1171456, 1, 0, 0
56000, 1346560, 1, 0, 0
57000, 1315840, 1, 0, 0
58000, 1187840, 1, 0, 0
59000, 1102848, 1, 0, 0
60000, 1071104, 1, 0, 0
61000, 1089536, 1, 0, 0
62000, 1067008, 1, 0, 0
63000, 1110016, 1, 0, 0
64000, 1110016, 1, 0, 0
65000, 1233105, 1, 0, 0
66000, 1323008, 1, 0, 0
67000, 1292288, 1, 0, 0
68000, 1355776, 1, 0, 0
69000, 1327104, 1, 0, 0
70000, 1305600, 1, 0, 0
71000, 1351680, 1, 0, 0
72000, 1132544, 1, 0, 0
73000, 1162240, 1, 0, 0
74000, 1129472, 1, 0, 0
75000, 1076224, 1, 0, 0
76000, 1093632, 1, 0, 0
77000, 1181696, 1, 0, 0
78000, 1138688, 1, 0, 0
79001, 1086464, 1, 0, 0
80000, 1168528, 1, 0, 0
81000, 1130496, 1, 0, 0
82000, 1102848, 1, 0, 0
83000, 1110016, 1, 0, 0
84000, 1124352, 1, 0, 0
85000, 1134592, 1, 0, 0
86000, 1057792, 1, 0, 0
87000, 1188864, 1, 0, 0
88000, 1103872, 1, 0, 0
89000, 1064960, 1, 0, 0
90000, 1126400, 1, 0, 0
91000, 1152000, 1, 0, 0
92000, 1425408, 1, 0, 0
93000, 1349957, 1, 0, 0
94000, 1173504, 1, 0, 0
95000, 1354752, 1, 0, 0
96000, 1288192, 1, 0, 0
97000, 1372160, 1, 0, 0
98000, 1357824, 1, 0, 0
99000, 1364992, 1, 0, 0
100000, 1434624, 1, 0, 0
101000, 1758208, 1, 0, 0
102000, 1799168, 1, 0, 0
103000, 1748992, 1, 0, 0
104000, 1821696, 1, 0, 0
105000, 1780736, 1, 0, 0
106000, 1651712, 1, 0, 0
107000, 1584688, 1, 0, 0
108000, 1679360, 1, 0, 0
109000, 1707008, 1, 0, 0
110000, 1571840, 1, 0, 0
111000, 1223680, 1, 0, 0
112000, 1320960, 1, 0, 0
113000, 1261568, 1, 0, 0
114000, 1280000, 1, 0, 0
115000, 1362944, 1, 0, 0
116000, 1308672, 1, 0, 0
117000, 1413120, 1, 0, 0
118000, 1307648, 1, 0, 0
119000, 1369088, 1, 0, 0
120000, 1244160, 1, 0, 0
121000, 1382758, 1, 0, 0
122000, 1281024, 1, 0, 0
123000, 1303552, 1, 0, 0
124000, 1409024, 1, 0, 0
125000, 1353728, 1, 0, 0
126000, 1340416, 1, 0, 0
127000, 1340416, 1, 0, 0
128000, 1234944, 1, 0, 0
129000, 1291264, 1, 0, 0
130000, 1306624, 1, 0, 0
131000, 1321984, 1, 0, 0
132000, 1305600, 1, 0, 0
133000, 1342464, 1, 0, 0
134000, 1199104, 1, 0, 0
135000, 1434624, 1, 0, 0
136000, 1383783, 1, 0, 0
137000, 1362944, 1, 0, 0
138000, 1351680, 1, 0, 0
139000, 1199104, 1, 0, 0
140000, 1311744, 1, 0, 0
141000, 1417216, 1, 0, 0
142000, 1308672, 1, 0, 0
143000, 1217536, 1, 0, 0
144000, 1149952, 1, 0, 0
145000, 1298432, 1, 0, 0
146000, 1272832, 1, 0, 0
147000, 1355776, 1, 0, 0
148000, 1243136, 1, 0, 0
149000, 1372160, 1, 0, 0
150000, 1312768, 1, 0, 0
151000, 1328432, 1, 0, 0
152000, 1289216, 1, 0, 0
153000, 1300480, 1, 0, 0
154000, 1336320, 1, 0, 0
155000, 1304576, 1, 0, 0
156000, 1316864, 1, 0, 0
157000, 1437696, 1, 0, 0
158000, 1303552, 1, 0, 0
159000, 1335296, 1, 0, 0
160000, 1752064, 1, 0, 0
161000, 1427456, 1, 0, 0
162000, 1428480, 1, 0, 0
163000, 1451008, 1, 0, 0
164000, 1288192, 1, 0, 0
165000, 1162378, 1, 0, 0
166000, 1167360, 1, 0, 0
167000, 1168384, 1, 0, 0
168000, 1156096, 1, 0, 0
169000, 1152000, 1, 0, 0
170000, 1179648, 1, 0, 0
171000, 1178624, 1, 0, 0
172000, 1169408, 1, 0, 0
173000, 1165312, 1, 0, 0
174000, 1180672, 1, 0, 0
175000, 1183744, 1, 0, 0
176000, 1158144, 1, 0, 0
177000, 1168384, 1, 0, 0
178000, 1181696, 1, 0, 0
179000, 1159168, 1, 0, 0
180000, 1160328, 1, 0, 0
181000, 1171456, 1, 0, 0
182000, 1178624, 1, 0, 0
183000, 1175552, 1, 0, 0
184000, 1154048, 1, 0, 0
185000, 1169408, 1, 0, 0
186000, 1178624, 1, 0, 0
187000, 1170432, 1, 0, 0
188000, 1167360, 1, 0, 0
189000, 1157120, 1, 0, 0
190000, 1180672, 1, 0, 0
191000, 1160192, 1, 0, 0
192000, 1167360, 1, 0, 0
193000, 1166336, 1, 0, 0
194000, 1160328, 1, 0, 0
195000, 1338368, 1, 0, 0
196000, 1461248, 1, 0, 0
197000, 1449984, 1, 0, 0
198000, 1471488, 1, 0, 0
199000, 1457152, 1, 0, 0
200000, 1476608, 1, 0, 0
201000, 1446912, 1, 0, 0
202000, 1476608, 1, 0, 0
203000, 1454080, 1, 0, 0
204000, 1461248, 1, 0, 0
205000, 1405952, 1, 0, 0
206000, 1428480, 1, 0, 0
207000, 1479680, 1, 0, 0
208000, 1483776, 1, 0, 0
209000, 1397109, 1, 0, 0
210000, 1421312, 1, 0, 0
211000, 1446912, 1, 0, 0
212000, 1482752, 1, 0, 0
213000, 1441792, 1, 0, 0
214000, 1562624, 1, 0, 0
215000, 1818624, 1, 0, 0
216000, 1816576, 1, 0, 0
217000, 2396160, 1, 0, 0
218000, 2532352, 1, 0, 0
219000, 2486272, 1, 0, 0
220000, 2393088, 1, 0, 0
221000, 2373632, 1, 0, 0
222000, 2460672, 1, 0, 0
223000, 2367807, 1, 0, 0
224000, 2425856, 1, 0, 0
225000, 2492416, 1, 0, 0
226000, 2514944, 1, 0, 0
227000, 2305024, 1, 0, 0
228000, 2216960, 1, 0, 0
229000, 1820672, 1, 0, 0
230000, 2438144, 1, 0, 0
231000, 2426880, 1, 0, 0
232000, 2528256, 1, 0, 0
233000, 2476032, 1, 0, 0
234000, 2366464, 1, 0, 0
235000, 2499584, 1, 0, 0
236000, 2415616, 1, 0, 0
237000, 2385920, 1, 0, 0
238000, 2417009, 1, 0, 0
239000, 2210816, 1, 0, 0
240000, 1815552, 1, 0, 0
241000, 1823744, 1, 0, 0
242000, 1913856, 1, 0, 0
243000, 1932288, 1, 0, 0
244000, 1867776, 1, 0, 0
245000, 1916928, 1, 0, 0
246000, 2022400, 1, 0, 0
247000, 1942528, 1, 0, 0
248000, 1925120, 1, 0, 0
249000, 1892352, 1, 0, 0
250000, 1795072, 1, 0, 0
251000, 1903616, 1, 0, 0
252000, 1963008, 1, 0, 0
253000, 1855295, 1, 0, 0
254000, 2458624, 1, 0, 0
255000, 2349056, 1, 0, 0
256000, 2476032, 1, 0, 0
257000, 2456576, 1, 0, 0
258000, 2405376, 1, 0, 0
259000, 2334720, 1, 0, 0
260000, 1951744, 1, 0, 0
261000, 1792000, 1, 0, 0
262000, 1885184, 1, 0, 0
263000, 1885184, 1, 0, 0
264000, 1932288, 1, 0, 0
265000, 1965056, 1, 0, 0
266000, 1922048, 1, 0, 0
267000, 1801993, 1, 0, 0
268000, 1940480, 1, 0, 0
269000, 1771520, 1, 0, 0
270000, 1894400, 1, 0, 0
271000, 1913856, 1, 0, 0
272000, 1893376, 1, 0, 0
273000, 2033664, 1, 0, 0
274000, 1992704, 1, 0, 0
275000, 1843200, 1, 0, 0
276000, 2034688, 1, 0, 0
277000, 1865728, 1, 0, 0
278000, 1887232, 1, 0, 0
279000, 1953792, 1, 0, 0
280000, 2135040, 1, 0, 0
281000, 2008064, 1, 0, 0
282000, 1916796, 1, 0, 0
283000, 1914880, 1, 0, 0
284000, 1803264, 1, 0, 0
285000, 1963008, 1, 0, 0
286000, 1968128, 1, 0, 0
287000, 1873920, 1, 0, 0
288000, 1806336, 1, 0, 0
289000, 1794048, 1, 0, 0
290000, 1837056, 1, 0, 0
291000, 1944576, 1, 0, 0
292000, 1945600, 1, 0, 0
293000, 1925120, 1, 0, 0
294000, 1922048, 1, 0, 0
295000, 2976768, 1, 0, 0
296000, 3606528, 1, 0, 0
297000, 1968048, 1, 0, 0
298000, 1776640, 1, 0, 0
299000, 2070528, 1, 0, 0
300000, 1148928, 1, 0, 0
301000, 329728, 1, 0, 0
302000, 324608, 1, 0, 0
303000, 402432, 1, 0, 0
304000, 1143808, 1, 0, 0
305000, 1115136, 1, 0, 0
306000, 1154048, 1, 0, 0
307000, 1195008, 1, 0, 0
308000, 1064960, 1, 0, 0
309000, 1132544, 1, 0, 0
310000, 1172480, 1, 0, 0
311000, 1089601, 1, 0, 0
312000, 1130496, 1, 0, 0
313000, 1124352, 1, 0, 0
314000, 1186816, 1, 0, 0
315000, 1110016, 1, 0, 0
316000, 1150976, 1, 0, 0
317000, 1148928, 1, 0, 0
318000, 1163264, 1, 0, 0
319000, 1145856, 1, 0, 0
320000, 1073152, 1, 0, 0
321000, 1065984, 1, 0, 0
322000, 541696, 1, 0, 0
323000, 349184, 1, 0, 0
324000, 345088, 1, 0, 0
325000, 332800, 1, 0, 0
326000, 329033, 1, 0, 0
327000, 342016, 1, 0, 0
328000, 1072128, 1, 0, 0
329000, 534528, 1, 0, 0
330000, 333824, 1, 0, 0
331000, 978944, 1, 0, 0
332000, 1118208, 1, 0, 0
333000, 1087488, 1, 0, 0
334000, 1115136, 1, 0, 0
335000, 1144832, 1, 0, 0
336000, 1153024, 1, 0, 0
337000, 994304, 1, 0, 0
338000, 1122304, 1, 0, 0
339000, 1033216, 1, 0, 0
340000, 1136752, 1, 0, 0
341000, 1037312, 1, 0, 0
342000, 1163264, 1, 0, 0
343000, 1214464, 1, 0, 0
344000, 1147904, 1, 0, 0
345000, 1152000, 1, 0, 0
346000, 1138688, 1, 0, 0
347000, 1038336, 1, 0, 0
348000, 1149952, 1, 0, 0
349000, 1174528, 1, 0, 0
350000, 1264640, 1, 0, 0
351000, 1098752, 1, 0, 0
352000, 1178624, 1, 0, 0
353000, 1162240, 1, 0, 0
354000, 1139712, 1, 0, 0
355000, 1162378, 1, 0, 0
356000, 1183744, 1, 0, 0
357000, 1105920, 1, 0, 0
358000, 1118208, 1, 0, 0
359000, 1454080, 1, 0, 0
360000, 1277952, 1, 0, 0
361000, 1239040, 1, 0, 0
362000, 1138688, 1, 0, 0
363000, 3552256, 1, 0, 0
364000, 3619840, 1, 0, 0
365000, 3629056, 1, 0, 0
366000, 3659776, 1, 0, 0
367000, 3615744, 1, 0, 0
368000, 2121728, 1, 0, 0
369001, 1850368, 1, 0, 0
370000, 2026474, 1, 0, 0
371000, 1958912, 1, 0, 0
372000, 1809408, 1, 0, 0
373000, 3500032, 1, 0, 0
374000, 3614720, 1, 0, 0
375000, 3638272, 1, 0, 0
376000, 3632128, 1, 0, 0
377000, 3622912, 1, 0, 0
378000, 3632128, 1, 0, 0
379000, 3614720, 1, 0, 0
380000, 3642368, 1, 0, 0
381000, 3616768, 1, 0, 0
382000, 3599360, 1, 0, 0
383000, 3621888, 1, 0, 0
384000, 3631663, 1, 0, 0
385000, 3628032, 1, 0, 0
386000, 3629056, 1, 0, 0
387000, 3634176, 1, 0, 0
388000, 3567616, 1, 0, 0
389000, 3512320, 1, 0, 0
390000, 3515392, 1, 0, 0
391000, 3512320, 1, 0, 0
392000, 3518464, 1, 0, 0
393000, 3437568, 1, 0, 0
394000, 3222528, 1, 0, 0
395000, 3606528, 1, 0, 0
396000, 3621888, 1, 0, 0
397000, 3594240, 1, 0, 0
398000, 3644416, 1, 0, 0
399000, 3614238, 1, 0, 0
400000, 3495936, 1, 0, 0
401000, 3542016, 1, 0, 0
402000, 3503104, 1, 0, 0
403000, 2536448, 1, 0, 0
404000, 2321408, 1, 0, 0
405000, 3117056, 1, 0, 0
406000, 3637248, 1, 0, 0
407000, 3650560, 1, 0, 0
408000, 2568192, 1, 0, 0
409000, 2024448, 1, 0, 0
410000, 991232, 1, 0, 0
411000, 418816, 1, 0, 0
412000, 391168, 1, 0, 0
413000, 389509, 1, 0, 0
414000, 372736, 1, 0, 0
415000, 365568, 1, 0, 0
416000, 1114112, 1, 0, 0
417000, 1164288, 1, 0, 0
418000, 1203200, 1, 0, 0
419000, 1155072, 1, 0, 0
420000, 1440768, 1, 0, 0
421000, 1880064, 1, 0, 0
422000, 2272256, 1, 0, 0
423000, 3634176, 1, 0, 0
424000, 465920, 1, 0, 0
425000, 355328, 1, 0, 0
426000, 1089536, 1, 0, 0
427000, 1120352, 1, 0, 0
428000, 1189888, 1, 0, 0
429000, 1101824, 1, 0, 0
430000, 779264, 1, 0, 0
431000, 339968, 1, 0, 0
432000, 348160, 1, 0, 0
433000, 342016, 1, 0, 0
434000, 363520, 1, 0, 0
435000, 1161216, 1, 0, 0
436000, 1156096, 1, 0, 0
437000, 1286144, 1, 0, 0
438000, 1190912, 1, 0, 0
439000, 1198080, 1, 0, 0
440000, 1170432, 1, 0, 0
441000, 1131627, 1, 0, 0
442000, 1125376, 1, 0, 0
443000, 1240064, 1, 0, 0
444000, 540672, 1, 0, 0
445000, 807936, 1, 0, 0
446000, 1160192, 1, 0, 0
447000, 1210368, 1, 0, 0
448000, 1129472, 1, 0, 0
449000, 1201152, 1, 0, 0
450000, 1180672, 1, 0, 0
451000, 1192960, 1, 0, 0
452000, 1182720, 1, 0, 0
453000, 1192960, 1, 0, 0
454000, 1165312, 1, 0, 0
455000, 1220608, 1, 0, 0
456000, 1150078, 1, 0, 0
457000, 1110016, 1, 0, 0
458000, 1190912, 1, 0, 0
459000, 1119232, 1, 0, 0
460000, 1125376, 1, 0, 0
461000, 1152000, 1, 0, 0
462000, 1068032, 1, 0, 0
463000, 1156096, 1, 0, 0
464000, 1274880, 1, 0, 0
465000, 1189888, 1, 0, 0
466000, 1149952, 1, 0, 0
467000, 1129472, 1, 0, 0
468000, 1162240, 1, 0, 0
469000, 1143808, 1, 0, 0
470000, 1075251, 1, 0, 0
471000, 1149952, 1, 0, 0
472000, 1132544, 1, 0, 0
473000, 403456, 1, 0, 0
474000, 337920, 1, 0, 0
475000, 344064, 1, 0, 0
476000, 340992, 1, 0, 0
477000, 342016, 1, 0, 0
478000, 347136, 1, 0, 0
479000, 337920, 1, 0, 0
480000, 343040, 1, 0, 0
481000, 342016, 1, 0, 0
482000, 342016, 1, 0, 0
483000, 346112, 1, 0, 0
484000, 349184, 1, 0, 0
485000, 341333, 1, 0, 0
486000, 335872, 1, 0, 0
487000, 336896, 1, 0, 0
488000, 337920, 1, 0, 0
489000, 914432, 1, 0, 0
490000, 1158144, 1, 0, 0
491000, 1147904, 1, 0, 0
492000, 1153024, 1, 0, 0
493000, 1147904, 1, 0, 0
494000, 1162240, 1, 0, 0
495000, 1136640, 1, 0, 0
496000, 1139712, 1, 0, 0
497000, 1136640, 1, 0, 0
498000, 1155072, 1, 0, 0
499000, 1149952, 1, 0, 0
500000, 1133677, 1, 0, 0
501000, 1157120, 1, 0, 0
502000, 1126400, 1, 0, 0
503000, 1112064, 1, 0, 0
504000, 396288, 1, 0, 0
505000, 332800, 1, 0, 0
506000, 328704, 1, 0, 0
507000, 334848, 1, 0, 0
508000, 346112, 1, 0, 0
509000, 328704, 1, 0, 0
510000, 325632, 1, 0, 0
511000, 327680, 1, 0, 0
512000, 338944, 1, 0, 0
513000, 330752, 1, 0, 0
514000, 341333, 1, 0, 0
515000, 335872, 1, 0, 0
516000, 338944, 1, 0, 0
517000, 336896, 1, 0, 0
518000, 1072128, 1, 0, 0
519000, 1147904, 1, 0, 0
520000, 1340416, 1, 0, 0
521000, 1145856, 1, 0, 0
522000, 1590272, 1, 0, 0
523000, 1318912, 1, 0, 0
524000, 1244160, 1, 0, 0
525000, 1168384, 1, 0, 0
526000, 1149952, 1, 0, 0
527000, 1146880, 1, 0, 0
528000, 1224704, 1, 0, 0
529000, 1082426, 1, 0, 0
530000, 1137664, 1, 0, 0
531000, 1191936, 1, 0, 0
532000, 1158144, 1, 0, 0
533000, 1173504, 1, 0, 0
534000, 1308672, 1, 0, 0
535000, 1187840, 1, 0, 0
536000, 1469440, 1, 0, 0
537000, 1160192, 1, 0, 0
538000, 1161216, 1, 0, 0
539000, 1077248, 1, 0, 0
540000, 1093632, 1, 0, 0
541000, 1176728, 1, 0, 0
542000, 1166336, 1, 0, 0
543000, 429056, 1, 0, 0
544000, 338944, 1, 0, 0
545000, 338944, 1, 0, 0
546000, 331776, 1, 0, 0
547000, 349184, 1, 0, 0
548000, 643072, 1, 0, 0
549000, 1153024, 1, 0, 0
550000, 3523584, 1, 0, 0
551000, 3624960, 1, 0, 0
552000, 3647488, 1, 0, 0
553000, 3634176, 1, 0, 0
554000, 1867776, 1, 0, 0
555000, 1309696, 1, 0, 0
556000, 1277952, 1, 0, 0
557000, 1203200, 1, 0, 0
558000, 1156228, 1, 0, 0
559000, 1196032, 1, 0, 0
560000, 1238016, 1, 0, 0
561000, 1163264, 1, 0, 0
562000, 1093632, 1, 0, 0
563000, 1100800, 1, 0, 0
564000, 1127424, 1, 0, 0
565000, 1339392, 1, 0, 0
566000, 1149952, 1, 0, 0
567000, 1160192, 1, 0, 0
568000, 1152000, 1, 0, 0
569000, 1143808, 1, 0, 0
570000, 1144832, 1, 0, 0
571000, 1247232, 1, 0, 0
572000, 1221829, 1, 0, 0
573000, 1143808, 1, 0, 0
574000, 1722368, 1, 0, 0
575000, 1198080, 1, 0, 0
576000, 1155072, 1, 0, 0
577000, 1348608, 1, 0, 0
578000, 1096704, 1, 0, 0
579000, 1147904, 1, 0, 0
580000, 1170432, 1, 0, 0
581000, 745472, 1, 0, 0
582000, 378880, 1, 0, 0
583000, 1028096, 1, 0, 0
584000, 1217536, 1, 0, 0
585001, 1135616, 1, 0, 0
586000, 390534, 1, 0, 0
587000, 334848, 1, 0, 0
588000, 339968, 1, 0, 0
589000, 1086464, 1, 0, 0
590000, 1163264, 1, 0, 0
591000, 1159168, 1, 0, 0
592000, 1162378, 1, 0, 0
593000, 1201152, 1, 0, 0
594000, 1156096, 1, 0, 0
595000, 1285120, 1, 0, 0
596000, 1188864, 1, 0, 0
597000, 438272, 1, 0, 0
598000, 336896, 1, 0, 0
599000, 334158, 1, 0, 0
600000, 1056768, 1, 0, 0
601000, 1264640, 1, 0, 0
602000, 1094656, 1, 0, 0
603000, 1154048, 1, 0, 0
604000, 1125376, 1, 0, 0
605000, 1156096, 1, 0, 0
606000, 1472512, 1, 0, 0
607000, 1123328, 1, 0, 0
608000, 1134592, 1, 0, 0
609000, 1273081, 1, 0, 0
610000, 380928, 1, 0, 0
611000, 336896, 1, 0, 0
612000, 336896, 1, 0, 0
613000, 464896, 1, 0, 0
614000, 1191936, 1, 0, 0
615000, 1141760, 1, 0, 0
616000, 1202176, 1, 0, 0
617000, 1088512, 1, 0, 0
618000, 1318912, 1, 0, 0
619000, 1199279, 1, 0, 0
620000, 1135616, 1, 0, 0
621000, 1415168, 1, 0, 0
622000, 1406976, 1, 0, 0
623000, 1154048, 1, 0, 0
624000, 1129472, 1, 0, 0
625000, 1093632, 1, 0, 0
626000, 1158144, 1, 0, 0
627000, 1385472, 1, 0, 0
628000, 1153024, 1, 0, 0
629000, 1195008, 1, 0, 0
630000, 1110016, 1, 0, 0
631000, 1347584, 1, 0, 0
632000, 1214464, 1, 0, 0
633000, 1225929, 1, 0, 0
634000, 1595392, 1, 0, 0
635000, 1140736, 1, 0, 0
636000, 1133568, 1, 0, 0
637000, 401408, 1, 0, 0
638000, 1192960, 1, 0, 0
639000, 1250304, 1, 0, 0
640000, 1168384, 1, 0, 0
641000, 1159168, 1, 0, 0
642000, 2217984, 1, 0, 0
643000, 1114112, 1, 0, 0
644000, 1161216, 1, 0, 0
645000, 1143927, 1, 0, 0
646000, 1362944, 1, 0, 0
647000, 1403904, 1, 0, 0
648000, 1181696, 1, 0, 0
649000, 1325056, 1, 0, 0
