1001, 1289974, 1, 0, 0
2001, 1934336, 1, 0, 0
3000, 1895271, 1, 0, 0
4000, 1980416, 1, 0, 0
5000, 1776640, 1, 0, 0
6000, 1973248, 1, 0, 0
7000, 1943552, 1, 0, 0
8000, 1999872, 1, 0, 0
9000, 1739776, 1, 0, 0
10000, 1869824, 1, 0, 0
11000, 1756160, 1, 0, 0
12000, 1807360, 1, 0, 0
13000, 1735680, 1, 0, 0
14000, 1729536, 1, 0, 0
15001, 1998848, 1, 0, 0
16001, 1829888, 1, 0, 0
17000, 1491411, 1, 0, 0
18000, 1344512, 1, 0, 0
19000, 1894400, 1, 0, 0
20000, 1759232, 1, 0, 0
21000, 1836032, 1, 0, 0
22000, 1691648, 1, 0, 0
23000, 1687552, 1, 0, 0
24000, 1886208, 1, 0, 0
25000, 1650688, 1, 0, 0
26000, 2902016, 1, 0, 0
27000, 3619840, 1, 0, 0
28000, 3478528, 1, 0, 0
29001, 3521536, 1, 0, 0
30001, 3612672, 1, 0, 0
31000, 3592712, 1, 0, 0
32000, 3620864, 1, 0, 0
33000, 2642944, 1, 0, 0
34000, 3609600, 1, 0, 0
35000, 3595264, 1, 0, 0
36000, 3611648, 1, 0, 0
37000, 3617792, 1, 0, 0
38000, 3617792, 1, 0, 0
39000, 3607552, 1, 0, 0
40000, 3601408, 1, 0, 0
41000, 3607552, 1, 0, 0
42000, 3607552, 1, 0, 0
43000, 3611648, 1, 0, 0
44001, 3621888, 1, 0, 0
45000, 3260604, 1, 0, 0
46000, 3625984, 1, 0, 0
47000, 1907712, 1, 0, 0
48000, 329728, 1, 0, 0
49000, 343040, 1, 0, 0
50000, 343040, 1, 0, 0
51000, 350208, 1, 0, 0
52000, 336896, 1, 0, 0
53000, 354304, 1, 0, 0
54000, 703488, 1, 0, 0
55000, 1079296, 1, 0, 0
56001, 1154048, 1, 0, 0
57000, 1158278, 1, 0, 0
58000, 1481728, 1, 0, 0
59000, 1282048, 1, 0, 0
60000, 1020928, 1, 0, 0
61000, 1140736, 1, 0, 0
62000, 1160192, 1, 0, 0
63001, 1166336, 1, 0, 0
64000, 1140852, 1, 0, 0
65000, 1144832, 1, 0, 0
66000, 1022976, 1, 0, 0
67000, 346112, 1, 0, 0
68000, 353280, 1, 0, 0
69000, 331776, 1, 0, 0
70000, 344064, 1, 0, 0
71000, 328704, 1, 0, 0
72001, 816128, 1, 0, 0
73000, 1157253, 1, 0, 0
74000, 1167360, 1, 0, 0
75000, 1129472, 1, 0, 0
76000, 1146880, 1, 0, 0
77000, 1337344, 1, 0, 0
78000, 1014784, 1, 0, 0
79000, 1273856, 1, 0, 0
80000, 1141760, 1, 0, 0
81001, 1162240, 1, 0, 0
82000, 1295631, 1, 0, 0
83000, 1058816, 1, 0, 0
84000, 1306624, 1, 0, 0
85000, 1150976, 1, 0, 0
86000, 1136640, 1, 0, 0
87000, 1216512, 1, 0, 0
88000, 1137664, 1, 0, 0
89000, 1422336, 1, 0, 0
90000, 3621888, 1, 0, 0
91000, 3629056, 1, 0, 0
92000, 3257344, 1, 0, 0
93000, 3629056, 1, 0, 0
94000, 3627008, 1, 0, 0
95001, 3623936, 1, 0, 0
96001, 3502080, 1, 0, 0
97000, 3592712, 1, 0, 0
98000, 1125376, 1, 0, 0
99000, 1155072, 1, 0, 0
100000, 1108992, 1, 0, 0
101000, 1157120, 1, 0, 0
102000, 1523712, 1, 0, 0
103000, 1349632, 1, 0, 0
104000, 1115136, 1, 0, 0
105000, 1104896, 1, 0, 0
106000, 458752, 1, 0, 0
107000, 414720, 1, 0, 0
108000, 342016, 1, 0, 0
109000, 319488, 1, 0, 0
110001, 404480, 1, 0, 0
111000, 336208, 1, 0, 0
112000, 331776, 1, 0, 0
113000, 1171456, 1, 0, 0
114000, 506880, 1, 0, 0
115000, 972800, 1, 0, 0
116000, 519168, 1, 0, 0
117000, 335872, 1, 0, 0
118000, 334848, 1, 0, 0
119000, 343040, 1, 0, 0
120000, 328704, 1, 0, 0
121000, 348160, 1, 0, 0
122000, 345088, 1, 0, 0
123000, 340992, 1, 0, 0
124001, 338944, 1, 0, 0
125001, 332800, 1, 0, 0
126000, 348508, 1, 0, 0
127000, 334848, 1, 0, 0
128000, 331776, 1, 0, 0
129000, 1096704, 1, 0, 0
130000, 344064, 1, 0, 0
131000, 440320, 1, 0, 0
132000, 1556480, 1, 0, 0
133000, 340992, 1, 0, 0
134000, 648192, 1, 0, 0
135000, 361472, 1, 0, 0
136000, 338944, 1, 0, 0
137000, 338944, 1, 0, 0
138000, 338944, 1, 0, 0
139001, 346112, 1, 0, 0
140000, 338258, 1, 0, 0
141000, 334848, 1, 0, 0
142000, 332800, 1, 0, 0
143000, 337920, 1, 0, 0
144000, 356352, 1, 0, 0
145000, 352256, 1, 0, 0
146000, 346112, 1, 0, 0
147001, 332800, 1, 0, 0
148000, 340308, 1, 0, 0
149000, 334848, 1, 0, 0
150000, 336896, 1, 0, 0
151000, 346112, 1, 0, 0
152000, 353280, 1, 0, 0
153000, 336896, 1, 0, 0
154000, 342016, 1, 0, 0
155000, 2462720, 1, 0, 0
156000, 2953216, 1, 0, 0
157000, 342016, 1, 0, 0
158000, 337920, 1, 0, 0
159001, 344064, 1, 0, 0
160000, 341333, 1, 0, 0
161000, 351232, 1, 0, 0
162000, 360448, 1, 0, 0
163000, 358400, 1, 0, 0
164000, 337920, 1, 0, 0
165000, 344064, 1, 0, 0
166000, 347136, 1, 0, 0
167000, 344064, 1, 0, 0
168000, 338944, 1, 0, 0
169000, 335872, 1, 0, 0
170000, 346112, 1, 0, 0
171000, 345088, 1, 0, 0
172000, 351232, 1, 0, 0
173001, 348160, 1, 0, 0
174001, 1063936, 1, 0, 0
175000, 1152128, 1, 0, 0
176000, 1119232, 1, 0, 0
177000, 1049600, 1, 0, 0
178000, 1157120, 1, 0, 0
179000, 1080320, 1, 0, 0
180000, 1072128, 1, 0, 0
181000, 1248256, 1, 0, 0
182000, 1263616, 1, 0, 0
183000, 1200128, 1, 0, 0
184000, 1143808, 1, 0, 0
185000, 937984, 1, 0, 0
186000, 324608, 1, 0, 0
187000, 340992, 1, 0, 0
188001, 343040, 1, 0, 0
189000, 340308, 1, 0, 0
190000, 336896, 1, 0, 0
191000, 350208, 1, 0, 0
192000, 344064, 1, 0, 0
193000, 329728, 1, 0, 0
194000, 342016, 1, 0, 0
195000, 1046528, 1, 0, 0
196000, 1113088, 1, 0, 0
197000, 1156096, 1, 0, 0
198000, 1115136, 1, 0, 0
199000, 923648, 1, 0, 0
200000, 325632, 1, 0, 0
201000, 332800, 1, 0, 0
202001, 332800, 1, 0, 0
203000, 334158, 1, 0, 0
204000, 344064, 1, 0, 0
205000, 330752, 1, 0, 0
206000, 325632, 1, 0, 0
207000, 335872, 1, 0, 0
208000, 330752, 1, 0, 0
209000, 338944, 1, 0, 0
210000, 324608, 1, 0, 0
211000, 339968, 1, 0, 0
212000, 325632, 1, 0, 0
213000, 343040, 1, 0, 0
214000, 330752, 1, 0, 0
215000, 333824, 1, 0, 0
216001, 336896, 1, 0, 0
217001, 367616, 1, 0, 0
218000, 366958, 1, 0, 0
219000, 335872, 1, 0, 0
220000, 1091584, 1, 0, 0
221000, 1152000, 1, 0, 0
222000, 1127424, 1, 0, 0
223000, 1156096, 1, 0, 0
224000, 1157120, 1, 0, 0
225000, 3059712, 1, 0, 0
226000, 3629056, 1, 0, 0
227000, 3625984, 1, 0, 0
228000, 3643392, 1, 0, 0
229000, 3609600, 1, 0, 0
230001, 3623936, 1, 0, 0
231000, 3617313, 1, 0, 0
232000, 3546112, 1, 0, 0
233000, 3508224, 1, 0, 0
234000, 3516416, 1, 0, 0
235000, 3484672, 1, 0, 0
236000, 2748416, 1, 0, 0
237000, 1139712, 1, 0, 0
238000, 1161216, 1, 0, 0
239000, 1150976, 1, 0, 0
240000, 1036288, 1, 0, 0
241000, 1115136, 1, 0, 0
242000, 989184, 1, 0, 0
243000, 1084416, 1, 0, 0
244001, 1108992, 1, 0, 0
245001, 1157120, 1, 0, 0
246000, 1160328, 1, 0, 0
247000, 764928, 1, 0, 0
248000, 468992, 1, 0, 0
249000, 455680, 1, 0, 0
250000, 392192, 1, 0, 0
251000, 351232, 1, 0, 0
252000, 339968, 1, 0, 0
253000, 333824, 1, 0, 0
254001, 387072, 1, 0, 0
255000, 414110, 1, 0, 0
256000, 382976, 1, 0, 0
257000, 377856, 1, 0, 0
258000, 386048, 1, 0, 0
259000, 385024, 1, 0, 0
260000, 396288, 1, 0, 0
261000, 356352, 1, 0, 0
262000, 331776, 1, 0, 0
263000, 955392, 1, 0, 0
264000, 3002368, 1, 0, 0
265000, 3620864, 1, 0, 0
266000, 3605504, 1, 0, 0
267000, 3611648, 1, 0, 0
268001, 3618816, 1, 0, 0
269001, 3637248, 1, 0, 0
270000, 1298706, 1, 0, 0
271000, 1153024, 1, 0, 0
272000, 1159168, 1, 0, 0
273000, 1162240, 1, 0, 0
274000, 1150976, 1, 0, 0
275000, 1091584, 1, 0, 0
276000, 1139712, 1, 0, 0
277000, 1159168, 1, 0, 0
278000, 1155072, 1, 0, 0
279000, 1158144, 1, 0, 0
280000, 1149952, 1, 0, 0
281000, 1121280, 1, 0, 0
282001, 1136640, 1, 0, 0
283001, 1125376, 1, 0, 0
284000, 1106002, 1, 0, 0
285000, 1150976, 1, 0, 0
286000, 1159168, 1, 0, 0
287000, 1017856, 1, 0, 0
288000, 1158144, 1, 0, 0
289000, 1149952, 1, 0, 0
290000, 1153024, 1, 0, 0
291000, 1022976, 1, 0, 0
292000, 1069056, 1, 0, 0
293000, 1064960, 1, 0, 0
294000, 1107968, 1, 0, 0
295000, 1135616, 1, 0, 0
296000, 1082368, 1, 0, 0
297001, 1124352, 1, 0, 0
298000, 1143927, 1, 0, 0
299000, 1104896, 1, 0, 0
300000, 1084416, 1, 0, 0
301000, 3361792, 1, 0, 0
302000, 2979840, 1, 0, 0
303000, 1161216, 1, 0, 0
304000, 1132544, 1, 0, 0
305000, 1097728, 1, 0, 0
306000, 1138688, 1, 0, 0
307000, 1155072, 1, 0, 0
308000, 1137664, 1, 0, 0
309000, 1153024, 1, 0, 0
310000, 1139712, 1, 0, 0
311001, 1069056, 1, 0, 0
312001, 1139712, 1, 0, 0
313000, 1139827, 1, 0, 0
314000, 1069056, 1, 0, 0
315000, 432128, 1, 0, 0
316000, 342016, 1, 0, 0
317000, 344064, 1, 0, 0
318000, 344064, 1, 0, 0
319000, 352256, 1, 0, 0
320000, 349184, 1, 0, 0
321000, 351232, 1, 0, 0
322000, 344064, 1, 0, 0
323000, 348160, 1, 0, 0
324000, 336896, 1, 0, 0
325000, 336896, 1, 0, 0
326001, 342016, 1, 0, 0
327000, 347483, 1, 0, 0
328000, 931840, 1, 0, 0
329000, 1131520, 1, 0, 0
330000, 3342336, 1, 0, 0
331000, 3612672, 1, 0, 0
332000, 2963456, 1, 0, 0
333000, 3086336, 1, 0, 0
334000, 3599360, 1, 0, 0
335000, 3593216, 1, 0, 0
336000, 3618816, 1, 0, 0
337000, 3593216, 1, 0, 0
338000, 3588096, 1, 0, 0
339000, 3616768, 1, 0, 0
340001, 3600384, 1, 0, 0
341001, 3593216, 1, 0, 0
342000, 3612188, 1, 0, 0
343000, 2929664, 1, 0, 0
344000, 2672640, 1, 0, 0
345000, 354304, 1, 0, 0
346000, 332800, 1, 0, 0
347000, 336896, 1, 0, 0
348000, 344064, 1, 0, 0
349000, 346112, 1, 0, 0
350000, 349184, 1, 0, 0
351000, 337920, 1, 0, 0
352000, 347136, 1, 0, 0
353000, 697344, 1, 0, 0
354001, 1394688, 1, 0, 0
355001, 1869824, 1, 0, 0
356000, 1793793, 1, 0, 0
357000, 1793024, 1, 0, 0
358000, 1889280, 1, 0, 0
359000, 1952768, 1, 0, 0
360000, 1374208, 1, 0, 0
361000, 919552, 1, 0, 0
362000, 1179648, 1, 0, 0
363000, 1157120, 1, 0, 0
364000, 1156096, 1, 0, 0
365000, 1154048, 1, 0, 0
366000, 1158144, 1, 0, 0
367000, 1152000, 1, 0, 0
368000, 1055744, 1, 0, 0
369001, 1144832, 1, 0, 0
370000, 1166478, 1, 0, 0
371000, 1116160, 1, 0, 0
372000, 1214464, 1, 0, 0
373000, 1252352, 1, 0, 0
374000, 934912, 1, 0, 0
375000, 933888, 1, 0, 0
376000, 434176, 1, 0, 0
377000, 582656, 1, 0, 0
378000, 475136, 1, 0, 0
379000, 614400, 1, 0, 0
380000, 633856, 1, 0, 0
381000, 477184, 1, 0, 0
382000, 442368, 1, 0, 0
383001, 428032, 1, 0, 0
384001, 1238016, 1, 0, 0
385000, 1127527, 1, 0, 0
386000, 1181696, 1, 0, 0
387000, 1119232, 1, 0, 0
388000, 2512896, 1, 0, 0
389000, 3472384, 1, 0, 0
390000, 3423232, 1, 0, 0
391000, 3120128, 1, 0, 0
392000, 2818048, 1, 0, 0
393000, 3144704, 1, 0, 0
394000, 3500032, 1, 0, 0
395000, 3484672, 1, 0, 0
396000, 3497984, 1, 0, 0
397000, 3490816, 1, 0, 0
398001, 3483648, 1, 0, 0
399000, 3472784, 1, 0, 0
400000, 3478528, 1, 0, 0
401000, 3494912, 1, 0, 0
402000, 3469312, 1, 0, 0
403000, 3478528, 1, 0, 0
404000, 3481600, 1, 0, 0
405000, 3472384, 1, 0, 0
406000, 3480576, 1, 0, 0
407000, 3479552, 1, 0, 0
408000, 3394560, 1, 0, 0
409000, 912384, 1, 0, 0
410000, 464896, 1, 0, 0
411000, 391168, 1, 0, 0
412001, 372736, 1, 0, 0
413001, 356352, 1, 0, 0
414000, 499187, 1, 0, 0
415000, 348160, 1, 0, 0
416000, 361472, 1, 0, 0
417000, 342016, 1, 0, 0
418000, 342016, 1, 0, 0
419000, 348160, 1, 0, 0
420000, 337920, 1, 0, 0
421000, 339968, 1, 0, 0
422000, 340992, 1, 0, 0
423000, 342016, 1, 0, 0
424000, 344064, 1, 0, 0
425000, 649216, 1, 0, 0
426001, 374784, 1, 0, 0
427001, 1890304, 1, 0, 0
428000, 3607063, 1, 0, 0
429000, 3418112, 1, 0, 0
430000, 3614720, 1, 0, 0
431000, 3609600, 1, 0, 0
432000, 3569664, 1, 0, 0
433000, 3497984, 1, 0, 0
434000, 3516416, 1, 0, 0
435000, 3500032, 1, 0, 0
436000, 3466240, 1, 0, 0
437000, 3473408, 1, 0, 0
438000, 3490816, 1, 0, 0
439000, 3009536, 1, 0, 0
440000, 1840128, 1, 0, 0
441001, 343040, 1, 0, 0
442000, 339283, 1, 0, 0
443000, 351232, 1, 0, 0
444000, 346112, 1, 0, 0
445000, 351232, 1, 0, 0
446000, 333824, 1, 0, 0
447000, 567296, 1, 0, 0
448000, 750592, 1, 0, 0
449000, 337920, 1, 0, 0
450000, 343040, 1, 0, 0
451000, 336896, 1, 0, 0
452000, 346112, 1, 0, 0
453000, 332800, 1, 0, 0
454000, 344064, 1, 0, 0
455001, 342016, 1, 0, 0
456001, 345088, 1, 0, 0
457000, 342358, 1, 0, 0
458000, 342016, 1, 0, 0
459000, 361472, 1, 0, 0
460000, 379904, 1, 0, 0
461000, 460800, 1, 0, 0
462000, 538624, 1, 0, 0
463000, 373760, 1, 0, 0
464000, 372736, 1, 0, 0
465000, 377856, 1, 0, 0
466000, 346112, 1, 0, 0
467000, 344064, 1, 0, 0
468000, 333824, 1, 0, 0
469000, 344064, 1, 0, 0
470001, 327680, 1, 0, 0
471000, 343383, 1, 0, 0
472000, 337920, 1, 0, 0
473000, 339968, 1, 0, 0
474000, 443392, 1, 0, 0
475000, 335872, 1, 0, 0
476000, 355328, 1, 0, 0
477000, 374784, 1, 0, 0
478000, 382976, 1, 0, 0
479000, 385024, 1, 0, 0
480000, 378880, 1, 0, 0
481000, 378880, 1, 0, 0
482000, 377856, 1, 0, 0
483000, 373760, 1, 0, 0
484001, 387072, 1, 0, 0
485001, 372736, 1, 0, 0
486000, 383359, 1, 0, 0
487000, 381952, 1, 0, 0
488000, 379904, 1, 0, 0
489000, 373760, 1, 0, 0
490000, 371712, 1, 0, 0
491000, 372736, 1, 0, 0
492000, 377856, 1, 0, 0
493000, 374784, 1, 0, 0
494000, 387072, 1, 0, 0
495000, 462848, 1, 0, 0
496000, 456704, 1, 0, 0
497000, 470016, 1, 0, 0
498000, 461824, 1, 0, 0
499001, 466944, 1, 0, 0
500000, 462286, 1, 0, 0
501000, 457728, 1, 0, 0
502000, 461824, 1, 0, 0
503000, 452608, 1, 0, 0
504000, 457728, 1, 0, 0
505000, 457728, 1, 0, 0
506000, 435200, 1, 0, 0
507000, 386048, 1, 0, 0
508000, 402432, 1, 0, 0
509000, 406528, 1, 0, 0
510000, 461824, 1, 0, 0
511000, 454656, 1, 0, 0
512000, 460800, 1, 0, 0
513001, 468992, 1, 0, 0
514001, 454656, 1, 0, 0
515000, 464336, 1, 0, 0
516000, 453632, 1, 0, 0
517000, 460800, 1, 0, 0
518000, 455680, 1, 0, 0
519000, 459776, 1, 0, 0
520000, 460800, 1, 0, 0
521000, 443392, 1, 0, 0
522000, 478208, 1, 0, 0
523000, 447488, 1, 0, 0
524000, 438272, 1, 0, 0
525000, 330752, 1, 0, 0
526000, 340992, 1, 0, 0
527000, 340992, 1, 0, 0
528001, 328704, 1, 0, 0
529000, 333133, 1, 0, 0
530000, 337920, 1, 0, 0
531000, 335872, 1, 0, 0
532000, 336896, 1, 0, 0
533000, 337920, 1, 0, 0
534000, 337920, 1, 0, 0
535000, 326656, 1, 0, 0
536000, 338944, 1, 0, 0
537000, 337920, 1, 0, 0
538000, 364544, 1, 0, 0
539000, 379904, 1, 0, 0
540000, 370688, 1, 0, 0
541000, 372736, 1, 0, 0
542001, 357376, 1, 0, 0
543001, 389120, 1, 0, 0
544000, 373109, 1, 0, 0
545000, 354304, 1, 0, 0
546000, 342016, 1, 0, 0
547000, 336896, 1, 0, 0
548000, 327680, 1, 0, 0
549000, 475136, 1, 0, 0
550000, 1155072, 1, 0, 0
551000, 1152000, 1, 0, 0
552000, 1145856, 1, 0, 0
553000, 1115136, 1, 0, 0
554000, 1158144, 1, 0, 0
555000, 1156096, 1, 0, 0
556000, 1157120, 1, 0, 0
557001, 1153024, 1, 0, 0
558000, 1194154, 1, 0, 0
559000, 513024, 1, 0, 0
560000, 355328, 1, 0, 0
561000, 414720, 1, 0, 0
562000, 342016, 1, 0, 0
563000, 340992, 1, 0, 0
564000, 337920, 1, 0, 0
565000, 340992, 1, 0, 0
566000, 340992, 1, 0, 0
567000, 345088, 1, 0, 0
568000, 339968, 1, 0, 0
569000, 333824, 1, 0, 0
570000, 353280, 1, 0, 0
571001, 345088, 1, 0, 0
572001, 979968, 1, 0, 0
573000, 1116252, 1, 0, 0
574000, 1162240, 1, 0, 0
575000, 1126400, 1, 0, 0
576000, 1154048, 1, 0, 0
577000, 1157120, 1, 0, 0
578000, 1107968, 1, 0, 0
579000, 1121280, 1, 0, 0
580000, 1221632, 1, 0, 0
581000, 1436672, 1, 0, 0
582000, 1082368, 1, 0, 0
583000, 1157120, 1, 0, 0
584000, 1093632, 1, 0, 0
585001, 1290240, 1, 0, 0
586001, 1138688, 1, 0, 0
587000, 681641, 1, 0, 0
588000, 333824, 1, 0, 0
589000, 336896, 1, 0, 0
590000, 340992, 1, 0, 0
591000, 333824, 1, 0, 0
592000, 336896, 1, 0, 0
593000, 340992, 1, 0, 0
594000, 336896, 1, 0, 0
595000, 337920, 1, 0, 0
596000, 335872, 1, 0, 0
597000, 343040, 1, 0, 0
598000, 387072, 1, 0, 0
599000, 403456, 1, 0, 0
600001, 389120, 1, 0, 0
601000, 399759, 1, 0, 0
602000, 396288, 1, 0, 0
603000, 394240, 1, 0, 0
604000, 401408, 1, 0, 0
605000, 372736, 1, 0, 0
606000, 354304, 1, 0, 0
607000, 335872, 1, 0, 0
608000, 344064, 1, 0, 0
609000, 340992, 1, 0, 0
610000, 337920, 1, 0, 0
611000, 340992, 1, 0, 0
612000, 1096704, 1, 0, 0
613000, 3609600, 1, 0, 0
614001, 3628032, 1, 0, 0
615001, 3632128, 1, 0, 0
616000, 2689665, 1, 0, 0
617000, 1146880, 1, 0, 0
618000, 1154048, 1, 0, 0
619000, 1148928, 1, 0, 0
620000, 1152000, 1, 0, 0
621000, 1143808, 1, 0, 0
622000, 1136640, 1, 0, 0
623000, 1154048, 1, 0, 0
624000, 1156096, 1, 0, 0
625000, 1157120, 1, 0, 0
626000, 1159168, 1, 0, 0
627000, 1141760, 1, 0, 0
628000, 1113088, 1, 0, 0
629001, 1092608, 1, 0, 0
630001, 1205248, 1, 0, 0
631000, 1156228, 1, 0, 0
632000, 1093632, 1, 0, 0
633000, 3326976, 1, 0, 0
634000, 3622912, 1, 0, 0
635000, 3609600, 1, 0, 0
636000, 2438144, 1, 0, 0
637000, 1163264, 1, 0, 0
638000, 1159168, 1, 0, 0
639000, 1130496, 1, 0, 0
640000, 1057792, 1, 0, 0
641000, 337920, 1, 0, 0
642000, 328704, 1, 0, 0
643000, 331776, 1, 0, 0
644001, 332800, 1, 0, 0
645000, 381309, 1, 0, 0
646000, 616448, 1, 0, 0
647000, 1242112, 1, 0, 0
648000, 1327104, 1, 0, 0
649000, 449536, 1, 0, 0
650000, 373760, 1, 0, 0
651000, 396288, 1, 0, 0
652000, 387072, 1, 0, 0
653000, 392192, 1, 0, 0
654000, 387072, 1, 0, 0
655000, 396288, 1, 0, 0
656000, 396288, 1, 0, 0
657000, 379904, 1, 0, 0
658001, 392192, 1, 0, 0
659001, 396288, 1, 0, 0
660000, 386434, 1, 0, 0
661000, 386048, 1, 0, 0
662000, 389120, 1, 0, 0
663000, 417792, 1, 0, 0
664000, 386048, 1, 0, 0
665000, 394240, 1, 0, 0
666000, 375808, 1, 0, 0
667000, 1163264, 1, 0, 0
668000, 1159168, 1, 0, 0
669000, 1153024, 1, 0, 0
670000, 1104896, 1, 0, 0
671000, 1163264, 1, 0, 0
672001, 1128448, 1, 0, 0
673001, 1155072, 1, 0, 0
674000, 607839, 1, 0, 0
675000, 360448, 1, 0, 0
676000, 366592, 1, 0, 0
677000, 372736, 1, 0, 0
678000, 377856, 1, 0, 0
679000, 1086464, 1, 0, 0
680000, 1163264, 1, 0, 0
681000, 1156096, 1, 0, 0
682000, 1121280, 1, 0, 0
683000, 1100800, 1, 0, 0
684000, 1094656, 1, 0, 0
685000, 1136640, 1, 0, 0
686000, 1142784, 1, 0, 0
687001, 1147904, 1, 0, 0
688001, 1147904, 1, 0, 0
689000, 1767143, 1, 0, 0
690000, 3635200, 1, 0, 0
691000, 1600512, 1, 0, 0
692000, 1078272, 1, 0, 0
693000, 1159168, 1, 0, 0
694000, 1165312, 1, 0, 0
695000, 1172480, 1, 0, 0
696000, 1157120, 1, 0, 0
697000, 1162240, 1, 0, 0
698000, 1158144, 1, 0, 0
699000, 1157120, 1, 0, 0
700000, 3275776, 1, 0, 0
701001, 3642368, 1, 0, 0
702001, 3391488, 1, 0, 0
703000, 1145977, 1, 0, 0
704000, 1162240, 1, 0, 0
705000, 1158144, 1, 0, 0
706000, 520192, 1, 0, 0
707000, 478208, 1, 0, 0
708000, 465920, 1, 0, 0
709000, 1735680, 1, 0, 0
710000, 1773568, 1, 0, 0
711000, 1087488, 1, 0, 0
712000, 944128, 1, 0, 0
713000, 1583104, 1, 0, 0
714000, 1539072, 1, 0, 0
715000, 1494016, 1, 0, 0
716001, 1515520, 1, 0, 0
717001, 1520640, 1, 0, 0
718000, 1499611, 1, 0, 0
719000, 1538048, 1, 0, 0
720000, 1263616, 1, 0, 0
721000, 550912, 1, 0, 0
722000, 467968, 1, 0, 0
723000, 704512, 1, 0, 0
724000, 600064, 1, 0, 0
725000, 575488, 1, 0, 0
726000, 558080, 1, 0, 0
727000, 553984, 1, 0, 0
728000, 566272, 1, 0, 0
729000, 565248, 1, 0, 0
730000, 1036288, 1, 0, 0
731000, 937984, 1, 0, 0
732001, 945152, 1, 0, 0
733001, 564224, 1, 0, 0
734000, 562738, 1, 0, 0
735000, 547840, 1, 0, 0
736000, 550912, 1, 0, 0
737000, 556032, 1, 0, 0
738000, 555008, 1, 0, 0
739000, 569344, 1, 0, 0
740000, 544768, 1, 0, 0
741000, 1464320, 1, 0, 0
742000, 2182144, 1, 0, 0
743000, 2326528, 1, 0, 0
744000, 2388992, 1, 0, 0
745000, 2181120, 1, 0, 0
746000, 2226176, 1, 0, 0
747000, 2308096, 1, 0, 0
748001, 2284544, 1, 0, 0
749001, 2063360, 1, 0, 0
750000, 2412908, 1, 0, 0
751000, 2315264, 1, 0, 0
752000, 2104320, 1, 0, 0
753000, 2240512, 1, 0, 0
754000, 2419712, 1, 0, 0
755000, 2338816, 1, 0, 0
756000, 2179072, 1, 0, 0
757000, 2283520, 1, 0, 0
758000, 2325504, 1, 0, 0
759000, 2359296, 1, 0, 0
760000, 2227200, 1, 0, 0
761000, 2291712, 1, 0, 0
762000, 2372608, 1, 0, 0
763000, 2332672, 1, 0, 0
764001, 2361344, 1, 0, 0
765000, 2262230, 1, 0, 0
766000, 2420736, 1, 0, 0
767000, 3304448, 1, 0, 0
768000, 3943424, 1, 0, 0
769000, 2994176, 1, 0, 0
770000, 1925120, 1, 0, 0
771000, 3392512, 1, 0, 0
