1000, 2208768, 1, 0, 0
2000, 1703936, 1, 0, 0
3000, 1119327, 1, 0, 0
4000, 1370112, 1, 0, 0
5000, 1165312, 1, 0, 0
6000, 1344512, 1, 0, 0
7000, 1143808, 1, 0, 0
8000, 834560, 1, 0, 0
9000, 1011712, 1, 0, 0
10000, 1285120, 1, 0, 0
11000, 1413120, 1, 0, 0
12000, 1210368, 1, 0, 0
13000, 1179648, 1, 0, 0
14000, 1642496, 1, 0, 0
15000, 1581613, 1, 0, 0
16000, 1705984, 1, 0, 0
17000, 1412096, 1, 0, 0
18000, 1465344, 1, 0, 0
19000, 1064960, 1, 0, 0
20000, 637952, 1, 0, 0
21000, 1203200, 1, 0, 0
22000, 1216704, 1, 0, 0
23000, 1265664, 1, 0, 0
24000, 1158144, 1, 0, 0
25000, 1138688, 1, 0, 0
26000, 1152000, 1, 0, 0
27000, 962560, 1, 0, 0
28000, 1071104, 1, 0, 0
29000, 730112, 1, 0, 0
30000, 930816, 1, 0, 0
31000, 1040384, 1, 0, 0
32000, 909312, 1, 0, 0
33000, 1387883, 1, 0, 0
34000, 1173504, 1, 0, 0
35000, 1288192, 1, 0, 0
36000, 1088512, 1, 0, 0
37000, 1241088, 1, 0, 0
38000, 1271808, 1, 0, 0
39000, 1397760, 1, 0, 0
40000, 1222656, 1, 0, 0
41000, 1435648, 1, 0, 0
42000, 1282048, 1, 0, 0
43000, 955392, 1, 0, 0
44000, 936960, 1, 0, 0
45000, 1265905, 1, 0, 0
46000, 1175552, 1, 0, 0
47000, 1436672, 1, 0, 0
48000, 1115136, 1, 0, 0
49000, 1197056, 1, 0, 0
50000, 1126400, 1, 0, 0
51000, 1081344, 1, 0, 0
52000, 1068032, 1, 0, 0
53000, 1029120, 1, 0, 0
54000, 1434624, 1, 0, 0
55000, 1379683, 1, 0, 0
56000, 1085440, 1, 0, 0
57000, 975872, 1, 0, 0
58000, 999424, 1, 0, 0
59000, 1124352, 1, 0, 0
60000, 1188864, 1, 0, 0
61000, 1017856, 1, 0, 0
62000, 1165312, 1, 0, 0
63000, 1110016, 1, 0, 0
64000, 1230848, 1, 0, 0
64999, 952248, 1, 0, 0
66000, 1077248, 1, 0, 0
67000, 1168384, 1, 0, 0
68000, 1077248, 1, 0, 0
69000, 1227776, 1, 0, 0
70000, 1145856, 1, 0, 0
71000, 1164288, 1, 0, 0
72000, 990208, 1, 0, 0
73000, 1030144, 1, 0, 0
74000, 1054720, 1, 0, 0
75000, 1128552, 1, 0, 0
76000, 1117184, 1, 0, 0
77000, 1117184, 1, 0, 0
78000, 1054720, 1, 0, 0
79000, 1064960, 1, 0, 0
80000, 1113088, 1, 0, 0
81000, 1223680, 1, 0, 0
82000, 1093632, 1, 0, 0
83000, 1156096, 1, 0, 0
84000, 1167360, 1, 0, 0
85000, 840704, 1, 0, 0
86000, 868352, 1, 0, 0
86999, 888696, 1, 0, 0
88000, 1103872, 1, 0, 0
89000, 954368, 1, 0, 0
90000, 1513472, 1, 0, 0
91000, 1288192, 1, 0, 0
92000, 1195008, 1, 0, 0
93000, 817152, 1, 0, 0
94000, 580608, 1, 0, 0
95000, 792576, 1, 0, 0
96000, 1213440, 1, 0, 0
97000, 878592, 1, 0, 0
98000, 1142784, 1, 0, 0
99000, 1099776, 1, 0, 0
100000, 1195008, 1, 0, 0
101000, 1083392, 1, 0, 0
102000, 1078326, 1, 0, 0
103000, 1079296, 1, 0, 0
104000, 1379328, 1, 0, 0
105000, 1108992, 1, 0, 0
106000, 1556480, 1, 0, 0
107000, 1073152, 1, 0, 0
108000, 1101824, 1, 0, 0
109000, 1103872, 1, 0, 0
110000, 1114112, 1, 0, 0
111000, 1229824, 1, 0, 0
112000, 1138688, 1, 0, 0
112999, 1099851, 1, 0, 0
114000, 846848, 1, 0, 0
115000, 1256448, 1, 0, 0
116000, 1201152, 1, 0, 0
117000, 1510400, 1, 0, 0
118000, 1417216, 1, 0, 0
119000, 1174528, 1, 0, 0
120000, 1817600, 1, 0, 0
121000, 1345857, 1, 0, 0
122000, 1052672, 1, 0, 0
123000, 1000448, 1, 0, 0
124000, 640000, 1, 0, 0
125000, 1104896, 1, 0, 0
126000, 1123328, 1, 0, 0
126999, 1125477, 1, 0, 0
128000, 885760, 1, 0, 0
129000, 1110016, 1, 0, 0
130000, 1232896, 1, 0, 0
131000, 1156096, 1, 0, 0
132000, 1155072, 1, 0, 0
133000, 1055744, 1, 0, 0
133999, 792344, 1, 0, 0
135000, 957440, 1, 0, 0
136000, 1098752, 1, 0, 0
137000, 1028096, 1, 0, 0
138000, 1114112, 1, 0, 0
139000, 1088512, 1, 0, 0
140000, 2070528, 1, 0, 0
141000, 1254400, 1, 0, 0
142000, 1246208, 1, 0, 0
143000, 1326080, 1, 0, 0
144000, 1382758, 1, 0, 0
145000, 1429504, 1, 0, 0
146000, 1236992, 1, 0, 0
147000, 1512448, 1, 0, 0
148000, 1200128, 1, 0, 0
149000, 1092608, 1, 0, 0
150000, 882688, 1, 0, 0
151000, 1142784, 1, 0, 0
152000, 1158144, 1, 0, 0
153000, 1606656, 1, 0, 0
154000, 1061888, 1, 0, 0
155000, 1078326, 1, 0, 0
156000, 1026048, 1, 0, 0
157000, 1086464, 1, 0, 0
158000, 1036288, 1, 0, 0
159000, 930816, 1, 0, 0
160000, 1081344, 1, 0, 0
161000, 1076224, 1, 0, 0
162000, 1009664, 1, 0, 0
163000, 1070080, 1, 0, 0
164000, 994304, 1, 0, 0
165000, 892928, 1, 0, 0
166000, 1018874, 1, 0, 0
167000, 1037312, 1, 0, 0
168000, 1420288, 1, 0, 0
169000, 1192960, 1, 0, 0
170000, 1245184, 1, 0, 0
171000, 1206272, 1, 0, 0
172000, 1187840, 1, 0, 0
173000, 1078272, 1, 0, 0
174000, 1021952, 1, 0, 0
175000, 1175552, 1, 0, 0
176000, 1214464, 1, 0, 0
177000, 1158144, 1, 0, 0
177999, 1157253, 1, 0, 0
179000, 1110016, 1, 0, 0
180000, 1119232, 1, 0, 0
181000, 1249280, 1, 0, 0
182000, 1171456, 1, 0, 0
183000, 1463296, 1, 0, 0
184000, 1315840, 1, 0, 0
185000, 1480704, 1, 0, 0
186000, 1546240, 1, 0, 0
187000, 1153024, 1, 0, 0
188000, 1104896, 1, 0, 0
189000, 1092676, 1, 0, 0
190000, 1144832, 1, 0, 0
191000, 1381376, 1, 0, 0
192000, 1292288, 1, 0, 0
193000, 1281024, 1, 0, 0
194000, 1077248, 1, 0, 0
195000, 1101824, 1, 0, 0
196000, 1044480, 1, 0, 0
197000, 1046528, 1, 0, 0
198000, 1282048, 1, 0, 0
199000, 1121280, 1, 0, 0
200000, 1018880, 1, 0, 0
201000, 998374, 1, 0, 0
202000, 1037312, 1, 0, 0
203000, 1083392, 1, 0, 0
204000, 1169408, 1, 0, 0
205000, 1220608, 1, 0, 0
206000, 1197056, 1, 0, 0
207000, 1244160, 1, 0, 0
208000, 1096704, 1, 0, 0
209000, 1542144, 1, 0, 0
210000, 1430528, 1, 0, 0
211000, 1624064, 1, 0, 0
212000, 979968, 1, 0, 0
213000, 775943, 1, 0, 0
214000, 486400, 1, 0, 0
215000, 1044480, 1, 0, 0
216000, 990208, 1, 0, 0
217000, 1280000, 1, 0, 0
218000, 1414144, 1, 0, 0
219000, 1646592, 1, 0, 0
220000, 1268736, 1, 0, 0
220999, 1490386, 1, 0, 0
222000, 1189888, 1, 0, 0
223000, 1391616, 1, 0, 0
224000, 1819648, 1, 0, 0
225000, 1418240, 1, 0, 0
226000, 1355776, 1, 0, 0
227000, 1169408, 1, 0, 0
228000, 1190912, 1, 0, 0
229000, 1087488, 1, 0, 0
230000, 926720, 1, 0, 0
231000, 807719, 1, 0, 0
232000, 561152, 1, 0, 0
233000, 796672, 1, 0, 0
234000, 1052672, 1, 0, 0
235000, 956416, 1, 0, 0
236000, 1301504, 1, 0, 0
237000, 1326080, 1, 0, 0
238000, 1185792, 1, 0, 0
239000, 1748992, 1, 0, 0
240000, 1637376, 1, 0, 0
241000, 1018880, 1, 0, 0
242000, 1108052, 1, 0, 0
243000, 1100800, 1, 0, 0
244000, 978944, 1, 0, 0
245000, 1155072, 1, 0, 0
246000, 1022976, 1, 0, 0
247000, 1189888, 1, 0, 0
248000, 1147904, 1, 0, 0
249000, 1139712, 1, 0, 0
250000, 1138688, 1, 0, 0
251000, 1393664, 1, 0, 0
252000, 1573888, 1, 0, 0
253000, 1167503, 1, 0, 0
254000, 1201152, 1, 0, 0
255000, 1849344, 1, 0, 0
256000, 1381376, 1, 0, 0
257000, 1055744, 1, 0, 0
258000, 1075200, 1, 0, 0
259000, 787456, 1, 0, 0
260000, 1175703, 1, 0, 0
261000, 1164288, 1, 0, 0
262000, 696320, 1, 0, 0
263000, 1007616, 1, 0, 0
264000, 1011712, 1, 0, 0
265000, 1055744, 1, 0, 0
266000, 1182720, 1, 0, 0
267000, 1254400, 1, 0, 0
268000, 1229824, 1, 0, 0
268999, 1091651, 1, 0, 0
270000, 1178624, 1, 0, 0
271000, 1067008, 1, 0, 0
272000, 1130496, 1, 0, 0
273000, 1087488, 1, 0, 0
274000, 1188864, 1, 0, 0
275000, 1083392, 1, 0, 0
276000, 1196032, 1, 0, 0
277000, 1499136, 1, 0, 0
277999, 823095, 1, 0, 0
279000, 1103872, 1, 0, 0
280000, 1202176, 1, 0, 0
281000, 1088512, 1, 0, 0
282000, 1119232, 1, 0, 0
283000, 1185792, 1, 0, 0
284000, 1057792, 1, 0, 0
285000, 1089536, 1, 0, 0
286000, 1163264, 1, 0, 0
287000, 1227776, 1, 0, 0
288000, 1064960, 1, 0, 0
289000, 1133568, 1, 0, 0
290000, 1332224, 1, 0, 0
291000, 1548288, 1, 0, 0
292000, 926622, 1, 0, 0
293000, 1120256, 1, 0, 0
294000, 1043456, 1, 0, 0
295000, 991232, 1, 0, 0
296000, 1055744, 1, 0, 0
297000, 1107968, 1, 0, 0
298000, 1115136, 1, 0, 0
299000, 966656, 1, 0, 0
300000, 747243, 1, 0, 0
