1001, 1731900, 1, 0, 0
2001, 1730560, 1, 0, 0
3000, 1964972, 1, 0, 0
4000, 1871872, 1, 0, 0
5000, 2078720, 1, 0, 0
6000, 1891328, 1, 0, 0
7000, 1904640, 1, 0, 0
8000, 1853440, 1, 0, 0
9000, 2097152, 1, 0, 0
10000, 1994752, 1, 0, 0
11000, 2073600, 1, 0, 0
12000, 2037760, 1, 0, 0
13000, 2096128, 1, 0, 0
14000, 2094080, 1, 0, 0
15001, 1865728, 1, 0, 0
16001, 1875968, 1, 0, 0
17000, 1706666, 1, 0, 0
18000, 2027520, 1, 0, 0
19000, 1938432, 1, 0, 0
20000, 2069504, 1, 0, 0
21000, 2004992, 1, 0, 0
22000, 2139136, 1, 0, 0
23000, 2137088, 1, 0, 0
24000, 1941504, 1, 0, 0
25000, 2176000, 1, 0, 0
26000, 1025024, 1, 0, 0
27000, 338944, 1, 0, 0
28000, 462848, 1, 0, 0
29001, 343040, 1, 0, 0
30001, 334848, 1, 0, 0
31000, 351583, 1, 0, 0
32000, 325632, 1, 0, 0
33000, 706560, 1, 0, 0
34000, 334848, 1, 0, 0
35000, 345088, 1, 0, 0
36000, 337920, 1, 0, 0
37000, 338944, 1, 0, 0
38000, 334848, 1, 0, 0
39000, 338944, 1, 0, 0
40000, 346112, 1, 0, 0
41000, 339968, 1, 0, 0
42000, 337920, 1, 0, 0
43000, 336896, 1, 0, 0
44001, 339968, 1, 0, 0
45000, 464336, 1, 0, 0
46000, 324608, 1, 0, 0
47000, 413696, 1, 0, 0
48000, 335872, 1, 0, 0
49000, 346112, 1, 0, 0
50000, 349184, 1, 0, 0
51000, 329728, 1, 0, 0
52000, 343040, 1, 0, 0
53000, 332800, 1, 0, 0
54000, 728064, 1, 0, 0
55000, 1080320, 1, 0, 0
56001, 1163264, 1, 0, 0
57000, 1157253, 1, 0, 0
58000, 984064, 1, 0, 0
59000, 1299456, 1, 0, 0
60000, 1025024, 1, 0, 0
61000, 1147904, 1, 0, 0
62000, 1144832, 1, 0, 0
63001, 1143808, 1, 0, 0
64000, 1191079, 1, 0, 0
65000, 1162240, 1, 0, 0
66000, 1034240, 1, 0, 0
67000, 324608, 1, 0, 0
68000, 350208, 1, 0, 0
69000, 330752, 1, 0, 0
70000, 336896, 1, 0, 0
71000, 338944, 1, 0, 0
72001, 818176, 1, 0, 0
73000, 1150078, 1, 0, 0
74000, 1145856, 1, 0, 0
75000, 1134592, 1, 0, 0
76000, 1190912, 1, 0, 0
77000, 1242112, 1, 0, 0
78000, 1058816, 1, 0, 0
79000, 1116160, 1, 0, 0
80000, 1139712, 1, 0, 0
81001, 1155072, 1, 0, 0
82000, 1082426, 1, 0, 0
83000, 1055744, 1, 0, 0
84000, 1038336, 1, 0, 0
85000, 1159168, 1, 0, 0
86000, 1144832, 1, 0, 0
87000, 1117184, 1, 0, 0
88000, 1137664, 1, 0, 0
89000, 1046528, 1, 0, 0
90000, 334848, 1, 0, 0
91000, 344064, 1, 0, 0
92000, 350208, 1, 0, 0
93000, 336896, 1, 0, 0
94000, 334848, 1, 0, 0
95001, 328704, 1, 0, 0
96001, 337920, 1, 0, 0
97000, 344408, 1, 0, 0
98000, 946176, 1, 0, 0
99000, 1148928, 1, 0, 0
100000, 1076224, 1, 0, 0
101000, 1161216, 1, 0, 0
102000, 1049600, 1, 0, 0
103000, 1102848, 1, 0, 0
104000, 1110016, 1, 0, 0
105000, 1105920, 1, 0, 0
106000, 463872, 1, 0, 0
107000, 339968, 1, 0, 0
108000, 334848, 1, 0, 0
109000, 342016, 1, 0, 0
110001, 336896, 1, 0, 0
111000, 338258, 1, 0, 0
112000, 662528, 1, 0, 0
113000, 398336, 1, 0, 0
114000, 398336, 1, 0, 0
115000, 405504, 1, 0, 0
116000, 347136, 1, 0, 0
117000, 349184, 1, 0, 0
118000, 328704, 1, 0, 0
119000, 1479680, 1, 0, 0
120000, 3627008, 1, 0, 0
121000, 3611648, 1, 0, 0
122000, 3589120, 1, 0, 0
123000, 3618816, 1, 0, 0
124001, 3602432, 1, 0, 0
125001, 3616768, 1, 0, 0
126000, 3610138, 1, 0, 0
127000, 3610624, 1, 0, 0
128000, 3598336, 1, 0, 0
129000, 2809856, 1, 0, 0
130000, 3595264, 1, 0, 0
131000, 3497984, 1, 0, 0
132000, 2280448, 1, 0, 0
133000, 3608576, 1, 0, 0
134000, 2372608, 1, 0, 0
135000, 3068928, 1, 0, 0
136000, 3548160, 1, 0, 0
137000, 3607552, 1, 0, 0
138000, 3622912, 1, 0, 0
139001, 3597312, 1, 0, 0
140000, 3630638, 1, 0, 0
141000, 3604480, 1, 0, 0
142000, 3614720, 1, 0, 0
143000, 3610624, 1, 0, 0
144000, 3084288, 1, 0, 0
145000, 3604480, 1, 0, 0
146000, 3607552, 1, 0, 0
147001, 3628032, 1, 0, 0
148000, 3601937, 1, 0, 0
149000, 3613696, 1, 0, 0
150000, 3611648, 1, 0, 0
151000, 3614720, 1, 0, 0
152000, 3594240, 1, 0, 0
153000, 3598336, 1, 0, 0
154000, 3600384, 1, 0, 0
155000, 1492992, 1, 0, 0
156000, 346112, 1, 0, 0
157000, 340992, 1, 0, 0
158000, 338944, 1, 0, 0
159001, 330752, 1, 0, 0
160000, 338258, 1, 0, 0
161000, 346112, 1, 0, 0
162000, 376832, 1, 0, 0
163000, 349184, 1, 0, 0
164000, 347136, 1, 0, 0
165000, 1044480, 1, 0, 0
166000, 389120, 1, 0, 0
167000, 339968, 1, 0, 0
168000, 352256, 1, 0, 0
169000, 337920, 1, 0, 0
170000, 322560, 1, 0, 0
171000, 345088, 1, 0, 0
172000, 351232, 1, 0, 0
173001, 347136, 1, 0, 0
174001, 1064960, 1, 0, 0
175000, 1154178, 1, 0, 0
176000, 1212416, 1, 0, 0
177000, 1328128, 1, 0, 0
178000, 1157120, 1, 0, 0
179000, 1386496, 1, 0, 0
180000, 1288192, 1, 0, 0
181000, 1207296, 1, 0, 0
182000, 1120256, 1, 0, 0
183000, 1123328, 1, 0, 0
184000, 1141760, 1, 0, 0
185000, 2504704, 1, 0, 0
186000, 3622912, 1, 0, 0
187000, 3622912, 1, 0, 0
188001, 3599360, 1, 0, 0
189000, 3605013, 1, 0, 0
190000, 3606528, 1, 0, 0
191000, 3606528, 1, 0, 0
192000, 3625984, 1, 0, 0
193000, 3620864, 1, 0, 0
194000, 3590144, 1, 0, 0
195000, 1528832, 1, 0, 0
196000, 1248256, 1, 0, 0
197000, 1180672, 1, 0, 0
198000, 1112064, 1, 0, 0
199000, 1851392, 1, 0, 0
200000, 3652608, 1, 0, 0
201000, 3634176, 1, 0, 0
202001, 3644416, 1, 0, 0
203000, 3625513, 1, 0, 0
204000, 3611648, 1, 0, 0
205000, 3630080, 1, 0, 0
206000, 3635200, 1, 0, 0
207000, 3624960, 1, 0, 0
208000, 3634176, 1, 0, 0
209000, 3617792, 1, 0, 0
210000, 3628032, 1, 0, 0
211000, 3630080, 1, 0, 0
212000, 3648512, 1, 0, 0
213000, 3623936, 1, 0, 0
214000, 3621888, 1, 0, 0
215000, 3623936, 1, 0, 0
216001, 3634176, 1, 0, 0
217001, 3510272, 1, 0, 0
218000, 3561961, 1, 0, 0
219000, 3625984, 1, 0, 0
220000, 1371136, 1, 0, 0
221000, 1181696, 1, 0, 0
222000, 1244160, 1, 0, 0
223000, 1167360, 1, 0, 0
224000, 1157120, 1, 0, 0
225000, 509952, 1, 0, 0
226000, 328704, 1, 0, 0
227000, 325632, 1, 0, 0
228000, 327680, 1, 0, 0
229000, 351232, 1, 0, 0
230001, 336896, 1, 0, 0
231000, 340308, 1, 0, 0
232000, 369664, 1, 0, 0
233000, 374784, 1, 0, 0
234000, 379904, 1, 0, 0
235000, 377856, 1, 0, 0
236000, 398336, 1, 0, 0
237000, 1143808, 1, 0, 0
238000, 1155072, 1, 0, 0
239000, 1144832, 1, 0, 0
240000, 1047552, 1, 0, 0
241000, 1114112, 1, 0, 0
242000, 1140736, 1, 0, 0
243000, 1394688, 1, 0, 0
244001, 1102848, 1, 0, 0
245001, 1160192, 1, 0, 0
246000, 1163403, 1, 0, 0
247000, 1032192, 1, 0, 0
248000, 1307648, 1, 0, 0
249000, 1344512, 1, 0, 0
250000, 666624, 1, 0, 0
251000, 2166784, 1, 0, 0
252000, 3630080, 1, 0, 0
253000, 3613696, 1, 0, 0
254001, 3547136, 1, 0, 0
255000, 2092076, 1, 0, 0
256000, 1989632, 1, 0, 0
257000, 2026496, 1, 0, 0
258000, 1960960, 1, 0, 0
259000, 2122752, 1, 0, 0
260000, 1887232, 1, 0, 0
261000, 1195008, 1, 0, 0
262000, 331776, 1, 0, 0
263000, 1068032, 1, 0, 0
264000, 522240, 1, 0, 0
265000, 336896, 1, 0, 0
266000, 352256, 1, 0, 0
267000, 333824, 1, 0, 0
268001, 338944, 1, 0, 0
269001, 344064, 1, 0, 0
270000, 1113177, 1, 0, 0
271000, 1161216, 1, 0, 0
272000, 1150976, 1, 0, 0
273000, 1153024, 1, 0, 0
274000, 1148928, 1, 0, 0
275000, 1092608, 1, 0, 0
276000, 1135616, 1, 0, 0
277000, 1161216, 1, 0, 0
278000, 1152000, 1, 0, 0
279000, 1159168, 1, 0, 0
280000, 1154048, 1, 0, 0
281000, 1123328, 1, 0, 0
282001, 1145856, 1, 0, 0
283001, 1130496, 1, 0, 0
284000, 1119327, 1, 0, 0
285000, 1156096, 1, 0, 0
286000, 1153024, 1, 0, 0
287000, 1131520, 1, 0, 0
288000, 1159168, 1, 0, 0
289000, 1163264, 1, 0, 0
290000, 1150976, 1, 0, 0
291000, 1014784, 1, 0, 0
292000, 1096704, 1, 0, 0
293000, 1060864, 1, 0, 0
294000, 1103872, 1, 0, 0
295000, 1156096, 1, 0, 0
296000, 1085440, 1, 0, 0
297001, 1115136, 1, 0, 0
298000, 1194154, 1, 0, 0
299000, 1270784, 1, 0, 0
300000, 1260544, 1, 0, 0
301000, 417792, 1, 0, 0
302000, 556032, 1, 0, 0
303000, 1158144, 1, 0, 0
304000, 1130496, 1, 0, 0
305000, 1120256, 1, 0, 0
306000, 1139712, 1, 0, 0
307000, 1165312, 1, 0, 0
308000, 1125376, 1, 0, 0
309000, 1134592, 1, 0, 0
310000, 1225728, 1, 0, 0
311001, 1242112, 1, 0, 0
312001, 1146880, 1, 0, 0
313000, 1200304, 1, 0, 0
314000, 1087488, 1, 0, 0
315000, 444416, 1, 0, 0
316000, 346112, 1, 0, 0
317000, 343040, 1, 0, 0
318000, 327680, 1, 0, 0
319000, 343040, 1, 0, 0
320000, 353280, 1, 0, 0
321000, 358400, 1, 0, 0
322000, 340992, 1, 0, 0
323000, 344064, 1, 0, 0
324000, 340992, 1, 0, 0
325000, 346112, 1, 0, 0
326001, 335872, 1, 0, 0
327000, 341333, 1, 0, 0
328000, 943104, 1, 0, 0
329000, 1127424, 1, 0, 0
330000, 434176, 1, 0, 0
331000, 345088, 1, 0, 0
332000, 355328, 1, 0, 0
333000, 363520, 1, 0, 0
334000, 345088, 1, 0, 0
335000, 339968, 1, 0, 0
336000, 345088, 1, 0, 0
337000, 344064, 1, 0, 0
338000, 346112, 1, 0, 0
339000, 346112, 1, 0, 0
340001, 334848, 1, 0, 0
341001, 338944, 1, 0, 0
342000, 339283, 1, 0, 0
343000, 355328, 1, 0, 0
344000, 1273856, 1, 0, 0
345000, 3386368, 1, 0, 0
346000, 3610624, 1, 0, 0
347000, 3598336, 1, 0, 0
348000, 3616768, 1, 0, 0
349000, 3611648, 1, 0, 0
350000, 3589120, 1, 0, 0
351000, 3591168, 1, 0, 0
352000, 3281920, 1, 0, 0
353000, 1872896, 1, 0, 0
354001, 1300480, 1, 0, 0
355001, 1900544, 1, 0, 0
356000, 2045949, 1, 0, 0
357000, 2063360, 1, 0, 0
358000, 1965056, 1, 0, 0
359000, 1910784, 1, 0, 0
360000, 2519040, 1, 0, 0
361000, 1835008, 1, 0, 0
362000, 1174528, 1, 0, 0
363000, 1160192, 1, 0, 0
364000, 1156096, 1, 0, 0
365000, 1162240, 1, 0, 0
366000, 1157120, 1, 0, 0
367000, 1154048, 1, 0, 0
368000, 1058816, 1, 0, 0
369001, 1142784, 1, 0, 0
370000, 1154178, 1, 0, 0
371000, 1199104, 1, 0, 0
372000, 1044480, 1, 0, 0
373000, 1128448, 1, 0, 0
374000, 1116160, 1, 0, 0
375000, 2351104, 1, 0, 0
376000, 3092480, 1, 0, 0
377000, 3281920, 1, 0, 0
378000, 2719744, 1, 0, 0
379000, 401408, 1, 0, 0
380000, 436224, 1, 0, 0
381000, 396288, 1, 0, 0
382000, 392192, 1, 0, 0
383001, 453632, 1, 0, 0
384001, 990208, 1, 0, 0
385000, 1117277, 1, 0, 0
386000, 960512, 1, 0, 0
387000, 1108992, 1, 0, 0
388000, 541696, 1, 0, 0
389000, 378880, 1, 0, 0
390000, 403456, 1, 0, 0
391000, 462848, 1, 0, 0
392000, 382976, 1, 0, 0
393000, 402432, 1, 0, 0
394000, 379904, 1, 0, 0
395000, 382976, 1, 0, 0
396000, 376832, 1, 0, 0
397000, 379904, 1, 0, 0
398001, 381952, 1, 0, 0
399000, 402834, 1, 0, 0
400000, 378880, 1, 0, 0
401000, 387072, 1, 0, 0
402000, 374784, 1, 0, 0
403000, 390144, 1, 0, 0
404000, 390144, 1, 0, 0
405000, 389120, 1, 0, 0
406000, 378880, 1, 0, 0
407000, 386048, 1, 0, 0
408000, 387072, 1, 0, 0
409000, 387072, 1, 0, 0
410000, 380928, 1, 0, 0
411000, 384000, 1, 0, 0
412001, 368640, 1, 0, 0
413001, 346112, 1, 0, 0
414000, 369009, 1, 0, 0
415000, 357376, 1, 0, 0
416000, 348160, 1, 0, 0
417000, 342016, 1, 0, 0
418000, 346112, 1, 0, 0
419000, 350208, 1, 0, 0
420000, 338944, 1, 0, 0
421000, 345088, 1, 0, 0
422000, 334848, 1, 0, 0
423000, 337920, 1, 0, 0
424000, 344064, 1, 0, 0
425000, 1461248, 1, 0, 0
426001, 1622016, 1, 0, 0
427001, 353280, 1, 0, 0
428000, 340308, 1, 0, 0
429000, 339968, 1, 0, 0
430000, 340992, 1, 0, 0
431000, 338944, 1, 0, 0
432000, 344064, 1, 0, 0
433000, 376832, 1, 0, 0
434000, 380928, 1, 0, 0
435000, 375808, 1, 0, 0
436000, 377856, 1, 0, 0
437000, 394240, 1, 0, 0
438000, 386048, 1, 0, 0
439000, 414720, 1, 0, 0
440000, 451584, 1, 0, 0
441001, 335872, 1, 0, 0
442000, 351583, 1, 0, 0
443000, 355328, 1, 0, 0
444000, 337920, 1, 0, 0
445000, 345088, 1, 0, 0
446000, 339968, 1, 0, 0
447000, 334848, 1, 0, 0
448000, 351232, 1, 0, 0
449000, 342016, 1, 0, 0
450000, 337920, 1, 0, 0
451000, 343040, 1, 0, 0
452000, 353280, 1, 0, 0
453000, 328704, 1, 0, 0
454000, 344064, 1, 0, 0
455001, 354304, 1, 0, 0
456001, 329728, 1, 0, 0
457000, 342358, 1, 0, 0
458000, 352256, 1, 0, 0
459000, 351232, 1, 0, 0
460000, 377856, 1, 0, 0
461000, 378880, 1, 0, 0
462000, 401408, 1, 0, 0
463000, 374784, 1, 0, 0
464000, 373760, 1, 0, 0
465000, 379904, 1, 0, 0
466000, 358400, 1, 0, 0
467000, 347136, 1, 0, 0
468000, 337920, 1, 0, 0
469000, 348160, 1, 0, 0
470001, 334848, 1, 0, 0
471000, 347483, 1, 0, 0
472000, 338944, 1, 0, 0
473000, 345088, 1, 0, 0
474000, 338944, 1, 0, 0
475000, 345088, 1, 0, 0
476000, 354304, 1, 0, 0
477000, 386048, 1, 0, 0
478000, 365568, 1, 0, 0
479000, 379904, 1, 0, 0
480000, 371712, 1, 0, 0
481000, 372736, 1, 0, 0
482000, 381952, 1, 0, 0
483000, 375808, 1, 0, 0
484001, 390144, 1, 0, 0
485001, 368640, 1, 0, 0
486000, 369009, 1, 0, 0
487000, 382976, 1, 0, 0
488000, 387072, 1, 0, 0
489000, 379904, 1, 0, 0
490000, 381952, 1, 0, 0
491000, 376832, 1, 0, 0
492000, 373760, 1, 0, 0
493000, 373760, 1, 0, 0
494000, 403456, 1, 0, 0
495000, 460800, 1, 0, 0
496000, 455680, 1, 0, 0
497000, 460800, 1, 0, 0
498000, 462848, 1, 0, 0
499001, 457728, 1, 0, 0
500000, 463311, 1, 0, 0
501000, 457728, 1, 0, 0
502000, 463872, 1, 0, 0
503000, 453632, 1, 0, 0
504000, 456704, 1, 0, 0
505000, 450560, 1, 0, 0
506000, 425984, 1, 0, 0
507000, 390144, 1, 0, 0
508000, 388096, 1, 0, 0
509000, 392192, 1, 0, 0
510000, 443392, 1, 0, 0
511000, 447488, 1, 0, 0
512000, 453632, 1, 0, 0
513001, 446464, 1, 0, 0
514001, 468992, 1, 0, 0
515000, 456136, 1, 0, 0
516000, 466944, 1, 0, 0
517000, 460800, 1, 0, 0
518000, 465920, 1, 0, 0
519000, 450560, 1, 0, 0
520000, 459776, 1, 0, 0
521000, 455680, 1, 0, 0
522000, 467968, 1, 0, 0
523000, 462848, 1, 0, 0
524000, 432128, 1, 0, 0
525000, 347136, 1, 0, 0
526000, 333824, 1, 0, 0
527000, 345088, 1, 0, 0
528001, 335872, 1, 0, 0
529000, 330058, 1, 0, 0
530000, 338944, 1, 0, 0
531000, 338944, 1, 0, 0
532000, 337920, 1, 0, 0
533000, 343040, 1, 0, 0
534000, 336896, 1, 0, 0
535000, 334848, 1, 0, 0
536000, 334848, 1, 0, 0
537000, 332800, 1, 0, 0
538000, 357376, 1, 0, 0
539000, 370688, 1, 0, 0
540000, 367616, 1, 0, 0
541000, 382976, 1, 0, 0
542001, 370688, 1, 0, 0
543001, 393216, 1, 0, 0
544000, 364908, 1, 0, 0
545000, 360448, 1, 0, 0
546000, 336896, 1, 0, 0
547000, 339968, 1, 0, 0
548000, 346112, 1, 0, 0
549000, 467968, 1, 0, 0
550000, 1148928, 1, 0, 0
551000, 1160192, 1, 0, 0
552000, 1147904, 1, 0, 0
553000, 1117184, 1, 0, 0
554000, 1155072, 1, 0, 0
555000, 1162240, 1, 0, 0
556000, 1155072, 1, 0, 0
557001, 1149952, 1, 0, 0
558000, 1142902, 1, 0, 0
559000, 3082240, 1, 0, 0
560000, 3587072, 1, 0, 0
561000, 3521536, 1, 0, 0
562000, 3610624, 1, 0, 0
563000, 3605504, 1, 0, 0
564000, 3624960, 1, 0, 0
565000, 3601408, 1, 0, 0
566000, 3597312, 1, 0, 0
567000, 3597312, 1, 0, 0
568000, 3601408, 1, 0, 0
569000, 3609600, 1, 0, 0
570000, 3605504, 1, 0, 0
571001, 3596288, 1, 0, 0
572001, 1713152, 1, 0, 0
573000, 1181853, 1, 0, 0
574000, 1152000, 1, 0, 0
575000, 1255424, 1, 0, 0
576000, 1153024, 1, 0, 0
577000, 1159168, 1, 0, 0
578000, 1312768, 1, 0, 0
579000, 1154048, 1, 0, 0
580000, 1164288, 1, 0, 0
581000, 1070080, 1, 0, 0
582000, 1225728, 1, 0, 0
583000, 1155072, 1, 0, 0
584000, 1073152, 1, 0, 0
585001, 1120256, 1, 0, 0
586001, 1131520, 1, 0, 0
587000, 2689665, 1, 0, 0
588000, 3623936, 1, 0, 0
589000, 3622912, 1, 0, 0
590000, 3622912, 1, 0, 0
591000, 3615744, 1, 0, 0
592000, 3609600, 1, 0, 0
593000, 3605504, 1, 0, 0
594000, 3603456, 1, 0, 0
595000, 3613696, 1, 0, 0
596000, 3606528, 1, 0, 0
597000, 3614720, 1, 0, 0
598000, 2170880, 1, 0, 0
599000, 1867776, 1, 0, 0
600001, 1971200, 1, 0, 0
601000, 1965997, 1, 0, 0
602000, 1838080, 1, 0, 0
603000, 1900544, 1, 0, 0
604000, 1995776, 1, 0, 0
605000, 1956864, 1, 0, 0
606000, 1337344, 1, 0, 0
607000, 329728, 1, 0, 0
608000, 337920, 1, 0, 0
609000, 337920, 1, 0, 0
610000, 328704, 1, 0, 0
611000, 345088, 1, 0, 0
612000, 1129472, 1, 0, 0
613000, 340992, 1, 0, 0
614001, 331776, 1, 0, 0
615001, 331776, 1, 0, 0
616000, 657041, 1, 0, 0
617000, 1142784, 1, 0, 0
618000, 1168384, 1, 0, 0
619000, 1155072, 1, 0, 0
620000, 1165312, 1, 0, 0
621000, 1139712, 1, 0, 0
622000, 1128448, 1, 0, 0
623000, 1152000, 1, 0, 0
624000, 1161216, 1, 0, 0
625000, 1145856, 1, 0, 0
626000, 1158144, 1, 0, 0
627000, 1153024, 1, 0, 0
628000, 1118208, 1, 0, 0
629001, 1095680, 1, 0, 0
630001, 1145856, 1, 0, 0
631000, 1162378, 1, 0, 0
632000, 1097728, 1, 0, 0
633000, 431104, 1, 0, 0
634000, 338944, 1, 0, 0
635000, 336896, 1, 0, 0
636000, 744448, 1, 0, 0
637000, 1149952, 1, 0, 0
638000, 1154048, 1, 0, 0
639000, 1117184, 1, 0, 0
640000, 982016, 1, 0, 0
641000, 342016, 1, 0, 0
642000, 328704, 1, 0, 0
643000, 324608, 1, 0, 0
644001, 348160, 1, 0, 0
645000, 377209, 1, 0, 0
646000, 411648, 1, 0, 0
647000, 460800, 1, 0, 0
648000, 471040, 1, 0, 0
649000, 409600, 1, 0, 0
650000, 386048, 1, 0, 0
651000, 380928, 1, 0, 0
652000, 391168, 1, 0, 0
653000, 390144, 1, 0, 0
654000, 381952, 1, 0, 0
655000, 405504, 1, 0, 0
656000, 390144, 1, 0, 0
657000, 394240, 1, 0, 0
658001, 398336, 1, 0, 0
659001, 392192, 1, 0, 0
660000, 390534, 1, 0, 0
661000, 392192, 1, 0, 0
662000, 379904, 1, 0, 0
663000, 414720, 1, 0, 0
664000, 391168, 1, 0, 0
665000, 379904, 1, 0, 0
666000, 382976, 1, 0, 0
667000, 1155072, 1, 0, 0
668000, 1156096, 1, 0, 0
669000, 1159168, 1, 0, 0
670000, 1120256, 1, 0, 0
671000, 1154048, 1, 0, 0
672001, 1111040, 1, 0, 0
673001, 1164288, 1, 0, 0
674000, 620140, 1, 0, 0
675000, 364544, 1, 0, 0
676000, 377856, 1, 0, 0
677000, 379904, 1, 0, 0
678000, 370688, 1, 0, 0
679000, 1090560, 1, 0, 0
680000, 1163264, 1, 0, 0
681000, 1163264, 1, 0, 0
682000, 1128448, 1, 0, 0
683000, 1103872, 1, 0, 0
684000, 1337344, 1, 0, 0
685000, 1137664, 1, 0, 0
686000, 1157120, 1, 0, 0
687001, 1159168, 1, 0, 0
688001, 1158144, 1, 0, 0
689000, 947123, 1, 0, 0
690000, 324608, 1, 0, 0
691000, 1005568, 1, 0, 0
692000, 1400832, 1, 0, 0
693000, 1155072, 1, 0, 0
694000, 1153024, 1, 0, 0
695000, 1141760, 1, 0, 0
696000, 1161216, 1, 0, 0
697000, 1159168, 1, 0, 0
698000, 1156096, 1, 0, 0
699000, 1158144, 1, 0, 0
700000, 447488, 1, 0, 0
701001, 336896, 1, 0, 0
702001, 417792, 1, 0, 0
703000, 1163403, 1, 0, 0
704000, 1158144, 1, 0, 0
705000, 1156096, 1, 0, 0
706000, 518144, 1, 0, 0
707000, 462848, 1, 0, 0
708000, 458752, 1, 0, 0
709000, 557056, 1, 0, 0
710000, 620544, 1, 0, 0
711000, 532480, 1, 0, 0
712000, 960512, 1, 0, 0
713000, 1740800, 1, 0, 0
714000, 1547264, 1, 0, 0
715000, 1504256, 1, 0, 0
716001, 1501184, 1, 0, 0
717001, 1591296, 1, 0, 0
718000, 1544712, 1, 0, 0
719000, 1560576, 1, 0, 0
720000, 1656832, 1, 0, 0
721000, 3067904, 1, 0, 0
722000, 3680256, 1, 0, 0
723000, 3371008, 1, 0, 0
724000, 3468288, 1, 0, 0
725000, 3489792, 1, 0, 0
726000, 3495936, 1, 0, 0
727000, 3511296, 1, 0, 0
728000, 3499008, 1, 0, 0
729000, 3523584, 1, 0, 0
730000, 2920448, 1, 0, 0
731000, 3036160, 1, 0, 0
732001, 3058688, 1, 0, 0
733001, 3511296, 1, 0, 0
734000, 3512760, 1, 0, 0
735000, 3528704, 1, 0, 0
736000, 3524608, 1, 0, 0
737000, 3511296, 1, 0, 0
738000, 3511296, 1, 0, 0
739000, 3509248, 1, 0, 0
740000, 3521536, 1, 0, 0
