1000, 1207296, 1, 0, 0
2001, 1222656, 1, 0, 0
3000, 1018874, 1, 0, 0
4000, 1220608, 1, 0, 0
5000, 1070080, 1, 0, 0
6000, 1153024, 1, 0, 0
7000, 1374208, 1, 0, 0
8000, 1495040, 1, 0, 0
9000, 1285120, 1, 0, 0
10000, 1067008, 1, 0, 0
11000, 993280, 1, 0, 0
12000, 1057792, 1, 0, 0
13000, 993280, 1, 0, 0
14000, 760832, 1, 0, 0
15000, 852820, 1, 0, 0
16000, 1175552, 1, 0, 0
17000, 1210368, 1, 0, 0
18000, 1092608, 1, 0, 0
19000, 984064, 1, 0, 0
20000, 1505280, 1, 0, 0
21000, 1335296, 1, 0, 0
22000, 1684116, 1, 0, 0
23000, 997376, 1, 0, 0
24000, 1033216, 1, 0, 0
25000, 1264640, 1, 0, 0
26000, 1208320, 1, 0, 0
27000, 993280, 1, 0, 0
28000, 1055744, 1, 0, 0
29000, 735232, 1, 0, 0
30000, 995328, 1, 0, 0
31000, 1016832, 1, 0, 0
32001, 689152, 1, 0, 0
33000, 920472, 1, 0, 0
34000, 1138688, 1, 0, 0
35000, 877568, 1, 0, 0
36000, 1178624, 1, 0, 0
37000, 1121280, 1, 0, 0
38000, 1035264, 1, 0, 0
39000, 1039360, 1, 0, 0
40000, 1403904, 1, 0, 0
41000, 1306624, 1, 0, 0
42000, 1225728, 1, 0, 0
43000, 1707008, 1, 0, 0
44001, 2071552, 1, 0, 0
45000, 1344832, 1, 0, 0
46000, 1086464, 1, 0, 0
47000, 997376, 1, 0, 0
48000, 990208, 1, 0, 0
49000, 1132544, 1, 0, 0
50000, 1245184, 1, 0, 0
51000, 903168, 1, 0, 0
52000, 1040384, 1, 0, 0
53000, 1091584, 1, 0, 0
54001, 432128, 1, 0, 0
55000, 835395, 1, 0, 0
56000, 955392, 1, 0, 0
57000, 1044480, 1, 0, 0
58000, 759808, 1, 0, 0
59000, 1110016, 1, 0, 0
60000, 1048576, 1, 0, 0
61000, 1108992, 1, 0, 0
62000, 1172480, 1, 0, 0
63000, 1081344, 1, 0, 0
64000, 1104896, 1, 0, 0
65000, 1034250, 1, 0, 0
66000, 1071104, 1, 0, 0
67000, 1000448, 1, 0, 0
68000, 1180672, 1, 0, 0
69000, 1102848, 1, 0, 0
70000, 1187840, 1, 0, 0
71000, 1496064, 1, 0, 0
72000, 1590272, 1, 0, 0
73000, 1570816, 1, 0, 0
74000, 999424, 1, 0, 0
75000, 1175703, 1, 0, 0
76000, 1173504, 1, 0, 0
77000, 1113088, 1, 0, 0
78000, 1296384, 1, 0, 0
79000, 1160192, 1, 0, 0
80000, 1140736, 1, 0, 0
81000, 1485824, 1, 0, 0
82000, 1183744, 1, 0, 0
83000, 1146880, 1, 0, 0
84000, 946176, 1, 0, 0
85000, 948224, 1, 0, 0
86000, 1209344, 1, 0, 0
87000, 1640040, 1, 0, 0
88000, 1158144, 1, 0, 0
89000, 978944, 1, 0, 0
90000, 965632, 1, 0, 0
91000, 1113088, 1, 0, 0
92000, 1092608, 1, 0, 0
93000, 1681408, 1, 0, 0
94000, 1997824, 1, 0, 0
95000, 1439744, 1, 0, 0
96000, 1030144, 1, 0, 0
97000, 1160192, 1, 0, 0
98000, 1294336, 1, 0, 0
99000, 1193984, 1, 0, 0
100000, 1015808, 1, 0, 0
101000, 1455104, 1, 0, 0
102000, 1317157, 1, 0, 0
103000, 1167360, 1, 0, 0
104000, 1153024, 1, 0, 0
105000, 1095680, 1, 0, 0
106000, 729088, 1, 0, 0
107000, 995328, 1, 0, 0
108000, 1056768, 1, 0, 0
109000, 973824, 1, 0, 0
110000, 1024000, 1, 0, 0
111000, 1077248, 1, 0, 0
112000, 1113088, 1, 0, 0
113000, 1229005, 1, 0, 0
114000, 1348608, 1, 0, 0
115000, 1068032, 1, 0, 0
116000, 876544, 1, 0, 0
117000, 801792, 1, 0, 0
118000, 1093632, 1, 0, 0
119000, 953344, 1, 0, 0
120000, 610304, 1, 0, 0
121000, 796444, 1, 0, 0
122000, 748544, 1, 0, 0
123000, 966656, 1, 0, 0
124000, 640000, 1, 0, 0
125000, 1166336, 1, 0, 0
126000, 1022976, 1, 0, 0
127000, 1100876, 1, 0, 0
128000, 1233920, 1, 0, 0
129000, 1199104, 1, 0, 0
130000, 1112064, 1, 0, 0
131000, 1207296, 1, 0, 0
132000, 1094656, 1, 0, 0
133000, 1243136, 1, 0, 0
134000, 1075251, 1, 0, 0
135000, 1117184, 1, 0, 0
136000, 989184, 1, 0, 0
137000, 1139712, 1, 0, 0
138000, 1287168, 1, 0, 0
139000, 1652736, 1, 0, 0
140000, 1748992, 1, 0, 0
141000, 1080320, 1, 0, 0
142000, 738304, 1, 0, 0
143000, 1634304, 1, 0, 0
144000, 1394034, 1, 0, 0
145000, 1054720, 1, 0, 0
146000, 1332224, 1, 0, 0
147000, 1118208, 1, 0, 0
148000, 1444864, 1, 0, 0
149000, 1318912, 1, 0, 0
150000, 1205248, 1, 0, 0
151000, 1114112, 1, 0, 0
152000, 1142784, 1, 0, 0
153000, 1011712, 1, 0, 0
154000, 1636352, 1, 0, 0
155000, 1160328, 1, 0, 0
156000, 1397760, 1, 0, 0
157000, 1308672, 1, 0, 0
158000, 1003520, 1, 0, 0
159000, 1027072, 1, 0, 0
160000, 1187840, 1, 0, 0
161000, 1314816, 1, 0, 0
162000, 1226752, 1, 0, 0
163000, 1104896, 1, 0, 0
164000, 1234944, 1, 0, 0
165000, 1560576, 1, 0, 0
166000, 1381733, 1, 0, 0
167000, 1363968, 1, 0, 0
168000, 1163264, 1, 0, 0
169000, 1183744, 1, 0, 0
170000, 1143808, 1, 0, 0
171000, 1132544, 1, 0, 0
172000, 1206272, 1, 0, 0
173000, 1197056, 1, 0, 0
174000, 1249280, 1, 0, 0
175000, 1405952, 1, 0, 0
176000, 1217536, 1, 0, 0
177000, 1229824, 1, 0, 0
178000, 1179803, 1, 0, 0
179000, 1042432, 1, 0, 0
180000, 976896, 1, 0, 0
181000, 1065984, 1, 0, 0
182000, 1072128, 1, 0, 0
183000, 697344, 1, 0, 0
184000, 1016832, 1, 0, 0
185000, 1040384, 1, 0, 0
186000, 852992, 1, 0, 0
187000, 1090560, 1, 0, 0
188000, 1113088, 1, 0, 0
189000, 1639015, 1, 0, 0
190000, 1464320, 1, 0, 0
191000, 1168384, 1, 0, 0
192000, 1123328, 1, 0, 0
193000, 1060864, 1, 0, 0
194000, 1051648, 1, 0, 0
195000, 1015808, 1, 0, 0
196000, 1062912, 1, 0, 0
197000, 1356800, 1, 0, 0
198000, 1173504, 1, 0, 0
199000, 1037312, 1, 0, 0
200000, 1010688, 1, 0, 0
201000, 1043475, 1, 0, 0
202000, 1170432, 1, 0, 0
203000, 1038336, 1, 0, 0
204000, 1080320, 1, 0, 0
205000, 1083392, 1, 0, 0
206000, 975872, 1, 0, 0
207000, 961536, 1, 0, 0
208000, 1099776, 1, 0, 0
209000, 1047552, 1, 0, 0
210000, 1055744, 1, 0, 0
211000, 945152, 1, 0, 0
212001, 1666048, 1, 0, 0
213000, 1642090, 1, 0, 0
214000, 1375232, 1, 0, 0
215000, 1065984, 1, 0, 0
216000, 1075200, 1, 0, 0
217000, 953344, 1, 0, 0
218000, 770048, 1, 0, 0
219000, 510976, 1, 0, 0
220000, 1051648, 1, 0, 0
221000, 1288456, 1, 0, 0
222000, 1175552, 1, 0, 0
223000, 1426432, 1, 0, 0
224000, 1051648, 1, 0, 0
225000, 1113088, 1, 0, 0
226000, 1037312, 1, 0, 0
227000, 1091584, 1, 0, 0
228000, 1249280, 1, 0, 0
229000, 1223680, 1, 0, 0
230000, 1529856, 1, 0, 0
231000, 1734342, 1, 0, 0
232000, 2094080, 1, 0, 0
233000, 1630208, 1, 0, 0
234000, 1638400, 1, 0, 0
235000, 1448960, 1, 0, 0
236000, 1000448, 1, 0, 0
237000, 1033216, 1, 0, 0
238000, 1178624, 1, 0, 0
239000, 932864, 1, 0, 0
240000, 542720, 1, 0, 0
241000, 976896, 1, 0, 0
242000, 918422, 1, 0, 0
243000, 1036288, 1, 0, 0
244000, 1072128, 1, 0, 0
245000, 1101824, 1, 0, 0
246000, 1062912, 1, 0, 0
247000, 1160192, 1, 0, 0
248000, 1139712, 1, 0, 0
249000, 1088512, 1, 0, 0
250000, 1185792, 1, 0, 0
251000, 1008640, 1, 0, 0
252000, 1044480, 1, 0, 0
253000, 1248480, 1, 0, 0
254000, 802816, 1, 0, 0
255000, 1851392, 1, 0, 0
256000, 1168384, 1, 0, 0
257000, 1097728, 1, 0, 0
258000, 999424, 1, 0, 0
259000, 1126400, 1, 0, 0
260000, 1063975, 1, 0, 0
261000, 1163264, 1, 0, 0
262000, 1334272, 1, 0, 0
263000, 972800, 1, 0, 0
264000, 1042432, 1, 0, 0
265000, 1148928, 1, 0, 0
266000, 1196032, 1, 0, 0
267000, 1153024, 1, 0, 0
268000, 1140736, 1, 0, 0
269000, 1143927, 1, 0, 0
270000, 1128448, 1, 0, 0
271000, 928768, 1, 0, 0
272000, 1256448, 1, 0, 0
273000, 1196032, 1, 0, 0
274000, 1290240, 1, 0, 0
275000, 1127424, 1, 0, 0
276000, 1328128, 1, 0, 0
277000, 1110016, 1, 0, 0
278000, 1192104, 1, 0, 0
279000, 1024000, 1, 0, 0
280000, 1080320, 1, 0, 0
281000, 1158144, 1, 0, 0
282000, 1132544, 1, 0, 0
283000, 1339392, 1, 0, 0
284000, 1331200, 1, 0, 0
285000, 1185792, 1, 0, 0
286000, 1065984, 1, 0, 0
287000, 1019904, 1, 0, 0
288000, 1138688, 1, 0, 0
289000, 1476608, 1, 0, 0
290000, 1394688, 1, 0, 0
291000, 1469440, 1, 0, 0
292000, 1337657, 1, 0, 0
293000, 1317888, 1, 0, 0
294000, 1182720, 1, 0, 0
295000, 1346560, 1, 0, 0
296000, 1214464, 1, 0, 0
297000, 1443840, 1, 0, 0
298000, 1406976, 1, 0, 0
299001, 1367040, 1, 0, 0
300000, 1281281, 1, 0, 0
