999, 1233105, 1, 0, 0
2000, 1011712, 1, 0, 0
3000, 1324032, 1, 0, 0
4000, 2101248, 1, 0, 0
5000, 1941504, 1, 0, 0
6000, 1702912, 1, 0, 0
7000, 1678336, 1, 0, 0
8000, 1468416, 1, 0, 0
9000, 1423360, 1, 0, 0
10000, 1333248, 1, 0, 0
11000, 1408000, 1, 0, 0
12000, 1342464, 1, 0, 0
13000, 1401856, 1, 0, 0
14000, 1396736, 1, 0, 0
15000, 1750016, 1, 0, 0
15999, 1708716, 1, 0, 0
16999, 1267712, 1, 0, 0
18000, 1296384, 1, 0, 0
19000, 1335296, 1, 0, 0
20000, 1317888, 1, 0, 0
21000, 1152000, 1, 0, 0
22000, 1352704, 1, 0, 0
23000, 1790976, 1, 0, 0
24000, 1260544, 1, 0, 0
25000, 1126400, 1, 0, 0
26000, 1169408, 1, 0, 0
27000, 1339392, 1, 0, 0
28000, 1817600, 1, 0, 0
28999, 1230030, 1, 0, 0
30000, 1119232, 1, 0, 0
31000, 1294336, 1, 0, 0
32000, 1409024, 1, 0, 0
33000, 1434624, 1, 0, 0
34000, 1209344, 1, 0, 0
35000, 1234944, 1, 0, 0
35999, 1259755, 1, 0, 0
36999, 1439744, 1, 0, 0
38000, 1201152, 1, 0, 0
39000, 448512, 1, 0, 0
40000, 1239040, 1, 0, 0
41000, 1467392, 1, 0, 0
42000, 1418240, 1, 0, 0
43000, 1463296, 1, 0, 0
44000, 1330176, 1, 0, 0
45000, 1463296, 1, 0, 0
46000, 1393664, 1, 0, 0
47000, 1661952, 1, 0, 0
48000, 1370112, 1, 0, 0
49000, 1539072, 1, 0, 0
49999, 1402234, 1, 0, 0
50999, 1627136, 1, 0, 0
51999, 1437696, 1, 0, 0
53000, 1453056, 1, 0, 0
54000, 1303552, 1, 0, 0
55000, 1360896, 1, 0, 0
56000, 1475584, 1, 0, 0
57000, 1437696, 1, 0, 0
58000, 1150976, 1, 0, 0
59000, 1160192, 1, 0, 0
60000, 1189888, 1, 0, 0
61000, 1197056, 1, 0, 0
62000, 1209344, 1, 0, 0
63000, 1119232, 1, 0, 0
64000, 1136640, 1, 0, 0
64999, 1254630, 1, 0, 0
65999, 1436672, 1, 0, 0
67000, 1434624, 1, 0, 0
68000, 904192, 1, 0, 0
69000, 509952, 1, 0, 0
70000, 463872, 1, 0, 0
71000, 1068032, 1, 0, 0
72000, 1136640, 1, 0, 0
73000, 1139712, 1, 0, 0
74000, 1176576, 1, 0, 0
75000, 1318912, 1, 0, 0
76000, 1192960, 1, 0, 0
77000, 1149952, 1, 0, 0
78000, 1176576, 1, 0, 0
79000, 1267712, 1, 0, 0
79999, 1131627, 1, 0, 0
80999, 1187840, 1, 0, 0
82000, 1193984, 1, 0, 0
83000, 1204224, 1, 0, 0
84000, 1230848, 1, 0, 0
85000, 1128448, 1, 0, 0
86000, 1096704, 1, 0, 0
87000, 1287168, 1, 0, 0
88000, 1302528, 1, 0, 0
89000, 1306624, 1, 0, 0
90000, 1153024, 1, 0, 0
91000, 934912, 1, 0, 0
92000, 457728, 1, 0, 0
92999, 474586, 1, 0, 0
93999, 1012736, 1, 0, 0
95000, 458752, 1, 0, 0
96000, 606208, 1, 0, 0
97000, 462848, 1, 0, 0
98000, 463872, 1, 0, 0
99000, 484352, 1, 0, 0
100000, 458752, 1, 0, 0
101000, 588800, 1, 0, 0
102000, 556032, 1, 0, 0
103000, 633856, 1, 0, 0
104000, 552960, 1, 0, 0
105000, 636928, 1, 0, 0
106000, 738304, 1, 0, 0
106999, 664216, 1, 0, 0
107999, 800768, 1, 0, 0
109000, 785408, 1, 0, 0
110000, 568320, 1, 0, 0
111000, 889856, 1, 0, 0
112000, 474112, 1, 0, 0
113000, 456704, 1, 0, 0
114000, 468992, 1, 0, 0
115000, 489472, 1, 0, 0
116000, 523264, 1, 0, 0
117000, 460800, 1, 0, 0
118000, 564224, 1, 0, 0
119000, 637952, 1, 0, 0
120000, 668672, 1, 0, 0
120999, 456136, 1, 0, 0
121999, 672768, 1, 0, 0
122999, 709632, 1, 0, 0
124000, 463872, 1, 0, 0
125000, 460800, 1, 0, 0
126000, 482304, 1, 0, 0
127000, 480256, 1, 0, 0
128000, 890880, 1, 0, 0
129000, 747520, 1, 0, 0
130000, 476160, 1, 0, 0
131000, 454656, 1, 0, 0
132000, 477184, 1, 0, 0
133000, 470016, 1, 0, 0
134000, 724992, 1, 0, 0
135000, 564224, 1, 0, 0
135999, 494062, 1, 0, 0
136999, 492544, 1, 0, 0
138000, 456704, 1, 0, 0
139000, 531456, 1, 0, 0
140000, 450560, 1, 0, 0
141000, 445440, 1, 0, 0
142000, 467968, 1, 0, 0
143000, 617472, 1, 0, 0
144000, 905216, 1, 0, 0
145000, 448512, 1, 0, 0
146000, 475136, 1, 0, 0
147000, 464896, 1, 0, 0
148000, 481280, 1, 0, 0
149000, 458752, 1, 0, 0
150000, 491520, 1, 0, 0
150999, 628340, 1, 0, 0
151999, 477184, 1, 0, 0
153000, 488448, 1, 0, 0
154000, 507904, 1, 0, 0
155000, 583680, 1, 0, 0
156000, 536576, 1, 0, 0
157000, 459776, 1, 0, 0
158000, 465920, 1, 0, 0
159000, 476160, 1, 0, 0
160000, 552960, 1, 0, 0
161000, 861184, 1, 0, 0
162000, 740352, 1, 0, 0
163000, 718848, 1, 0, 0
164000, 954368, 1, 0, 0
164999, 1138802, 1, 0, 0
165999, 1156096, 1, 0, 0
166999, 1147904, 1, 0, 0
168000, 1145856, 1, 0, 0
169000, 1134592, 1, 0, 0
170000, 1157120, 1, 0, 0
171000, 1141760, 1, 0, 0
172000, 1158144, 1, 0, 0
173000, 1134592, 1, 0, 0
174000, 1141760, 1, 0, 0
175000, 1141760, 1, 0, 0
176000, 1157120, 1, 0, 0
177000, 1153024, 1, 0, 0
178000, 1154048, 1, 0, 0
179000, 1155072, 1, 0, 0
179999, 1158278, 1, 0, 0
180999, 1142784, 1, 0, 0
182000, 1142784, 1, 0, 0
183000, 1139712, 1, 0, 0
184000, 1166336, 1, 0, 0
185000, 1143808, 1, 0, 0
186000, 1135616, 1, 0, 0
187000, 1137664, 1, 0, 0
188000, 1147904, 1, 0, 0
189000, 1155072, 1, 0, 0
190000, 1128448, 1, 0, 0
191000, 1150976, 1, 0, 0
192000, 1136640, 1, 0, 0
193000, 1143808, 1, 0, 0
193999, 1149053, 1, 0, 0
194999, 900096, 1, 0, 0
196000, 742400, 1, 0, 0
197000, 722944, 1, 0, 0
198000, 718848, 1, 0, 0
199000, 706560, 1, 0, 0
200000, 704512, 1, 0, 0
201000, 734208, 1, 0, 0
202000, 709632, 1, 0, 0
203000, 729088, 1, 0, 0
204000, 713728, 1, 0, 0
205000, 822272, 1, 0, 0
206000, 769024, 1, 0, 0
207000, 691200, 1, 0, 0
208000, 694272, 1, 0, 0
208999, 827195, 1, 0, 0
209999, 748544, 1, 0, 0
211000, 729088, 1, 0, 0
212000, 699392, 1, 0, 0
213000, 769024, 1, 0, 0
214000, 993280, 1, 0, 0
215000, 623616, 1, 0, 0
216000, 551936, 1, 0, 0
217000, 473088, 1, 0, 0
218000, 446464, 1, 0, 0
219000, 452608, 1, 0, 0
220000, 461824, 1, 0, 0
221000, 453632, 1, 0, 0
222000, 455680, 1, 0, 0
222999, 462286, 1, 0, 0
223999, 462848, 1, 0, 0
224999, 452608, 1, 0, 0
226000, 455680, 1, 0, 0
227000, 460800, 1, 0, 0
228000, 488448, 1, 0, 0
229000, 547840, 1, 0, 0
230000, 464896, 1, 0, 0
231000, 457728, 1, 0, 0
232000, 458752, 1, 0, 0
233000, 453632, 1, 0, 0
234000, 464896, 1, 0, 0
235000, 453632, 1, 0, 0
236000, 441344, 1, 0, 0
237000, 472064, 1, 0, 0
237999, 463311, 1, 0, 0
238999, 421888, 1, 0, 0
240000, 377856, 1, 0, 0
241000, 379904, 1, 0, 0
242000, 374784, 1, 0, 0
243000, 375808, 1, 0, 0
244000, 374784, 1, 0, 0
245000, 373760, 1, 0, 0
246000, 368640, 1, 0, 0
247000, 370688, 1, 0, 0
248000, 376832, 1, 0, 0
249000, 373760, 1, 0, 0
250000, 359424, 1, 0, 0
251000, 367616, 1, 0, 0
252000, 369664, 1, 0, 0
252999, 381309, 1, 0, 0
253999, 455680, 1, 0, 0
255000, 475136, 1, 0, 0
256000, 449536, 1, 0, 0
257000, 448512, 1, 0, 0
258000, 460800, 1, 0, 0
259000, 431104, 1, 0, 0
260000, 375808, 1, 0, 0
261000, 388096, 1, 0, 0
262000, 384000, 1, 0, 0
263000, 382976, 1, 0, 0
264000, 380928, 1, 0, 0
265000, 370688, 1, 0, 0
266000, 397312, 1, 0, 0
266999, 373109, 1, 0, 0
267999, 368640, 1, 0, 0
268999, 396288, 1, 0, 0
270000, 384000, 1, 0, 0
271000, 397312, 1, 0, 0
272000, 367616, 1, 0, 0
273000, 374784, 1, 0, 0
274000, 382976, 1, 0, 0
275000, 397312, 1, 0, 0
276000, 364544, 1, 0, 0
277000, 393216, 1, 0, 0
278000, 371712, 1, 0, 0
279000, 372736, 1, 0, 0
280000, 419840, 1, 0, 0
281000, 401408, 1, 0, 0
281999, 378234, 1, 0, 0
282999, 381952, 1, 0, 0
284000, 381952, 1, 0, 0
285000, 376832, 1, 0, 0
286000, 393216, 1, 0, 0
287000, 382976, 1, 0, 0
288000, 381952, 1, 0, 0
289000, 395264, 1, 0, 0
290000, 400384, 1, 0, 0
291000, 370688, 1, 0, 0
292000, 385024, 1, 0, 0
293000, 380928, 1, 0, 0
294000, 380928, 1, 0, 0
295000, 351232, 1, 0, 0
296000, 343040, 1, 0, 0
296999, 376184, 1, 0, 0
297999, 379904, 1, 0, 0
299000, 377856, 1, 0, 0
300000, 362496, 1, 0, 0
301000, 349184, 1, 0, 0
302000, 331776, 1, 0, 0
303000, 418816, 1, 0, 0
304000, 1137664, 1, 0, 0
305000, 1134592, 1, 0, 0
306000, 1154048, 1, 0, 0
307000, 1247232, 1, 0, 0
308000, 1115136, 1, 0, 0
309000, 1137664, 1, 0, 0
310000, 1149952, 1, 0, 0
310999, 1206454, 1, 0, 0
311999, 1097728, 1, 0, 0
313000, 1128448, 1, 0, 0
314000, 1178624, 1, 0, 0
315000, 1261568, 1, 0, 0
316000, 1160192, 1, 0, 0
317000, 1149952, 1, 0, 0
318000, 1157120, 1, 0, 0
319000, 1177600, 1, 0, 0
320000, 1071104, 1, 0, 0
321000, 1363968, 1, 0, 0
322000, 555008, 1, 0, 0
323000, 339968, 1, 0, 0
324000, 340992, 1, 0, 0
325000, 337920, 1, 0, 0
325999, 338258, 1, 0, 0
326999, 329728, 1, 0, 0
328000, 1076224, 1, 0, 0
329000, 532480, 1, 0, 0
330000, 343040, 1, 0, 0
331000, 996352, 1, 0, 0
332000, 1119232, 1, 0, 0
333000, 1323008, 1, 0, 0
334000, 1126400, 1, 0, 0
335000, 1143808, 1, 0, 0
336000, 1153024, 1, 0, 0
337000, 1060864, 1, 0, 0
338000, 1129472, 1, 0, 0
339000, 1227776, 1, 0, 0
339999, 1133677, 1, 0, 0
340999, 1501184, 1, 0, 0
341999, 1163264, 1, 0, 0
343000, 1112064, 1, 0, 0
344000, 1147904, 1, 0, 0
345000, 1160192, 1, 0, 0
346000, 1110016, 1, 0, 0
347000, 1302528, 1, 0, 0
348000, 1164288, 1, 0, 0
349000, 1170432, 1, 0, 0
350000, 1078272, 1, 0, 0
351000, 1155072, 1, 0, 0
352000, 1156096, 1, 0, 0
353000, 1158144, 1, 0, 0
354000, 1140736, 1, 0, 0
354999, 1154178, 1, 0, 0
355999, 1114112, 1, 0, 0
357000, 1290240, 1, 0, 0
358000, 1113088, 1, 0, 0
359000, 1058816, 1, 0, 0
360000, 1075200, 1, 0, 0
361000, 1347584, 1, 0, 0
362000, 1216512, 1, 0, 0
363000, 352256, 1, 0, 0
364000, 337920, 1, 0, 0
365000, 334848, 1, 0, 0
366000, 324608, 1, 0, 0
367000, 342016, 1, 0, 0
368000, 1760256, 1, 0, 0
369000, 1998848, 1, 0, 0
369999, 1825569, 1, 0, 0
370999, 1878016, 1, 0, 0
372000, 2024448, 1, 0, 0
373000, 466944, 1, 0, 0
374000, 336896, 1, 0, 0
375000, 329728, 1, 0, 0
376000, 339968, 1, 0, 0
377000, 333824, 1, 0, 0
378000, 328704, 1, 0, 0
379000, 342016, 1, 0, 0
380000, 332800, 1, 0, 0
381000, 345088, 1, 0, 0
382000, 349184, 1, 0, 0
383000, 335872, 1, 0, 0
383999, 342358, 1, 0, 0
384999, 328704, 1, 0, 0
386000, 329728, 1, 0, 0
387000, 326656, 1, 0, 0
388000, 353280, 1, 0, 0
389000, 368640, 1, 0, 0
390000, 372736, 1, 0, 0
391000, 364544, 1, 0, 0
392000, 365568, 1, 0, 0
393000, 385024, 1, 0, 0
394000, 406528, 1, 0, 0
395000, 343040, 1, 0, 0
396000, 339968, 1, 0, 0
397000, 346112, 1, 0, 0
398000, 337920, 1, 0, 0
398999, 332108, 1, 0, 0
399999, 372736, 1, 0, 0
401000, 365568, 1, 0, 0
402000, 374784, 1, 0, 0
403000, 446464, 1, 0, 0
404000, 448512, 1, 0, 0
405000, 355328, 1, 0, 0
406000, 335872, 1, 0, 0
407000, 338944, 1, 0, 0
408000, 378880, 1, 0, 0
409000, 374784, 1, 0, 0
410000, 1554432, 1, 0, 0
411000, 1863680, 1, 0, 0
412000, 2113536, 1, 0, 0
412999, 2034674, 1, 0, 0
413999, 1894400, 1, 0, 0
415000, 2913280, 1, 0, 0
416000, 1315840, 1, 0, 0
417000, 1157120, 1, 0, 0
418000, 1145856, 1, 0, 0
419000, 1155072, 1, 0, 0
420000, 893952, 1, 0, 0
421000, 367616, 1, 0, 0
422000, 371712, 1, 0, 0
423000, 344064, 1, 0, 0
424000, 382976, 1, 0, 0
425000, 345088, 1, 0, 0
426000, 1087488, 1, 0, 0
426999, 1166478, 1, 0, 0
427999, 1142784, 1, 0, 0
429000, 1244160, 1, 0, 0
430000, 786432, 1, 0, 0
431000, 339968, 1, 0, 0
432000, 328704, 1, 0, 0
433000, 332800, 1, 0, 0
434000, 372736, 1, 0, 0
435000, 1156096, 1, 0, 0
436000, 1158144, 1, 0, 0
437000, 1116160, 1, 0, 0
438000, 1147904, 1, 0, 0
439000, 1140736, 1, 0, 0
440000, 1104896, 1, 0, 0
440999, 1137777, 1, 0, 0
441999, 1071104, 1, 0, 0
442999, 1132544, 1, 0, 0
444000, 550912, 1, 0, 0
445000, 814080, 1, 0, 0
446000, 1157120, 1, 0, 0
447000, 1137664, 1, 0, 0
448000, 1249280, 1, 0, 0
449000, 1192960, 1, 0, 0
450000, 1149952, 1, 0, 0
451000, 1142784, 1, 0, 0
452000, 1148928, 1, 0, 0
453000, 1148928, 1, 0, 0
454000, 1114112, 1, 0, 0
455000, 1100800, 1, 0, 0
455999, 1168528, 1, 0, 0
456999, 1062912, 1, 0, 0
458000, 1145856, 1, 0, 0
459000, 1129472, 1, 0, 0
460000, 1134592, 1, 0, 0
461000, 1108992, 1, 0, 0
462000, 1220608, 1, 0, 0
463000, 1154048, 1, 0, 0
464000, 1036288, 1, 0, 0
465000, 1133568, 1, 0, 0
466000, 1101824, 1, 0, 0
467000, 1141760, 1, 0, 0
468000, 1155072, 1, 0, 0
469000, 1154048, 1, 0, 0
469999, 1408384, 1, 0, 0
470999, 1157120, 1, 0, 0
471999, 1235968, 1, 0, 0
473000, 402432, 1, 0, 0
474000, 345088, 1, 0, 0
475000, 335872, 1, 0, 0
476000, 333824, 1, 0, 0
477000, 350208, 1, 0, 0
478000, 335872, 1, 0, 0
479000, 346112, 1, 0, 0
480000, 347136, 1, 0, 0
481000, 351232, 1, 0, 0
482000, 349184, 1, 0, 0
483000, 343040, 1, 0, 0
484000, 339968, 1, 0, 0
484999, 345433, 1, 0, 0
485999, 345088, 1, 0, 0
487000, 346112, 1, 0, 0
488000, 342016, 1, 0, 0
489000, 910336, 1, 0, 0
490000, 1161216, 1, 0, 0
491000, 1156096, 1, 0, 0
492000, 1157120, 1, 0, 0
493000, 1138688, 1, 0, 0
494000, 1170432, 1, 0, 0
495000, 1137664, 1, 0, 0
496000, 1190912, 1, 0, 0
497000, 1129472, 1, 0, 0
498000, 1158144, 1, 0, 0
499000, 1166336, 1, 0, 0
499999, 1134702, 1, 0, 0
500999, 1148928, 1, 0, 0
502000, 1177600, 1, 0, 0
503000, 1244160, 1, 0, 0
504000, 402432, 1, 0, 0
505000, 334848, 1, 0, 0
506000, 348160, 1, 0, 0
507000, 331776, 1, 0, 0
508000, 331776, 1, 0, 0
509000, 332800, 1, 0, 0
510000, 342016, 1, 0, 0
511000, 333824, 1, 0, 0
512000, 326656, 1, 0, 0
513000, 338944, 1, 0, 0
513999, 332108, 1, 0, 0
514999, 335872, 1, 0, 0
515999, 342016, 1, 0, 0
517000, 335872, 1, 0, 0
518000, 1080320, 1, 0, 0
519000, 1162240, 1, 0, 0
520000, 1103872, 1, 0, 0
521000, 1141760, 1, 0, 0
522000, 987136, 1, 0, 0
523000, 1124352, 1, 0, 0
524000, 1134592, 1, 0, 0
525000, 1168384, 1, 0, 0
526000, 1157120, 1, 0, 0
527000, 1157120, 1, 0, 0
528000, 1136640, 1, 0, 0
528999, 1262830, 1, 0, 0
529999, 1175552, 1, 0, 0
531000, 1142784, 1, 0, 0
532000, 1168384, 1, 0, 0
533000, 1122304, 1, 0, 0
534000, 1105920, 1, 0, 0
535000, 1149952, 1, 0, 0
536000, 1021952, 1, 0, 0
537000, 1190912, 1, 0, 0
538000, 1154048, 1, 0, 0
539000, 1075200, 1, 0, 0
540000, 1112064, 1, 0, 0
540999, 1153153, 1, 0, 0
541999, 1154048, 1, 0, 0
542999, 434176, 1, 0, 0
544000, 324608, 1, 0, 0
545000, 340992, 1, 0, 0
546000, 326656, 1, 0, 0
547000, 334848, 1, 0, 0
548000, 649216, 1, 0, 0
549000, 1159168, 1, 0, 0
550000, 366592, 1, 0, 0
551000, 326656, 1, 0, 0
552000, 329728, 1, 0, 0
553000, 326656, 1, 0, 0
554000, 925696, 1, 0, 0
555000, 1086464, 1, 0, 0
556000, 1122304, 1, 0, 0
557000, 1140736, 1, 0, 0
557999, 1157253, 1, 0, 0
558999, 1144832, 1, 0, 0
560000, 1121280, 1, 0, 0
561000, 1149952, 1, 0, 0
562000, 1096704, 1, 0, 0
563000, 1089536, 1, 0, 0
564000, 1238016, 1, 0, 0
565000, 1054720, 1, 0, 0
566000, 1177600, 1, 0, 0
567000, 1152000, 1, 0, 0
568000, 1167360, 1, 0, 0
569000, 1197056, 1, 0, 0
570000, 1148928, 1, 0, 0
571000, 1107968, 1, 0, 0
571999, 1136752, 1, 0, 0
572999, 1156096, 1, 0, 0
574000, 1031168, 1, 0, 0
575000, 1140736, 1, 0, 0
576000, 1163264, 1, 0, 0
577000, 1096704, 1, 0, 0
578000, 1085440, 1, 0, 0
579000, 1290240, 1, 0, 0
580000, 1139712, 1, 0, 0
581000, 735232, 1, 0, 0
582000, 378880, 1, 0, 0
583000, 1031168, 1, 0, 0
584000, 1135616, 1, 0, 0
585000, 1135616, 1, 0, 0
585999, 372084, 1, 0, 0
587000, 342016, 1, 0, 0
588000, 330752, 1, 0, 0
589000, 1082368, 1, 0, 0
590000, 1149952, 1, 0, 0
591000, 1160192, 1, 0, 0
591999, 1141877, 1, 0, 0
593000, 1168384, 1, 0, 0
594000, 1214464, 1, 0, 0
595000, 1112064, 1, 0, 0
596000, 1128448, 1, 0, 0
597000, 435200, 1, 0, 0
598000, 330752, 1, 0, 0
598999, 334158, 1, 0, 0
599999, 1067008, 1, 0, 0
601000, 1050624, 1, 0, 0
602000, 1085440, 1, 0, 0
603000, 1262592, 1, 0, 0
604000, 1205248, 1, 0, 0
605000, 1108992, 1, 0, 0
606000, 1013760, 1, 0, 0
607000, 1124352, 1, 0, 0
608000, 1311744, 1, 0, 0
608999, 1234130, 1, 0, 0
610000, 380928, 1, 0, 0
611000, 343040, 1, 0, 0
612000, 331776, 1, 0, 0
613000, 477184, 1, 0, 0
614000, 1105920, 1, 0, 0
615000, 1178624, 1, 0, 0
616000, 1138688, 1, 0, 0
617000, 1281024, 1, 0, 0
618000, 1129472, 1, 0, 0
618999, 1098826, 1, 0, 0
619999, 1134592, 1, 0, 0
621000, 1073152, 1, 0, 0
622000, 1065984, 1, 0, 0
623000, 1147904, 1, 0, 0
624000, 1231872, 1, 0, 0
625000, 1096704, 1, 0, 0
626000, 1131520, 1, 0, 0
627000, 1092608, 1, 0, 0
628000, 1156096, 1, 0, 0
629000, 1141760, 1, 0, 0
630000, 1110016, 1, 0, 0
631000, 1138688, 1, 0, 0
632000, 1141760, 1, 0, 0
632999, 1159303, 1, 0, 0
634000, 1013760, 1, 0, 0
635000, 1144832, 1, 0, 0
636000, 1193984, 1, 0, 0
637000, 403456, 1, 0, 0
638000, 1011712, 1, 0, 0
639000, 1137664, 1, 0, 0
640000, 1059840, 1, 0, 0
641000, 1155072, 1, 0, 0
642000, 749568, 1, 0, 0
643000, 1286144, 1, 0, 0
644000, 1155072, 1, 0, 0
644999, 1210554, 1, 0, 0
645999, 1185792, 1, 0, 0
647000, 1024000, 1, 0, 0
648000, 1142784, 1, 0, 0
649000, 1088512, 1, 0, 0
650000, 1256448, 1, 0, 0
651000, 1556480, 1, 0, 0
652000, 1638400, 1, 0, 0
653000, 1605632, 1, 0, 0
654000, 1583104, 1, 0, 0
655000, 1561600, 1, 0, 0
656000, 1729536, 1, 0, 0
657000, 1602560, 1, 0, 0
658000, 1648640, 1, 0, 0
658999, 1533437, 1, 0, 0
659999, 1212416, 1, 0, 0
661000, 489472, 1, 0, 0
662000, 578560, 1, 0, 0
663000, 568320, 1, 0, 0
664000, 541696, 1, 0, 0
665000, 1148928, 1, 0, 0
666000, 548864, 1, 0, 0
667000, 483328, 1, 0, 0
668000, 463872, 1, 0, 0
668999, 492012, 1, 0, 0
669999, 476160, 1, 0, 0
671000, 467968, 1, 0, 0
672000, 472064, 1, 0, 0
673000, 476160, 1, 0, 0
674000, 458752, 1, 0, 0
675000, 456704, 1, 0, 0
676000, 1476608, 1, 0, 0
677000, 1536000, 1, 0, 0
678000, 1500160, 1, 0, 0
679000, 1500160, 1, 0, 0
680000, 1546240, 1, 0, 0
681000, 1501184, 1, 0, 0
682000, 1506304, 1, 0, 0
683000, 1520640, 1, 0, 0
683999, 1547787, 1, 0, 0
684999, 1514496, 1, 0, 0
685999, 1528832, 1, 0, 0
687000, 1502208, 1, 0, 0
688000, 1548288, 1, 0, 0
689000, 1519616, 1, 0, 0
690000, 1070080, 1, 0, 0
691000, 473088, 1, 0, 0
692000, 472064, 1, 0, 0
693000, 480256, 1, 0, 0
694000, 494592, 1, 0, 0
695000, 483328, 1, 0, 0
696000, 467968, 1, 0, 0
697000, 460800, 1, 0, 0
698000, 471040, 1, 0, 0
699000, 474112, 1, 0, 0
699999, 469461, 1, 0, 0
700999, 476160, 1, 0, 0
702000, 568320, 1, 0, 0
703000, 557056, 1, 0, 0
704000, 556032, 1, 0, 0
705000, 561152, 1, 0, 0
706000, 1671168, 1, 0, 0
707000, 2395136, 1, 0, 0
708000, 2342912, 1, 0, 0
709000, 2341888, 1, 0, 0
710000, 2392064, 1, 0, 0
711000, 2435072, 1, 0, 0
712000, 2350080, 1, 0, 0
713000, 2451456, 1, 0, 0
714000, 2313216, 1, 0, 0
715000, 2292736, 1, 0, 0
715999, 2332956, 1, 0, 0
716999, 2351104, 1, 0, 0
718000, 3863552, 1, 0, 0
719000, 2957312, 1, 0, 0
720000, 2338816, 1, 0, 0
721000, 2302976, 1, 0, 0
722000, 2330624, 1, 0, 0
723000, 3638272, 1, 0, 0
724000, 3907584, 1, 0, 0
725000, 3217408, 1, 0, 0
726000, 1495040, 1, 0, 0
727000, 848896, 1, 0, 0
728000, 1188864, 1, 0, 0
729000, 1191936, 1, 0, 0
730000, 1301504, 1, 0, 0
730999, 1120352, 1, 0, 0
731999, 1147904, 1, 0, 0
732999, 1146880, 1, 0, 0
734000, 1116160, 1, 0, 0
735000, 1226752, 1, 0, 0
736000, 1180672, 1, 0, 0
737000, 2862080, 1, 0, 0
738000, 2589696, 1, 0, 0
739000, 2282496, 1, 0, 0
740000, 2293760, 1, 0, 0
741000, 2518016, 1, 0, 0
742000, 2149376, 1, 0, 0
743000, 677888, 1, 0, 0
744000, 676864, 1, 0, 0
745000, 722944, 1, 0, 0
746000, 1045504, 1, 0, 0
746999, 684716, 1, 0, 0
747999, 696320, 1, 0, 0
748999, 935936, 1, 0, 0
750000, 1096704, 1, 0, 0
751000, 1121280, 1, 0, 0
752000, 1106944, 1, 0, 0
753000, 1786880, 1, 0, 0
754000, 4629504, 1, 0, 0
755000, 4627456, 1, 0, 0
756000, 4630528, 1, 0, 0
757000, 4630528, 1, 0, 0
758000, 4631552, 1, 0, 0
759000, 4629504, 1, 0, 0
760000, 4630528, 1, 0, 0
761000, 4633600, 1, 0, 0
762000, 4624384, 1, 0, 0
762999, 4632088, 1, 0, 0
763999, 4629504, 1, 0, 0
765000, 4630528, 1, 0, 0
766000, 4627456, 1, 0, 0
767000, 4631552, 1, 0, 0
768000, 4621312, 1, 0, 0
769000, 4639744, 1, 0, 0
770000, 4626432, 1, 0, 0
771000, 4632576, 1, 0, 0
772000, 4626432, 1, 0, 0
773000, 4631552, 1, 0, 0
774000, 4626432, 1, 0, 0
775000, 4633600, 1, 0, 0
776000, 4628480, 1, 0, 0
777000, 4632576, 1, 0, 0
777999, 4631063, 1, 0, 0
778999, 4625408, 1, 0, 0
779999, 4633600, 1, 0, 0
781000, 4629504, 1, 0, 0
782000, 4631552, 1, 0, 0
783000, 4627456, 1, 0, 0
784000, 4629504, 1, 0, 0
785000, 4628480, 1, 0, 0
786000, 4630528, 1, 0, 0
787000, 4630528, 1, 0, 0
788000, 4630528, 1, 0, 0
789000, 4631552, 1, 0, 0
790000, 4629504, 1, 0, 0
791000, 4625408, 1, 0, 0
792000, 4634624, 1, 0, 0
793000, 4629504, 1, 0, 0
793999, 4629013, 1, 0, 0
794999, 4632576, 1, 0, 0
796000, 4628480, 1, 0, 0
797000, 4627456, 1, 0, 0
798000, 4632576, 1, 0, 0
799000, 4628480, 1, 0, 0
800000, 4630528, 1, 0, 0
