1000, 1198080, 1, 0, 0
2001, 2684928, 1, 0, 0
3000, 1364308, 1, 0, 0
4000, 1376256, 1, 0, 0
5000, 1155072, 1, 0, 0
6000, 1058816, 1, 0, 0
7000, 1059840, 1, 0, 0
8000, 1223680, 1, 0, 0
9000, 1312768, 1, 0, 0
10000, 1112064, 1, 0, 0
11000, 1373184, 1, 0, 0
12000, 1265664, 1, 0, 0
13000, 1350656, 1, 0, 0
14000, 1165312, 1, 0, 0
15000, 1115227, 1, 0, 0
16000, 661504, 1, 0, 0
17000, 833536, 1, 0, 0
18000, 1038336, 1, 0, 0
19000, 1283072, 1, 0, 0
20000, 1181696, 1, 0, 0
21000, 903168, 1, 0, 0
22000, 592464, 1, 0, 0
23000, 1002496, 1, 0, 0
24000, 1045504, 1, 0, 0
25000, 1080320, 1, 0, 0
26000, 1131520, 1, 0, 0
27000, 1003520, 1, 0, 0
28000, 1132544, 1, 0, 0
29000, 1517568, 1, 0, 0
30000, 1273856, 1, 0, 0
31000, 1197056, 1, 0, 0
32001, 1566720, 1, 0, 0
33000, 979923, 1, 0, 0
34000, 1059840, 1, 0, 0
35000, 990208, 1, 0, 0
36000, 1123328, 1, 0, 0
37000, 1103872, 1, 0, 0
38000, 954368, 1, 0, 0
39000, 1065984, 1, 0, 0
40000, 1032192, 1, 0, 0
41000, 1061888, 1, 0, 0
42000, 980992, 1, 0, 0
43000, 965632, 1, 0, 0
44001, 534528, 1, 0, 0
45000, 1009649, 1, 0, 0
46000, 1264640, 1, 0, 0
47000, 1106944, 1, 0, 0
48000, 1470464, 1, 0, 0
49000, 1223680, 1, 0, 0
50000, 1120256, 1, 0, 0
51000, 1076224, 1, 0, 0
52000, 1038336, 1, 0, 0
53000, 925696, 1, 0, 0
54001, 457728, 1, 0, 0
55000, 799519, 1, 0, 0
56000, 1345536, 1, 0, 0
57000, 1346560, 1, 0, 0
58000, 1609728, 1, 0, 0
59000, 1052672, 1, 0, 0
60000, 1012736, 1, 0, 0
61000, 1368064, 1, 0, 0
62000, 1157120, 1, 0, 0
63000, 1157120, 1, 0, 0
64000, 1252352, 1, 0, 0
65000, 1114202, 1, 0, 0
66000, 921600, 1, 0, 0
67000, 824320, 1, 0, 0
68000, 1150976, 1, 0, 0
69000, 1081344, 1, 0, 0
70000, 1146880, 1, 0, 0
71000, 975872, 1, 0, 0
72000, 1017856, 1, 0, 0
73000, 1031168, 1, 0, 0
74000, 1161216, 1, 0, 0
75000, 1034250, 1, 0, 0
76000, 1189888, 1, 0, 0
77000, 1098752, 1, 0, 0
78000, 1007616, 1, 0, 0
79000, 1086464, 1, 0, 0
80000, 1200128, 1, 0, 0
81000, 867328, 1, 0, 0
82000, 1155072, 1, 0, 0
83000, 1155072, 1, 0, 0
84000, 1127424, 1, 0, 0
85000, 1374208, 1, 0, 0
86000, 1252352, 1, 0, 0
87000, 1073201, 1, 0, 0
88000, 1133568, 1, 0, 0
89000, 1055744, 1, 0, 0
90000, 998400, 1, 0, 0
91000, 1009664, 1, 0, 0
92000, 1053696, 1, 0, 0
93000, 963584, 1, 0, 0
94000, 999424, 1, 0, 0
95000, 1272832, 1, 0, 0
96000, 1315840, 1, 0, 0
97000, 1548288, 1, 0, 0
98000, 1206272, 1, 0, 0
99000, 1238016, 1, 0, 0
100000, 1277952, 1, 0, 0
101000, 917504, 1, 0, 0
102000, 890746, 1, 0, 0
103000, 1240064, 1, 0, 0
104000, 1002496, 1, 0, 0
105000, 1319936, 1, 0, 0
106000, 1597440, 1, 0, 0
107000, 1712128, 1, 0, 0
108000, 1434624, 1, 0, 0
109000, 1468416, 1, 0, 0
110000, 1584128, 1, 0, 0
111000, 1325056, 1, 0, 0
112000, 1314816, 1, 0, 0
113000, 1278206, 1, 0, 0
114000, 1414144, 1, 0, 0
115000, 1311744, 1, 0, 0
116000, 1032192, 1, 0, 0
117000, 1101824, 1, 0, 0
118000, 1143808, 1, 0, 0
119000, 1547264, 1, 0, 0
120000, 1095680, 1, 0, 0
121000, 1280256, 1, 0, 0
122000, 1746944, 1, 0, 0
123000, 1624064, 1, 0, 0
124000, 1646592, 1, 0, 0
125000, 1390592, 1, 0, 0
126000, 1399808, 1, 0, 0
127000, 1148028, 1, 0, 0
128000, 1286144, 1, 0, 0
129000, 1079296, 1, 0, 0
130000, 1162240, 1, 0, 0
131000, 1076224, 1, 0, 0
132000, 1097728, 1, 0, 0
133000, 1053696, 1, 0, 0
134000, 1627739, 1, 0, 0
135000, 1557504, 1, 0, 0
136000, 1458176, 1, 0, 0
137000, 1410048, 1, 0, 0
138000, 1053696, 1, 0, 0
139000, 903168, 1, 0, 0
140000, 398336, 1, 0, 0
141000, 1080320, 1, 0, 0
142000, 1401856, 1, 0, 0
143000, 627712, 1, 0, 0
144000, 814894, 1, 0, 0
145000, 1051648, 1, 0, 0
146000, 1114112, 1, 0, 0
147000, 1097728, 1, 0, 0
148000, 1255424, 1, 0, 0
149000, 1219584, 1, 0, 0
150000, 2019328, 1, 0, 0
151000, 1190912, 1, 0, 0
152000, 1324032, 1, 0, 0
153000, 1174528, 1, 0, 0
154000, 1135616, 1, 0, 0
155000, 1265905, 1, 0, 0
156000, 1082368, 1, 0, 0
157000, 1110016, 1, 0, 0
158000, 1588224, 1, 0, 0
159000, 1101824, 1, 0, 0
160000, 1143808, 1, 0, 0
161000, 1060864, 1, 0, 0
162000, 994304, 1, 0, 0
163000, 1188864, 1, 0, 0
164000, 1087488, 1, 0, 0
165000, 1094656, 1, 0, 0
166000, 1350982, 1, 0, 0
167000, 1205248, 1, 0, 0
168000, 1000448, 1, 0, 0
169000, 1119232, 1, 0, 0
170000, 1037312, 1, 0, 0
171000, 867328, 1, 0, 0
172000, 728064, 1, 0, 0
173000, 1212416, 1, 0, 0
174000, 1360896, 1, 0, 0
175000, 984064, 1, 0, 0
176000, 1095680, 1, 0, 0
177000, 1075200, 1, 0, 0
178000, 1193129, 1, 0, 0
179000, 1253376, 1, 0, 0
180000, 1245184, 1, 0, 0
181000, 1056768, 1, 0, 0
182000, 880640, 1, 0, 0
183000, 945152, 1, 0, 0
184000, 993280, 1, 0, 0
185000, 978944, 1, 0, 0
186000, 1260544, 1, 0, 0
187000, 1345536, 1, 0, 0
188000, 1323008, 1, 0, 0
189000, 1070126, 1, 0, 0
190000, 1037312, 1, 0, 0
191000, 957440, 1, 0, 0
192000, 1001472, 1, 0, 0
193000, 885760, 1, 0, 0
194000, 1162240, 1, 0, 0
195000, 1220608, 1, 0, 0
196000, 1544192, 1, 0, 0
197000, 1254400, 1, 0, 0
198000, 1110016, 1, 0, 0
199000, 1061888, 1, 0, 0
200000, 1012736, 1, 0, 0
201000, 1041425, 1, 0, 0
202000, 1155072, 1, 0, 0
203000, 986112, 1, 0, 0
204000, 1083392, 1, 0, 0
205000, 1017856, 1, 0, 0
206000, 916480, 1, 0, 0
207000, 1627136, 1, 0, 0
208000, 1288192, 1, 0, 0
209000, 1026048, 1, 0, 0
210000, 1062912, 1, 0, 0
211000, 996352, 1, 0, 0
212001, 901120, 1, 0, 0
213000, 1040400, 1, 0, 0
214000, 1381376, 1, 0, 0
215000, 1087488, 1, 0, 0
216000, 1240064, 1, 0, 0
217000, 1037312, 1, 0, 0
218000, 1141760, 1, 0, 0
219000, 1204224, 1, 0, 0
220000, 1248256, 1, 0, 0
221000, 713417, 1, 0, 0
222000, 975872, 1, 0, 0
223000, 641024, 1, 0, 0
224000, 1014784, 1, 0, 0
225000, 1061888, 1, 0, 0
226000, 1153024, 1, 0, 0
227000, 1190912, 1, 0, 0
228000, 1078272, 1, 0, 0
229000, 1004544, 1, 0, 0
230000, 1007616, 1, 0, 0
231000, 1044500, 1, 0, 0
232000, 1079296, 1, 0, 0
233000, 1044480, 1, 0, 0
234000, 931840, 1, 0, 0
235000, 1047552, 1, 0, 0
236000, 1013760, 1, 0, 0
237000, 1013760, 1, 0, 0
238000, 1163264, 1, 0, 0
239000, 1074176, 1, 0, 0
240000, 1154048, 1, 0, 0
241000, 1225728, 1, 0, 0
242000, 1194154, 1, 0, 0
243000, 793600, 1, 0, 0
244000, 1022976, 1, 0, 0
245000, 987136, 1, 0, 0
246000, 1000448, 1, 0, 0
247000, 1243136, 1, 0, 0
248000, 1181696, 1, 0, 0
249000, 1138688, 1, 0, 0
250000, 1122304, 1, 0, 0
251000, 1155072, 1, 0, 0
252000, 1076224, 1, 0, 0
253000, 1121377, 1, 0, 0
254000, 1447936, 1, 0, 0
255000, 430080, 1, 0, 0
256000, 1205248, 1, 0, 0
257000, 1213440, 1, 0, 0
258000, 1321984, 1, 0, 0
259000, 1762304, 1, 0, 0
260000, 1290506, 1, 0, 0
261000, 1190912, 1, 0, 0
262000, 1278976, 1, 0, 0
263000, 974848, 1, 0, 0
264000, 1047552, 1, 0, 0
265000, 1220608, 1, 0, 0
266000, 1195008, 1, 0, 0
267000, 1081344, 1, 0, 0
268000, 1129472, 1, 0, 0
269000, 1242330, 1, 0, 0
270000, 1106944, 1, 0, 0
271000, 1212416, 1, 0, 0
272000, 1196032, 1, 0, 0
273000, 1097728, 1, 0, 0
274000, 1126400, 1, 0, 0
275000, 1421312, 1, 0, 0
276000, 1447936, 1, 0, 0
277000, 1112064, 1, 0, 0
278000, 1067051, 1, 0, 0
279000, 1198080, 1, 0, 0
280000, 1148928, 1, 0, 0
281000, 1209344, 1, 0, 0
282000, 1261568, 1, 0, 0
283000, 1124352, 1, 0, 0
284000, 1177600, 1, 0, 0
285000, 1174528, 1, 0, 0
286000, 1170432, 1, 0, 0
287000, 1390592, 1, 0, 0
288000, 1441792, 1, 0, 0
289000, 983040, 1, 0, 0
290000, 972800, 1, 0, 0
291000, 922624, 1, 0, 0
292000, 1216704, 1, 0, 0
293000, 1364992, 1, 0, 0
294000, 1284096, 1, 0, 0
295000, 998400, 1, 0, 0
296000, 1285120, 1, 0, 0
297000, 1134592, 1, 0, 0
298000, 1121280, 1, 0, 0
299001, 1234944, 1, 0, 0
300000, 1190054, 1, 0, 0
