1000, 2280448, 1, 0, 0
2000, 1285120, 1, 0, 0
3000, 1174678, 1, 0, 0
4000, 670720, 1, 0, 0
5000, 1170432, 1, 0, 0
6000, 1082368, 1, 0, 0
7000, 1058816, 1, 0, 0
8000, 1086464, 1, 0, 0
9000, 1010688, 1, 0, 0
10000, 1161216, 1, 0, 0
11000, 867328, 1, 0, 0
12000, 1080320, 1, 0, 0
13000, 1107968, 1, 0, 0
14000, 1068032, 1, 0, 0
15000, 1066026, 1, 0, 0
16000, 1088512, 1, 0, 0
17000, 1167360, 1, 0, 0
18000, 1041408, 1, 0, 0
19000, 1304576, 1, 0, 0
20000, 1308672, 1, 0, 0
21000, 1189888, 1, 0, 0
22000, 1118302, 1, 0, 0
23000, 1397760, 1, 0, 0
24000, 1367040, 1, 0, 0
25000, 1164288, 1, 0, 0
26000, 1132544, 1, 0, 0
27000, 1647616, 1, 0, 0
28000, 1390592, 1, 0, 0
29000, 1650688, 1, 0, 0
30000, 1429504, 1, 0, 0
31000, 1375232, 1, 0, 0
32000, 1466368, 1, 0, 0
33000, 1338682, 1, 0, 0
34000, 1209344, 1, 0, 0
35000, 1470464, 1, 0, 0
36000, 1219584, 1, 0, 0
37000, 1181696, 1, 0, 0
38000, 1374208, 1, 0, 0
39000, 1123328, 1, 0, 0
40000, 962560, 1, 0, 0
41000, 841728, 1, 0, 0
42000, 1129472, 1, 0, 0
43000, 988160, 1, 0, 0
44000, 1096704, 1, 0, 0
45000, 1009649, 1, 0, 0
46000, 1089536, 1, 0, 0
47000, 1103872, 1, 0, 0
48000, 1053696, 1, 0, 0
49000, 1088512, 1, 0, 0
50000, 1132544, 1, 0, 0
51000, 1566720, 1, 0, 0
52000, 1476608, 1, 0, 0
53000, 1588224, 1, 0, 0
54000, 2308096, 1, 0, 0
55000, 1607239, 1, 0, 0
56000, 1257472, 1, 0, 0
57000, 1259520, 1, 0, 0
58000, 1250304, 1, 0, 0
59000, 1353728, 1, 0, 0
60000, 1376256, 1, 0, 0
61000, 1132544, 1, 0, 0
62000, 1141760, 1, 0, 0
63000, 1299456, 1, 0, 0
64000, 1030144, 1, 0, 0
65000, 1508836, 1, 0, 0
66000, 1566720, 1, 0, 0
67000, 1634304, 1, 0, 0
68000, 1226752, 1, 0, 0
69000, 1220608, 1, 0, 0
70000, 1146880, 1, 0, 0
71000, 989184, 1, 0, 0
72000, 1037312, 1, 0, 0
73000, 997376, 1, 0, 0
74000, 1418240, 1, 0, 0
75000, 1285381, 1, 0, 0
76000, 1137664, 1, 0, 0
77000, 1310720, 1, 0, 0
78000, 1276928, 1, 0, 0
79000, 1324032, 1, 0, 0
80000, 1174528, 1, 0, 0
81000, 1051648, 1, 0, 0
82000, 1198080, 1, 0, 0
83000, 1157120, 1, 0, 0
84000, 1400832, 1, 0, 0
85000, 1475584, 1, 0, 0
86000, 1284096, 1, 0, 0
87000, 1037325, 1, 0, 0
88000, 1219584, 1, 0, 0
89000, 1653760, 1, 0, 0
90000, 1146880, 1, 0, 0
91000, 1238016, 1, 0, 0
92000, 1260544, 1, 0, 0
93000, 1172480, 1, 0, 0
94000, 1054720, 1, 0, 0
95000, 1133568, 1, 0, 0
96000, 1071104, 1, 0, 0
97000, 1053696, 1, 0, 0
98000, 972800, 1, 0, 0
99000, 1101824, 1, 0, 0
100000, 1147904, 1, 0, 0
101000, 1162240, 1, 0, 0
102000, 1344832, 1, 0, 0
103000, 1145856, 1, 0, 0
104000, 1097728, 1, 0, 0
105000, 1100800, 1, 0, 0
106000, 743424, 1, 0, 0
107000, 844800, 1, 0, 0
108000, 1040384, 1, 0, 0
109000, 1081344, 1, 0, 0
110000, 912384, 1, 0, 0
111000, 1003520, 1, 0, 0
112000, 1054720, 1, 0, 0
113000, 1044500, 1, 0, 0
114000, 1000448, 1, 0, 0
115000, 998400, 1, 0, 0
116000, 1514496, 1, 0, 0
117000, 1214464, 1, 0, 0
118000, 980992, 1, 0, 0
119000, 951296, 1, 0, 0
120000, 1112064, 1, 0, 0
121000, 1199279, 1, 0, 0
122000, 1081344, 1, 0, 0
123000, 1050624, 1, 0, 0
124000, 1690624, 1, 0, 0
125000, 962560, 1, 0, 0
126000, 1097728, 1, 0, 0
127000, 1257705, 1, 0, 0
128000, 1223680, 1, 0, 0
129000, 1232896, 1, 0, 0
130000, 1120256, 1, 0, 0
131000, 1182720, 1, 0, 0
132000, 1304576, 1, 0, 0
133000, 1272832, 1, 0, 0
134000, 1139827, 1, 0, 0
135000, 991232, 1, 0, 0
136000, 1084416, 1, 0, 0
137000, 1060864, 1, 0, 0
138000, 1152000, 1, 0, 0
139000, 1000448, 1, 0, 0
140000, 414720, 1, 0, 0
141000, 1202176, 1, 0, 0
142000, 1256448, 1, 0, 0
143000, 1044480, 1, 0, 0
144000, 1038350, 1, 0, 0
145000, 1099776, 1, 0, 0
146000, 932864, 1, 0, 0
147000, 907264, 1, 0, 0
148000, 724992, 1, 0, 0
149000, 1001472, 1, 0, 0
150000, 522240, 1, 0, 0
151000, 1179648, 1, 0, 0
152000, 1005568, 1, 0, 0
153000, 836608, 1, 0, 0
154000, 788480, 1, 0, 0
155000, 1136752, 1, 0, 0
156000, 1114112, 1, 0, 0
157000, 1135616, 1, 0, 0
158000, 998400, 1, 0, 0
159000, 1565696, 1, 0, 0
160000, 1216512, 1, 0, 0
161000, 1190912, 1, 0, 0
162000, 1396736, 1, 0, 0
163000, 1251328, 1, 0, 0
164000, 1343488, 1, 0, 0
165000, 1062912, 1, 0, 0
166000, 879471, 1, 0, 0
167000, 1013760, 1, 0, 0
168000, 1065984, 1, 0, 0
169000, 1128448, 1, 0, 0
170000, 1206272, 1, 0, 0
171000, 1418240, 1, 0, 0
172000, 1491968, 1, 0, 0
173000, 1171456, 1, 0, 0
174000, 973824, 1, 0, 0
175000, 1075200, 1, 0, 0
176000, 1103872, 1, 0, 0
177000, 1172480, 1, 0, 0
178000, 1084476, 1, 0, 0
179000, 1238016, 1, 0, 0
180000, 1290240, 1, 0, 0
181000, 1263616, 1, 0, 0
182000, 1484800, 1, 0, 0
183000, 1536000, 1, 0, 0
184000, 1301504, 1, 0, 0
185000, 1128448, 1, 0, 0
186000, 959488, 1, 0, 0
187000, 1044480, 1, 0, 0
188000, 1092608, 1, 0, 0
189000, 818994, 1, 0, 0
190000, 988160, 1, 0, 0
191000, 1128448, 1, 0, 0
192000, 1203200, 1, 0, 0
193000, 1409024, 1, 0, 0
194000, 1350656, 1, 0, 0
195000, 1288192, 1, 0, 0
196000, 966656, 1, 0, 0
197000, 970752, 1, 0, 0
198000, 1082368, 1, 0, 0
199000, 1399808, 1, 0, 0
200000, 1577984, 1, 0, 0
201000, 1559063, 1, 0, 0
202000, 1270784, 1, 0, 0
203000, 1510400, 1, 0, 0
204000, 1308672, 1, 0, 0
205000, 1293312, 1, 0, 0
206000, 1559552, 1, 0, 0
207000, 786432, 1, 0, 0
208000, 1140736, 1, 0, 0
209000, 1012736, 1, 0, 0
210000, 1093632, 1, 0, 0
211000, 1057792, 1, 0, 0
212000, 1091584, 1, 0, 0
213000, 1150078, 1, 0, 0
214000, 1402880, 1, 0, 0
215000, 1427456, 1, 0, 0
216000, 1323008, 1, 0, 0
217000, 1367040, 1, 0, 0
218000, 1304576, 1, 0, 0
219000, 1272832, 1, 0, 0
220000, 1048576, 1, 0, 0
221000, 1131627, 1, 0, 0
222000, 1296384, 1, 0, 0
223000, 1168384, 1, 0, 0
224000, 755712, 1, 0, 0
225000, 1029120, 1, 0, 0
226000, 1077248, 1, 0, 0
227000, 1181696, 1, 0, 0
228000, 1113088, 1, 0, 0
229000, 1312768, 1, 0, 0
230000, 1154048, 1, 0, 0
231000, 1045525, 1, 0, 0
232000, 912384, 1, 0, 0
233000, 1154048, 1, 0, 0
234000, 1008640, 1, 0, 0
235000, 1164288, 1, 0, 0
236000, 1319936, 1, 0, 0
237000, 1261568, 1, 0, 0
238000, 1104896, 1, 0, 0
239000, 871424, 1, 0, 0
240000, 1295360, 1, 0, 0
241000, 1412096, 1, 0, 0
242000, 1409409, 1, 0, 0
243000, 1691648, 1, 0, 0
244000, 1560576, 1, 0, 0
245000, 1390592, 1, 0, 0
246000, 1541120, 1, 0, 0
247000, 1042432, 1, 0, 0
248000, 1165312, 1, 0, 0
249000, 1256448, 1, 0, 0
250000, 1180672, 1, 0, 0
251000, 1073152, 1, 0, 0
252000, 927744, 1, 0, 0
253000, 1101901, 1, 0, 0
254000, 1164288, 1, 0, 0
255000, 516096, 1, 0, 0
256000, 874496, 1, 0, 0
257000, 1259520, 1, 0, 0
258000, 1229824, 1, 0, 0
259000, 960512, 1, 0, 0
260000, 1095751, 1, 0, 0
261000, 1105920, 1, 0, 0
262000, 1310720, 1, 0, 0
263000, 1689600, 1, 0, 0
264000, 1531904, 1, 0, 0
265000, 1204224, 1, 0, 0
266000, 1082368, 1, 0, 0
267000, 1114112, 1, 0, 0
268000, 1141760, 1, 0, 0
269000, 1141877, 1, 0, 0
270000, 1199104, 1, 0, 0
271000, 1421312, 1, 0, 0
272000, 1067008, 1, 0, 0
273000, 1252352, 1, 0, 0
274000, 1012736, 1, 0, 0
275000, 1006592, 1, 0, 0
276000, 658432, 1, 0, 0
277000, 902144, 1, 0, 0
278000, 1545737, 1, 0, 0
279000, 1306624, 1, 0, 0
280000, 1205248, 1, 0, 0
281000, 1179648, 1, 0, 0
282000, 1112064, 1, 0, 0
283000, 973824, 1, 0, 0
284000, 1060864, 1, 0, 0
285000, 1181696, 1, 0, 0
286000, 1229824, 1, 0, 0
287000, 988160, 1, 0, 0
288000, 992256, 1, 0, 0
289000, 1030144, 1, 0, 0
290000, 927744, 1, 0, 0
291000, 684032, 1, 0, 0
292000, 1145977, 1, 0, 0
293000, 842752, 1, 0, 0
294000, 1118208, 1, 0, 0
295000, 1291264, 1, 0, 0
296000, 1069056, 1, 0, 0
297000, 951296, 1, 0, 0
298000, 979968, 1, 0, 0
299000, 1068032, 1, 0, 0
300000, 1401209, 1, 0, 0
