1001, 2000943, 1, 0, 0
2001, 568320, 1, 0, 0
3000, 379259, 1, 0, 0
4000, 378880, 1, 0, 0
5000, 387072, 1, 0, 0
6000, 384000, 1, 0, 0
7000, 396288, 1, 0, 0
8000, 382976, 1, 0, 0
9000, 387072, 1, 0, 0
10000, 377856, 1, 0, 0
11000, 392192, 1, 0, 0
12000, 390144, 1, 0, 0
13000, 396288, 1, 0, 0
14000, 415744, 1, 0, 0
15001, 379904, 1, 0, 0
16001, 515072, 1, 0, 0
17000, 641665, 1, 0, 0
18000, 700416, 1, 0, 0
19000, 395264, 1, 0, 0
20000, 398336, 1, 0, 0
21000, 397312, 1, 0, 0
22000, 399360, 1, 0, 0
23000, 404480, 1, 0, 0
24000, 398336, 1, 0, 0
25000, 399360, 1, 0, 0
26000, 355328, 1, 0, 0
27000, 342016, 1, 0, 0
28000, 336896, 1, 0, 0
29001, 330752, 1, 0, 0
30001, 350208, 1, 0, 0
31000, 346458, 1, 0, 0
32000, 344064, 1, 0, 0
33000, 359424, 1, 0, 0
34000, 345088, 1, 0, 0
35000, 348160, 1, 0, 0
36000, 343040, 1, 0, 0
37000, 342016, 1, 0, 0
38000, 339968, 1, 0, 0
39000, 343040, 1, 0, 0
40000, 337920, 1, 0, 0
41000, 346112, 1, 0, 0
42000, 336896, 1, 0, 0
43000, 342016, 1, 0, 0
44001, 334848, 1, 0, 0
45000, 452036, 1, 0, 0
46000, 339968, 1, 0, 0
47000, 343040, 1, 0, 0
48000, 347136, 1, 0, 0
49000, 336896, 1, 0, 0
50000, 340992, 1, 0, 0
51000, 342016, 1, 0, 0
52000, 343040, 1, 0, 0
53000, 338944, 1, 0, 0
54000, 836608, 1, 0, 0
55000, 1378304, 1, 0, 0
56001, 1147904, 1, 0, 0
57000, 1156228, 1, 0, 0
58000, 974848, 1, 0, 0
59000, 1017856, 1, 0, 0
60000, 1568768, 1, 0, 0
61000, 1157120, 1, 0, 0
62000, 1160192, 1, 0, 0
63001, 1167360, 1, 0, 0
64000, 1104976, 1, 0, 0
65000, 1167360, 1, 0, 0
66000, 1156096, 1, 0, 0
67000, 335872, 1, 0, 0
68000, 329728, 1, 0, 0
69000, 314368, 1, 0, 0
70000, 368640, 1, 0, 0
71000, 417792, 1, 0, 0
72001, 993280, 1, 0, 0
73000, 1162378, 1, 0, 0
74000, 1159168, 1, 0, 0
75000, 1245184, 1, 0, 0
76000, 1140736, 1, 0, 0
77000, 1026048, 1, 0, 0
78000, 1440768, 1, 0, 0
79000, 1122304, 1, 0, 0
80000, 1198080, 1, 0, 0
81001, 1150976, 1, 0, 0
82000, 1083451, 1, 0, 0
83000, 1459200, 1, 0, 0
84000, 1252352, 1, 0, 0
85000, 1158144, 1, 0, 0
86000, 1125376, 1, 0, 0
87000, 1175552, 1, 0, 0
88000, 1143808, 1, 0, 0
89000, 1053696, 1, 0, 0
90000, 340992, 1, 0, 0
91000, 324608, 1, 0, 0
92000, 546816, 1, 0, 0
93000, 339968, 1, 0, 0
94000, 329728, 1, 0, 0
95001, 343040, 1, 0, 0
96001, 339968, 1, 0, 0
97000, 351583, 1, 0, 0
98000, 1470464, 1, 0, 0
99000, 1153024, 1, 0, 0
100000, 1297408, 1, 0, 0
101000, 1152000, 1, 0, 0
102000, 979968, 1, 0, 0
103000, 1087488, 1, 0, 0
104000, 1283072, 1, 0, 0
105000, 1324032, 1, 0, 0
106000, 3220480, 1, 0, 0
107000, 3550208, 1, 0, 0
108000, 3621888, 1, 0, 0
109001, 3631104, 1, 0, 0
110001, 3550208, 1, 0, 0
111000, 3621413, 1, 0, 0
112000, 3299328, 1, 0, 0
113000, 2572288, 1, 0, 0
114000, 3331072, 1, 0, 0
115000, 2757632, 1, 0, 0
116000, 3412992, 1, 0, 0
117000, 3613696, 1, 0, 0
118000, 3624960, 1, 0, 0
119000, 2436096, 1, 0, 0
120000, 335872, 1, 0, 0
121000, 336896, 1, 0, 0
122000, 347136, 1, 0, 0
123000, 344064, 1, 0, 0
124001, 350208, 1, 0, 0
125001, 333824, 1, 0, 0
126000, 343383, 1, 0, 0
127000, 342016, 1, 0, 0
128000, 352256, 1, 0, 0
129000, 374784, 1, 0, 0
130000, 348160, 1, 0, 0
131000, 329728, 1, 0, 0
132000, 403456, 1, 0, 0
133000, 337920, 1, 0, 0
134000, 362496, 1, 0, 0
135000, 356352, 1, 0, 0
136000, 344064, 1, 0, 0
137000, 345088, 1, 0, 0
138000, 330752, 1, 0, 0
139001, 340992, 1, 0, 0
140000, 338258, 1, 0, 0
141000, 345088, 1, 0, 0
142000, 343040, 1, 0, 0
143000, 342016, 1, 0, 0
144000, 357376, 1, 0, 0
145000, 336896, 1, 0, 0
146000, 335872, 1, 0, 0
147001, 326656, 1, 0, 0
148000, 346458, 1, 0, 0
149000, 339968, 1, 0, 0
150000, 343040, 1, 0, 0
151000, 335872, 1, 0, 0
152000, 340992, 1, 0, 0
153000, 345088, 1, 0, 0
154000, 339968, 1, 0, 0
155000, 337920, 1, 0, 0
156000, 987136, 1, 0, 0
157000, 3599360, 1, 0, 0
158000, 3613696, 1, 0, 0
159001, 3610624, 1, 0, 0
160000, 3600912, 1, 0, 0
161000, 3597312, 1, 0, 0
162000, 2756608, 1, 0, 0
163000, 3409920, 1, 0, 0
164000, 3609600, 1, 0, 0
165000, 2895872, 1, 0, 0
166000, 3557376, 1, 0, 0
167000, 3609600, 1, 0, 0
168000, 3462144, 1, 0, 0
169000, 3618816, 1, 0, 0
170000, 3620864, 1, 0, 0
171000, 3593216, 1, 0, 0
172000, 3256320, 1, 0, 0
173001, 3496960, 1, 0, 0
174001, 1461248, 1, 0, 0
175000, 1159303, 1, 0, 0
176000, 1174528, 1, 0, 0
177000, 1058816, 1, 0, 0
178000, 1160192, 1, 0, 0
179000, 1086464, 1, 0, 0
180000, 1071104, 1, 0, 0
181000, 1091584, 1, 0, 0
182000, 1125376, 1, 0, 0
183000, 1182720, 1, 0, 0
184000, 1178624, 1, 0, 0
185000, 623616, 1, 0, 0
186000, 344064, 1, 0, 0
187000, 333824, 1, 0, 0
188001, 344064, 1, 0, 0
189000, 351583, 1, 0, 0
190000, 344064, 1, 0, 0
191000, 337920, 1, 0, 0
192000, 328704, 1, 0, 0
193000, 337920, 1, 0, 0
194000, 350208, 1, 0, 0
195000, 1049600, 1, 0, 0
196000, 1122304, 1, 0, 0
197000, 1149952, 1, 0, 0
198000, 1294336, 1, 0, 0
199000, 917504, 1, 0, 0
200000, 337920, 1, 0, 0
201000, 324608, 1, 0, 0
202001, 332800, 1, 0, 0
203000, 326982, 1, 0, 0
204000, 346112, 1, 0, 0
205000, 333824, 1, 0, 0
206000, 338944, 1, 0, 0
207000, 320512, 1, 0, 0
208000, 333824, 1, 0, 0
209000, 337920, 1, 0, 0
210000, 330752, 1, 0, 0
211000, 331776, 1, 0, 0
212000, 324608, 1, 0, 0
213000, 332800, 1, 0, 0
214000, 332800, 1, 0, 0
215000, 328704, 1, 0, 0
216001, 334848, 1, 0, 0
217001, 359424, 1, 0, 0
218000, 361833, 1, 0, 0
219000, 332800, 1, 0, 0
220000, 1089536, 1, 0, 0
221000, 1145856, 1, 0, 0
222000, 1120256, 1, 0, 0
223000, 1164288, 1, 0, 0
224000, 1154048, 1, 0, 0
225000, 515072, 1, 0, 0
226000, 340992, 1, 0, 0
227000, 334848, 1, 0, 0
228000, 324608, 1, 0, 0
229000, 331776, 1, 0, 0
230001, 329728, 1, 0, 0
231000, 336208, 1, 0, 0
232000, 348160, 1, 0, 0
233000, 377856, 1, 0, 0
234000, 369664, 1, 0, 0
235000, 377856, 1, 0, 0
236000, 403456, 1, 0, 0
237000, 1204224, 1, 0, 0
238000, 1153024, 1, 0, 0
239000, 1146880, 1, 0, 0
240000, 1499136, 1, 0, 0
241000, 1251328, 1, 0, 0
242000, 993280, 1, 0, 0
243000, 1083392, 1, 0, 0
244001, 1300480, 1, 0, 0
245001, 1149952, 1, 0, 0
246000, 1152128, 1, 0, 0
247000, 2034688, 1, 0, 0
248000, 2378752, 1, 0, 0
249000, 2361344, 1, 0, 0
250000, 3173376, 1, 0, 0
251000, 1772544, 1, 0, 0
252000, 331776, 1, 0, 0
253000, 347136, 1, 0, 0
254001, 348160, 1, 0, 0
255000, 399759, 1, 0, 0
256000, 382976, 1, 0, 0
257000, 388096, 1, 0, 0
258000, 390144, 1, 0, 0
259000, 395264, 1, 0, 0
260000, 397312, 1, 0, 0
261000, 370688, 1, 0, 0
262000, 335872, 1, 0, 0
263000, 939008, 1, 0, 0
264000, 449536, 1, 0, 0
265000, 331776, 1, 0, 0
266000, 343040, 1, 0, 0
267000, 349184, 1, 0, 0
268001, 340992, 1, 0, 0
269001, 316416, 1, 0, 0
270000, 1117277, 1, 0, 0
271000, 1156096, 1, 0, 0
272000, 1157120, 1, 0, 0
273000, 1161216, 1, 0, 0
274000, 1143808, 1, 0, 0
275000, 1097728, 1, 0, 0
276000, 1136640, 1, 0, 0
277000, 1153024, 1, 0, 0
278000, 1160192, 1, 0, 0
279000, 1154048, 1, 0, 0
280000, 1168384, 1, 0, 0
281000, 1121280, 1, 0, 0
282001, 1142784, 1, 0, 0
283001, 1240064, 1, 0, 0
284000, 1261805, 1, 0, 0
285000, 1161216, 1, 0, 0
286000, 1152000, 1, 0, 0
287000, 1171456, 1, 0, 0
288000, 1150976, 1, 0, 0
289000, 1162240, 1, 0, 0
290000, 1162240, 1, 0, 0
291000, 1312768, 1, 0, 0
292000, 1372160, 1, 0, 0
293000, 1045504, 1, 0, 0
294000, 1214464, 1, 0, 0
295000, 1195008, 1, 0, 0
296000, 1380352, 1, 0, 0
297001, 1276928, 1, 0, 0
298000, 1147003, 1, 0, 0
299000, 1152000, 1, 0, 0
300000, 1110016, 1, 0, 0
301000, 409600, 1, 0, 0
302000, 549888, 1, 0, 0
303000, 1160192, 1, 0, 0
304000, 1141760, 1, 0, 0
305000, 1309696, 1, 0, 0
306000, 1216512, 1, 0, 0
307000, 1150976, 1, 0, 0
308000, 1140736, 1, 0, 0
309000, 1182720, 1, 0, 0
310000, 1140736, 1, 0, 0
311001, 1182720, 1, 0, 0
312001, 1145856, 1, 0, 0
313000, 1137777, 1, 0, 0
314000, 1110016, 1, 0, 0
315000, 3287040, 1, 0, 0
316000, 3614720, 1, 0, 0
317000, 3559424, 1, 0, 0
318000, 3614720, 1, 0, 0
319000, 3588096, 1, 0, 0
320000, 3597312, 1, 0, 0
321000, 3161088, 1, 0, 0
322000, 3611648, 1, 0, 0
323000, 3603456, 1, 0, 0
324000, 3606528, 1, 0, 0
325000, 3586048, 1, 0, 0
326001, 3604480, 1, 0, 0
327000, 3600912, 1, 0, 0
328000, 1714176, 1, 0, 0
329000, 1150976, 1, 0, 0
330000, 415744, 1, 0, 0
331000, 334848, 1, 0, 0
332000, 361472, 1, 0, 0
333000, 369664, 1, 0, 0
334000, 338944, 1, 0, 0
335000, 353280, 1, 0, 0
336000, 338944, 1, 0, 0
337000, 342016, 1, 0, 0
338000, 347136, 1, 0, 0
339000, 336896, 1, 0, 0
340001, 340992, 1, 0, 0
341001, 347136, 1, 0, 0
342000, 346458, 1, 0, 0
343000, 358400, 1, 0, 0
344000, 343040, 1, 0, 0
345000, 347136, 1, 0, 0
346000, 340992, 1, 0, 0
347000, 347136, 1, 0, 0
348000, 338944, 1, 0, 0
349000, 337920, 1, 0, 0
350000, 345088, 1, 0, 0
351000, 335872, 1, 0, 0
352000, 350208, 1, 0, 0
353000, 413696, 1, 0, 0
354001, 479232, 1, 0, 0
355001, 390144, 1, 0, 0
356000, 389509, 1, 0, 0
357000, 390144, 1, 0, 0
358000, 393216, 1, 0, 0
359000, 386048, 1, 0, 0
360000, 368640, 1, 0, 0
361000, 906240, 1, 0, 0
362000, 1047552, 1, 0, 0
363000, 1159168, 1, 0, 0
364000, 1148928, 1, 0, 0
365000, 1158144, 1, 0, 0
366000, 1153024, 1, 0, 0
367000, 1147904, 1, 0, 0
368000, 1133568, 1, 0, 0
369001, 1139712, 1, 0, 0
370000, 1155203, 1, 0, 0
371000, 1198080, 1, 0, 0
372000, 1333248, 1, 0, 0
373000, 1119232, 1, 0, 0
374000, 1589248, 1, 0, 0
375000, 672768, 1, 0, 0
376000, 398336, 1, 0, 0
377000, 373760, 1, 0, 0
378000, 1052672, 1, 0, 0
379000, 2606080, 1, 0, 0
380000, 1889280, 1, 0, 0
381000, 2707456, 1, 0, 0
382000, 2763776, 1, 0, 0
383001, 3354624, 1, 0, 0
384001, 1011712, 1, 0, 0
385000, 1120352, 1, 0, 0
386000, 1060864, 1, 0, 0
387000, 1111040, 1, 0, 0
388000, 552960, 1, 0, 0
389000, 374784, 1, 0, 0
390000, 395264, 1, 0, 0
391000, 400384, 1, 0, 0
392000, 380928, 1, 0, 0
393000, 412672, 1, 0, 0
394000, 374784, 1, 0, 0
395000, 384000, 1, 0, 0
396000, 373760, 1, 0, 0
397000, 385024, 1, 0, 0
398001, 373760, 1, 0, 0
399000, 376184, 1, 0, 0
400000, 375808, 1, 0, 0
401000, 374784, 1, 0, 0
402000, 394240, 1, 0, 0
403000, 384000, 1, 0, 0
404000, 379904, 1, 0, 0
405000, 384000, 1, 0, 0
406000, 381952, 1, 0, 0
407000, 397312, 1, 0, 0
408000, 375808, 1, 0, 0
409000, 377856, 1, 0, 0
410000, 375808, 1, 0, 0
411000, 384000, 1, 0, 0
412001, 362496, 1, 0, 0
413001, 358400, 1, 0, 0
414000, 356708, 1, 0, 0
415000, 365568, 1, 0, 0
416000, 343040, 1, 0, 0
417000, 350208, 1, 0, 0
418000, 342016, 1, 0, 0
419000, 338944, 1, 0, 0
420000, 334848, 1, 0, 0
421000, 349184, 1, 0, 0
422000, 338944, 1, 0, 0
423000, 346112, 1, 0, 0
424000, 331776, 1, 0, 0
425000, 387072, 1, 0, 0
426001, 375808, 1, 0, 0
427001, 354304, 1, 0, 0
428000, 341333, 1, 0, 0
429000, 354304, 1, 0, 0
430000, 334848, 1, 0, 0
431000, 337920, 1, 0, 0
432000, 349184, 1, 0, 0
433000, 377856, 1, 0, 0
434000, 363520, 1, 0, 0
435000, 372736, 1, 0, 0
436000, 385024, 1, 0, 0
437000, 387072, 1, 0, 0
438000, 380928, 1, 0, 0
439000, 782336, 1, 0, 0
440000, 815104, 1, 0, 0
441001, 343040, 1, 0, 0
442000, 333133, 1, 0, 0
443000, 338944, 1, 0, 0
444000, 338944, 1, 0, 0
445000, 345088, 1, 0, 0
446000, 356352, 1, 0, 0
447000, 349184, 1, 0, 0
448000, 350208, 1, 0, 0
449000, 340992, 1, 0, 0
450000, 331776, 1, 0, 0
451000, 349184, 1, 0, 0
452000, 332800, 1, 0, 0
453000, 349184, 1, 0, 0
454000, 342016, 1, 0, 0
455001, 343040, 1, 0, 0
456001, 356352, 1, 0, 0
457000, 340308, 1, 0, 0
458000, 343040, 1, 0, 0
459000, 355328, 1, 0, 0
460000, 379904, 1, 0, 0
461000, 367616, 1, 0, 0
462000, 388096, 1, 0, 0
463000, 368640, 1, 0, 0
464000, 370688, 1, 0, 0
465000, 373760, 1, 0, 0
466000, 346112, 1, 0, 0
467000, 349184, 1, 0, 0
468000, 329728, 1, 0, 0
469000, 336896, 1, 0, 0
470001, 350208, 1, 0, 0
471000, 345433, 1, 0, 0
472000, 340992, 1, 0, 0
473000, 339968, 1, 0, 0
474000, 336896, 1, 0, 0
475000, 328704, 1, 0, 0
476000, 357376, 1, 0, 0
477000, 367616, 1, 0, 0
478000, 368640, 1, 0, 0
479000, 372736, 1, 0, 0
480000, 377856, 1, 0, 0
481000, 376832, 1, 0, 0
482000, 393216, 1, 0, 0
483000, 369664, 1, 0, 0
484001, 374784, 1, 0, 0
485001, 388096, 1, 0, 0
486000, 378234, 1, 0, 0
487000, 379904, 1, 0, 0
488000, 375808, 1, 0, 0
489000, 392192, 1, 0, 0
490000, 378880, 1, 0, 0
491000, 377856, 1, 0, 0
492000, 381952, 1, 0, 0
493000, 370688, 1, 0, 0
494000, 627712, 1, 0, 0
495000, 1299456, 1, 0, 0
496000, 1258496, 1, 0, 0
497000, 1372160, 1, 0, 0
498000, 1346560, 1, 0, 0
499001, 1411072, 1, 0, 0
500000, 1256680, 1, 0, 0
501000, 1323008, 1, 0, 0
502000, 1461248, 1, 0, 0
503000, 1250304, 1, 0, 0
504000, 1291264, 1, 0, 0
505000, 1238016, 1, 0, 0
506000, 1690624, 1, 0, 0
507000, 1828864, 1, 0, 0
508000, 1737728, 1, 0, 0
509000, 1913856, 1, 0, 0
510000, 1258496, 1, 0, 0
511000, 1195008, 1, 0, 0
512000, 1343488, 1, 0, 0
513001, 1375232, 1, 0, 0
514001, 1276928, 1, 0, 0
515000, 1380708, 1, 0, 0
516000, 1366016, 1, 0, 0
517000, 1329152, 1, 0, 0
518000, 1337344, 1, 0, 0
519000, 1239040, 1, 0, 0
520000, 1277952, 1, 0, 0
521000, 1356800, 1, 0, 0
522000, 1446912, 1, 0, 0
523000, 1311744, 1, 0, 0
524000, 1381376, 1, 0, 0
525000, 374784, 1, 0, 0
526000, 337920, 1, 0, 0
527000, 340992, 1, 0, 0
528001, 337920, 1, 0, 0
529000, 344408, 1, 0, 0
530000, 329728, 1, 0, 0
531000, 335872, 1, 0, 0
532000, 336896, 1, 0, 0
533000, 334848, 1, 0, 0
534000, 339968, 1, 0, 0
535000, 329728, 1, 0, 0
536000, 334848, 1, 0, 0
537000, 321536, 1, 0, 0
538000, 357376, 1, 0, 0
539000, 374784, 1, 0, 0
540000, 374784, 1, 0, 0
541000, 384000, 1, 0, 0
542001, 370688, 1, 0, 0
543001, 381952, 1, 0, 0
544000, 382334, 1, 0, 0
545000, 355328, 1, 0, 0
546000, 352256, 1, 0, 0
547000, 322560, 1, 0, 0
548000, 345088, 1, 0, 0
549000, 465920, 1, 0, 0
550000, 1161216, 1, 0, 0
551000, 1157120, 1, 0, 0
552000, 1183744, 1, 0, 0
553000, 1104896, 1, 0, 0
554000, 1160192, 1, 0, 0
555000, 1148928, 1, 0, 0
556000, 1159168, 1, 0, 0
557001, 1155072, 1, 0, 0
558000, 1153153, 1, 0, 0
559000, 510976, 1, 0, 0
560000, 333824, 1, 0, 0
561000, 353280, 1, 0, 0
562000, 330752, 1, 0, 0
563000, 337920, 1, 0, 0
564000, 332800, 1, 0, 0
565000, 345088, 1, 0, 0
566000, 339968, 1, 0, 0
567000, 346112, 1, 0, 0
568000, 345088, 1, 0, 0
569000, 346112, 1, 0, 0
570000, 337920, 1, 0, 0
571001, 335872, 1, 0, 0
572001, 987136, 1, 0, 0
573000, 1208504, 1, 0, 0
574000, 1169408, 1, 0, 0
575000, 1120256, 1, 0, 0
576000, 1161216, 1, 0, 0
577000, 1153024, 1, 0, 0
578000, 1105920, 1, 0, 0
579000, 1234944, 1, 0, 0
580000, 1144832, 1, 0, 0
581000, 1069056, 1, 0, 0
582000, 1235968, 1, 0, 0
583000, 1159168, 1, 0, 0
584000, 1395712, 1, 0, 0
585001, 1104896, 1, 0, 0
586001, 1157120, 1, 0, 0
587000, 620140, 1, 0, 0
588000, 342016, 1, 0, 0
589000, 333824, 1, 0, 0
590000, 332800, 1, 0, 0
591000, 339968, 1, 0, 0
592000, 349184, 1, 0, 0
593000, 340992, 1, 0, 0
594000, 339968, 1, 0, 0
595000, 343040, 1, 0, 0
596000, 340992, 1, 0, 0
597000, 337920, 1, 0, 0
598000, 390144, 1, 0, 0
599000, 410624, 1, 0, 0
600001, 385024, 1, 0, 0
601000, 393609, 1, 0, 0
602000, 403456, 1, 0, 0
603000, 396288, 1, 0, 0
604000, 382976, 1, 0, 0
605000, 399360, 1, 0, 0
606000, 351232, 1, 0, 0
607000, 342016, 1, 0, 0
608000, 326656, 1, 0, 0
609000, 337920, 1, 0, 0
610000, 337920, 1, 0, 0
611000, 326656, 1, 0, 0
612000, 1092608, 1, 0, 0
613000, 327680, 1, 0, 0
614001, 337920, 1, 0, 0
615001, 327680, 1, 0, 0
616000, 656016, 1, 0, 0
617000, 1206272, 1, 0, 0
618000, 1154048, 1, 0, 0
619000, 1162240, 1, 0, 0
620000, 1157120, 1, 0, 0
621000, 1208320, 1, 0, 0
622000, 1213440, 1, 0, 0
623000, 1161216, 1, 0, 0
624000, 1159168, 1, 0, 0
625000, 1168384, 1, 0, 0
626000, 1152000, 1, 0, 0
627000, 1188864, 1, 0, 0
628000, 1290240, 1, 0, 0
629001, 1096704, 1, 0, 0
630001, 1142784, 1, 0, 0
631000, 1162378, 1, 0, 0
632000, 1074176, 1, 0, 0
633000, 429056, 1, 0, 0
634000, 330752, 1, 0, 0
635000, 344064, 1, 0, 0
636000, 737280, 1, 0, 0
637000, 1165312, 1, 0, 0
638000, 1161216, 1, 0, 0
639000, 1256448, 1, 0, 0
640000, 1417216, 1, 0, 0
641000, 3610624, 1, 0, 0
642000, 3625984, 1, 0, 0
643000, 3638272, 1, 0, 0
644001, 3151872, 1, 0, 0
645000, 1919871, 1, 0, 0
646000, 1827840, 1, 0, 0
647000, 1341440, 1, 0, 0
648000, 1456128, 1, 0, 0
649000, 1678336, 1, 0, 0
650000, 1999872, 1, 0, 0
651000, 1780736, 1, 0, 0
652000, 1807360, 1, 0, 0
653000, 1934336, 1, 0, 0
654000, 1937408, 1, 0, 0
655000, 1695744, 1, 0, 0
656000, 1910784, 1, 0, 0
657000, 1593344, 1, 0, 0
658001, 1978368, 1, 0, 0
659001, 1946624, 1, 0, 0
660000, 1874770, 1, 0, 0
661000, 1722368, 1, 0, 0
662000, 1853440, 1, 0, 0
663000, 2079744, 1, 0, 0
664000, 1904640, 1, 0, 0
665000, 2122752, 1, 0, 0
666000, 1017856, 1, 0, 0
667000, 1162240, 1, 0, 0
668000, 1148928, 1, 0, 0
669000, 1161216, 1, 0, 0
670000, 1181696, 1, 0, 0
671000, 1159168, 1, 0, 0
672001, 1250304, 1, 0, 0
673001, 1156096, 1, 0, 0
674000, 2756292, 1, 0, 0
675000, 3529728, 1, 0, 0
676000, 3515392, 1, 0, 0
677000, 3505152, 1, 0, 0
678000, 3516416, 1, 0, 0
679000, 1392640, 1, 0, 0
680000, 1153024, 1, 0, 0
681000, 1155072, 1, 0, 0
682000, 1247232, 1, 0, 0
683000, 1224704, 1, 0, 0
684000, 1095680, 1, 0, 0
685000, 1228800, 1, 0, 0
686000, 1147904, 1, 0, 0
687001, 1165312, 1, 0, 0
688001, 1167360, 1, 0, 0
689000, 948148, 1, 0, 0
690000, 334848, 1, 0, 0
691000, 1029120, 1, 0, 0
692000, 1074176, 1, 0, 0
693000, 1155072, 1, 0, 0
694000, 1147904, 1, 0, 0
695000, 1159168, 1, 0, 0
696000, 1166336, 1, 0, 0
697000, 1153024, 1, 0, 0
698000, 1160192, 1, 0, 0
699000, 1160192, 1, 0, 0
700000, 436224, 1, 0, 0
701001, 325632, 1, 0, 0
702001, 428032, 1, 0, 0
703000, 1166478, 1, 0, 0
704000, 1152000, 1, 0, 0
705000, 1156096, 1, 0, 0
706000, 3468288, 1, 0, 0
707000, 3700736, 1, 0, 0
708000, 3703808, 1, 0, 0
709000, 2326528, 1, 0, 0
710000, 2242560, 1, 0, 0
711000, 3014656, 1, 0, 0
712000, 2740224, 1, 0, 0
713000, 1307648, 1, 0, 0
714000, 1541120, 1, 0, 0
715000, 1619968, 1, 0, 0
716001, 1627136, 1, 0, 0
717001, 1517568, 1, 0, 0
718000, 1585713, 1, 0, 0
719000, 1531904, 1, 0, 0
720000, 1676288, 1, 0, 0
721000, 1029120, 1, 0, 0
722000, 471040, 1, 0, 0
723000, 547840, 1, 0, 0
724000, 566272, 1, 0, 0
725000, 562176, 1, 0, 0
726000, 579584, 1, 0, 0
727000, 560128, 1, 0, 0
728000, 557056, 1, 0, 0
729000, 550912, 1, 0, 0
730000, 665600, 1, 0, 0
731000, 662528, 1, 0, 0
732001, 624640, 1, 0, 0
733001, 556032, 1, 0, 0
734000, 552488, 1, 0, 0
735000, 559104, 1, 0, 0
736000, 547840, 1, 0, 0
737000, 559104, 1, 0, 0
738000, 566272, 1, 0, 0
739000, 559104, 1, 0, 0
740000, 552960, 1, 0, 0
741000, 1487872, 1, 0, 0
742000, 2445312, 1, 0, 0
743000, 2302976, 1, 0, 0
744000, 2240512, 1, 0, 0
745000, 2441216, 1, 0, 0
746000, 2399232, 1, 0, 0
747000, 2335744, 1, 0, 0
748001, 2345984, 1, 0, 0
749001, 2568192, 1, 0, 0
750000, 2214054, 1, 0, 0
751000, 2317312, 1, 0, 0
752000, 2522112, 1, 0, 0
753000, 2391040, 1, 0, 0
754000, 2197504, 1, 0, 0
755000, 2305024, 1, 0, 0
756000, 2450432, 1, 0, 0
757000, 2345984, 1, 0, 0
758000, 2296832, 1, 0, 0
759000, 2279424, 1, 0, 0
760000, 2402304, 1, 0, 0
761000, 2336768, 1, 0, 0
762000, 2257920, 1, 0, 0
763000, 2297856, 1, 0, 0
764001, 2267136, 1, 0, 0
765000, 2365757, 1, 0, 0
766000, 2211840, 1, 0, 0
767000, 1309696, 1, 0, 0
768000, 687104, 1, 0, 0
769000, 1650688, 1, 0, 0
770000, 2705408, 1, 0, 0
771000, 1215488, 1, 0, 0
772000, 3533824, 1, 0, 0
773000, 4630528, 1, 0, 0
774000, 4627456, 1, 0, 0
775000, 4629504, 1, 0, 0
776000, 4628480, 1, 0, 0
777000, 4633600, 1, 0, 0
778000, 4627456, 1, 0, 0
779001, 4631552, 1, 0, 0
780001, 4630528, 1, 0, 0
781000, 4631063, 1, 0, 0
782000, 4628480, 1, 0, 0
783000, 4629504, 1, 0, 0
784000, 4628480, 1, 0, 0
785000, 4634624, 1, 0, 0
786000, 4626432, 1, 0, 0
787000, 4631552, 1, 0, 0
788000, 4628480, 1, 0, 0
789000, 4629504, 1, 0, 0
790000, 4631552, 1, 0, 0
791000, 4631552, 1, 0, 0
792000, 4627456, 1, 0, 0
793000, 4628480, 1, 0, 0
794000, 4630528, 1, 0, 0
795001, 4629504, 1, 0, 0
796001, 4632576, 1, 0, 0
797000, 4627987, 1, 0, 0
798000, 4631552, 1, 0, 0
799000, 4627456, 1, 0, 0
800000, 4631552, 1, 0, 0
801000, 4630528, 1, 0, 0
