1000, 3580928, 1, 0, 0
2000, 3874816, 1, 0, 0
3000, 727040, 1, 0, 0
4000, 377856, 1, 0, 0
5000, 367616, 1, 0, 0
6000, 397312, 1, 0, 0
7000, 417792, 1, 0, 0
8000, 430080, 1, 0, 0
9000, 519168, 1, 0, 0
10000, 513024, 1, 0, 0
11000, 463872, 1, 0, 0
12000, 457728, 1, 0, 0
13000, 463872, 1, 0, 0
14000, 449536, 1, 0, 0
15001, 538624, 1, 0, 0
16000, 620140, 1, 0, 0
17000, 1172480, 1, 0, 0
18000, 1077248, 1, 0, 0
19000, 998400, 1, 0, 0
20000, 1089536, 1, 0, 0
21000, 1117184, 1, 0, 0
22000, 959488, 1, 0, 0
23000, 534528, 1, 0, 0
24000, 1061888, 1, 0, 0
25000, 1258496, 1, 0, 0
26000, 1160192, 1, 0, 0
27000, 1146880, 1, 0, 0
28001, 1177600, 1, 0, 0
29000, 1197229, 1, 0, 0
30000, 1039360, 1, 0, 0
31000, 1336320, 1, 0, 0
32000, 1374208, 1, 0, 0
33000, 1415168, 1, 0, 0
34000, 1569792, 1, 0, 0
35000, 1699840, 1, 0, 0
36000, 1586738, 1, 0, 0
37000, 1395712, 1, 0, 0
38000, 1358848, 1, 0, 0
39000, 1418240, 1, 0, 0
40000, 1242112, 1, 0, 0
41000, 1399808, 1, 0, 0
42000, 1395712, 1, 0, 0
43000, 1364992, 1, 0, 0
44000, 1453056, 1, 0, 0
45000, 1371136, 1, 0, 0
46000, 1351680, 1, 0, 0
47000, 1178624, 1, 0, 0
48000, 1388544, 1, 0, 0
49000, 1139712, 1, 0, 0
50000, 1407359, 1, 0, 0
51000, 1266688, 1, 0, 0
52000, 1440768, 1, 0, 0
53000, 1386496, 1, 0, 0
54000, 1461248, 1, 0, 0
55000, 1294336, 1, 0, 0
56000, 1326080, 1, 0, 0
57000, 1418240, 1, 0, 0
58000, 1748992, 1, 0, 0
59000, 1784832, 1, 0, 0
60000, 1523712, 1, 0, 0
61000, 1746944, 1, 0, 0
62000, 1757184, 1, 0, 0
63000, 1832960, 1, 0, 0
64001, 1824768, 1, 0, 0
65000, 1625689, 1, 0, 0
66000, 1404928, 1, 0, 0
67000, 1429504, 1, 0, 0
68000, 1515520, 1, 0, 0
69000, 1477632, 1, 0, 0
70000, 1484800, 1, 0, 0
71000, 1443840, 1, 0, 0
72000, 1123328, 1, 0, 0
73000, 1129472, 1, 0, 0
74000, 1155072, 1, 0, 0
75000, 1142784, 1, 0, 0
76000, 1252352, 1, 0, 0
77000, 1149952, 1, 0, 0
78000, 1154048, 1, 0, 0
79001, 1118208, 1, 0, 0
80000, 1216704, 1, 0, 0
81000, 1156096, 1, 0, 0
82000, 1108992, 1, 0, 0
83000, 1156096, 1, 0, 0
84000, 1135616, 1, 0, 0
85000, 1193984, 1, 0, 0
86000, 1052672, 1, 0, 0
87000, 1082368, 1, 0, 0
88000, 1098752, 1, 0, 0
89000, 1159168, 1, 0, 0
90000, 1207296, 1, 0, 0
91000, 1243136, 1, 0, 0
92001, 1301504, 1, 0, 0
93000, 1376608, 1, 0, 0
94000, 1248256, 1, 0, 0
95000, 1425408, 1, 0, 0
96000, 1351680, 1, 0, 0
97000, 1377280, 1, 0, 0
98000, 1346560, 1, 0, 0
99000, 1457152, 1, 0, 0
100000, 1380352, 1, 0, 0
101000, 1086464, 1, 0, 0
102000, 1121280, 1, 0, 0
103000, 1113088, 1, 0, 0
104000, 1115136, 1, 0, 0
105000, 1088512, 1, 0, 0
106000, 1179648, 1, 0, 0
107000, 1373533, 1, 0, 0
108000, 1086464, 1, 0, 0
109000, 1086464, 1, 0, 0
110000, 1226752, 1, 0, 0
111000, 1253376, 1, 0, 0
112000, 1411072, 1, 0, 0
113000, 1422336, 1, 0, 0
114000, 1350656, 1, 0, 0
115000, 1320960, 1, 0, 0
116000, 1329152, 1, 0, 0
117000, 1444864, 1, 0, 0
118000, 1491968, 1, 0, 0
119000, 1296384, 1, 0, 0
120000, 1259520, 1, 0, 0
121000, 1296656, 1, 0, 0
122000, 1352704, 1, 0, 0
123000, 1287168, 1, 0, 0
124000, 1403904, 1, 0, 0
125000, 1408000, 1, 0, 0
126000, 1565696, 1, 0, 0
127000, 1532928, 1, 0, 0
128000, 1218560, 1, 0, 0
129000, 1308672, 1, 0, 0
130000, 1396736, 1, 0, 0
131000, 1470464, 1, 0, 0
132000, 1345536, 1, 0, 0
133000, 1338368, 1, 0, 0
134000, 1440768, 1, 0, 0
135000, 1507328, 1, 0, 0
136000, 1379683, 1, 0, 0
137000, 1331200, 1, 0, 0
138000, 1404928, 1, 0, 0
139000, 1612800, 1, 0, 0
140000, 1445888, 1, 0, 0
141000, 1343488, 1, 0, 0
142000, 1343488, 1, 0, 0
143000, 1349632, 1, 0, 0
144000, 1330176, 1, 0, 0
145000, 1323008, 1, 0, 0
146000, 1434624, 1, 0, 0
147000, 1409024, 1, 0, 0
148000, 1274880, 1, 0, 0
149000, 1411072, 1, 0, 0
150001, 1467392, 1, 0, 0
151000, 1379683, 1, 0, 0
152000, 1446912, 1, 0, 0
153000, 1449984, 1, 0, 0
154000, 1351680, 1, 0, 0
155000, 1409024, 1, 0, 0
156000, 1428480, 1, 0, 0
157000, 1313792, 1, 0, 0
158000, 1438720, 1, 0, 0
159000, 1428480, 1, 0, 0
160000, 1119232, 1, 0, 0
161000, 1044480, 1, 0, 0
162000, 1022976, 1, 0, 0
163000, 996352, 1, 0, 0
164000, 1102848, 1, 0, 0
165000, 1171603, 1, 0, 0
166000, 1149952, 1, 0, 0
167000, 1153024, 1, 0, 0
168000, 1162240, 1, 0, 0
169000, 1186816, 1, 0, 0
170000, 1142784, 1, 0, 0
171000, 1165312, 1, 0, 0
172000, 1156096, 1, 0, 0
173000, 1170432, 1, 0, 0
174000, 1167360, 1, 0, 0
175000, 1161216, 1, 0, 0
176000, 1155072, 1, 0, 0
177000, 1171456, 1, 0, 0
178000, 1148928, 1, 0, 0
179001, 1167360, 1, 0, 0
180000, 1157253, 1, 0, 0
181000, 1173504, 1, 0, 0
182000, 1164288, 1, 0, 0
183000, 1156096, 1, 0, 0
184000, 1154048, 1, 0, 0
185000, 1161216, 1, 0, 0
186000, 1160192, 1, 0, 0
187000, 1161216, 1, 0, 0
188000, 1160192, 1, 0, 0
189000, 1167360, 1, 0, 0
190000, 1159168, 1, 0, 0
191000, 1157120, 1, 0, 0
192000, 1158144, 1, 0, 0
193000, 1159168, 1, 0, 0
194000, 1170578, 1, 0, 0
195000, 1049600, 1, 0, 0
196000, 994304, 1, 0, 0
197000, 1008640, 1, 0, 0
198000, 983040, 1, 0, 0
199000, 1004544, 1, 0, 0
200000, 986112, 1, 0, 0
201000, 1013760, 1, 0, 0
202000, 1001472, 1, 0, 0
203000, 991232, 1, 0, 0
204000, 980992, 1, 0, 0
205000, 1037312, 1, 0, 0
206000, 1011712, 1, 0, 0
207000, 949248, 1, 0, 0
208001, 996352, 1, 0, 0
209000, 1030150, 1, 0, 0
210000, 1018880, 1, 0, 0
211000, 1002496, 1, 0, 0
212000, 964608, 1, 0, 0
213000, 991232, 1, 0, 0
214000, 995328, 1, 0, 0
215000, 1083392, 1, 0, 0
216000, 1102848, 1, 0, 0
217000, 1257472, 1, 0, 0
218000, 1205248, 1, 0, 0
219000, 1227776, 1, 0, 0
220000, 1313792, 1, 0, 0
221000, 1341440, 1, 0, 0
222000, 1263616, 1, 0, 0
223000, 1345857, 1, 0, 0
224000, 1277952, 1, 0, 0
225000, 1238016, 1, 0, 0
226000, 1202176, 1, 0, 0
227000, 1398784, 1, 0, 0
228000, 1154048, 1, 0, 0
229000, 1080320, 1, 0, 0
230000, 1178624, 1, 0, 0
231000, 1293312, 1, 0, 0
232000, 1190912, 1, 0, 0
233000, 1255424, 1, 0, 0
234000, 1335296, 1, 0, 0
235000, 1224704, 1, 0, 0
236000, 1309696, 1, 0, 0
237000, 1314816, 1, 0, 0
238000, 1286406, 1, 0, 0
239000, 1572864, 1, 0, 0
240000, 2062336, 1, 0, 0
241000, 2051072, 1, 0, 0
242000, 1956864, 1, 0, 0
243000, 1950720, 1, 0, 0
244000, 2013184, 1, 0, 0
245000, 1963008, 1, 0, 0
246000, 1860608, 1, 0, 0
247000, 1944576, 1, 0, 0
248000, 1950720, 1, 0, 0
249000, 1994752, 1, 0, 0
250000, 2098176, 1, 0, 0
251000, 1987584, 1, 0, 0
252001, 1932288, 1, 0, 0
253000, 1992648, 1, 0, 0
254000, 1256448, 1, 0, 0
255000, 1330176, 1, 0, 0
256000, 1264640, 1, 0, 0
257000, 1261568, 1, 0, 0
258000, 1307648, 1, 0, 0
259000, 1435648, 1, 0, 0
260000, 1922048, 1, 0, 0
261000, 2064384, 1, 0, 0
262000, 2001920, 1, 0, 0
263000, 1970176, 1, 0, 0
264000, 1933312, 1, 0, 0
265000, 1898496, 1, 0, 0
266000, 1935360, 1, 0, 0
267000, 2073625, 1, 0, 0
268000, 1936384, 1, 0, 0
269000, 2072576, 1, 0, 0
270000, 1964032, 1, 0, 0
271000, 1929216, 1, 0, 0
272000, 1980416, 1, 0, 0
273000, 1842176, 1, 0, 0
274000, 1873920, 1, 0, 0
275000, 2017280, 1, 0, 0
276000, 1857536, 1, 0, 0
277000, 1982464, 1, 0, 0
278000, 1992704, 1, 0, 0
279000, 1931264, 1, 0, 0
280000, 1653760, 1, 0, 0
281000, 1832960, 1, 0, 0
282000, 1951647, 1, 0, 0
283000, 1959936, 1, 0, 0
284000, 2053120, 1, 0, 0
285000, 1920000, 1, 0, 0
286000, 1881088, 1, 0, 0
287000, 1987584, 1, 0, 0
288000, 2044928, 1, 0, 0
289000, 2046976, 1, 0, 0
290000, 2015232, 1, 0, 0
291000, 1938432, 1, 0, 0
292000, 1921024, 1, 0, 0
293000, 1944576, 1, 0, 0
294000, 1950720, 1, 0, 0
295000, 948224, 1, 0, 0
296001, 344064, 1, 0, 0
297000, 384384, 1, 0, 0
298000, 371712, 1, 0, 0
299000, 393216, 1, 0, 0
300000, 363520, 1, 0, 0
301000, 343040, 1, 0, 0
302000, 337920, 1, 0, 0
303000, 410624, 1, 0, 0
304000, 1147904, 1, 0, 0
305000, 1128448, 1, 0, 0
306000, 1160192, 1, 0, 0
307000, 1101824, 1, 0, 0
308000, 1071104, 1, 0, 0
309000, 1134592, 1, 0, 0
310000, 1159168, 1, 0, 0
311000, 1094726, 1, 0, 0
312000, 1116160, 1, 0, 0
313000, 1121280, 1, 0, 0
314000, 1114112, 1, 0, 0
315000, 1115136, 1, 0, 0
316000, 1160192, 1, 0, 0
317000, 1145856, 1, 0, 0
318000, 1158144, 1, 0, 0
319000, 1148928, 1, 0, 0
320000, 1075200, 1, 0, 0
321000, 1071104, 1, 0, 0
322000, 547840, 1, 0, 0
323000, 334848, 1, 0, 0
324000, 339968, 1, 0, 0
325001, 318464, 1, 0, 0
326000, 340308, 1, 0, 0
327000, 324608, 1, 0, 0
328000, 1060864, 1, 0, 0
329000, 527360, 1, 0, 0
330000, 329728, 1, 0, 0
331000, 971776, 1, 0, 0
332000, 1118208, 1, 0, 0
333000, 1136640, 1, 0, 0
334000, 1126400, 1, 0, 0
335000, 1176576, 1, 0, 0
336000, 1146880, 1, 0, 0
337000, 1005568, 1, 0, 0
338000, 1127424, 1, 0, 0
339000, 1166336, 1, 0, 0
340000, 1133677, 1, 0, 0
341000, 1033216, 1, 0, 0
342000, 1156096, 1, 0, 0
343000, 1055744, 1, 0, 0
344000, 1150976, 1, 0, 0
345000, 1156096, 1, 0, 0
346000, 1104896, 1, 0, 0
347000, 1052672, 1, 0, 0
348000, 1159168, 1, 0, 0
349000, 1143808, 1, 0, 0
350000, 1089536, 1, 0, 0
351000, 1157120, 1, 0, 0
352000, 1147904, 1, 0, 0
353000, 1158144, 1, 0, 0
354000, 1135616, 1, 0, 0
355000, 1161353, 1, 0, 0
356000, 1114112, 1, 0, 0
357000, 1111040, 1, 0, 0
358000, 1108992, 1, 0, 0
359000, 1061888, 1, 0, 0
360000, 1142784, 1, 0, 0
361000, 988160, 1, 0, 0
362000, 1138688, 1, 0, 0
363000, 362496, 1, 0, 0
364000, 337920, 1, 0, 0
365000, 327680, 1, 0, 0
366000, 325632, 1, 0, 0
367000, 332800, 1, 0, 0
368000, 365568, 1, 0, 0
369001, 388096, 1, 0, 0
370000, 392584, 1, 0, 0
371000, 403456, 1, 0, 0
372000, 394240, 1, 0, 0
373000, 340992, 1, 0, 0
374000, 339968, 1, 0, 0
375000, 320512, 1, 0, 0
376000, 331776, 1, 0, 0
377000, 334848, 1, 0, 0
378000, 336896, 1, 0, 0
379000, 338944, 1, 0, 0
380000, 324608, 1, 0, 0
381000, 330752, 1, 0, 0
382000, 342016, 1, 0, 0
383000, 343040, 1, 0, 0
384000, 330058, 1, 0, 0
385000, 329728, 1, 0, 0
386000, 337920, 1, 0, 0
387000, 329728, 1, 0, 0
388000, 348160, 1, 0, 0
389000, 374784, 1, 0, 0
390000, 367616, 1, 0, 0
391000, 378880, 1, 0, 0
392000, 359424, 1, 0, 0
393000, 422912, 1, 0, 0
394000, 605184, 1, 0, 0
395000, 346112, 1, 0, 0
396000, 332800, 1, 0, 0
397000, 333824, 1, 0, 0
398001, 320512, 1, 0, 0
399000, 336208, 1, 0, 0
400000, 378880, 1, 0, 0
401000, 366592, 1, 0, 0
402000, 386048, 1, 0, 0
403000, 437248, 1, 0, 0
404000, 446464, 1, 0, 0
405000, 356352, 1, 0, 0
406000, 335872, 1, 0, 0
407000, 318464, 1, 0, 0
408000, 1300480, 1, 0, 0
409000, 1850368, 1, 0, 0
410000, 1670144, 1, 0, 0
411000, 1958912, 1, 0, 0
412000, 1744896, 1, 0, 0
413000, 1831719, 1, 0, 0
414000, 1988608, 1, 0, 0
415000, 1004544, 1, 0, 0
416000, 1113088, 1, 0, 0
417000, 1154048, 1, 0, 0
418000, 1144832, 1, 0, 0
419000, 1154048, 1, 0, 0
420000, 1391616, 1, 0, 0
421000, 2003968, 1, 0, 0
422000, 1619968, 1, 0, 0
423000, 331776, 1, 0, 0
424000, 404480, 1, 0, 0
425000, 336896, 1, 0, 0
426000, 1081344, 1, 0, 0
427000, 1233105, 1, 0, 0
428000, 1154048, 1, 0, 0
429000, 1114112, 1, 0, 0
430000, 2251776, 1, 0, 0
431000, 3618816, 1, 0, 0
432000, 3628032, 1, 0, 0
433000, 3619840, 1, 0, 0
434000, 3545088, 1, 0, 0
435000, 1158144, 1, 0, 0
436000, 1157120, 1, 0, 0
437000, 1118208, 1, 0, 0
438000, 1140736, 1, 0, 0
439000, 1143808, 1, 0, 0
440000, 1155072, 1, 0, 0
441000, 1126502, 1, 0, 0
442000, 1118208, 1, 0, 0
443000, 1135616, 1, 0, 0
444000, 2776064, 1, 0, 0
445000, 2210816, 1, 0, 0
446000, 1157120, 1, 0, 0
447000, 1142784, 1, 0, 0
448000, 1125376, 1, 0, 0
449000, 1114112, 1, 0, 0
450000, 1149952, 1, 0, 0
451000, 1147904, 1, 0, 0
452000, 1147904, 1, 0, 0
453000, 1145856, 1, 0, 0
454000, 1119232, 1, 0, 0
455001, 1115136, 1, 0, 0
456000, 1158278, 1, 0, 0
457000, 1103872, 1, 0, 0
458000, 1153024, 1, 0, 0
459000, 1127424, 1, 0, 0
460000, 1125376, 1, 0, 0
461000, 1102848, 1, 0, 0
462000, 1069056, 1, 0, 0
463000, 1154048, 1, 0, 0
464000, 1031168, 1, 0, 0
465000, 1133568, 1, 0, 0
466000, 1113088, 1, 0, 0
467000, 1139712, 1, 0, 0
468000, 1159168, 1, 0, 0
469000, 1147904, 1, 0, 0
470000, 1074226, 1, 0, 0
471000, 1158144, 1, 0, 0
472000, 1136640, 1, 0, 0
473000, 397312, 1, 0, 0
474000, 339968, 1, 0, 0
475000, 332800, 1, 0, 0
476000, 337920, 1, 0, 0
477000, 349184, 1, 0, 0
478000, 343040, 1, 0, 0
479000, 328704, 1, 0, 0
480000, 348160, 1, 0, 0
481000, 345088, 1, 0, 0
482000, 342016, 1, 0, 0
483000, 343040, 1, 0, 0
484000, 346112, 1, 0, 0
485000, 351583, 1, 0, 0
486000, 339968, 1, 0, 0
487000, 353280, 1, 0, 0
488000, 339968, 1, 0, 0
489000, 922624, 1, 0, 0
490000, 1155072, 1, 0, 0
491000, 1159168, 1, 0, 0
492000, 1158144, 1, 0, 0
493000, 1142784, 1, 0, 0
494000, 1155072, 1, 0, 0
495000, 1140736, 1, 0, 0
496000, 1135616, 1, 0, 0
497000, 1136640, 1, 0, 0
498000, 1162240, 1, 0, 0
499001, 1153024, 1, 0, 0
500000, 1142902, 1, 0, 0
501000, 1167360, 1, 0, 0
502000, 1125376, 1, 0, 0
503000, 1120256, 1, 0, 0
504000, 404480, 1, 0, 0
505000, 330752, 1, 0, 0
506000, 343040, 1, 0, 0
507000, 336896, 1, 0, 0
508000, 332800, 1, 0, 0
509000, 328704, 1, 0, 0
510000, 344064, 1, 0, 0
511000, 344064, 1, 0, 0
512000, 333824, 1, 0, 0
513000, 325632, 1, 0, 0
514000, 340308, 1, 0, 0
515000, 322560, 1, 0, 0
516000, 343040, 1, 0, 0
517000, 340992, 1, 0, 0
518000, 1073152, 1, 0, 0
519000, 1160192, 1, 0, 0
520000, 1093632, 1, 0, 0
521000, 1149952, 1, 0, 0
522000, 1036288, 1, 0, 0
523000, 1055744, 1, 0, 0
524000, 1123328, 1, 0, 0
525000, 1147904, 1, 0, 0
526000, 1163264, 1, 0, 0
527000, 1152000, 1, 0, 0
528000, 1133568, 1, 0, 0
529000, 1081401, 1, 0, 0
530000, 1131520, 1, 0, 0
531000, 1141760, 1, 0, 0
532000, 1150976, 1, 0, 0
533000, 1130496, 1, 0, 0
534000, 1102848, 1, 0, 0
535000, 1144832, 1, 0, 0
536000, 1016832, 1, 0, 0
537000, 1137664, 1, 0, 0
538000, 1157120, 1, 0, 0
539000, 1087488, 1, 0, 0
540000, 1200128, 1, 0, 0
541000, 1147003, 1, 0, 0
542000, 1159168, 1, 0, 0
543000, 427008, 1, 0, 0
544000, 328704, 1, 0, 0
545000, 338944, 1, 0, 0
546000, 329728, 1, 0, 0
547000, 339968, 1, 0, 0
548000, 642048, 1, 0, 0
549000, 1149952, 1, 0, 0
550000, 362496, 1, 0, 0
551000, 335872, 1, 0, 0
552000, 327680, 1, 0, 0
553000, 333824, 1, 0, 0
554000, 928768, 1, 0, 0
555000, 1108992, 1, 0, 0
556000, 1126400, 1, 0, 0
557001, 1138688, 1, 0, 0
558000, 1165453, 1, 0, 0
559000, 1146880, 1, 0, 0
560000, 1133568, 1, 0, 0
561000, 1163264, 1, 0, 0
562000, 1129472, 1, 0, 0
563000, 1163264, 1, 0, 0
564000, 1129472, 1, 0, 0
565000, 1063936, 1, 0, 0
566000, 1140736, 1, 0, 0
567000, 1160192, 1, 0, 0
568000, 1157120, 1, 0, 0
569000, 1141760, 1, 0, 0
570000, 1142784, 1, 0, 0
571001, 1100800, 1, 0, 0
572000, 1130602, 1, 0, 0
573000, 1153024, 1, 0, 0
574000, 940032, 1, 0, 0
575000, 1124352, 1, 0, 0
576000, 1154048, 1, 0, 0
577000, 1057792, 1, 0, 0
578000, 1212416, 1, 0, 0
579000, 1072128, 1, 0, 0
580000, 1141760, 1, 0, 0
581000, 2366464, 1, 0, 0
582000, 3503104, 1, 0, 0
583000, 1569792, 1, 0, 0
584000, 1140736, 1, 0, 0
585001, 1130496, 1, 0, 0
586000, 392584, 1, 0, 0
587000, 333824, 1, 0, 0
588000, 336896, 1, 0, 0
589000, 1085440, 1, 0, 0
590000, 1155072, 1, 0, 0
591001, 1159168, 1, 0, 0
592000, 1114202, 1, 0, 0
593000, 1129472, 1, 0, 0
594000, 1114112, 1, 0, 0
595000, 1115136, 1, 0, 0
596000, 1120256, 1, 0, 0
597000, 440320, 1, 0, 0
598000, 337920, 1, 0, 0
599000, 334158, 1, 0, 0
600000, 1068032, 1, 0, 0
601000, 1155072, 1, 0, 0
602000, 1101824, 1, 0, 0
603000, 1111040, 1, 0, 0
604000, 1064960, 1, 0, 0
605000, 1122304, 1, 0, 0
606000, 1133568, 1, 0, 0
607000, 1127424, 1, 0, 0
608001, 1058816, 1, 0, 0
609000, 997349, 1, 0, 0
610000, 465920, 1, 0, 0
611000, 328704, 1, 0, 0
612000, 332800, 1, 0, 0
613000, 472064, 1, 0, 0
614000, 1146880, 1, 0, 0
615000, 1143808, 1, 0, 0
616000, 1140736, 1, 0, 0
617000, 1089536, 1, 0, 0
618001, 1000448, 1, 0, 0
619000, 1106002, 1, 0, 0
620000, 1142784, 1, 0, 0
621000, 1026048, 1, 0, 0
622000, 1081344, 1, 0, 0
623000, 1180672, 1, 0, 0
624000, 1121280, 1, 0, 0
625000, 1090560, 1, 0, 0
626000, 1133568, 1, 0, 0
627000, 1101824, 1, 0, 0
628000, 1158144, 1, 0, 0
629000, 1146880, 1, 0, 0
630000, 1104896, 1, 0, 0
631000, 1069056, 1, 0, 0
632000, 1135616, 1, 0, 0
633000, 1115227, 1, 0, 0
634000, 1016832, 1, 0, 0
635000, 1133568, 1, 0, 0
636000, 1148928, 1, 0, 0
637000, 401408, 1, 0, 0
638000, 977920, 1, 0, 0
639000, 1019904, 1, 0, 0
640000, 1061888, 1, 0, 0
641000, 1148928, 1, 0, 0
642000, 753664, 1, 0, 0
643000, 1110016, 1, 0, 0
644000, 1158144, 1, 0, 0
645000, 1138802, 1, 0, 0
646000, 1034240, 1, 0, 0
647000, 996352, 1, 0, 0
648000, 1150976, 1, 0, 0
649000, 1087488, 1, 0, 0
650000, 1222656, 1, 0, 0
651000, 1537024, 1, 0, 0
652000, 1491968, 1, 0, 0
653000, 1335296, 1, 0, 0
654000, 1518592, 1, 0, 0
655000, 1541120, 1, 0, 0
656000, 1413120, 1, 0, 0
657000, 1507328, 1, 0, 0
658000, 1489920, 1, 0, 0
659000, 1429909, 1, 0, 0
660000, 2132992, 1, 0, 0
661000, 3485696, 1, 0, 0
662000, 1760256, 1, 0, 0
663000, 2055168, 1, 0, 0
664000, 2702336, 1, 0, 0
665000, 2367488, 1, 0, 0
666000, 612352, 1, 0, 0
667000, 461824, 1, 0, 0
668001, 464896, 1, 0, 0
669000, 871271, 1, 0, 0
670000, 466944, 1, 0, 0
671000, 473088, 1, 0, 0
672000, 474112, 1, 0, 0
673000, 480256, 1, 0, 0
674000, 465920, 1, 0, 0
675000, 470016, 1, 0, 0
676000, 1448960, 1, 0, 0
677000, 1529856, 1, 0, 0
678000, 1635328, 1, 0, 0
679000, 1502208, 1, 0, 0
680000, 1544192, 1, 0, 0
681000, 1505280, 1, 0, 0
682000, 1491968, 1, 0, 0
683000, 1503232, 1, 0, 0
684000, 1548812, 1, 0, 0
685000, 1640448, 1, 0, 0
686000, 1525760, 1, 0, 0
687000, 1506304, 1, 0, 0
688000, 1568768, 1, 0, 0
689000, 1312768, 1, 0, 0
690000, 1078272, 1, 0, 0
691000, 458752, 1, 0, 0
692000, 472064, 1, 0, 0
693000, 463872, 1, 0, 0
694000, 714752, 1, 0, 0
695000, 514048, 1, 0, 0
696000, 479232, 1, 0, 0
697000, 470016, 1, 0, 0
698000, 504832, 1, 0, 0
699001, 456704, 1, 0, 0
700000, 452036, 1, 0, 0
701000, 490496, 1, 0, 0
702000, 558080, 1, 0, 0
703000, 563200, 1, 0, 0
704000, 566272, 1, 0, 0
705000, 563200, 1, 0, 0
706000, 1667072, 1, 0, 0
707000, 2234368, 1, 0, 0
708000, 2288640, 1, 0, 0
709000, 2282496, 1, 0, 0
710000, 2241536, 1, 0, 0
711000, 2193408, 1, 0, 0
712000, 2273280, 1, 0, 0
713000, 2185216, 1, 0, 0
714000, 2318336, 1, 0, 0
715001, 2334720, 1, 0, 0
716000, 2300156, 1, 0, 0
717000, 2276352, 1, 0, 0
718000, 755712, 1, 0, 0
719000, 1686528, 1, 0, 0
720000, 2289664, 1, 0, 0
721000, 2326528, 1, 0, 0
722000, 2297856, 1, 0, 0
723000, 983040, 1, 0, 0
724000, 714752, 1, 0, 0
725000, 1431552, 1, 0, 0
726000, 3122176, 1, 0, 0
727000, 3769344, 1, 0, 0
728000, 3439616, 1, 0, 0
729000, 3448832, 1, 0, 0
730000, 3316736, 1, 0, 0
731000, 3508660, 1, 0, 0
732000, 3487744, 1, 0, 0
733000, 3480576, 1, 0, 0
734000, 3512320, 1, 0, 0
735000, 3405824, 1, 0, 0
736000, 3460096, 1, 0, 0
737000, 1777664, 1, 0, 0
738000, 2041856, 1, 0, 0
739000, 2347008, 1, 0, 0
740000, 2331648, 1, 0, 0
741000, 2106368, 1, 0, 0
742000, 2479104, 1, 0, 0
743000, 3950592, 1, 0, 0
744000, 3949568, 1, 0, 0
745000, 3900416, 1, 0, 0
746000, 3590144, 1, 0, 0
747000, 3953521, 1, 0, 0
748000, 3932160, 1, 0, 0
749000, 3677184, 1, 0, 0
750000, 3535872, 1, 0, 0
751000, 3509248, 1, 0, 0
752000, 3522560, 1, 0, 0
