1000, 1245184, 1, 0, 0
2000, 717824, 1, 0, 0
3000, 673441, 1, 0, 0
4000, 408576, 1, 0, 0
5000, 118784, 1, 0, 0
6000, 123904, 1, 0, 0
7000, 111616, 1, 0, 0
8000, 112640, 1, 0, 0
9000, 119808, 1, 0, 0
10000, 115712, 1, 0, 0
11000, 117760, 1, 0, 0
12000, 116736, 1, 0, 0
13000, 120832, 1, 0, 0
14000, 119808, 1, 0, 0
15000, 112640, 1, 0, 0
16000, 115712, 1, 0, 0
17000, 115712, 1, 0, 0
18000, 118784, 1, 0, 0
19000, 124928, 1, 0, 0
20000, 135303, 1, 0, 0
21000, 132096, 1, 0, 0
22000, 125952, 1, 0, 0
23000, 131072, 1, 0, 0
24000, 133120, 1, 0, 0
25000, 130048, 1, 0, 0
26000, 135168, 1, 0, 0
27000, 128000, 1, 0, 0
28000, 134144, 1, 0, 0
29000, 134144, 1, 0, 0
30000, 135168, 1, 0, 0
31000, 129024, 1, 0, 0
32000, 132096, 1, 0, 0
33000, 130048, 1, 0, 0
34000, 130048, 1, 0, 0
35000, 130048, 1, 0, 0
36000, 134278, 1, 0, 0
37000, 134144, 1, 0, 0
38000, 134144, 1, 0, 0
39000, 132096, 1, 0, 0
40000, 135168, 1, 0, 0
41000, 124928, 1, 0, 0
42000, 135168, 1, 0, 0
43000, 134144, 1, 0, 0
44000, 130048, 1, 0, 0
45000, 133120, 1, 0, 0
46000, 126976, 1, 0, 0
47000, 144384, 1, 0, 0
48000, 158720, 1, 0, 0
49000, 154624, 1, 0, 0
50000, 156672, 1, 0, 0
51000, 157696, 1, 0, 0
52000, 145553, 1, 0, 0
53000, 129024, 1, 0, 0
54000, 132096, 1, 0, 0
55000, 132096, 1, 0, 0
56000, 128000, 1, 0, 0
57000, 129024, 1, 0, 0
58000, 131072, 1, 0, 0
59000, 128000, 1, 0, 0
60000, 137216, 1, 0, 0
61000, 133120, 1, 0, 0
62000, 131072, 1, 0, 0
63000, 137216, 1, 0, 0
64000, 135168, 1, 0, 0
65000, 131072, 1, 0, 0
66000, 131072, 1, 0, 0
67000, 190464, 1, 0, 0
68000, 118902, 1, 0, 0
69000, 113664, 1, 0, 0
70000, 124928, 1, 0, 0
71000, 116736, 1, 0, 0
72000, 114688, 1, 0, 0
73000, 124928, 1, 0, 0
74000, 119808, 1, 0, 0
75000, 117760, 1, 0, 0
76000, 114688, 1, 0, 0
77000, 111616, 1, 0, 0
78000, 117760, 1, 0, 0
79000, 117760, 1, 0, 0
80000, 118784, 1, 0, 0
81000, 112640, 1, 0, 0
82000, 128000, 1, 0, 0
83000, 116736, 1, 0, 0
84000, 124028, 1, 0, 0
85000, 118784, 1, 0, 0
86000, 121856, 1, 0, 0
87000, 118784, 1, 0, 0
88000, 115712, 1, 0, 0
89000, 122880, 1, 0, 0
90000, 118784, 1, 0, 0
91000, 112640, 1, 0, 0
92000, 120832, 1, 0, 0
93000, 116736, 1, 0, 0
94000, 334848, 1, 0, 0
95000, 271360, 1, 0, 0
96000, 598016, 1, 0, 0
97000, 578560, 1, 0, 0
98000, 579584, 1, 0, 0
99000, 577536, 1, 0, 0
100000, 580164, 1, 0, 0
101000, 577536, 1, 0, 0
102000, 579584, 1, 0, 0
103000, 1566720, 1, 0, 0
104000, 1210368, 1, 0, 0
105000, 1027072, 1, 0, 0
106000, 1027072, 1, 0, 0
107000, 1020928, 1, 0, 0
108000, 1021952, 1, 0, 0
109000, 1070080, 1, 0, 0
110000, 1892352, 1, 0, 0
111000, 984064, 1, 0, 0
112000, 172032, 1, 0, 0
113000, 121856, 1, 0, 0
114000, 118784, 1, 0, 0
115000, 117760, 1, 0, 0
116000, 114802, 1, 0, 0
117000, 125952, 1, 0, 0
118000, 121856, 1, 0, 0
119000, 120832, 1, 0, 0
120000, 117760, 1, 0, 0
121000, 119808, 1, 0, 0
122000, 120832, 1, 0, 0
123000, 119808, 1, 0, 0
124000, 117760, 1, 0, 0
125000, 117760, 1, 0, 0
126000, 116736, 1, 0, 0
127000, 118784, 1, 0, 0
128000, 115712, 1, 0, 0
129000, 121856, 1, 0, 0
130000, 119808, 1, 0, 0
131000, 120832, 1, 0, 0
132000, 113777, 1, 0, 0
133000, 120832, 1, 0, 0
134000, 116736, 1, 0, 0
135000, 121856, 1, 0, 0
136000, 112640, 1, 0, 0
137000, 581632, 1, 0, 0
138000, 577536, 1, 0, 0
139000, 579584, 1, 0, 0
140000, 579584, 1, 0, 0
141000, 577536, 1, 0, 0
142000, 579584, 1, 0, 0
143000, 577536, 1, 0, 0
144000, 579584, 1, 0, 0
145000, 578560, 1, 0, 0
146000, 578560, 1, 0, 0
147000, 579584, 1, 0, 0
148000, 578114, 1, 0, 0
149000, 578560, 1, 0, 0
150000, 578560, 1, 0, 0
151000, 579584, 1, 0, 0
152000, 578560, 1, 0, 0
153000, 578560, 1, 0, 0
154000, 578560, 1, 0, 0
155000, 578560, 1, 0, 0
156000, 579584, 1, 0, 0
157000, 577536, 1, 0, 0
158000, 579584, 1, 0, 0
159000, 577536, 1, 0, 0
160000, 579584, 1, 0, 0
161000, 578560, 1, 0, 0
162000, 578560, 1, 0, 0
163000, 579584, 1, 0, 0
164000, 578114, 1, 0, 0
165000, 579584, 1, 0, 0
166000, 577536, 1, 0, 0
167000, 579584, 1, 0, 0
168000, 577536, 1, 0, 0
169000, 1089536, 1, 0, 0
170000, 1958912, 1, 0, 0
171000, 1965056, 1, 0, 0
172000, 1952768, 1, 0, 0
173000, 1961984, 1, 0, 0
174000, 1969152, 1, 0, 0
175000, 1953792, 1, 0, 0
176000, 1967104, 1, 0, 0
177000, 1961984, 1, 0, 0
178000, 1965056, 1, 0, 0
179000, 1959936, 1, 0, 0
180000, 1959936, 1, 0, 0
181000, 1962922, 1, 0, 0
182000, 1949696, 1, 0, 0
183000, 1973248, 1, 0, 0
184000, 1963008, 1, 0, 0
185000, 1954816, 1, 0, 0
186000, 1949696, 1, 0, 0
187000, 1943552, 1, 0, 0
188000, 1948672, 1, 0, 0
189000, 1955840, 1, 0, 0
190000, 1953792, 1, 0, 0
191000, 1954816, 1, 0, 0
192000, 1957888, 1, 0, 0
193000, 1955840, 1, 0, 0
194000, 1947648, 1, 0, 0
195000, 1953792, 1, 0, 0
196000, 1961984, 1, 0, 0
197000, 1949597, 1, 0, 0
198000, 1967104, 1, 0, 0
199000, 1958912, 1, 0, 0
200000, 1952768, 1, 0, 0
201000, 1961984, 1, 0, 0
202000, 1950720, 1, 0, 0
203000, 1956864, 1, 0, 0
204000, 1957888, 1, 0, 0
205000, 1953792, 1, 0, 0
206000, 1948672, 1, 0, 0
207000, 1960960, 1, 0, 0
208000, 1958912, 1, 0, 0
209000, 1943552, 1, 0, 0
210000, 1950720, 1, 0, 0
211000, 1959936, 1, 0, 0
212000, 1936384, 1, 0, 0
213000, 1937408, 1, 0, 0
214000, 578114, 1, 0, 0
215000, 579584, 1, 0, 0
216000, 578560, 1, 0, 0
217000, 623616, 1, 0, 0
218000, 579584, 1, 0, 0
219000, 577536, 1, 0, 0
220000, 579584, 1, 0, 0
221000, 578560, 1, 0, 0
222000, 578560, 1, 0, 0
223000, 579584, 1, 0, 0
224000, 577536, 1, 0, 0
225000, 579584, 1, 0, 0
226000, 577536, 1, 0, 0
227000, 579584, 1, 0, 0
228000, 579584, 1, 0, 0
229000, 177152, 1, 0, 0
230000, 360808, 1, 0, 0
231000, 578560, 1, 0, 0
232000, 578560, 1, 0, 0
233000, 578560, 1, 0, 0
234000, 579584, 1, 0, 0
235000, 578560, 1, 0, 0
236000, 578560, 1, 0, 0
237000, 578560, 1, 0, 0
238000, 578560, 1, 0, 0
239000, 579584, 1, 0, 0
240000, 302080, 1, 0, 0
241000, 120832, 1, 0, 0
242000, 306176, 1, 0, 0
243000, 578560, 1, 0, 0
244000, 578560, 1, 0, 0
245000, 579584, 1, 0, 0
246000, 577536, 1, 0, 0
247000, 580164, 1, 0, 0
248000, 578560, 1, 0, 0
249000, 578560, 1, 0, 0
250000, 578560, 1, 0, 0
251000, 578560, 1, 0, 0
252000, 579584, 1, 0, 0
253000, 578560, 1, 0, 0
254000, 578560, 1, 0, 0
255000, 578560, 1, 0, 0
256000, 578560, 1, 0, 0
257000, 578560, 1, 0, 0
258000, 578560, 1, 0, 0
259000, 578560, 1, 0, 0
260000, 579584, 1, 0, 0
261000, 578560, 1, 0, 0
262000, 578560, 1, 0, 0
263000, 578560, 1, 0, 0
264000, 579139, 1, 0, 0
265000, 543744, 1, 0, 0
266000, 578560, 1, 0, 0
267000, 579584, 1, 0, 0
268000, 577536, 1, 0, 0
269000, 578560, 1, 0, 0
270000, 578560, 1, 0, 0
271000, 579584, 1, 0, 0
272000, 578560, 1, 0, 0
273000, 578560, 1, 0, 0
274000, 578560, 1, 0, 0
275000, 578560, 1, 0, 0
276000, 579584, 1, 0, 0
277000, 578560, 1, 0, 0
278000, 578560, 1, 0, 0
279000, 578560, 1, 0, 0
280000, 578114, 1, 0, 0
281000, 579584, 1, 0, 0
282000, 578560, 1, 0, 0
283000, 578560, 1, 0, 0
284000, 579584, 1, 0, 0
285000, 577536, 1, 0, 0
286000, 579584, 1, 0, 0
287000, 203776, 1, 0, 0
288000, 118784, 1, 0, 0
289000, 118784, 1, 0, 0
290000, 122880, 1, 0, 0
291000, 120832, 1, 0, 0
292000, 118784, 1, 0, 0
293000, 114688, 1, 0, 0
294000, 113664, 1, 0, 0
295000, 118784, 1, 0, 0
296000, 118784, 1, 0, 0
297000, 121977, 1, 0, 0
298000, 114688, 1, 0, 0
299000, 119808, 1, 0, 0
300000, 122880, 1, 0, 0
301000, 116736, 1, 0, 0
302000, 119808, 1, 0, 0
303000, 111616, 1, 0, 0
304000, 118784, 1, 0, 0
305000, 535552, 1, 0, 0
306000, 578560, 1, 0, 0
307000, 578560, 1, 0, 0
308000, 578560, 1, 0, 0
309000, 579584, 1, 0, 0
310000, 577536, 1, 0, 0
311000, 579584, 1, 0, 0
312000, 578560, 1, 0, 0
313000, 578560, 1, 0, 0
314000, 578114, 1, 0, 0
315000, 579584, 1, 0, 0
316000, 1026048, 1, 0, 0
317000, 671744, 1, 0, 0
318000, 579584, 1, 0, 0
319000, 578560, 1, 0, 0
320000, 578560, 1, 0, 0
321000, 578560, 1, 0, 0
322000, 578560, 1, 0, 0
323000, 579584, 1, 0, 0
324000, 577536, 1, 0, 0
325000, 579584, 1, 0, 0
326000, 577536, 1, 0, 0
327000, 579584, 1, 0, 0
328000, 578560, 1, 0, 0
329000, 578560, 1, 0, 0
330000, 579584, 1, 0, 0
331000, 578114, 1, 0, 0
332000, 578560, 1, 0, 0
333000, 578560, 1, 0, 0
334000, 579584, 1, 0, 0
335000, 578560, 1, 0, 0
336000, 578560, 1, 0, 0
337000, 578560, 1, 0, 0
338000, 578560, 1, 0, 0
339000, 579584, 1, 0, 0
340000, 578560, 1, 0, 0
341000, 578560, 1, 0, 0
342000, 578560, 1, 0, 0
343000, 578560, 1, 0, 0
344000, 579584, 1, 0, 0
345000, 578560, 1, 0, 0
346000, 578560, 1, 0, 0
347000, 578560, 1, 0, 0
348000, 579139, 1, 0, 0
349000, 578560, 1, 0, 0
350000, 578560, 1, 0, 0
351000, 579584, 1, 0, 0
352000, 578560, 1, 0, 0
353000, 578560, 1, 0, 0
354000, 578560, 1, 0, 0
355000, 578560, 1, 0, 0
356000, 579584, 1, 0, 0
357000, 577536, 1, 0, 0
358000, 579584, 1, 0, 0
359000, 578560, 1, 0, 0
360000, 578560, 1, 0, 0
361000, 579584, 1, 0, 0
362000, 577536, 1, 0, 0
363000, 579584, 1, 0, 0
364000, 578560, 1, 0, 0
365000, 579139, 1, 0, 0
366000, 577536, 1, 0, 0
367000, 579584, 1, 0, 0
368000, 578560, 1, 0, 0
369000, 578560, 1, 0, 0
370000, 579584, 1, 0, 0
371000, 577536, 1, 0, 0
372000, 579584, 1, 0, 0
373000, 578560, 1, 0, 0
374000, 578560, 1, 0, 0
375000, 579584, 1, 0, 0
376000, 577536, 1, 0, 0
377000, 579584, 1, 0, 0
378000, 664576, 1, 0, 0
379000, 578560, 1, 0, 0
380000, 578560, 1, 0, 0
381000, 419840, 1, 0, 0
382001, 115712, 1, 0, 0
383000, 115827, 1, 0, 0
384000, 117760, 1, 0, 0
385000, 117760, 1, 0, 0
386000, 112640, 1, 0, 0
387000, 119808, 1, 0, 0
388000, 115712, 1, 0, 0
389000, 116736, 1, 0, 0
390000, 118784, 1, 0, 0
391000, 114688, 1, 0, 0
392000, 120832, 1, 0, 0
393000, 115712, 1, 0, 0
394000, 116736, 1, 0, 0
395000, 117760, 1, 0, 0
396000, 116736, 1, 0, 0
397000, 121856, 1, 0, 0
398000, 123904, 1, 0, 0
399000, 579139, 1, 0, 0
400000, 578560, 1, 0, 0
401000, 578560, 1, 0, 0
402000, 578560, 1, 0, 0
403000, 579584, 1, 0, 0
404000, 578560, 1, 0, 0
405000, 578560, 1, 0, 0
406000, 578560, 1, 0, 0
407000, 578560, 1, 0, 0
408000, 578560, 1, 0, 0
409000, 579584, 1, 0, 0
410000, 578560, 1, 0, 0
411000, 578560, 1, 0, 0
412000, 578560, 1, 0, 0
413000, 578560, 1, 0, 0
414000, 578560, 1, 0, 0
415000, 578560, 1, 0, 0
416000, 579139, 1, 0, 0
417000, 578560, 1, 0, 0
418000, 578560, 1, 0, 0
419000, 579584, 1, 0, 0
420000, 578560, 1, 0, 0
421000, 578560, 1, 0, 0
422000, 578560, 1, 0, 0
423000, 578560, 1, 0, 0
424000, 571392, 1, 0, 0
425000, 579584, 1, 0, 0
426000, 579584, 1, 0, 0
427000, 577536, 1, 0, 0
428000, 579584, 1, 0, 0
429000, 577536, 1, 0, 0
430000, 579584, 1, 0, 0
431000, 578560, 1, 0, 0
432000, 578560, 1, 0, 0
433000, 578114, 1, 0, 0
434000, 579584, 1, 0, 0
435000, 312320, 1, 0, 0
436000, 115712, 1, 0, 0
437000, 119808, 1, 0, 0
438000, 118784, 1, 0, 0
439000, 120832, 1, 0, 0
440000, 123904, 1, 0, 0
441000, 117760, 1, 0, 0
442000, 117760, 1, 0, 0
443000, 125952, 1, 0, 0
444000, 117760, 1, 0, 0
445000, 117760, 1, 0, 0
446000, 116736, 1, 0, 0
447000, 118784, 1, 0, 0
448000, 115712, 1, 0, 0
449000, 121856, 1, 0, 0
450000, 117877, 1, 0, 0
451000, 118784, 1, 0, 0
452000, 118784, 1, 0, 0
453000, 118784, 1, 0, 0
454000, 116736, 1, 0, 0
455000, 435200, 1, 0, 0
456000, 578560, 1, 0, 0
457000, 579584, 1, 0, 0
458000, 578560, 1, 0, 0
459000, 392192, 1, 0, 0
460000, 118784, 1, 0, 0
461000, 297984, 1, 0, 0
462000, 119808, 1, 0, 0
463000, 114688, 1, 0, 0
464000, 112640, 1, 0, 0
465000, 119808, 1, 0, 0
466000, 112640, 1, 0, 0
467000, 120952, 1, 0, 0
468000, 117760, 1, 0, 0
469000, 117760, 1, 0, 0
470000, 373760, 1, 0, 0
471000, 578560, 1, 0, 0
472000, 578560, 1, 0, 0
473000, 578560, 1, 0, 0
474000, 578560, 1, 0, 0
475000, 578560, 1, 0, 0
476000, 579584, 1, 0, 0
477000, 578560, 1, 0, 0
478000, 578560, 1, 0, 0
479000, 578560, 1, 0, 0
480000, 449536, 1, 0, 0
481000, 117760, 1, 0, 0
482000, 116736, 1, 0, 0
483000, 117760, 1, 0, 0
484000, 116852, 1, 0, 0
485000, 114688, 1, 0, 0
486000, 115712, 1, 0, 0
487000, 120832, 1, 0, 0
488000, 112640, 1, 0, 0
489000, 122880, 1, 0, 0
490000, 117760, 1, 0, 0
491000, 113664, 1, 0, 0
492000, 119808, 1, 0, 0
493000, 122880, 1, 0, 0
494000, 119808, 1, 0, 0
495000, 123904, 1, 0, 0
496000, 251904, 1, 0, 0
497000, 579584, 1, 0, 0
498000, 577536, 1, 0, 0
499000, 579584, 1, 0, 0
500000, 577536, 1, 0, 0
501000, 580164, 1, 0, 0
502000, 577536, 1, 0, 0
503000, 579584, 1, 0, 0
504000, 378880, 1, 0, 0
505000, 578560, 1, 0, 0
506000, 578560, 1, 0, 0
507000, 578560, 1, 0, 0
508000, 578560, 1, 0, 0
509000, 578560, 1, 0, 0
510000, 579584, 1, 0, 0
511000, 578560, 1, 0, 0
512000, 578560, 1, 0, 0
513000, 578560, 1, 0, 0
514000, 578560, 1, 0, 0
515000, 578560, 1, 0, 0
516000, 579584, 1, 0, 0
517000, 578560, 1, 0, 0
518000, 579139, 1, 0, 0
519000, 578560, 1, 0, 0
520000, 578560, 1, 0, 0
521000, 578560, 1, 0, 0
522000, 578560, 1, 0, 0
523000, 579584, 1, 0, 0
524000, 578560, 1, 0, 0
525000, 578560, 1, 0, 0
526000, 578560, 1, 0, 0
527000, 578560, 1, 0, 0
528000, 578560, 1, 0, 0
529000, 181248, 1, 0, 0
530000, 128000, 1, 0, 0
531000, 132096, 1, 0, 0
532000, 126976, 1, 0, 0
533000, 133120, 1, 0, 0
534000, 125952, 1, 0, 0
535000, 129153, 1, 0, 0
536000, 126976, 1, 0, 0
537000, 128000, 1, 0, 0
538000, 128000, 1, 0, 0
539000, 128000, 1, 0, 0
540000, 129024, 1, 0, 0
541000, 128000, 1, 0, 0
542000, 120832, 1, 0, 0
543000, 115712, 1, 0, 0
544000, 198656, 1, 0, 0
545000, 574464, 1, 0, 0
546000, 577536, 1, 0, 0
547000, 579584, 1, 0, 0
548000, 577536, 1, 0, 0
549000, 579584, 1, 0, 0
550000, 577536, 1, 0, 0
551000, 579584, 1, 0, 0
552000, 579139, 1, 0, 0
553000, 578560, 1, 0, 0
554000, 577536, 1, 0, 0
555000, 579584, 1, 0, 0
556000, 579584, 1, 0, 0
557000, 577536, 1, 0, 0
558000, 579584, 1, 0, 0
559000, 578560, 1, 0, 0
560000, 578560, 1, 0, 0
561000, 578560, 1, 0, 0
562000, 578560, 1, 0, 0
563000, 579584, 1, 0, 0
564000, 578560, 1, 0, 0
565000, 578560, 1, 0, 0
566000, 578560, 1, 0, 0
567000, 578560, 1, 0, 0
568000, 579584, 1, 0, 0
569000, 578114, 1, 0, 0
570000, 579584, 1, 0, 0
571000, 577536, 1, 0, 0
572000, 579584, 1, 0, 0
573000, 578560, 1, 0, 0
574000, 578560, 1, 0, 0
575000, 578560, 1, 0, 0
576000, 578560, 1, 0, 0
577000, 579584, 1, 0, 0
578000, 578560, 1, 0, 0
579000, 578560, 1, 0, 0
580000, 578560, 1, 0, 0
581000, 578560, 1, 0, 0
582000, 579584, 1, 0, 0
583000, 578560, 1, 0, 0
584000, 578560, 1, 0, 0
585000, 578560, 1, 0, 0
586000, 579139, 1, 0, 0
587000, 578560, 1, 0, 0
588000, 578560, 1, 0, 0
589000, 578560, 1, 0, 0
590000, 578560, 1, 0, 0
591000, 579584, 1, 0, 0
592000, 578560, 1, 0, 0
593000, 1133568, 1, 0, 0
594000, 1096704, 1, 0, 0
595000, 579584, 1, 0, 0
596000, 579584, 1, 0, 0
597000, 577536, 1, 0, 0
598000, 579584, 1, 0, 0
599000, 578560, 1, 0, 0
600000, 578560, 1, 0, 0
601000, 578560, 1, 0, 0
602000, 578560, 1, 0, 0
603000, 578114, 1, 0, 0
604000, 499712, 1, 0, 0
605000, 112640, 1, 0, 0
606000, 120832, 1, 0, 0
607000, 116736, 1, 0, 0
608000, 125952, 1, 0, 0
609000, 125952, 1, 0, 0
610000, 122880, 1, 0, 0
611000, 121856, 1, 0, 0
612000, 119808, 1, 0, 0
613000, 118784, 1, 0, 0
614000, 125952, 1, 0, 0
615000, 121856, 1, 0, 0
616000, 120832, 1, 0, 0
617000, 120832, 1, 0, 0
618000, 123904, 1, 0, 0
619000, 120832, 1, 0, 0
620000, 119927, 1, 0, 0
621000, 125952, 1, 0, 0
622000, 122880, 1, 0, 0
623000, 116736, 1, 0, 0
624000, 122880, 1, 0, 0
625000, 123904, 1, 0, 0
626000, 124928, 1, 0, 0
627000, 119808, 1, 0, 0
628000, 116736, 1, 0, 0
629000, 121856, 1, 0, 0
630000, 118784, 1, 0, 0
631000, 526336, 1, 0, 0
632000, 578560, 1, 0, 0
633000, 578560, 1, 0, 0
634000, 579584, 1, 0, 0
635000, 577536, 1, 0, 0
636000, 579584, 1, 0, 0
637000, 578560, 1, 0, 0
638000, 578114, 1, 0, 0
639000, 579584, 1, 0, 0
640000, 578560, 1, 0, 0
641000, 578560, 1, 0, 0
642000, 578560, 1, 0, 0
643000, 296960, 1, 0, 0
644000, 117760, 1, 0, 0
645000, 120832, 1, 0, 0
646000, 120832, 1, 0, 0
647000, 122880, 1, 0, 0
648000, 128000, 1, 0, 0
649000, 116736, 1, 0, 0
650000, 124928, 1, 0, 0
651000, 122880, 1, 0, 0
652000, 118784, 1, 0, 0
653000, 118784, 1, 0, 0
654000, 211968, 1, 0, 0
655000, 578114, 1, 0, 0
656000, 578560, 1, 0, 0
657000, 578560, 1, 0, 0
658000, 578560, 1, 0, 0
659000, 579584, 1, 0, 0
660000, 578560, 1, 0, 0
661000, 578560, 1, 0, 0
662000, 578560, 1, 0, 0
663000, 823296, 1, 0, 0
664000, 813056, 1, 0, 0
665000, 772096, 1, 0, 0
666000, 772096, 1, 0, 0
667000, 771072, 1, 0, 0
668000, 697344, 1, 0, 0
669000, 771072, 1, 0, 0
670000, 772096, 1, 0, 0
671000, 772096, 1, 0, 0
672000, 770818, 1, 0, 0
673000, 772096, 1, 0, 0
674000, 772096, 1, 0, 0
675000, 771072, 1, 0, 0
676000, 771072, 1, 0, 0
677000, 772096, 1, 0, 0
678000, 772096, 1, 0, 0
679000, 771072, 1, 0, 0
680000, 772096, 1, 0, 0
681000, 771072, 1, 0, 0
682000, 772096, 1, 0, 0
683000, 772096, 1, 0, 0
684000, 772096, 1, 0, 0
685000, 771072, 1, 0, 0
686000, 771072, 1, 0, 0
687000, 772096, 1, 0, 0
688000, 772096, 1, 0, 0
689000, 770818, 1, 0, 0
690000, 772096, 1, 0, 0
691000, 772096, 1, 0, 0
692000, 772096, 1, 0, 0
693000, 771072, 1, 0, 0
694000, 771072, 1, 0, 0
695000, 772096, 1, 0, 0
696000, 772096, 1, 0, 0
697000, 770048, 1, 0, 0
698000, 772096, 1, 0, 0
699000, 772096, 1, 0, 0
700000, 772096, 1, 0, 0
701000, 771072, 1, 0, 0
702000, 772096, 1, 0, 0
703000, 771072, 1, 0, 0
704000, 772096, 1, 0, 0
705000, 772096, 1, 0, 0
706000, 770818, 1, 0, 0
707000, 772096, 1, 0, 0
708000, 772096, 1, 0, 0
709000, 771072, 1, 0, 0
710000, 771072, 1, 0, 0
711000, 772096, 1, 0, 0
712000, 772096, 1, 0, 0
713000, 772096, 1, 0, 0
714000, 771072, 1, 0, 0
715000, 771072, 1, 0, 0
716000, 773120, 1, 0, 0
717000, 773120, 1, 0, 0
718000, 771072, 1, 0, 0
719000, 781312, 1, 0, 0
720000, 772096, 1, 0, 0
721000, 771072, 1, 0, 0
722000, 771072, 1, 0, 0
723000, 771843, 1, 0, 0
724000, 1203200, 1, 0, 0
725000, 1980416, 1, 0, 0
726000, 1747968, 1, 0, 0
727000, 772096, 1, 0, 0
728000, 772096, 1, 0, 0
729000, 770048, 1, 0, 0
730000, 772096, 1, 0, 0
731000, 772096, 1, 0, 0
732000, 772096, 1, 0, 0
733000, 772096, 1, 0, 0
734000, 770048, 1, 0, 0
735000, 772096, 1, 0, 0
736000, 772096, 1, 0, 0
737000, 772096, 1, 0, 0
738000, 770048, 1, 0, 0
739000, 772096, 1, 0, 0
740000, 772868, 1, 0, 0
741000, 771072, 1, 0, 0
742000, 771072, 1, 0, 0
743000, 772096, 1, 0, 0
744000, 772096, 1, 0, 0
745000, 772096, 1, 0, 0
746000, 770048, 1, 0, 0
747000, 772096, 1, 0, 0
748000, 772096, 1, 0, 0
749000, 772096, 1, 0, 0
750000, 771072, 1, 0, 0
751000, 771072, 1, 0, 0
752000, 772096, 1, 0, 0
753000, 772096, 1, 0, 0
754000, 772096, 1, 0, 0
755000, 770048, 1, 0, 0
756000, 772096, 1, 0, 0
757001, 772096, 1, 0, 0
758000, 770818, 1, 0, 0
759000, 772096, 1, 0, 0
760000, 870400, 1, 0, 0
761000, 771072, 1, 0, 0
762000, 772096, 1, 0, 0
763000, 772096, 1, 0, 0
764000, 772096, 1, 0, 0
765000, 1816576, 1, 0, 0
766000, 1981440, 1, 0, 0
767000, 1977344, 1, 0, 0
768000, 1977344, 1, 0, 0
769000, 1981440, 1, 0, 0
770000, 1975296, 1, 0, 0
771000, 1979392, 1, 0, 0
772000, 1985536, 1, 0, 0
773000, 1972224, 1, 0, 0
774000, 1918846, 1, 0, 0
775000, 1922048, 1, 0, 0
776000, 1948672, 1, 0, 0
777000, 1989632, 1, 0, 0
778000, 1982464, 1, 0, 0
779000, 1975296, 1, 0, 0
780000, 1984512, 1, 0, 0
781000, 1988608, 1, 0, 0
782000, 1989632, 1, 0, 0
783000, 2024448, 1, 0, 0
784000, 2022400, 1, 0, 0
785000, 2023424, 1, 0, 0
786000, 2030592, 1, 0, 0
787000, 2022400, 1, 0, 0
