1000, 1024000, 1, 0, 0
2000, 291840, 1, 0, 0
3000, 254976, 1, 0, 0
4000, 195584, 1, 0, 0
5000, 271360, 1, 0, 0
6000, 278528, 1, 0, 0
7000, 566272, 1, 0, 0
8000, 821248, 1, 0, 0
9000, 891904, 1, 0, 0
9999, 441785, 1, 0, 0
11000, 608256, 1, 0, 0
12000, 637952, 1, 0, 0
13000, 596992, 1, 0, 0
14000, 680960, 1, 0, 0
15000, 644096, 1, 0, 0
16000, 866304, 1, 0, 0
17000, 614400, 1, 0, 0
18000, 688128, 1, 0, 0
19000, 715776, 1, 0, 0
20000, 961536, 1, 0, 0
21000, 820224, 1, 0, 0
22000, 1113088, 1, 0, 0
23000, 1420288, 1, 0, 0
24000, 1492992, 1, 0, 0
25000, 1160192, 1, 0, 0
26000, 774918, 1, 0, 0
27000, 795648, 1, 0, 0
28000, 812032, 1, 0, 0
29000, 751616, 1, 0, 0
30000, 851968, 1, 0, 0
31000, 723968, 1, 0, 0
32000, 636928, 1, 0, 0
33000, 594944, 1, 0, 0
34000, 633856, 1, 0, 0
35000, 736256, 1, 0, 0
36000, 820224, 1, 0, 0
36999, 783119, 1, 0, 0
38000, 801792, 1, 0, 0
39000, 680960, 1, 0, 0
40000, 654336, 1, 0, 0
41000, 653312, 1, 0, 0
42000, 670720, 1, 0, 0
43000, 642048, 1, 0, 0
44000, 655360, 1, 0, 0
45000, 980992, 1, 0, 0
46000, 1163264, 1, 0, 0
47000, 1183744, 1, 0, 0
48000, 1195008, 1, 0, 0
49000, 1286144, 1, 0, 0
50000, 1159168, 1, 0, 0
51000, 1317888, 1, 0, 0
52000, 1508352, 1, 0, 0
53000, 1548288, 1, 0, 0
54000, 1496064, 1, 0, 0
54999, 1259755, 1, 0, 0
56000, 1197056, 1, 0, 0
57000, 1048576, 1, 0, 0
58000, 797696, 1, 0, 0
59000, 859136, 1, 0, 0
60000, 1021952, 1, 0, 0
61000, 724992, 1, 0, 0
62000, 881664, 1, 0, 0
63000, 1103872, 1, 0, 0
64000, 1234944, 1, 0, 0
65000, 1269760, 1, 0, 0
66000, 1433600, 1, 0, 0
67000, 1534976, 1, 0, 0
68000, 1431552, 1, 0, 0
69000, 1459200, 1, 0, 0
70000, 1594368, 1, 0, 0
71000, 1711104, 1, 0, 0
72000, 1707008, 1, 0, 0
72999, 1577513, 1, 0, 0
74000, 1588224, 1, 0, 0
75000, 1118208, 1, 0, 0
76000, 1193984, 1, 0, 0
77000, 801792, 1, 0, 0
78000, 1171456, 1, 0, 0
79000, 1063936, 1, 0, 0
80000, 1585152, 1, 0, 0
81000, 1000448, 1, 0, 0
82000, 1048576, 1, 0, 0
83000, 932864, 1, 0, 0
84000, 1030144, 1, 0, 0
85000, 1063936, 1, 0, 0
86000, 1220608, 1, 0, 0
87000, 1222656, 1, 0, 0
88000, 380928, 1, 0, 0
89000, 697344, 1, 0, 0
90000, 482304, 1, 0, 0
90999, 475611, 1, 0, 0
92000, 523264, 1, 0, 0
93000, 515072, 1, 0, 0
94000, 378880, 1, 0, 0
95000, 551936, 1, 0, 0
96000, 408576, 1, 0, 0
97000, 490496, 1, 0, 0
98000, 527360, 1, 0, 0
99000, 477184, 1, 0, 0
100000, 502784, 1, 0, 0
101000, 577536, 1, 0, 0
102000, 988160, 1, 0, 0
103000, 948224, 1, 0, 0
104000, 972800, 1, 0, 0
105000, 1000448, 1, 0, 0
106000, 973824, 1, 0, 0
107000, 988160, 1, 0, 0
107999, 993249, 1, 0, 0
108999, 940032, 1, 0, 0
110000, 763904, 1, 0, 0
111000, 667648, 1, 0, 0
112000, 624640, 1, 0, 0
113000, 539648, 1, 0, 0
114000, 382976, 1, 0, 0
115000, 379904, 1, 0, 0
116000, 382976, 1, 0, 0
117000, 382976, 1, 0, 0
118000, 376832, 1, 0, 0
119000, 378880, 1, 0, 0
120000, 396288, 1, 0, 0
121000, 377856, 1, 0, 0
122000, 380928, 1, 0, 0
123000, 382976, 1, 0, 0
124000, 374784, 1, 0, 0
125000, 376832, 1, 0, 0
125999, 385409, 1, 0, 0
126999, 382976, 1, 0, 0
128000, 388096, 1, 0, 0
129000, 382976, 1, 0, 0
130000, 325632, 1, 0, 0
131000, 242688, 1, 0, 0
132000, 244736, 1, 0, 0
133000, 250880, 1, 0, 0
134000, 241664, 1, 0, 0
135000, 218112, 1, 0, 0
136000, 171008, 1, 0, 0
137000, 174080, 1, 0, 0
138000, 193536, 1, 0, 0
139000, 163840, 1, 0, 0
140000, 204800, 1, 0, 0
141000, 173056, 1, 0, 0
142000, 194560, 1, 0, 0
143000, 174080, 1, 0, 0
143999, 188604, 1, 0, 0
145000, 171008, 1, 0, 0
146000, 187392, 1, 0, 0
147000, 185344, 1, 0, 0
148000, 160768, 1, 0, 0
149000, 181248, 1, 0, 0
150000, 379904, 1, 0, 0
151000, 559104, 1, 0, 0
152000, 716800, 1, 0, 0
153000, 662528, 1, 0, 0
154000, 942080, 1, 0, 0
155000, 638976, 1, 0, 0
156000, 663552, 1, 0, 0
157000, 572416, 1, 0, 0
158000, 129024, 1, 0, 0
159000, 391168, 1, 0, 0
160000, 551936, 1, 0, 0
161000, 729088, 1, 0, 0
161999, 589389, 1, 0, 0
163000, 939008, 1, 0, 0
164000, 699392, 1, 0, 0
165000, 780288, 1, 0, 0
166000, 591872, 1, 0, 0
167000, 934912, 1, 0, 0
168000, 811008, 1, 0, 0
169000, 909312, 1, 0, 0
170000, 1260544, 1, 0, 0
171000, 1113088, 1, 0, 0
172000, 1239040, 1, 0, 0
173000, 1231872, 1, 0, 0
174000, 1078272, 1, 0, 0
175000, 949248, 1, 0, 0
176000, 1227776, 1, 0, 0
177000, 1162240, 1, 0, 0
178000, 1095680, 1, 0, 0
178999, 1252580, 1, 0, 0
179999, 1133568, 1, 0, 0
181000, 1157120, 1, 0, 0
182000, 1267712, 1, 0, 0
183000, 1252352, 1, 0, 0
184000, 1277952, 1, 0, 0
185000, 894976, 1, 0, 0
186000, 754688, 1, 0, 0
187000, 619520, 1, 0, 0
188000, 584704, 1, 0, 0
189000, 937984, 1, 0, 0
190000, 345088, 1, 0, 0
191000, 593920, 1, 0, 0
192000, 838656, 1, 0, 0
193000, 807936, 1, 0, 0
194000, 1026048, 1, 0, 0
195000, 1233920, 1, 0, 0
196000, 1174528, 1, 0, 0
196999, 1113177, 1, 0, 0
197999, 1141760, 1, 0, 0
199000, 1166336, 1, 0, 0
200000, 1423360, 1, 0, 0
201000, 966656, 1, 0, 0
202000, 998400, 1, 0, 0
203000, 954368, 1, 0, 0
204000, 958464, 1, 0, 0
205000, 968704, 1, 0, 0
206000, 962560, 1, 0, 0
207000, 661504, 1, 0, 0
208000, 425984, 1, 0, 0
209000, 587776, 1, 0, 0
210000, 437248, 1, 0, 0
211000, 374784, 1, 0, 0
212000, 612352, 1, 0, 0
213000, 493568, 1, 0, 0
214000, 521216, 1, 0, 0
214999, 616040, 1, 0, 0
216000, 479232, 1, 0, 0
217000, 578560, 1, 0, 0
218000, 494592, 1, 0, 0
219000, 528384, 1, 0, 0
220000, 565248, 1, 0, 0
221000, 550912, 1, 0, 0
222000, 472064, 1, 0, 0
223000, 534528, 1, 0, 0
224000, 527360, 1, 0, 0
225000, 525312, 1, 0, 0
226000, 606208, 1, 0, 0
227000, 732160, 1, 0, 0
228000, 713728, 1, 0, 0
229000, 728064, 1, 0, 0
230000, 1013760, 1, 0, 0
231000, 1456128, 1, 0, 0
231999, 1421709, 1, 0, 0
233000, 1324032, 1, 0, 0
234000, 988160, 1, 0, 0
235000, 717824, 1, 0, 0
236000, 717824, 1, 0, 0
237000, 710656, 1, 0, 0
238000, 712704, 1, 0, 0
239000, 717824, 1, 0, 0
240000, 977920, 1, 0, 0
241000, 1197056, 1, 0, 0
242000, 1287168, 1, 0, 0
243000, 1320960, 1, 0, 0
244000, 1381376, 1, 0, 0
245000, 1466368, 1, 0, 0
246000, 1429504, 1, 0, 0
247000, 1375232, 1, 0, 0
248000, 1180672, 1, 0, 0
248999, 728792, 1, 0, 0
250000, 748544, 1, 0, 0
251000, 721920, 1, 0, 0
252000, 731136, 1, 0, 0
253000, 640000, 1, 0, 0
254000, 574464, 1, 0, 0
255000, 586752, 1, 0, 0
256000, 578560, 1, 0, 0
257000, 563200, 1, 0, 0
258000, 708608, 1, 0, 0
259000, 998400, 1, 0, 0
260000, 939008, 1, 0, 0
261000, 975872, 1, 0, 0
262000, 907264, 1, 0, 0
263000, 724992, 1, 0, 0
264000, 906240, 1, 0, 0
265000, 964608, 1, 0, 0
265999, 963523, 1, 0, 0
267000, 964608, 1, 0, 0
268000, 953344, 1, 0, 0
269000, 962560, 1, 0, 0
270000, 958464, 1, 0, 0
271000, 965632, 1, 0, 0
272000, 250880, 1, 0, 0
273000, 95232, 1, 0, 0
274000, 82944, 1, 0, 0
275000, 86016, 1, 0, 0
276000, 83968, 1, 0, 0
277000, 82944, 1, 0, 0
278000, 82944, 1, 0, 0
279000, 89088, 1, 0, 0
280000, 86016, 1, 0, 0
281000, 80896, 1, 0, 0
282000, 84992, 1, 0, 0
282999, 86102, 1, 0, 0
283999, 80896, 1, 0, 0
285000, 407552, 1, 0, 0
286000, 578560, 1, 0, 0
287000, 575488, 1, 0, 0
288000, 575488, 1, 0, 0
289000, 572416, 1, 0, 0
290000, 571392, 1, 0, 0
291000, 562176, 1, 0, 0
292000, 563200, 1, 0, 0
293000, 566272, 1, 0, 0
294000, 542720, 1, 0, 0
295000, 563200, 1, 0, 0
296000, 555008, 1, 0, 0
297000, 559104, 1, 0, 0
298000, 562176, 1, 0, 0
299000, 556032, 1, 0, 0
299999, 562738, 1, 0, 0
