1000, 1271808, 1, 0, 0
2001, 719872, 1, 0, 0
3000, 748268, 1, 0, 0
4000, 498688, 1, 0, 0
5000, 122880, 1, 0, 0
6000, 117760, 1, 0, 0
7000, 113664, 1, 0, 0
8000, 112640, 1, 0, 0
9000, 117760, 1, 0, 0
10000, 115712, 1, 0, 0
11000, 120832, 1, 0, 0
12000, 115712, 1, 0, 0
13000, 118784, 1, 0, 0
14000, 121856, 1, 0, 0
15000, 115712, 1, 0, 0
16000, 119808, 1, 0, 0
17000, 116736, 1, 0, 0
18000, 206848, 1, 0, 0
19001, 1034240, 1, 0, 0
20000, 1022974, 1, 0, 0
21000, 1026048, 1, 0, 0
22000, 1030144, 1, 0, 0
23000, 1019904, 1, 0, 0
24000, 944128, 1, 0, 0
25000, 1025024, 1, 0, 0
26000, 1025024, 1, 0, 0
27000, 1025024, 1, 0, 0
28000, 1021952, 1, 0, 0
29000, 1022976, 1, 0, 0
30000, 1025024, 1, 0, 0
31000, 1022976, 1, 0, 0
32000, 1022976, 1, 0, 0
33000, 1029120, 1, 0, 0
34000, 1024000, 1, 0, 0
35001, 1026048, 1, 0, 0
36000, 1024000, 1, 0, 0
37000, 1025024, 1, 0, 0
38000, 1030144, 1, 0, 0
39000, 1026048, 1, 0, 0
40000, 1024000, 1, 0, 0
41000, 1024000, 1, 0, 0
42000, 1024000, 1, 0, 0
43000, 275456, 1, 0, 0
44000, 128000, 1, 0, 0
45000, 126976, 1, 0, 0
46000, 245760, 1, 0, 0
47000, 736256, 1, 0, 0
48000, 715776, 1, 0, 0
49000, 721920, 1, 0, 0
50000, 722944, 1, 0, 0
51001, 717824, 1, 0, 0
52000, 948148, 1, 0, 0
53000, 1028096, 1, 0, 0
54000, 1027072, 1, 0, 0
55000, 1028096, 1, 0, 0
56000, 1024000, 1, 0, 0
57000, 1028096, 1, 0, 0
58000, 1030144, 1, 0, 0
59000, 1027072, 1, 0, 0
60000, 1031168, 1, 0, 0
61000, 1021952, 1, 0, 0
62000, 1027072, 1, 0, 0
63000, 1025024, 1, 0, 0
64000, 1011712, 1, 0, 0
65000, 1024000, 1, 0, 0
66000, 1030144, 1, 0, 0
67001, 1094656, 1, 0, 0
68000, 116852, 1, 0, 0
69000, 111616, 1, 0, 0
70000, 124928, 1, 0, 0
71000, 114688, 1, 0, 0
72000, 113664, 1, 0, 0
73000, 117760, 1, 0, 0
74000, 124928, 1, 0, 0
75000, 118784, 1, 0, 0
76000, 116736, 1, 0, 0
77000, 114688, 1, 0, 0
78000, 119808, 1, 0, 0
79000, 113664, 1, 0, 0
80000, 120832, 1, 0, 0
81000, 115712, 1, 0, 0
82000, 121856, 1, 0, 0
83001, 114688, 1, 0, 0
84000, 121977, 1, 0, 0
85000, 119808, 1, 0, 0
86000, 120832, 1, 0, 0
87000, 122880, 1, 0, 0
88000, 120832, 1, 0, 0
89000, 119808, 1, 0, 0
90000, 119808, 1, 0, 0
91000, 118784, 1, 0, 0
92000, 121856, 1, 0, 0
93000, 118784, 1, 0, 0
94000, 272384, 1, 0, 0
95000, 644096, 1, 0, 0
96000, 573440, 1, 0, 0
97000, 579584, 1, 0, 0
98000, 577536, 1, 0, 0
99001, 579584, 1, 0, 0
100000, 578114, 1, 0, 0
101000, 579584, 1, 0, 0
102000, 577536, 1, 0, 0
103000, 256000, 1, 0, 0
104000, 824320, 1, 0, 0
105000, 1020928, 1, 0, 0
106000, 1026048, 1, 0, 0
107000, 1022976, 1, 0, 0
108000, 1027072, 1, 0, 0
109000, 994304, 1, 0, 0
110000, 138240, 1, 0, 0
111000, 542720, 1, 0, 0
112000, 1883136, 1, 0, 0
113000, 1939456, 1, 0, 0
114000, 1963008, 1, 0, 0
115001, 1958912, 1, 0, 0
116000, 1963947, 1, 0, 0
117000, 1947648, 1, 0, 0
118000, 1955840, 1, 0, 0
119000, 1950720, 1, 0, 0
120000, 1948672, 1, 0, 0
121000, 1956864, 1, 0, 0
122000, 1948672, 1, 0, 0
123000, 1955840, 1, 0, 0
124000, 1960960, 1, 0, 0
125000, 1961984, 1, 0, 0
126000, 1958912, 1, 0, 0
127000, 1959936, 1, 0, 0
128000, 1970176, 1, 0, 0
129000, 1955840, 1, 0, 0
130000, 1954816, 1, 0, 0
131001, 1956864, 1, 0, 0
132000, 1967023, 1, 0, 0
133000, 1964032, 1, 0, 0
134000, 1952768, 1, 0, 0
135000, 1954816, 1, 0, 0
136000, 1963008, 1, 0, 0
137000, 593920, 1, 0, 0
138000, 579584, 1, 0, 0
139000, 578560, 1, 0, 0
140000, 578560, 1, 0, 0
141000, 578560, 1, 0, 0
142000, 578560, 1, 0, 0
143000, 579584, 1, 0, 0
144000, 578560, 1, 0, 0
145000, 578560, 1, 0, 0
146000, 578560, 1, 0, 0
147001, 578560, 1, 0, 0
148000, 579139, 1, 0, 0
149000, 578560, 1, 0, 0
150000, 578560, 1, 0, 0
151000, 578560, 1, 0, 0
152000, 578560, 1, 0, 0
153000, 579584, 1, 0, 0
154000, 578560, 1, 0, 0
155000, 578560, 1, 0, 0
156000, 578560, 1, 0, 0
157000, 578560, 1, 0, 0
158000, 578560, 1, 0, 0
159000, 579584, 1, 0, 0
160000, 577536, 1, 0, 0
161000, 579584, 1, 0, 0
162000, 578560, 1, 0, 0
163001, 578560, 1, 0, 0
164000, 579139, 1, 0, 0
165000, 578560, 1, 0, 0
166000, 578560, 1, 0, 0
167000, 578560, 1, 0, 0
168000, 579584, 1, 0, 0
169000, 180224, 1, 0, 0
170000, 120832, 1, 0, 0
171000, 116736, 1, 0, 0
172000, 117760, 1, 0, 0
173000, 120832, 1, 0, 0
174000, 117760, 1, 0, 0
175000, 117760, 1, 0, 0
176000, 114688, 1, 0, 0
177000, 120832, 1, 0, 0
178000, 111616, 1, 0, 0
179000, 119808, 1, 0, 0
180001, 116736, 1, 0, 0
181000, 117877, 1, 0, 0
182000, 119808, 1, 0, 0
183000, 115712, 1, 0, 0
184000, 114688, 1, 0, 0
185000, 122880, 1, 0, 0
186000, 122880, 1, 0, 0
187000, 121856, 1, 0, 0
188000, 121856, 1, 0, 0
189000, 119808, 1, 0, 0
190000, 119808, 1, 0, 0
191000, 118784, 1, 0, 0
192000, 121856, 1, 0, 0
193000, 118784, 1, 0, 0
194000, 125952, 1, 0, 0
195000, 116736, 1, 0, 0
196001, 118784, 1, 0, 0
197000, 115827, 1, 0, 0
198000, 120832, 1, 0, 0
199000, 116736, 1, 0, 0
200000, 119808, 1, 0, 0
201000, 115712, 1, 0, 0
202000, 121856, 1, 0, 0
203000, 116736, 1, 0, 0
204000, 122880, 1, 0, 0
205000, 119808, 1, 0, 0
206000, 117760, 1, 0, 0
207000, 119808, 1, 0, 0
208000, 117760, 1, 0, 0
209000, 126976, 1, 0, 0
210000, 118784, 1, 0, 0
211000, 119808, 1, 0, 0
212000, 125952, 1, 0, 0
213001, 130048, 1, 0, 0
214000, 574014, 1, 0, 0
215000, 578560, 1, 0, 0
216000, 578560, 1, 0, 0
217000, 564224, 1, 0, 0
218000, 578560, 1, 0, 0
219000, 578560, 1, 0, 0
220000, 578560, 1, 0, 0
221000, 578560, 1, 0, 0
222000, 579584, 1, 0, 0
223000, 578560, 1, 0, 0
224000, 578560, 1, 0, 0
225000, 578560, 1, 0, 0
226000, 578560, 1, 0, 0
227000, 579584, 1, 0, 0
228000, 578560, 1, 0, 0
229001, 1764352, 1, 0, 0
230000, 1253605, 1, 0, 0
231000, 579584, 1, 0, 0
232000, 578560, 1, 0, 0
233000, 578560, 1, 0, 0
234000, 578560, 1, 0, 0
235000, 578560, 1, 0, 0
236000, 579584, 1, 0, 0
237000, 577536, 1, 0, 0
238000, 579584, 1, 0, 0
239000, 578560, 1, 0, 0
240000, 308224, 1, 0, 0
241000, 117760, 1, 0, 0
242000, 305152, 1, 0, 0
243000, 577536, 1, 0, 0
244000, 579584, 1, 0, 0
245001, 577536, 1, 0, 0
246001, 579584, 1, 0, 0
247000, 578114, 1, 0, 0
248000, 579584, 1, 0, 0
249000, 578560, 1, 0, 0
250000, 578560, 1, 0, 0
251000, 579584, 1, 0, 0
252000, 577536, 1, 0, 0
253000, 579584, 1, 0, 0
254000, 577536, 1, 0, 0
255000, 579584, 1, 0, 0
256000, 577536, 1, 0, 0
257000, 579584, 1, 0, 0
258000, 579584, 1, 0, 0
259000, 577536, 1, 0, 0
260000, 579584, 1, 0, 0
261000, 578560, 1, 0, 0
262000, 578560, 1, 0, 0
263001, 578560, 1, 0, 0
264000, 579139, 1, 0, 0
265000, 542720, 1, 0, 0
266000, 579584, 1, 0, 0
267000, 579584, 1, 0, 0
268000, 577536, 1, 0, 0
269000, 579584, 1, 0, 0
270000, 577536, 1, 0, 0
271000, 579584, 1, 0, 0
272000, 579584, 1, 0, 0
273000, 577536, 1, 0, 0
274000, 579584, 1, 0, 0
275000, 577536, 1, 0, 0
276000, 579584, 1, 0, 0
277000, 577536, 1, 0, 0
278000, 579584, 1, 0, 0
279001, 579584, 1, 0, 0
280000, 578114, 1, 0, 0
281000, 577536, 1, 0, 0
282000, 579584, 1, 0, 0
283000, 579584, 1, 0, 0
284000, 577536, 1, 0, 0
285000, 579584, 1, 0, 0
286000, 577536, 1, 0, 0
287000, 208896, 1, 0, 0
288000, 120832, 1, 0, 0
289000, 119808, 1, 0, 0
290000, 118784, 1, 0, 0
291000, 117760, 1, 0, 0
292000, 119808, 1, 0, 0
293000, 113664, 1, 0, 0
294000, 117760, 1, 0, 0
295000, 121856, 1, 0, 0
296001, 121856, 1, 0, 0
297000, 118902, 1, 0, 0
298000, 114688, 1, 0, 0
299000, 125952, 1, 0, 0
300000, 124928, 1, 0, 0
301000, 116736, 1, 0, 0
302000, 118784, 1, 0, 0
303000, 112640, 1, 0, 0
304000, 120832, 1, 0, 0
305000, 534528, 1, 0, 0
306000, 579584, 1, 0, 0
307000, 577536, 1, 0, 0
308000, 579584, 1, 0, 0
309000, 577536, 1, 0, 0
310000, 579584, 1, 0, 0
311000, 579584, 1, 0, 0
312000, 577536, 1, 0, 0
313001, 579584, 1, 0, 0
314000, 578114, 1, 0, 0
315000, 579584, 1, 0, 0
316000, 423936, 1, 0, 0
317000, 551936, 1, 0, 0
318000, 579584, 1, 0, 0
319000, 577536, 1, 0, 0
320000, 579584, 1, 0, 0
321000, 578560, 1, 0, 0
322000, 578560, 1, 0, 0
323000, 579584, 1, 0, 0
324000, 577536, 1, 0, 0
325000, 579584, 1, 0, 0
326000, 578560, 1, 0, 0
327000, 578560, 1, 0, 0
328000, 578560, 1, 0, 0
329000, 578560, 1, 0, 0
330001, 579584, 1, 0, 0
331000, 578114, 1, 0, 0
332000, 578560, 1, 0, 0
333000, 578560, 1, 0, 0
334000, 579584, 1, 0, 0
335000, 578560, 1, 0, 0
336000, 578560, 1, 0, 0
337000, 578560, 1, 0, 0
338000, 578560, 1, 0, 0
339000, 579584, 1, 0, 0
340000, 578560, 1, 0, 0
341000, 578560, 1, 0, 0
342000, 578560, 1, 0, 0
343000, 578560, 1, 0, 0
344000, 579584, 1, 0, 0
345000, 578560, 1, 0, 0
346000, 578560, 1, 0, 0
347001, 578560, 1, 0, 0
348000, 579139, 1, 0, 0
349000, 578560, 1, 0, 0
350000, 578560, 1, 0, 0
351000, 578560, 1, 0, 0
352000, 578560, 1, 0, 0
353000, 578560, 1, 0, 0
354000, 579584, 1, 0, 0
355000, 578560, 1, 0, 0
356000, 578560, 1, 0, 0
357000, 578560, 1, 0, 0
358000, 578560, 1, 0, 0
359000, 578560, 1, 0, 0
360000, 579584, 1, 0, 0
361000, 578560, 1, 0, 0
362000, 578560, 1, 0, 0
363000, 578560, 1, 0, 0
364001, 578560, 1, 0, 0
365000, 579139, 1, 0, 0
366000, 578560, 1, 0, 0
367000, 578560, 1, 0, 0
368000, 578560, 1, 0, 0
369000, 578560, 1, 0, 0
370000, 579584, 1, 0, 0
371000, 577536, 1, 0, 0
372000, 579584, 1, 0, 0
373000, 578560, 1, 0, 0
374000, 578560, 1, 0, 0
375000, 579584, 1, 0, 0
376000, 577536, 1, 0, 0
377000, 579584, 1, 0, 0
378000, 550912, 1, 0, 0
379000, 578560, 1, 0, 0
380000, 578560, 1, 0, 0
381001, 196608, 1, 0, 0
382001, 115712, 1, 0, 0
383000, 112752, 1, 0, 0
384000, 117760, 1, 0, 0
385000, 116736, 1, 0, 0
386000, 112640, 1, 0, 0
387000, 118784, 1, 0, 0
388000, 116736, 1, 0, 0
389000, 121856, 1, 0, 0
390000, 116736, 1, 0, 0
391000, 117760, 1, 0, 0
392000, 120832, 1, 0, 0
393000, 115712, 1, 0, 0
394000, 117760, 1, 0, 0
395000, 116736, 1, 0, 0
396000, 119808, 1, 0, 0
397000, 119808, 1, 0, 0
398001, 123904, 1, 0, 0
399000, 578114, 1, 0, 0
400000, 578560, 1, 0, 0
401000, 578560, 1, 0, 0
402000, 579584, 1, 0, 0
403000, 578560, 1, 0, 0
404000, 578560, 1, 0, 0
405000, 578560, 1, 0, 0
406000, 579584, 1, 0, 0
407000, 578560, 1, 0, 0
408000, 578560, 1, 0, 0
409000, 578560, 1, 0, 0
410000, 578560, 1, 0, 0
411000, 578560, 1, 0, 0
412000, 579584, 1, 0, 0
413000, 578560, 1, 0, 0
414000, 578560, 1, 0, 0
415001, 578560, 1, 0, 0
416000, 579139, 1, 0, 0
417000, 578560, 1, 0, 0
418000, 579584, 1, 0, 0
419000, 577536, 1, 0, 0
420000, 579584, 1, 0, 0
421000, 577536, 1, 0, 0
422000, 579584, 1, 0, 0
423000, 579584, 1, 0, 0
424000, 571392, 1, 0, 0
425000, 578560, 1, 0, 0
426000, 578560, 1, 0, 0
427000, 579584, 1, 0, 0
428000, 577536, 1, 0, 0
429000, 579584, 1, 0, 0
430000, 578560, 1, 0, 0
431000, 578560, 1, 0, 0
432001, 578560, 1, 0, 0
433000, 579139, 1, 0, 0
434000, 578560, 1, 0, 0
435000, 1364992, 1, 0, 0
436000, 1955840, 1, 0, 0
437000, 1957888, 1, 0, 0
438000, 1952768, 1, 0, 0
439000, 1949696, 1, 0, 0
440000, 1949696, 1, 0, 0
441000, 1955840, 1, 0, 0
442000, 1954816, 1, 0, 0
443000, 1939456, 1, 0, 0
444000, 1966080, 1, 0, 0
445000, 1947648, 1, 0, 0
446000, 1970176, 1, 0, 0
447000, 1955840, 1, 0, 0
448000, 1959936, 1, 0, 0
449001, 1956864, 1, 0, 0
450000, 1964972, 1, 0, 0
451000, 1955840, 1, 0, 0
452000, 1956864, 1, 0, 0
453000, 1953792, 1, 0, 0
454000, 1969152, 1, 0, 0
455000, 1024000, 1, 0, 0
456000, 578560, 1, 0, 0
457000, 578560, 1, 0, 0
458000, 579584, 1, 0, 0
459000, 394240, 1, 0, 0
460000, 119808, 1, 0, 0
461000, 301056, 1, 0, 0
462000, 113664, 1, 0, 0
463000, 119808, 1, 0, 0
464000, 114688, 1, 0, 0
465000, 117760, 1, 0, 0
466001, 115712, 1, 0, 0
467000, 118902, 1, 0, 0
468000, 117760, 1, 0, 0
469000, 117760, 1, 0, 0
470000, 374784, 1, 0, 0
471000, 578560, 1, 0, 0
472000, 578560, 1, 0, 0
473000, 579584, 1, 0, 0
474000, 578560, 1, 0, 0
475000, 578560, 1, 0, 0
476000, 578560, 1, 0, 0
477000, 578560, 1, 0, 0
478000, 579584, 1, 0, 0
479000, 578560, 1, 0, 0
480000, 446464, 1, 0, 0
481000, 123904, 1, 0, 0
482000, 114688, 1, 0, 0
483001, 120832, 1, 0, 0
484000, 121977, 1, 0, 0
485000, 115712, 1, 0, 0
486000, 116736, 1, 0, 0
487000, 117760, 1, 0, 0
488000, 114688, 1, 0, 0
489000, 118784, 1, 0, 0
490000, 114688, 1, 0, 0
491000, 120832, 1, 0, 0
492000, 116736, 1, 0, 0
493000, 119808, 1, 0, 0
494000, 118784, 1, 0, 0
495000, 123904, 1, 0, 0
496000, 252928, 1, 0, 0
497000, 577536, 1, 0, 0
498000, 579584, 1, 0, 0
499000, 578560, 1, 0, 0
500001, 578560, 1, 0, 0
501000, 578114, 1, 0, 0
502000, 579584, 1, 0, 0
503000, 577536, 1, 0, 0
504000, 375808, 1, 0, 0
505000, 577536, 1, 0, 0
506000, 579584, 1, 0, 0
507000, 578560, 1, 0, 0
508000, 578560, 1, 0, 0
509000, 579584, 1, 0, 0
510000, 577536, 1, 0, 0
511000, 579584, 1, 0, 0
512000, 579584, 1, 0, 0
513000, 577536, 1, 0, 0
514000, 579584, 1, 0, 0
515000, 577536, 1, 0, 0
516000, 579584, 1, 0, 0
517001, 577536, 1, 0, 0
518000, 580164, 1, 0, 0
519000, 577536, 1, 0, 0
520000, 579584, 1, 0, 0
521000, 577536, 1, 0, 0
522000, 579584, 1, 0, 0
523000, 579584, 1, 0, 0
524000, 577536, 1, 0, 0
525000, 579584, 1, 0, 0
526000, 577536, 1, 0, 0
527000, 579584, 1, 0, 0
528000, 578560, 1, 0, 0
529000, 918528, 1, 0, 0
530000, 1026048, 1, 0, 0
531000, 1032192, 1, 0, 0
532000, 1031168, 1, 0, 0
533000, 1019904, 1, 0, 0
534001, 1034240, 1, 0, 0
535000, 1027075, 1, 0, 0
536000, 1028096, 1, 0, 0
537000, 1031168, 1, 0, 0
538000, 1027072, 1, 0, 0
539000, 1033216, 1, 0, 0
540000, 1028096, 1, 0, 0
541000, 688128, 1, 0, 0
542000, 115712, 1, 0, 0
543000, 120832, 1, 0, 0
544000, 199680, 1, 0, 0
545000, 574464, 1, 0, 0
546000, 578560, 1, 0, 0
547000, 578560, 1, 0, 0
548000, 579584, 1, 0, 0
549000, 577536, 1, 0, 0
550000, 579584, 1, 0, 0
551001, 577536, 1, 0, 0
552000, 580164, 1, 0, 0
553000, 577536, 1, 0, 0
554000, 579584, 1, 0, 0
555000, 578560, 1, 0, 0
556000, 578560, 1, 0, 0
557000, 579584, 1, 0, 0
558000, 577536, 1, 0, 0
559000, 579584, 1, 0, 0
560000, 577536, 1, 0, 0
561000, 579584, 1, 0, 0
562000, 578560, 1, 0, 0
563000, 578560, 1, 0, 0
564000, 578560, 1, 0, 0
565000, 579584, 1, 0, 0
566000, 578560, 1, 0, 0
567000, 578560, 1, 0, 0
568001, 578560, 1, 0, 0
569000, 579139, 1, 0, 0
570000, 578560, 1, 0, 0
571000, 578560, 1, 0, 0
572000, 578560, 1, 0, 0
573000, 579584, 1, 0, 0
574000, 577536, 1, 0, 0
575000, 579584, 1, 0, 0
576000, 578560, 1, 0, 0
577000, 578560, 1, 0, 0
578000, 579584, 1, 0, 0
579000, 577536, 1, 0, 0
580000, 579584, 1, 0, 0
581000, 578560, 1, 0, 0
582000, 578560, 1, 0, 0
583000, 577536, 1, 0, 0
584000, 579584, 1, 0, 0
585001, 579584, 1, 0, 0
586000, 578114, 1, 0, 0
587000, 579584, 1, 0, 0
588000, 577536, 1, 0, 0
589000, 579584, 1, 0, 0
590000, 577536, 1, 0, 0
591000, 579584, 1, 0, 0
592000, 579584, 1, 0, 0
593000, 387072, 1, 0, 0
594000, 410624, 1, 0, 0
595000, 578560, 1, 0, 0
596000, 578560, 1, 0, 0
597000, 578560, 1, 0, 0
598000, 578560, 1, 0, 0
599000, 578560, 1, 0, 0
600000, 578560, 1, 0, 0
601000, 579584, 1, 0, 0
602001, 578560, 1, 0, 0
603000, 579139, 1, 0, 0
604000, 498688, 1, 0, 0
605000, 115712, 1, 0, 0
606000, 119808, 1, 0, 0
607000, 120832, 1, 0, 0
608000, 116736, 1, 0, 0
609000, 128000, 1, 0, 0
610000, 123904, 1, 0, 0
611000, 122880, 1, 0, 0
612000, 114688, 1, 0, 0
613000, 120832, 1, 0, 0
614000, 121856, 1, 0, 0
615000, 121856, 1, 0, 0
616000, 117760, 1, 0, 0
617000, 118784, 1, 0, 0
618000, 123904, 1, 0, 0
619001, 121856, 1, 0, 0
620000, 119927, 1, 0, 0
621000, 129024, 1, 0, 0
622000, 117760, 1, 0, 0
623000, 116736, 1, 0, 0
624000, 119808, 1, 0, 0
625000, 122880, 1, 0, 0
626000, 125952, 1, 0, 0
627000, 120832, 1, 0, 0
628000, 117760, 1, 0, 0
629000, 119808, 1, 0, 0
630000, 120832, 1, 0, 0
631000, 529408, 1, 0, 0
632000, 577536, 1, 0, 0
633000, 579584, 1, 0, 0
634000, 578560, 1, 0, 0
635000, 578560, 1, 0, 0
636001, 579584, 1, 0, 0
637001, 577536, 1, 0, 0
638000, 579139, 1, 0, 0
639000, 578560, 1, 0, 0
640000, 579584, 1, 0, 0
641000, 577536, 1, 0, 0
642000, 579584, 1, 0, 0
643000, 299008, 1, 0, 0
644000, 113664, 1, 0, 0
645000, 119808, 1, 0, 0
646000, 119808, 1, 0, 0
647000, 125952, 1, 0, 0
648000, 124928, 1, 0, 0
649000, 116736, 1, 0, 0
650000, 124928, 1, 0, 0
651000, 118784, 1, 0, 0
652000, 113664, 1, 0, 0
653000, 122880, 1, 0, 0
654001, 210944, 1, 0, 0
655000, 579139, 1, 0, 0
656000, 578560, 1, 0, 0
657000, 578560, 1, 0, 0
658000, 579584, 1, 0, 0
659000, 577536, 1, 0, 0
660000, 579584, 1, 0, 0
661000, 577536, 1, 0, 0
662000, 579584, 1, 0, 0
663000, 705536, 1, 0, 0
664000, 754688, 1, 0, 0
665000, 772096, 1, 0, 0
666000, 771072, 1, 0, 0
667000, 771072, 1, 0, 0
668000, 697344, 1, 0, 0
669000, 771072, 1, 0, 0
670000, 771072, 1, 0, 0
671001, 773120, 1, 0, 0
672000, 770818, 1, 0, 0
673000, 772096, 1, 0, 0
674000, 771072, 1, 0, 0
675000, 772096, 1, 0, 0
676000, 771072, 1, 0, 0
677000, 772096, 1, 0, 0
678000, 772096, 1, 0, 0
679000, 771072, 1, 0, 0
680000, 772096, 1, 0, 0
681000, 771072, 1, 0, 0
682000, 772096, 1, 0, 0
683000, 772096, 1, 0, 0
684000, 771072, 1, 0, 0
685000, 771072, 1, 0, 0
686000, 772096, 1, 0, 0
687000, 772096, 1, 0, 0
688001, 771072, 1, 0, 0
689000, 771843, 1, 0, 0
690000, 771072, 1, 0, 0
691000, 772096, 1, 0, 0
692000, 771072, 1, 0, 0
693000, 772096, 1, 0, 0
694000, 772096, 1, 0, 0
695000, 771072, 1, 0, 0
696000, 771072, 1, 0, 0
697000, 772096, 1, 0, 0
698000, 772096, 1, 0, 0
699000, 772096, 1, 0, 0
700000, 771072, 1, 0, 0
701000, 771072, 1, 0, 0
702000, 772096, 1, 0, 0
703000, 772096, 1, 0, 0
704000, 771072, 1, 0, 0
705001, 772096, 1, 0, 0
706000, 771843, 1, 0, 0
707000, 771072, 1, 0, 0
708000, 771072, 1, 0, 0
709000, 772096, 1, 0, 0
710000, 772096, 1, 0, 0
711000, 772096, 1, 0, 0
712000, 771072, 1, 0, 0
713000, 771072, 1, 0, 0
714000, 772096, 1, 0, 0
715000, 772096, 1, 0, 0
716000, 761856, 1, 0, 0
717000, 772096, 1, 0, 0
718000, 772096, 1, 0, 0
719000, 765952, 1, 0, 0
720000, 772096, 1, 0, 0
721000, 772096, 1, 0, 0
722001, 771072, 1, 0, 0
723000, 771843, 1, 0, 0
724000, 545792, 1, 0, 0
725000, 164864, 1, 0, 0
726000, 293888, 1, 0, 0
727000, 771072, 1, 0, 0
728000, 772096, 1, 0, 0
729000, 772096, 1, 0, 0
730000, 771072, 1, 0, 0
731000, 772096, 1, 0, 0
732000, 771072, 1, 0, 0
733000, 772096, 1, 0, 0
734000, 771072, 1, 0, 0
735000, 772096, 1, 0, 0
736000, 772096, 1, 0, 0
737000, 771072, 1, 0, 0
738000, 772096, 1, 0, 0
739001, 771072, 1, 0, 0
740000, 771843, 1, 0, 0
741000, 772096, 1, 0, 0
742000, 771072, 1, 0, 0
743000, 772096, 1, 0, 0
744000, 771072, 1, 0, 0
745000, 772096, 1, 0, 0
746000, 772096, 1, 0, 0
747000, 771072, 1, 0, 0
748000, 772096, 1, 0, 0
749000, 771072, 1, 0, 0
750000, 772096, 1, 0, 0
751000, 771072, 1, 0, 0
752000, 772096, 1, 0, 0
753000, 772096, 1, 0, 0
754000, 771072, 1, 0, 0
755000, 772096, 1, 0, 0
756001, 771072, 1, 0, 0
757001, 772096, 1, 0, 0
758000, 771843, 1, 0, 0
759000, 771072, 1, 0, 0
760000, 722944, 1, 0, 0
761000, 771072, 1, 0, 0
762000, 772096, 1, 0, 0
763000, 772096, 1, 0, 0
764000, 771072, 1, 0, 0
765000, 233472, 1, 0, 0
766000, 171008, 1, 0, 0
767000, 169984, 1, 0, 0
768000, 167936, 1, 0, 0
769000, 164864, 1, 0, 0
770000, 172032, 1, 0, 0
771000, 166912, 1, 0, 0
772000, 163840, 1, 0, 0
773001, 169984, 1, 0, 0
774000, 198854, 1, 0, 0
775000, 193536, 1, 0, 0
776000, 188416, 1, 0, 0
777000, 165888, 1, 0, 0
778000, 168960, 1, 0, 0
779000, 164864, 1, 0, 0
780000, 167936, 1, 0, 0
781000, 163840, 1, 0, 0
782000, 161792, 1, 0, 0
