1000, 754688, 1, 0, 0
2000, 578560, 1, 0, 0
3000, 577536, 1, 0, 0
4000, 580608, 1, 0, 0
5000, 579584, 1, 0, 0
6000, 578560, 1, 0, 0
7000, 581632, 1, 0, 0
8000, 612352, 1, 0, 0
9000, 718848, 1, 0, 0
10000, 718848, 1, 0, 0
11000, 712704, 1, 0, 0
12000, 720896, 1, 0, 0
13000, 719872, 1, 0, 0
14000, 715776, 1, 0, 0
15001, 712704, 1, 0, 0
16001, 720896, 1, 0, 0
17001, 717824, 1, 0, 0
18000, 719567, 1, 0, 0
19000, 717824, 1, 0, 0
20000, 711680, 1, 0, 0
21000, 721920, 1, 0, 0
22000, 719872, 1, 0, 0
23000, 719872, 1, 0, 0
24000, 717824, 1, 0, 0
25000, 716800, 1, 0, 0
26000, 716800, 1, 0, 0
27000, 719872, 1, 0, 0
28000, 720896, 1, 0, 0
29000, 718848, 1, 0, 0
30000, 717824, 1, 0, 0
31000, 720896, 1, 0, 0
32000, 717824, 1, 0, 0
33001, 717824, 1, 0, 0
34001, 719872, 1, 0, 0
35000, 718542, 1, 0, 0
36000, 717824, 1, 0, 0
37000, 717824, 1, 0, 0
38000, 720896, 1, 0, 0
39000, 718848, 1, 0, 0
40000, 717824, 1, 0, 0
41000, 719872, 1, 0, 0
42000, 719872, 1, 0, 0
43000, 719872, 1, 0, 0
44000, 719872, 1, 0, 0
45000, 714752, 1, 0, 0
46000, 714752, 1, 0, 0
47000, 719872, 1, 0, 0
48000, 714752, 1, 0, 0
49000, 715776, 1, 0, 0
50001, 722944, 1, 0, 0
51001, 719872, 1, 0, 0
52000, 713417, 1, 0, 0
53000, 718848, 1, 0, 0
54000, 715776, 1, 0, 0
55000, 715776, 1, 0, 0
56000, 718848, 1, 0, 0
57000, 717824, 1, 0, 0
58000, 715776, 1, 0, 0
59000, 717824, 1, 0, 0
60000, 717824, 1, 0, 0
61000, 713728, 1, 0, 0
62000, 720896, 1, 0, 0
63000, 718848, 1, 0, 0
64000, 715776, 1, 0, 0
65000, 720896, 1, 0, 0
66000, 717824, 1, 0, 0
67001, 716800, 1, 0, 0
68001, 717824, 1, 0, 0
69001, 718848, 1, 0, 0
70000, 719567, 1, 0, 0
71000, 716800, 1, 0, 0
72000, 719872, 1, 0, 0
73000, 717824, 1, 0, 0
74000, 719872, 1, 0, 0
75000, 718848, 1, 0, 0
76000, 718848, 1, 0, 0
77000, 720896, 1, 0, 0
78000, 715776, 1, 0, 0
79000, 716800, 1, 0, 0
80000, 713728, 1, 0, 0
81000, 718848, 1, 0, 0
82000, 718848, 1, 0, 0
83000, 720896, 1, 0, 0
84001, 716800, 1, 0, 0
85001, 717824, 1, 0, 0
86001, 721920, 1, 0, 0
87000, 719567, 1, 0, 0
88000, 712704, 1, 0, 0
89000, 720896, 1, 0, 0
90000, 718848, 1, 0, 0
91000, 717824, 1, 0, 0
92000, 693248, 1, 0, 0
93000, 1017856, 1, 0, 0
94000, 1030144, 1, 0, 0
95000, 1028096, 1, 0, 0
96000, 1026048, 1, 0, 0
97000, 1020928, 1, 0, 0
98000, 479232, 1, 0, 0
99000, 134144, 1, 0, 0
100000, 135168, 1, 0, 0
101000, 198656, 1, 0, 0
102001, 202752, 1, 0, 0
103001, 182272, 1, 0, 0
104000, 158878, 1, 0, 0
105000, 164864, 1, 0, 0
106000, 162816, 1, 0, 0
107000, 155648, 1, 0, 0
108000, 155648, 1, 0, 0
109000, 164864, 1, 0, 0
110000, 157696, 1, 0, 0
111000, 158720, 1, 0, 0
112000, 163840, 1, 0, 0
113000, 153600, 1, 0, 0
114000, 161792, 1, 0, 0
115000, 160768, 1, 0, 0
116000, 161792, 1, 0, 0
117000, 159744, 1, 0, 0
118000, 159744, 1, 0, 0
119001, 160768, 1, 0, 0
120001, 161792, 1, 0, 0
121000, 152728, 1, 0, 0
122000, 137216, 1, 0, 0
123000, 135168, 1, 0, 0
124000, 132096, 1, 0, 0
125000, 126976, 1, 0, 0
126000, 136192, 1, 0, 0
127000, 137216, 1, 0, 0
128000, 135168, 1, 0, 0
129000, 129024, 1, 0, 0
130000, 135168, 1, 0, 0
131000, 137216, 1, 0, 0
132000, 134144, 1, 0, 0
133000, 134144, 1, 0, 0
134000, 136192, 1, 0, 0
135000, 131072, 1, 0, 0
136001, 135168, 1, 0, 0
137001, 137216, 1, 0, 0
138001, 133120, 1, 0, 0
139000, 135303, 1, 0, 0
140000, 132096, 1, 0, 0
141000, 136192, 1, 0, 0
142000, 145408, 1, 0, 0
143000, 157696, 1, 0, 0
144000, 161792, 1, 0, 0
145000, 155648, 1, 0, 0
146000, 161792, 1, 0, 0
147000, 159744, 1, 0, 0
148000, 156672, 1, 0, 0
149000, 165888, 1, 0, 0
150000, 163840, 1, 0, 0
151000, 162816, 1, 0, 0
152000, 158720, 1, 0, 0
153000, 158720, 1, 0, 0
154001, 160768, 1, 0, 0
155001, 165888, 1, 0, 0
156000, 153753, 1, 0, 0
157000, 164864, 1, 0, 0
158000, 162816, 1, 0, 0
159000, 155648, 1, 0, 0
160000, 145408, 1, 0, 0
161000, 132096, 1, 0, 0
162000, 133120, 1, 0, 0
163000, 130048, 1, 0, 0
164000, 136192, 1, 0, 0
165000, 125952, 1, 0, 0
166000, 126976, 1, 0, 0
167000, 135168, 1, 0, 0
168000, 131072, 1, 0, 0
169000, 136192, 1, 0, 0
170000, 474112, 1, 0, 0
171001, 1021952, 1, 0, 0
172001, 1026048, 1, 0, 0
173001, 1020928, 1, 0, 0
174000, 1022974, 1, 0, 0
175000, 1032192, 1, 0, 0
176000, 1021952, 1, 0, 0
177000, 1020928, 1, 0, 0
178000, 1020928, 1, 0, 0
179000, 1026048, 1, 0, 0
180000, 1026048, 1, 0, 0
181000, 1025024, 1, 0, 0
182000, 1019904, 1, 0, 0
183000, 1027072, 1, 0, 0
184000, 1028096, 1, 0, 0
185000, 1029120, 1, 0, 0
186000, 1025024, 1, 0, 0
187000, 1025024, 1, 0, 0
188001, 1026048, 1, 0, 0
189001, 1034240, 1, 0, 0
190001, 1029120, 1, 0, 0
191000, 1024000, 1, 0, 0
192000, 1026048, 1, 0, 0
193000, 1028096, 1, 0, 0
194000, 1027072, 1, 0, 0
195000, 1025024, 1, 0, 0
196000, 1027072, 1, 0, 0
197000, 1022976, 1, 0, 0
198000, 1021952, 1, 0, 0
199000, 1016832, 1, 0, 0
200000, 1027072, 1, 0, 0
201000, 1020928, 1, 0, 0
202000, 1029120, 1, 0, 0
203000, 1016832, 1, 0, 0
204000, 1033216, 1, 0, 0
205001, 1029120, 1, 0, 0
206001, 1021952, 1, 0, 0
207001, 1027072, 1, 0, 0
208000, 1037325, 1, 0, 0
209000, 1028096, 1, 0, 0
210000, 1029120, 1, 0, 0
211000, 1027072, 1, 0, 0
212000, 1034240, 1, 0, 0
213000, 1027072, 1, 0, 0
214000, 1022976, 1, 0, 0
215000, 1029120, 1, 0, 0
216000, 1026048, 1, 0, 0
217000, 1018880, 1, 0, 0
218000, 1029120, 1, 0, 0
219000, 1026048, 1, 0, 0
220000, 1025024, 1, 0, 0
221000, 1027072, 1, 0, 0
222000, 1026048, 1, 0, 0
223001, 1021952, 1, 0, 0
224001, 1015808, 1, 0, 0
225000, 1037325, 1, 0, 0
226000, 1021952, 1, 0, 0
227000, 1021952, 1, 0, 0
228000, 1021952, 1, 0, 0
229000, 1017856, 1, 0, 0
230000, 1024000, 1, 0, 0
231000, 1027072, 1, 0, 0
232000, 1025024, 1, 0, 0
233000, 1024000, 1, 0, 0
234000, 1026048, 1, 0, 0
235000, 1031168, 1, 0, 0
236000, 1022976, 1, 0, 0
237000, 1018880, 1, 0, 0
238000, 1033216, 1, 0, 0
239000, 1021952, 1, 0, 0
240001, 1019904, 1, 0, 0
241001, 1030144, 1, 0, 0
242000, 1021949, 1, 0, 0
243000, 1027072, 1, 0, 0
244000, 1026048, 1, 0, 0
245000, 919552, 1, 0, 0
246000, 159744, 1, 0, 0
247000, 155648, 1, 0, 0
248000, 155648, 1, 0, 0
249000, 164864, 1, 0, 0
250000, 162816, 1, 0, 0
251000, 166912, 1, 0, 0
252000, 163840, 1, 0, 0
253000, 158720, 1, 0, 0
254000, 156672, 1, 0, 0
255000, 166912, 1, 0, 0
256000, 151552, 1, 0, 0
257001, 137216, 1, 0, 0
258001, 136192, 1, 0, 0
259001, 134144, 1, 0, 0
260000, 138378, 1, 0, 0
261000, 133120, 1, 0, 0
262000, 125952, 1, 0, 0
263000, 133120, 1, 0, 0
264000, 130048, 1, 0, 0
265000, 130048, 1, 0, 0
266000, 138240, 1, 0, 0
267000, 131072, 1, 0, 0
268000, 261120, 1, 0, 0
269000, 720896, 1, 0, 0
270000, 716800, 1, 0, 0
271000, 716800, 1, 0, 0
272000, 717824, 1, 0, 0
273000, 714752, 1, 0, 0
274001, 719872, 1, 0, 0
275001, 716800, 1, 0, 0
276001, 715776, 1, 0, 0
277000, 717517, 1, 0, 0
278000, 718848, 1, 0, 0
279000, 718848, 1, 0, 0
280000, 719872, 1, 0, 0
281000, 716800, 1, 0, 0
282000, 716800, 1, 0, 0
283000, 721920, 1, 0, 0
284000, 717824, 1, 0, 0
285000, 722944, 1, 0, 0
286000, 715776, 1, 0, 0
287000, 717824, 1, 0, 0
288000, 718848, 1, 0, 0
289000, 724992, 1, 0, 0
290000, 715776, 1, 0, 0
291001, 717824, 1, 0, 0
292001, 718848, 1, 0, 0
293001, 718848, 1, 0, 0
294000, 718542, 1, 0, 0
295000, 718848, 1, 0, 0
296000, 717824, 1, 0, 0
297000, 718848, 1, 0, 0
298000, 719872, 1, 0, 0
299000, 718848, 1, 0, 0
300000, 793600, 1, 0, 0
301000, 753664, 1, 0, 0
302000, 718848, 1, 0, 0
303000, 719872, 1, 0, 0
304000, 717824, 1, 0, 0
305000, 717824, 1, 0, 0
306000, 720896, 1, 0, 0
307000, 720896, 1, 0, 0
308001, 716800, 1, 0, 0
309001, 717824, 1, 0, 0
310000, 718542, 1, 0, 0
311000, 721920, 1, 0, 0
312000, 718848, 1, 0, 0
313000, 733184, 1, 0, 0
314000, 717824, 1, 0, 0
315000, 718848, 1, 0, 0
316000, 719872, 1, 0, 0
317000, 718848, 1, 0, 0
318000, 717824, 1, 0, 0
319000, 718848, 1, 0, 0
320000, 719872, 1, 0, 0
321000, 733184, 1, 0, 0
322000, 964608, 1, 0, 0
323000, 903168, 1, 0, 0
324001, 716800, 1, 0, 0
325001, 718848, 1, 0, 0
326001, 720896, 1, 0, 0
327000, 719567, 1, 0, 0
328000, 719872, 1, 0, 0
329000, 299008, 1, 0, 0
330000, 153600, 1, 0, 0
331000, 162816, 1, 0, 0
332000, 148480, 1, 0, 0
333000, 164864, 1, 0, 0
334000, 161792, 1, 0, 0
335000, 156672, 1, 0, 0
336000, 141312, 1, 0, 0
337000, 878592, 1, 0, 0
338000, 963584, 1, 0, 0
339000, 953344, 1, 0, 0
340000, 916480, 1, 0, 0
341001, 722944, 1, 0, 0
342001, 715776, 1, 0, 0
343000, 715467, 1, 0, 0
344000, 716800, 1, 0, 0
345000, 720896, 1, 0, 0
346000, 717824, 1, 0, 0
347000, 716800, 1, 0, 0
348000, 721920, 1, 0, 0
349000, 718848, 1, 0, 0
350000, 720896, 1, 0, 0
351000, 722944, 1, 0, 0
352000, 719872, 1, 0, 0
353000, 714752, 1, 0, 0
354000, 720896, 1, 0, 0
355000, 716800, 1, 0, 0
356000, 721920, 1, 0, 0
357000, 714752, 1, 0, 0
358001, 721920, 1, 0, 0
359001, 712704, 1, 0, 0
360000, 726742, 1, 0, 0
361000, 716800, 1, 0, 0
362000, 719872, 1, 0, 0
363000, 717824, 1, 0, 0
364000, 859136, 1, 0, 0
365000, 1020928, 1, 0, 0
366000, 1029120, 1, 0, 0
367000, 1019904, 1, 0, 0
368000, 1026048, 1, 0, 0
369000, 1027072, 1, 0, 0
370000, 1024000, 1, 0, 0
371000, 1022976, 1, 0, 0
372000, 1027072, 1, 0, 0
373000, 1026048, 1, 0, 0
374000, 1027072, 1, 0, 0
375001, 1031168, 1, 0, 0
376001, 1020928, 1, 0, 0
377000, 1024000, 1, 0, 0
378000, 1021952, 1, 0, 0
379000, 1022976, 1, 0, 0
380000, 1015808, 1, 0, 0
381000, 1024000, 1, 0, 0
382000, 1020928, 1, 0, 0
383000, 1026048, 1, 0, 0
384000, 1028096, 1, 0, 0
385000, 1022976, 1, 0, 0
386000, 1030144, 1, 0, 0
387000, 1024000, 1, 0, 0
388000, 1026048, 1, 0, 0
389000, 1074176, 1, 0, 0
390000, 1021952, 1, 0, 0
391000, 1019904, 1, 0, 0
392001, 1938432, 1, 0, 0
393001, 1957888, 1, 0, 0
394000, 1960872, 1, 0, 0
395000, 1964032, 1, 0, 0
396000, 1951744, 1, 0, 0
397000, 1964032, 1, 0, 0
398000, 1946624, 1, 0, 0
399000, 1944576, 1, 0, 0
400000, 1948672, 1, 0, 0
401000, 1955840, 1, 0, 0
402000, 1948672, 1, 0, 0
403000, 1960960, 1, 0, 0
404000, 1973248, 1, 0, 0
405000, 1960960, 1, 0, 0
406000, 1941504, 1, 0, 0
407000, 1968128, 1, 0, 0
408000, 1968128, 1, 0, 0
409001, 1975296, 1, 0, 0
410001, 1948672, 1, 0, 0
411000, 1974198, 1, 0, 0
412000, 1305600, 1, 0, 0
413000, 577536, 1, 0, 0
414000, 579584, 1, 0, 0
415000, 159744, 1, 0, 0
416000, 116736, 1, 0, 0
417000, 113664, 1, 0, 0
418000, 112640, 1, 0, 0
419000, 116736, 1, 0, 0
420000, 120832, 1, 0, 0
421000, 112640, 1, 0, 0
422000, 114688, 1, 0, 0
423000, 120832, 1, 0, 0
424000, 121856, 1, 0, 0
425000, 118784, 1, 0, 0
426001, 124928, 1, 0, 0
427001, 119808, 1, 0, 0
428000, 118902, 1, 0, 0
429000, 120832, 1, 0, 0
430000, 116736, 1, 0, 0
431000, 122880, 1, 0, 0
432000, 122880, 1, 0, 0
433000, 122880, 1, 0, 0
434000, 117760, 1, 0, 0
435000, 116736, 1, 0, 0
436000, 117760, 1, 0, 0
437000, 119808, 1, 0, 0
438000, 119808, 1, 0, 0
439000, 123904, 1, 0, 0
440000, 115712, 1, 0, 0
441000, 121856, 1, 0, 0
442000, 506880, 1, 0, 0
443001, 578560, 1, 0, 0
444001, 578560, 1, 0, 0
445000, 578114, 1, 0, 0
446000, 579584, 1, 0, 0
447000, 578560, 1, 0, 0
448000, 578560, 1, 0, 0
449000, 578560, 1, 0, 0
450000, 578560, 1, 0, 0
451000, 579584, 1, 0, 0
452000, 577536, 1, 0, 0
453000, 579584, 1, 0, 0
454000, 578560, 1, 0, 0
455000, 578560, 1, 0, 0
456000, 578560, 1, 0, 0
457000, 578560, 1, 0, 0
458000, 579584, 1, 0, 0
459000, 577536, 1, 0, 0
460001, 484352, 1, 0, 0
461001, 123904, 1, 0, 0
462000, 119927, 1, 0, 0
463000, 119808, 1, 0, 0
464000, 122880, 1, 0, 0
465000, 124928, 1, 0, 0
466000, 115712, 1, 0, 0
467000, 119808, 1, 0, 0
468000, 114688, 1, 0, 0
469000, 122880, 1, 0, 0
470000, 116736, 1, 0, 0
471000, 119808, 1, 0, 0
472000, 121856, 1, 0, 0
473000, 118784, 1, 0, 0
474000, 116736, 1, 0, 0
475000, 122880, 1, 0, 0
476000, 120832, 1, 0, 0
477001, 122880, 1, 0, 0
478001, 120832, 1, 0, 0
479000, 116852, 1, 0, 0
480000, 124928, 1, 0, 0
481000, 118784, 1, 0, 0
482000, 117760, 1, 0, 0
483000, 121856, 1, 0, 0
484000, 115712, 1, 0, 0
485000, 111616, 1, 0, 0
486000, 121856, 1, 0, 0
487000, 120832, 1, 0, 0
488000, 113664, 1, 0, 0
489000, 116736, 1, 0, 0
490000, 119808, 1, 0, 0
491000, 118784, 1, 0, 0
492000, 122880, 1, 0, 0
493000, 120832, 1, 0, 0
494001, 117760, 1, 0, 0
495001, 120832, 1, 0, 0
496000, 114802, 1, 0, 0
497000, 163840, 1, 0, 0
498000, 1029120, 1, 0, 0
499000, 1025024, 1, 0, 0
500000, 1025024, 1, 0, 0
501000, 1026048, 1, 0, 0
502000, 1021952, 1, 0, 0
503000, 1025024, 1, 0, 0
504000, 1131520, 1, 0, 0
505000, 1948672, 1, 0, 0
506000, 1950720, 1, 0, 0
507000, 1963008, 1, 0, 0
508000, 1980416, 1, 0, 0
509000, 1943552, 1, 0, 0
510000, 1967104, 1, 0, 0
511001, 1946624, 1, 0, 0
512001, 1966080, 1, 0, 0
513001, 1958912, 1, 0, 0
514000, 1960872, 1, 0, 0
515000, 1944576, 1, 0, 0
516000, 1966080, 1, 0, 0
517000, 1955840, 1, 0, 0
518000, 1953792, 1, 0, 0
519000, 1960960, 1, 0, 0
520000, 1938432, 1, 0, 0
521000, 1966080, 1, 0, 0
522000, 1954816, 1, 0, 0
523000, 1967104, 1, 0, 0
524000, 1959936, 1, 0, 0
525000, 1960960, 1, 0, 0
526000, 1969152, 1, 0, 0
527000, 1957888, 1, 0, 0
528001, 1950720, 1, 0, 0
529001, 1949696, 1, 0, 0
530001, 1963008, 1, 0, 0
531000, 1946522, 1, 0, 0
532000, 942080, 1, 0, 0
533000, 578560, 1, 0, 0
534000, 578560, 1, 0, 0
535000, 579584, 1, 0, 0
536000, 577536, 1, 0, 0
537000, 579584, 1, 0, 0
538000, 224256, 1, 0, 0
539000, 118784, 1, 0, 0
540000, 119808, 1, 0, 0
541000, 119808, 1, 0, 0
542000, 118784, 1, 0, 0
543000, 116736, 1, 0, 0
544000, 118784, 1, 0, 0
545000, 117760, 1, 0, 0
546001, 120832, 1, 0, 0
547001, 116736, 1, 0, 0
548000, 119927, 1, 0, 0
549000, 115712, 1, 0, 0
550000, 116736, 1, 0, 0
551000, 116736, 1, 0, 0
552000, 117760, 1, 0, 0
553000, 114688, 1, 0, 0
554000, 122880, 1, 0, 0
555000, 115712, 1, 0, 0
556000, 117760, 1, 0, 0
557000, 116736, 1, 0, 0
558000, 412672, 1, 0, 0
559000, 772096, 1, 0, 0
560000, 314368, 1, 0, 0
561000, 171008, 1, 0, 0
562000, 165888, 1, 0, 0
563001, 168960, 1, 0, 0
564001, 156672, 1, 0, 0
565000, 169129, 1, 0, 0
566000, 164864, 1, 0, 0
567000, 171008, 1, 0, 0
568000, 160768, 1, 0, 0
569000, 167936, 1, 0, 0
570000, 169984, 1, 0, 0
571000, 174080, 1, 0, 0
572000, 179200, 1, 0, 0
573000, 162816, 1, 0, 0
574000, 166912, 1, 0, 0
575000, 169984, 1, 0, 0
576000, 167936, 1, 0, 0
577000, 618496, 1, 0, 0
578000, 1056768, 1, 0, 0
579000, 972800, 1, 0, 0
580000, 1051648, 1, 0, 0
581001, 1056768, 1, 0, 0
582001, 1053696, 1, 0, 0
583001, 1055744, 1, 0, 0
584000, 700092, 1, 0, 0
585000, 168960, 1, 0, 0
586000, 654336, 1, 0, 0
587000, 772096, 1, 0, 0
588000, 772096, 1, 0, 0
589000, 771072, 1, 0, 0
590000, 316416, 1, 0, 0
591000, 169984, 1, 0, 0
592000, 168960, 1, 0, 0
593000, 171008, 1, 0, 0
594000, 168960, 1, 0, 0
595000, 179200, 1, 0, 0
596000, 163840, 1, 0, 0
597000, 172032, 1, 0, 0
598000, 173056, 1, 0, 0
599001, 173056, 1, 0, 0
600001, 176128, 1, 0, 0
601001, 171008, 1, 0, 0
602000, 169129, 1, 0, 0
603000, 167936, 1, 0, 0
604000, 174080, 1, 0, 0
605000, 172032, 1, 0, 0
606000, 165888, 1, 0, 0
607000, 166912, 1, 0, 0
608000, 172032, 1, 0, 0
609000, 173056, 1, 0, 0
610000, 164864, 1, 0, 0
611000, 160768, 1, 0, 0
612000, 175104, 1, 0, 0
613000, 171008, 1, 0, 0
614000, 169984, 1, 0, 0
615000, 161792, 1, 0, 0
616000, 169984, 1, 0, 0
617000, 172032, 1, 0, 0
618001, 166912, 1, 0, 0
619001, 157696, 1, 0, 0
620001, 172032, 1, 0, 0
621000, 168104, 1, 0, 0
622000, 167936, 1, 0, 0
623000, 167936, 1, 0, 0
624000, 168960, 1, 0, 0
625000, 163840, 1, 0, 0
626000, 172032, 1, 0, 0
627000, 164864, 1, 0, 0
628000, 176128, 1, 0, 0
629000, 169984, 1, 0, 0
630000, 163840, 1, 0, 0
631000, 168960, 1, 0, 0
632000, 174080, 1, 0, 0
633000, 161792, 1, 0, 0
634000, 164864, 1, 0, 0
635000, 163840, 1, 0, 0
636000, 169984, 1, 0, 0
637001, 168960, 1, 0, 0
638001, 808960, 1, 0, 0
639001, 1061888, 1, 0, 0
640000, 1057825, 1, 0, 0
641000, 1059840, 1, 0, 0
642000, 1053696, 1, 0, 0
643000, 1063936, 1, 0, 0
644000, 398336, 1, 0, 0
645000, 165888, 1, 0, 0
646000, 166912, 1, 0, 0
647000, 178176, 1, 0, 0
648000, 175104, 1, 0, 0
649000, 176128, 1, 0, 0
650000, 163840, 1, 0, 0
651000, 167936, 1, 0, 0
652000, 163840, 1, 0, 0
653000, 168960, 1, 0, 0
654000, 163840, 1, 0, 0
655000, 160768, 1, 0, 0
656001, 162816, 1, 0, 0
657001, 172032, 1, 0, 0
658001, 178176, 1, 0, 0
659000, 165029, 1, 0, 0
660000, 161792, 1, 0, 0
661000, 162816, 1, 0, 0
662000, 162816, 1, 0, 0
663000, 157696, 1, 0, 0
664000, 167936, 1, 0, 0
665000, 973824, 1, 0, 0
666000, 1084416, 1, 0, 0
667000, 1062912, 1, 0, 0
668000, 1073152, 1, 0, 0
669000, 1057792, 1, 0, 0
670000, 1052672, 1, 0, 0
671000, 1055744, 1, 0, 0
672000, 1065984, 1, 0, 0
673000, 1069056, 1, 0, 0
674000, 1059840, 1, 0, 0
675001, 1057792, 1, 0, 0
676001, 1055744, 1, 0, 0
677001, 1056768, 1, 0, 0
678000, 1058850, 1, 0, 0
679000, 1061888, 1, 0, 0
680000, 1063936, 1, 0, 0
681000, 1052672, 1, 0, 0
682000, 1060864, 1, 0, 0
683000, 1057792, 1, 0, 0
684000, 1056768, 1, 0, 0
685000, 1052672, 1, 0, 0
686000, 1051648, 1, 0, 0
687000, 1062912, 1, 0, 0
688000, 1054720, 1, 0, 0
689000, 1055744, 1, 0, 0
690000, 1058816, 1, 0, 0
691000, 1063936, 1, 0, 0
692000, 1063936, 1, 0, 0
693000, 1058816, 1, 0, 0
694001, 1061888, 1, 0, 0
695001, 1063936, 1, 0, 0
696000, 1066026, 1, 0, 0
697000, 1059840, 1, 0, 0
698000, 1059840, 1, 0, 0
699000, 1060864, 1, 0, 0
700000, 1053696, 1, 0, 0
701000, 1054720, 1, 0, 0
702000, 1059840, 1, 0, 0
703000, 1058816, 1, 0, 0
704000, 1068032, 1, 0, 0
705000, 1056768, 1, 0, 0
706000, 741376, 1, 0, 0
707000, 164864, 1, 0, 0
708000, 175104, 1, 0, 0
709000, 171008, 1, 0, 0
710001, 167936, 1, 0, 0
711001, 163840, 1, 0, 0
712000, 172204, 1, 0, 0
713000, 177152, 1, 0, 0
714000, 171008, 1, 0, 0
715000, 162816, 1, 0, 0
716000, 172032, 1, 0, 0
717000, 169984, 1, 0, 0
718000, 247808, 1, 0, 0
719000, 288768, 1, 0, 0
720000, 290816, 1, 0, 0
721000, 296960, 1, 0, 0
722000, 281600, 1, 0, 0
723001, 292864, 1, 0, 0
724001, 280576, 1, 0, 0
