1000, 1245184, 1, 0, 0
2000, 850944, 1, 0, 0
3000, 908288, 1, 0, 0
4000, 915456, 1, 0, 0
5000, 936960, 1, 0, 0
6000, 862208, 1, 0, 0
7000, 683008, 1, 0, 0
8000, 668672, 1, 0, 0
9000, 549888, 1, 0, 0
10000, 719567, 1, 0, 0
11000, 506880, 1, 0, 0
12000, 762880, 1, 0, 0
13000, 557056, 1, 0, 0
14000, 472064, 1, 0, 0
15000, 680960, 1, 0, 0
16000, 775168, 1, 0, 0
17000, 1059840, 1, 0, 0
18000, 1106944, 1, 0, 0
19000, 1095680, 1, 0, 0
20000, 753664, 1, 0, 0
21000, 558080, 1, 0, 0
22000, 733184, 1, 0, 0
23000, 609280, 1, 0, 0
24000, 523264, 1, 0, 0
25000, 659456, 1, 0, 0
26000, 841545, 1, 0, 0
27000, 815104, 1, 0, 0
28000, 833536, 1, 0, 0
29000, 788480, 1, 0, 0
30000, 845824, 1, 0, 0
31000, 748544, 1, 0, 0
32000, 653312, 1, 0, 0
33000, 657408, 1, 0, 0
34000, 625664, 1, 0, 0
35000, 690176, 1, 0, 0
36000, 801792, 1, 0, 0
37000, 796444, 1, 0, 0
38000, 769024, 1, 0, 0
39000, 677888, 1, 0, 0
40000, 667648, 1, 0, 0
41000, 670720, 1, 0, 0
42000, 632832, 1, 0, 0
43000, 648192, 1, 0, 0
44000, 666624, 1, 0, 0
45000, 495616, 1, 0, 0
46000, 514048, 1, 0, 0
47000, 455680, 1, 0, 0
48000, 484352, 1, 0, 0
49000, 362496, 1, 0, 0
50000, 432128, 1, 0, 0
51000, 488448, 1, 0, 0
52000, 144384, 1, 0, 0
53000, 167936, 1, 0, 0
54000, 150528, 1, 0, 0
55000, 151703, 1, 0, 0
56000, 229376, 1, 0, 0
57000, 154624, 1, 0, 0
58000, 153600, 1, 0, 0
59000, 142336, 1, 0, 0
60000, 161792, 1, 0, 0
61000, 151552, 1, 0, 0
62000, 387072, 1, 0, 0
63000, 142336, 1, 0, 0
64000, 173056, 1, 0, 0
65000, 171008, 1, 0, 0
66000, 162816, 1, 0, 0
67000, 139264, 1, 0, 0
68000, 151552, 1, 0, 0
69000, 154624, 1, 0, 0
70000, 147456, 1, 0, 0
71000, 149504, 1, 0, 0
72000, 135168, 1, 0, 0
73000, 143503, 1, 0, 0
74000, 139264, 1, 0, 0
75000, 161792, 1, 0, 0
76000, 157696, 1, 0, 0
77000, 150528, 1, 0, 0
78000, 145408, 1, 0, 0
79000, 139264, 1, 0, 0
80000, 146432, 1, 0, 0
81000, 153600, 1, 0, 0
82000, 131072, 1, 0, 0
83000, 154624, 1, 0, 0
84000, 157696, 1, 0, 0
85000, 149504, 1, 0, 0
86000, 122880, 1, 0, 0
87000, 129024, 1, 0, 0
88000, 152576, 1, 0, 0
89000, 146432, 1, 0, 0
90001, 134144, 1, 0, 0
91000, 148628, 1, 0, 0
92000, 144384, 1, 0, 0
93000, 161792, 1, 0, 0
94000, 158720, 1, 0, 0
95000, 135168, 1, 0, 0
96000, 157696, 1, 0, 0
97000, 140288, 1, 0, 0
98000, 149504, 1, 0, 0
99000, 137216, 1, 0, 0
100000, 143360, 1, 0, 0
101000, 138240, 1, 0, 0
102000, 193536, 1, 0, 0
103000, 185344, 1, 0, 0
104000, 180224, 1, 0, 0
105000, 181248, 1, 0, 0
106000, 194560, 1, 0, 0
107000, 186368, 1, 0, 0
108000, 190654, 1, 0, 0
109000, 197632, 1, 0, 0
110000, 259072, 1, 0, 0
111000, 484352, 1, 0, 0
112000, 485376, 1, 0, 0
113000, 547840, 1, 0, 0
114000, 625664, 1, 0, 0
115000, 640000, 1, 0, 0
116000, 636928, 1, 0, 0
117000, 656384, 1, 0, 0
118000, 623616, 1, 0, 0
119000, 655360, 1, 0, 0
120000, 652288, 1, 0, 0
121000, 661504, 1, 0, 0
122000, 636928, 1, 0, 0
123000, 619520, 1, 0, 0
124000, 612352, 1, 0, 0
125000, 662528, 1, 0, 0
126000, 640640, 1, 0, 0
127000, 646144, 1, 0, 0
128000, 652288, 1, 0, 0
129000, 663552, 1, 0, 0
130000, 562176, 1, 0, 0
131000, 461824, 1, 0, 0
132000, 397312, 1, 0, 0
133000, 398336, 1, 0, 0
134000, 485376, 1, 0, 0
135000, 411648, 1, 0, 0
136000, 512000, 1, 0, 0
137000, 459776, 1, 0, 0
138000, 484352, 1, 0, 0
139000, 573440, 1, 0, 0
140000, 454656, 1, 0, 0
141000, 513024, 1, 0, 0
142000, 474112, 1, 0, 0
143000, 462848, 1, 0, 0
144000, 466386, 1, 0, 0
145000, 455680, 1, 0, 0
146000, 476160, 1, 0, 0
147000, 563200, 1, 0, 0
148000, 549888, 1, 0, 0
149000, 496640, 1, 0, 0
150000, 429056, 1, 0, 0
151000, 247808, 1, 0, 0
152000, 148480, 1, 0, 0
153000, 139264, 1, 0, 0
154000, 142336, 1, 0, 0
155000, 156672, 1, 0, 0
156000, 154624, 1, 0, 0
157000, 166912, 1, 0, 0
158000, 119808, 1, 0, 0
159000, 415744, 1, 0, 0
160000, 138240, 1, 0, 0
161000, 139264, 1, 0, 0
162000, 154778, 1, 0, 0
163000, 157696, 1, 0, 0
164000, 132096, 1, 0, 0
165000, 159744, 1, 0, 0
166000, 153600, 1, 0, 0
167000, 134144, 1, 0, 0
168000, 141312, 1, 0, 0
169000, 158720, 1, 0, 0
170000, 158720, 1, 0, 0
171000, 181248, 1, 0, 0
172000, 181248, 1, 0, 0
173000, 179200, 1, 0, 0
174000, 188416, 1, 0, 0
175000, 148480, 1, 0, 0
176000, 179200, 1, 0, 0
177000, 177152, 1, 0, 0
178000, 153600, 1, 0, 0
179000, 183479, 1, 0, 0
180000, 178176, 1, 0, 0
181000, 185344, 1, 0, 0
182000, 188416, 1, 0, 0
183000, 163840, 1, 0, 0
184000, 184320, 1, 0, 0
185000, 171008, 1, 0, 0
186000, 147456, 1, 0, 0
187000, 152576, 1, 0, 0
188000, 150528, 1, 0, 0
189000, 158720, 1, 0, 0
190000, 141312, 1, 0, 0
191000, 156672, 1, 0, 0
192000, 147456, 1, 0, 0
193000, 151552, 1, 0, 0
194000, 172032, 1, 0, 0
195000, 178176, 1, 0, 0
196000, 195584, 1, 0, 0
197000, 180404, 1, 0, 0
198000, 167936, 1, 0, 0
199000, 186368, 1, 0, 0
200000, 151552, 1, 0, 0
201000, 192512, 1, 0, 0
202000, 188416, 1, 0, 0
203000, 189440, 1, 0, 0
204000, 167936, 1, 0, 0
205000, 185344, 1, 0, 0
206000, 192512, 1, 0, 0
207000, 154624, 1, 0, 0
208000, 158720, 1, 0, 0
209000, 148480, 1, 0, 0
210000, 166912, 1, 0, 0
211000, 154624, 1, 0, 0
212000, 159744, 1, 0, 0
213000, 156672, 1, 0, 0
214000, 159744, 1, 0, 0
215000, 158878, 1, 0, 0
216000, 155648, 1, 0, 0
217000, 154624, 1, 0, 0
218000, 148480, 1, 0, 0
219000, 153600, 1, 0, 0
220000, 160768, 1, 0, 0
221000, 161792, 1, 0, 0
222000, 137216, 1, 0, 0
223000, 135168, 1, 0, 0
224000, 138240, 1, 0, 0
225000, 150528, 1, 0, 0
226000, 178176, 1, 0, 0
227000, 211968, 1, 0, 0
228000, 182272, 1, 0, 0
229000, 193536, 1, 0, 0
230000, 176128, 1, 0, 0
231000, 146432, 1, 0, 0
232000, 168104, 1, 0, 0
233000, 145408, 1, 0, 0
234000, 174080, 1, 0, 0
235000, 220160, 1, 0, 0
236000, 184320, 1, 0, 0
237000, 181248, 1, 0, 0
238000, 187392, 1, 0, 0
239000, 199680, 1, 0, 0
240000, 182272, 1, 0, 0
241000, 152576, 1, 0, 0
242000, 155648, 1, 0, 0
243000, 157696, 1, 0, 0
244000, 147456, 1, 0, 0
245000, 136192, 1, 0, 0
246000, 152576, 1, 0, 0
247000, 155648, 1, 0, 0
248000, 142336, 1, 0, 0
249000, 194754, 1, 0, 0
250000, 192512, 1, 0, 0
251000, 182272, 1, 0, 0
252000, 216064, 1, 0, 0
253000, 205824, 1, 0, 0
254000, 258048, 1, 0, 0
255000, 227328, 1, 0, 0
256000, 244736, 1, 0, 0
257000, 237568, 1, 0, 0
258000, 214016, 1, 0, 0
259000, 187392, 1, 0, 0
260000, 177152, 1, 0, 0
261000, 181248, 1, 0, 0
262000, 187392, 1, 0, 0
263000, 251904, 1, 0, 0
264000, 200704, 1, 0, 0
265001, 191488, 1, 0, 0
266000, 193729, 1, 0, 0
267000, 189440, 1, 0, 0
268000, 221184, 1, 0, 0
269000, 200704, 1, 0, 0
270000, 210944, 1, 0, 0
271000, 191488, 1, 0, 0
272000, 162816, 1, 0, 0
273000, 150528, 1, 0, 0
274000, 152576, 1, 0, 0
275000, 146432, 1, 0, 0
276000, 151552, 1, 0, 0
277000, 165888, 1, 0, 0
278000, 142336, 1, 0, 0
279000, 142336, 1, 0, 0
280000, 164864, 1, 0, 0
281000, 154624, 1, 0, 0
282000, 160768, 1, 0, 0
283000, 174254, 1, 0, 0
284000, 159744, 1, 0, 0
285000, 492544, 1, 0, 0
286000, 579584, 1, 0, 0
287000, 587776, 1, 0, 0
288000, 575488, 1, 0, 0
289000, 585728, 1, 0, 0
290000, 584704, 1, 0, 0
291000, 589824, 1, 0, 0
292000, 563200, 1, 0, 0
293000, 615424, 1, 0, 0
294000, 648192, 1, 0, 0
295000, 612352, 1, 0, 0
296000, 553984, 1, 0, 0
297000, 601088, 1, 0, 0
298000, 598016, 1, 0, 0
299000, 568320, 1, 0, 0
300000, 615015, 1, 0, 0
