1000, 752640, 1, 0, 0
2000, 577536, 1, 0, 0
3000, 579584, 1, 0, 0
4000, 576512, 1, 0, 0
5000, 580608, 1, 0, 0
6000, 580608, 1, 0, 0
7000, 575488, 1, 0, 0
8000, 610304, 1, 0, 0
9000, 719872, 1, 0, 0
10000, 721920, 1, 0, 0
11000, 715776, 1, 0, 0
12000, 718848, 1, 0, 0
13000, 719872, 1, 0, 0
14000, 719872, 1, 0, 0
15000, 724992, 1, 0, 0
16001, 716800, 1, 0, 0
17001, 722944, 1, 0, 0
18000, 716492, 1, 0, 0
19000, 716800, 1, 0, 0
20000, 727040, 1, 0, 0
21000, 718848, 1, 0, 0
22000, 719872, 1, 0, 0
23000, 717824, 1, 0, 0
24000, 720896, 1, 0, 0
25000, 721920, 1, 0, 0
26000, 716800, 1, 0, 0
27000, 718848, 1, 0, 0
28000, 716800, 1, 0, 0
29000, 717824, 1, 0, 0
30000, 718848, 1, 0, 0
31000, 718848, 1, 0, 0
32000, 715776, 1, 0, 0
33000, 723968, 1, 0, 0
34001, 718848, 1, 0, 0
35000, 720592, 1, 0, 0
36000, 719872, 1, 0, 0
37000, 715776, 1, 0, 0
38000, 715776, 1, 0, 0
39000, 719872, 1, 0, 0
40000, 719872, 1, 0, 0
41000, 716800, 1, 0, 0
42000, 720896, 1, 0, 0
43000, 716800, 1, 0, 0
44000, 720896, 1, 0, 0
45000, 719872, 1, 0, 0
46000, 716800, 1, 0, 0
47000, 717824, 1, 0, 0
48000, 715776, 1, 0, 0
49000, 716800, 1, 0, 0
50000, 719872, 1, 0, 0
51001, 719872, 1, 0, 0
52000, 712392, 1, 0, 0
53000, 720896, 1, 0, 0
54000, 718848, 1, 0, 0
55000, 716800, 1, 0, 0
56000, 714752, 1, 0, 0
57000, 722944, 1, 0, 0
58000, 714752, 1, 0, 0
59000, 719872, 1, 0, 0
60000, 717824, 1, 0, 0
61000, 717824, 1, 0, 0
62000, 714752, 1, 0, 0
63000, 721920, 1, 0, 0
64000, 718848, 1, 0, 0
65000, 718848, 1, 0, 0
66000, 717824, 1, 0, 0
67000, 718848, 1, 0, 0
68001, 717824, 1, 0, 0
69001, 719872, 1, 0, 0
70000, 715467, 1, 0, 0
71000, 718848, 1, 0, 0
72000, 721920, 1, 0, 0
73000, 717824, 1, 0, 0
74000, 719872, 1, 0, 0
75000, 717824, 1, 0, 0
76000, 719872, 1, 0, 0
77000, 721920, 1, 0, 0
78000, 712704, 1, 0, 0
79000, 714752, 1, 0, 0
80000, 718848, 1, 0, 0
81000, 713728, 1, 0, 0
82000, 721920, 1, 0, 0
83000, 717824, 1, 0, 0
84000, 714752, 1, 0, 0
85000, 721920, 1, 0, 0
86001, 721920, 1, 0, 0
87000, 719567, 1, 0, 0
88000, 769024, 1, 0, 0
89000, 717824, 1, 0, 0
90000, 716800, 1, 0, 0
91000, 722944, 1, 0, 0
92000, 831488, 1, 0, 0
93000, 1027072, 1, 0, 0
94000, 1027072, 1, 0, 0
95000, 1024000, 1, 0, 0
96000, 1021952, 1, 0, 0
97000, 1019904, 1, 0, 0
98000, 1037312, 1, 0, 0
99000, 1018880, 1, 0, 0
100000, 969728, 1, 0, 0
101000, 964608, 1, 0, 0
102000, 952320, 1, 0, 0
103001, 879616, 1, 0, 0
104000, 718542, 1, 0, 0
105000, 717824, 1, 0, 0
106000, 714752, 1, 0, 0
107000, 721920, 1, 0, 0
108000, 715776, 1, 0, 0
109000, 715776, 1, 0, 0
110000, 721920, 1, 0, 0
111000, 716800, 1, 0, 0
112000, 720896, 1, 0, 0
113000, 718848, 1, 0, 0
114000, 714752, 1, 0, 0
115000, 723968, 1, 0, 0
116000, 712704, 1, 0, 0
117000, 717824, 1, 0, 0
118000, 719872, 1, 0, 0
119000, 715776, 1, 0, 0
120001, 717824, 1, 0, 0
121000, 545313, 1, 0, 0
122000, 136192, 1, 0, 0
123000, 131072, 1, 0, 0
124000, 133120, 1, 0, 0
125000, 126976, 1, 0, 0
126000, 136192, 1, 0, 0
127000, 134144, 1, 0, 0
128000, 136192, 1, 0, 0
129000, 128000, 1, 0, 0
130000, 133120, 1, 0, 0
131000, 135168, 1, 0, 0
132000, 135168, 1, 0, 0
133000, 137216, 1, 0, 0
134000, 134144, 1, 0, 0
135000, 132096, 1, 0, 0
136000, 130048, 1, 0, 0
137001, 134144, 1, 0, 0
138001, 134144, 1, 0, 0
139000, 133253, 1, 0, 0
140000, 129024, 1, 0, 0
141000, 133120, 1, 0, 0
142000, 413696, 1, 0, 0
143000, 721920, 1, 0, 0
144000, 716800, 1, 0, 0
145000, 716800, 1, 0, 0
146000, 719872, 1, 0, 0
147000, 716800, 1, 0, 0
148000, 719872, 1, 0, 0
149000, 711680, 1, 0, 0
150000, 717824, 1, 0, 0
151000, 717824, 1, 0, 0
152000, 717824, 1, 0, 0
153000, 722944, 1, 0, 0
154000, 714752, 1, 0, 0
155001, 712704, 1, 0, 0
156000, 723667, 1, 0, 0
157000, 711680, 1, 0, 0
158000, 715776, 1, 0, 0
159000, 719872, 1, 0, 0
160000, 287744, 1, 0, 0
161000, 131072, 1, 0, 0
162000, 133120, 1, 0, 0
163000, 129024, 1, 0, 0
164000, 136192, 1, 0, 0
165000, 128000, 1, 0, 0
166000, 134144, 1, 0, 0
167000, 131072, 1, 0, 0
168000, 133120, 1, 0, 0
169000, 130048, 1, 0, 0
170000, 132096, 1, 0, 0
171000, 130048, 1, 0, 0
172001, 135168, 1, 0, 0
173001, 130048, 1, 0, 0
174000, 129153, 1, 0, 0
175000, 124928, 1, 0, 0
176000, 132096, 1, 0, 0
177000, 135168, 1, 0, 0
178000, 133120, 1, 0, 0
179000, 132096, 1, 0, 0
180000, 132096, 1, 0, 0
181000, 131072, 1, 0, 0
182000, 132096, 1, 0, 0
183000, 132096, 1, 0, 0
184000, 134144, 1, 0, 0
185000, 129024, 1, 0, 0
186000, 129024, 1, 0, 0
187000, 131072, 1, 0, 0
188000, 131072, 1, 0, 0
189000, 128000, 1, 0, 0
190001, 130048, 1, 0, 0
191000, 130178, 1, 0, 0
192000, 130048, 1, 0, 0
193000, 131072, 1, 0, 0
194000, 133120, 1, 0, 0
195000, 131072, 1, 0, 0
196000, 133120, 1, 0, 0
197000, 132096, 1, 0, 0
198000, 133120, 1, 0, 0
199000, 138240, 1, 0, 0
200000, 134144, 1, 0, 0
201000, 135168, 1, 0, 0
202000, 130048, 1, 0, 0
203000, 139264, 1, 0, 0
204000, 124928, 1, 0, 0
205000, 131072, 1, 0, 0
206000, 131072, 1, 0, 0
207001, 133120, 1, 0, 0
208000, 121977, 1, 0, 0
209000, 133120, 1, 0, 0
210000, 131072, 1, 0, 0
211000, 125952, 1, 0, 0
212000, 128000, 1, 0, 0
213000, 131072, 1, 0, 0
214000, 135168, 1, 0, 0
215000, 130048, 1, 0, 0
216000, 132096, 1, 0, 0
217000, 133120, 1, 0, 0
218000, 132096, 1, 0, 0
219000, 136192, 1, 0, 0
220000, 128000, 1, 0, 0
221000, 131072, 1, 0, 0
222000, 136192, 1, 0, 0
223000, 128000, 1, 0, 0
224001, 136192, 1, 0, 0
225000, 136328, 1, 0, 0
226000, 131072, 1, 0, 0
227000, 136192, 1, 0, 0
228000, 138240, 1, 0, 0
229000, 136192, 1, 0, 0
230000, 137216, 1, 0, 0
231000, 132096, 1, 0, 0
232000, 133120, 1, 0, 0
233000, 133120, 1, 0, 0
234000, 132096, 1, 0, 0
235000, 134144, 1, 0, 0
236000, 133120, 1, 0, 0
237000, 136192, 1, 0, 0
238000, 128000, 1, 0, 0
239000, 135168, 1, 0, 0
240000, 134144, 1, 0, 0
241001, 133120, 1, 0, 0
242000, 132228, 1, 0, 0
243000, 131072, 1, 0, 0
244000, 129024, 1, 0, 0
245000, 228352, 1, 0, 0
246000, 715776, 1, 0, 0
247000, 717824, 1, 0, 0
248000, 715776, 1, 0, 0
249000, 716800, 1, 0, 0
250000, 720896, 1, 0, 0
251000, 718848, 1, 0, 0
252000, 714752, 1, 0, 0
253000, 718848, 1, 0, 0
254000, 720896, 1, 0, 0
255000, 712704, 1, 0, 0
256000, 932864, 1, 0, 0
257000, 1022976, 1, 0, 0
258001, 1022976, 1, 0, 0
259001, 1026048, 1, 0, 0
260000, 1015799, 1, 0, 0
261000, 1022976, 1, 0, 0
262000, 1022976, 1, 0, 0
263000, 1028096, 1, 0, 0
264000, 1022976, 1, 0, 0
265000, 1031168, 1, 0, 0
266000, 1022976, 1, 0, 0
267000, 1025024, 1, 0, 0
268000, 959488, 1, 0, 0
269000, 712704, 1, 0, 0
270000, 719872, 1, 0, 0
271000, 712704, 1, 0, 0
272000, 721920, 1, 0, 0
273000, 719872, 1, 0, 0
274000, 717824, 1, 0, 0
275000, 716800, 1, 0, 0
276001, 718848, 1, 0, 0
277000, 721617, 1, 0, 0
278000, 715776, 1, 0, 0
279000, 714752, 1, 0, 0
280000, 720896, 1, 0, 0
281000, 714752, 1, 0, 0
282000, 719872, 1, 0, 0
283000, 721920, 1, 0, 0
284000, 717824, 1, 0, 0
285000, 722944, 1, 0, 0
286000, 711680, 1, 0, 0
287000, 719872, 1, 0, 0
288000, 717824, 1, 0, 0
289000, 719872, 1, 0, 0
290000, 719872, 1, 0, 0
291000, 717824, 1, 0, 0
292001, 716800, 1, 0, 0
293001, 718848, 1, 0, 0
294000, 721617, 1, 0, 0
295000, 715776, 1, 0, 0
296000, 715776, 1, 0, 0
297000, 721920, 1, 0, 0
298000, 717824, 1, 0, 0
299000, 721920, 1, 0, 0
300000, 802816, 1, 0, 0
301000, 750592, 1, 0, 0
302000, 717824, 1, 0, 0
303000, 718848, 1, 0, 0
304000, 721920, 1, 0, 0
305000, 720896, 1, 0, 0
306000, 718848, 1, 0, 0
307000, 723968, 1, 0, 0
308000, 715776, 1, 0, 0
309001, 717824, 1, 0, 0
310000, 719567, 1, 0, 0
311000, 714752, 1, 0, 0
312000, 719872, 1, 0, 0
313000, 730112, 1, 0, 0
314000, 713728, 1, 0, 0
315000, 716800, 1, 0, 0
316000, 721920, 1, 0, 0
317000, 718848, 1, 0, 0
318000, 714752, 1, 0, 0
319000, 716800, 1, 0, 0
320000, 717824, 1, 0, 0
321000, 710656, 1, 0, 0
322000, 575488, 1, 0, 0
323000, 609280, 1, 0, 0
324000, 719872, 1, 0, 0
325001, 720896, 1, 0, 0
326001, 719872, 1, 0, 0
327000, 717517, 1, 0, 0
328000, 719872, 1, 0, 0
329000, 716800, 1, 0, 0
330000, 722944, 1, 0, 0
331000, 713728, 1, 0, 0
332000, 724992, 1, 0, 0
333000, 714752, 1, 0, 0
334000, 722944, 1, 0, 0
335000, 717824, 1, 0, 0
336000, 944128, 1, 0, 0
337000, 668672, 1, 0, 0
338000, 580608, 1, 0, 0
339000, 578560, 1, 0, 0
340000, 602112, 1, 0, 0
341000, 719872, 1, 0, 0
342001, 714752, 1, 0, 0
343000, 720592, 1, 0, 0
344000, 718848, 1, 0, 0
345000, 717824, 1, 0, 0
346000, 717824, 1, 0, 0
347000, 716800, 1, 0, 0
348000, 716800, 1, 0, 0
349000, 718848, 1, 0, 0
350000, 718848, 1, 0, 0
351000, 719872, 1, 0, 0
352000, 719872, 1, 0, 0
353000, 715776, 1, 0, 0
354000, 718848, 1, 0, 0
355000, 718848, 1, 0, 0
356000, 719872, 1, 0, 0
357000, 720896, 1, 0, 0
358000, 718848, 1, 0, 0
359001, 717824, 1, 0, 0
360000, 714442, 1, 0, 0
361000, 718848, 1, 0, 0
362000, 716800, 1, 0, 0
363000, 723968, 1, 0, 0
364000, 452608, 1, 0, 0
365000, 132096, 1, 0, 0
366000, 130048, 1, 0, 0
367000, 134144, 1, 0, 0
368000, 133120, 1, 0, 0
369000, 134144, 1, 0, 0
370000, 136192, 1, 0, 0
371000, 129024, 1, 0, 0
372000, 134144, 1, 0, 0
373000, 129024, 1, 0, 0
374000, 134144, 1, 0, 0
375000, 134144, 1, 0, 0
376001, 131072, 1, 0, 0
377000, 139403, 1, 0, 0
378000, 136192, 1, 0, 0
379000, 129024, 1, 0, 0
380000, 142336, 1, 0, 0
381000, 134144, 1, 0, 0
382000, 133120, 1, 0, 0
383000, 134144, 1, 0, 0
384000, 128000, 1, 0, 0
385000, 125952, 1, 0, 0
386000, 133120, 1, 0, 0
387000, 130048, 1, 0, 0
388000, 129024, 1, 0, 0
389000, 136192, 1, 0, 0
390000, 134144, 1, 0, 0
391000, 134144, 1, 0, 0
392000, 123904, 1, 0, 0
393001, 117760, 1, 0, 0
394000, 117877, 1, 0, 0
395000, 116736, 1, 0, 0
396000, 123904, 1, 0, 0
397000, 117760, 1, 0, 0
398000, 123904, 1, 0, 0
399000, 120832, 1, 0, 0
400000, 122880, 1, 0, 0
401000, 118784, 1, 0, 0
402000, 120832, 1, 0, 0
403000, 115712, 1, 0, 0
404000, 114688, 1, 0, 0
405000, 116736, 1, 0, 0
406000, 123904, 1, 0, 0
407000, 114688, 1, 0, 0
408000, 116736, 1, 0, 0
409000, 114688, 1, 0, 0
410001, 118784, 1, 0, 0
411000, 110702, 1, 0, 0
412000, 343040, 1, 0, 0
413000, 578560, 1, 0, 0
414000, 579584, 1, 0, 0
415000, 158720, 1, 0, 0
416000, 114688, 1, 0, 0
417000, 117760, 1, 0, 0
418000, 110592, 1, 0, 0
419000, 117760, 1, 0, 0
420000, 116736, 1, 0, 0
421000, 115712, 1, 0, 0
422000, 113664, 1, 0, 0
423000, 123904, 1, 0, 0
424000, 121856, 1, 0, 0
425000, 114688, 1, 0, 0
426000, 121856, 1, 0, 0
427001, 118784, 1, 0, 0
428000, 120952, 1, 0, 0
429000, 119808, 1, 0, 0
430000, 119808, 1, 0, 0
431000, 117760, 1, 0, 0
432000, 121856, 1, 0, 0
433000, 123904, 1, 0, 0
434000, 117760, 1, 0, 0
435000, 117760, 1, 0, 0
436000, 118784, 1, 0, 0
437000, 115712, 1, 0, 0
438000, 118784, 1, 0, 0
439000, 117760, 1, 0, 0
440000, 121856, 1, 0, 0
441000, 118784, 1, 0, 0
442000, 507904, 1, 0, 0
443000, 578560, 1, 0, 0
444001, 578560, 1, 0, 0
445000, 579139, 1, 0, 0
446000, 578560, 1, 0, 0
447000, 578560, 1, 0, 0
448000, 578560, 1, 0, 0
449000, 579584, 1, 0, 0
450000, 578560, 1, 0, 0
451000, 578560, 1, 0, 0
452000, 578560, 1, 0, 0
453000, 578560, 1, 0, 0
454000, 579584, 1, 0, 0
455000, 578560, 1, 0, 0
456000, 578560, 1, 0, 0
457000, 578560, 1, 0, 0
458000, 578560, 1, 0, 0
459000, 578560, 1, 0, 0
460000, 485376, 1, 0, 0
461001, 121856, 1, 0, 0
462000, 124028, 1, 0, 0
463000, 124928, 1, 0, 0
464000, 117760, 1, 0, 0
465000, 123904, 1, 0, 0
466000, 122880, 1, 0, 0
467000, 119808, 1, 0, 0
468000, 115712, 1, 0, 0
469000, 121856, 1, 0, 0
470000, 113664, 1, 0, 0
471000, 122880, 1, 0, 0
472000, 122880, 1, 0, 0
473000, 117760, 1, 0, 0
474000, 117760, 1, 0, 0
475000, 122880, 1, 0, 0
476000, 120832, 1, 0, 0
477000, 121856, 1, 0, 0
478001, 120832, 1, 0, 0
479000, 116852, 1, 0, 0
480000, 123904, 1, 0, 0
481000, 117760, 1, 0, 0
482000, 111616, 1, 0, 0
483000, 119808, 1, 0, 0
484000, 117760, 1, 0, 0
485000, 115712, 1, 0, 0
486000, 117760, 1, 0, 0
487000, 118784, 1, 0, 0
488000, 117760, 1, 0, 0
489000, 118784, 1, 0, 0
490000, 118784, 1, 0, 0
491000, 115712, 1, 0, 0
492000, 129024, 1, 0, 0
493000, 116736, 1, 0, 0
494000, 120832, 1, 0, 0
495001, 117760, 1, 0, 0
496000, 115827, 1, 0, 0
497000, 125952, 1, 0, 0
498000, 130048, 1, 0, 0
499000, 131072, 1, 0, 0
500000, 134144, 1, 0, 0
501000, 132096, 1, 0, 0
502000, 132096, 1, 0, 0
503000, 131072, 1, 0, 0
504000, 131072, 1, 0, 0
505000, 118784, 1, 0, 0
506000, 120832, 1, 0, 0
507000, 118784, 1, 0, 0
508000, 112640, 1, 0, 0
509000, 120832, 1, 0, 0
510000, 116736, 1, 0, 0
511000, 122880, 1, 0, 0
512001, 111616, 1, 0, 0
513001, 118784, 1, 0, 0
514000, 116852, 1, 0, 0
515000, 119808, 1, 0, 0
516000, 117760, 1, 0, 0
517000, 118784, 1, 0, 0
518000, 120832, 1, 0, 0
519000, 118784, 1, 0, 0
520000, 122880, 1, 0, 0
521000, 114688, 1, 0, 0
522000, 118784, 1, 0, 0
523000, 114688, 1, 0, 0
524000, 119808, 1, 0, 0
525000, 114688, 1, 0, 0
526000, 116736, 1, 0, 0
527000, 120832, 1, 0, 0
528000, 121856, 1, 0, 0
529001, 121856, 1, 0, 0
530001, 115712, 1, 0, 0
531000, 124028, 1, 0, 0
532000, 464896, 1, 0, 0
533000, 577536, 1, 0, 0
534000, 579584, 1, 0, 0
535000, 577536, 1, 0, 0
536000, 579584, 1, 0, 0
537000, 579584, 1, 0, 0
538000, 223232, 1, 0, 0
539000, 117760, 1, 0, 0
540000, 121856, 1, 0, 0
541000, 117760, 1, 0, 0
542000, 115712, 1, 0, 0
543000, 117760, 1, 0, 0
544000, 115712, 1, 0, 0
545000, 118784, 1, 0, 0
546000, 122880, 1, 0, 0
547001, 119808, 1, 0, 0
548000, 113777, 1, 0, 0
549000, 116736, 1, 0, 0
550000, 115712, 1, 0, 0
551000, 113664, 1, 0, 0
552000, 120832, 1, 0, 0
553000, 121856, 1, 0, 0
554000, 118784, 1, 0, 0
555000, 118784, 1, 0, 0
556000, 120832, 1, 0, 0
557000, 119808, 1, 0, 0
558000, 410624, 1, 0, 0
559000, 772096, 1, 0, 0
560000, 314368, 1, 0, 0
561000, 164864, 1, 0, 0
562000, 167936, 1, 0, 0
563000, 165888, 1, 0, 0
564001, 161792, 1, 0, 0
565000, 167079, 1, 0, 0
566000, 159744, 1, 0, 0
567000, 171008, 1, 0, 0
568000, 164864, 1, 0, 0
569000, 166912, 1, 0, 0
570000, 169984, 1, 0, 0
571000, 172032, 1, 0, 0
572000, 174080, 1, 0, 0
573000, 164864, 1, 0, 0
574000, 166912, 1, 0, 0
575000, 172032, 1, 0, 0
576000, 163840, 1, 0, 0
577000, 176128, 1, 0, 0
578000, 198656, 1, 0, 0
579000, 189440, 1, 0, 0
580000, 201728, 1, 0, 0
581000, 201728, 1, 0, 0
582001, 203776, 1, 0, 0
583001, 197632, 1, 0, 0
584000, 188604, 1, 0, 0
585000, 167936, 1, 0, 0
586000, 658432, 1, 0, 0
587000, 771072, 1, 0, 0
588000, 772096, 1, 0, 0
589000, 771072, 1, 0, 0
590000, 319488, 1, 0, 0
591000, 164864, 1, 0, 0
592000, 176128, 1, 0, 0
593000, 165888, 1, 0, 0
594000, 173056, 1, 0, 0
595000, 177152, 1, 0, 0
596000, 164864, 1, 0, 0
597000, 172032, 1, 0, 0
598000, 178176, 1, 0, 0
599000, 172032, 1, 0, 0
600000, 173056, 1, 0, 0
601001, 167936, 1, 0, 0
602000, 174254, 1, 0, 0
603000, 169984, 1, 0, 0
604000, 160768, 1, 0, 0
605000, 174080, 1, 0, 0
606000, 164864, 1, 0, 0
607000, 168960, 1, 0, 0
608000, 175104, 1, 0, 0
609000, 162816, 1, 0, 0
610000, 163840, 1, 0, 0
611000, 166912, 1, 0, 0
612000, 172032, 1, 0, 0
613000, 165888, 1, 0, 0
614000, 171008, 1, 0, 0
615000, 168960, 1, 0, 0
616000, 163840, 1, 0, 0
617000, 168960, 1, 0, 0
618000, 166912, 1, 0, 0
619001, 160768, 1, 0, 0
620001, 163840, 1, 0, 0
621000, 166054, 1, 0, 0
622000, 162816, 1, 0, 0
623000, 173056, 1, 0, 0
624000, 164864, 1, 0, 0
625000, 164864, 1, 0, 0
626000, 172032, 1, 0, 0
627000, 160768, 1, 0, 0
628000, 175104, 1, 0, 0
629000, 169984, 1, 0, 0
630000, 169984, 1, 0, 0
631000, 166912, 1, 0, 0
632000, 176128, 1, 0, 0
633000, 158720, 1, 0, 0
634000, 164864, 1, 0, 0
635000, 163840, 1, 0, 0
636000, 169984, 1, 0, 0
637000, 171008, 1, 0, 0
638001, 178176, 1, 0, 0
639001, 193536, 1, 0, 0
640000, 194754, 1, 0, 0
641000, 192512, 1, 0, 0
642000, 198656, 1, 0, 0
643000, 198656, 1, 0, 0
644000, 178176, 1, 0, 0
645000, 163840, 1, 0, 0
646000, 167936, 1, 0, 0
647000, 168960, 1, 0, 0
648000, 169984, 1, 0, 0
649000, 177152, 1, 0, 0
650000, 162816, 1, 0, 0
651000, 163840, 1, 0, 0
652000, 162816, 1, 0, 0
653000, 171008, 1, 0, 0
654000, 164864, 1, 0, 0
655000, 164864, 1, 0, 0
656000, 161792, 1, 0, 0
657001, 178176, 1, 0, 0
658001, 171008, 1, 0, 0
659000, 162978, 1, 0, 0
660000, 161792, 1, 0, 0
661000, 167936, 1, 0, 0
662000, 164864, 1, 0, 0
663000, 154624, 1, 0, 0
664000, 159744, 1, 0, 0
665000, 183296, 1, 0, 0
666000, 192512, 1, 0, 0
667000, 198656, 1, 0, 0
668000, 194560, 1, 0, 0
669000, 199680, 1, 0, 0
670000, 191488, 1, 0, 0
671000, 201728, 1, 0, 0
672000, 196608, 1, 0, 0
673000, 195584, 1, 0, 0
674000, 196608, 1, 0, 0
675000, 194560, 1, 0, 0
676001, 198656, 1, 0, 0
677001, 193536, 1, 0, 0
678000, 194754, 1, 0, 0
679000, 199680, 1, 0, 0
680000, 195584, 1, 0, 0
681000, 197632, 1, 0, 0
682000, 195584, 1, 0, 0
683000, 200704, 1, 0, 0
684000, 196608, 1, 0, 0
685000, 199680, 1, 0, 0
686000, 200704, 1, 0, 0
687000, 200704, 1, 0, 0
688000, 198656, 1, 0, 0
689000, 192512, 1, 0, 0
690000, 198656, 1, 0, 0
691000, 196608, 1, 0, 0
692000, 186368, 1, 0, 0
693000, 204800, 1, 0, 0
694000, 195584, 1, 0, 0
695001, 203776, 1, 0, 0
696000, 190654, 1, 0, 0
697000, 196608, 1, 0, 0
698000, 194560, 1, 0, 0
699000, 193536, 1, 0, 0
700000, 206848, 1, 0, 0
701000, 200704, 1, 0, 0
702000, 201728, 1, 0, 0
703000, 196608, 1, 0, 0
704000, 195584, 1, 0, 0
705000, 201728, 1, 0, 0
706000, 185344, 1, 0, 0
707000, 166912, 1, 0, 0
708000, 176128, 1, 0, 0
709000, 168960, 1, 0, 0
710000, 168960, 1, 0, 0
711001, 164864, 1, 0, 0
712000, 169129, 1, 0, 0
713000, 171008, 1, 0, 0
714000, 172032, 1, 0, 0
715000, 169984, 1, 0, 0
716000, 169984, 1, 0, 0
717000, 165888, 1, 0, 0
718000, 741376, 1, 0, 0
719000, 2023424, 1, 0, 0
720000, 2022400, 1, 0, 0
721000, 2022400, 1, 0, 0
722000, 2033664, 1, 0, 0
723000, 2023424, 1, 0, 0
724001, 2036736, 1, 0, 0
725000, 2024424, 1, 0, 0
726000, 2310144, 1, 0, 0
727000, 2321408, 1, 0, 0
728000, 2313216, 1, 0, 0
729000, 2314240, 1, 0, 0
730000, 2316288, 1, 0, 0
731000, 2314240, 1, 0, 0
732000, 2327552, 1, 0, 0
733000, 2314240, 1, 0, 0
734000, 2305024, 1, 0, 0
735000, 2324480, 1, 0, 0
736000, 2316288, 1, 0, 0
737000, 2312192, 1, 0, 0
738000, 2317312, 1, 0, 0
739000, 2315264, 1, 0, 0
740000, 2304000, 1, 0, 0
741001, 2315264, 1, 0, 0
742001, 2326528, 1, 0, 0
743000, 2314506, 1, 0, 0
744000, 2314240, 1, 0, 0
745000, 2315264, 1, 0, 0
746000, 2315264, 1, 0, 0
747000, 2315264, 1, 0, 0
748000, 2314240, 1, 0, 0
749000, 2301952, 1, 0, 0
750000, 2328576, 1, 0, 0
751000, 2314240, 1, 0, 0
752000, 2315264, 1, 0, 0
753000, 2315264, 1, 0, 0
754000, 2315264, 1, 0, 0
755000, 2314240, 1, 0, 0
756000, 2314240, 1, 0, 0
757000, 2315264, 1, 0, 0
758000, 2315264, 1, 0, 0
759000, 2315264, 1, 0, 0
760001, 2298880, 1, 0, 0
761001, 2319360, 1, 0, 0
762000, 2311431, 1, 0, 0
763000, 2315264, 1, 0, 0
764000, 2319360, 1, 0, 0
765000, 2324480, 1, 0, 0
766000, 2299904, 1, 0, 0
767000, 2330624, 1, 0, 0
768000, 2315264, 1, 0, 0
769000, 2300928, 1, 0, 0
770000, 2314240, 1, 0, 0
771000, 2315264, 1, 0, 0
772000, 2312192, 1, 0, 0
773000, 2331648, 1, 0, 0
774000, 2315264, 1, 0, 0
775000, 2314240, 1, 0, 0
776000, 2304000, 1, 0, 0
777000, 2308096, 1, 0, 0
778000, 2332672, 1, 0, 0
779001, 2315264, 1, 0, 0
780001, 2314240, 1, 0, 0
781000, 2315531, 1, 0, 0
782000, 2301952, 1, 0, 0
783000, 2314240, 1, 0, 0
784000, 2314240, 1, 0, 0
785000, 2329600, 1, 0, 0
786000, 2314240, 1, 0, 0
787000, 2299904, 1, 0, 0
788000, 2317312, 1, 0, 0
789000, 2316288, 1, 0, 0
790000, 2315264, 1, 0, 0
791000, 2312192, 1, 0, 0
792000, 2314240, 1, 0, 0
793000, 2329600, 1, 0, 0
794000, 2315264, 1, 0, 0
795000, 2315264, 1, 0, 0
796000, 2314240, 1, 0, 0
797000, 2315264, 1, 0, 0
798000, 2315264, 1, 0, 0
799001, 2300928, 1, 0, 0
800000, 2316556, 1, 0, 0
801000, 2327552, 1, 0, 0
