1000, 1239040, 1, 0, 0
2000, 719872, 1, 0, 0
2999, 461261, 1, 0, 0
4000, 142336, 1, 0, 0
5000, 117760, 1, 0, 0
6000, 118784, 1, 0, 0
7000, 115712, 1, 0, 0
8000, 114688, 1, 0, 0
9000, 117760, 1, 0, 0
10000, 117760, 1, 0, 0
11000, 117760, 1, 0, 0
12000, 113664, 1, 0, 0
13000, 121856, 1, 0, 0
14000, 122880, 1, 0, 0
15000, 117760, 1, 0, 0
16000, 116736, 1, 0, 0
17000, 115712, 1, 0, 0
18000, 116736, 1, 0, 0
19000, 126976, 1, 0, 0
19999, 137353, 1, 0, 0
21000, 131072, 1, 0, 0
22000, 125952, 1, 0, 0
23000, 149504, 1, 0, 0
24000, 296960, 1, 0, 0
25000, 130048, 1, 0, 0
26000, 131072, 1, 0, 0
27000, 135168, 1, 0, 0
28000, 136192, 1, 0, 0
29000, 131072, 1, 0, 0
30000, 132096, 1, 0, 0
31000, 133120, 1, 0, 0
32000, 133120, 1, 0, 0
33000, 131072, 1, 0, 0
34000, 130048, 1, 0, 0
35000, 134144, 1, 0, 0
35999, 138378, 1, 0, 0
37000, 131072, 1, 0, 0
38000, 131072, 1, 0, 0
39000, 133120, 1, 0, 0
40000, 132096, 1, 0, 0
41000, 126976, 1, 0, 0
42000, 134144, 1, 0, 0
43000, 880640, 1, 0, 0
44000, 1027072, 1, 0, 0
45000, 1033216, 1, 0, 0
46000, 1074176, 1, 0, 0
47000, 848896, 1, 0, 0
48000, 722944, 1, 0, 0
49000, 718848, 1, 0, 0
50000, 716800, 1, 0, 0
51000, 716800, 1, 0, 0
51999, 276756, 1, 0, 0
53000, 134144, 1, 0, 0
54000, 132096, 1, 0, 0
55000, 126976, 1, 0, 0
56000, 132096, 1, 0, 0
57000, 131072, 1, 0, 0
58000, 132096, 1, 0, 0
59000, 131072, 1, 0, 0
60000, 130048, 1, 0, 0
61000, 137216, 1, 0, 0
62000, 129024, 1, 0, 0
63000, 135168, 1, 0, 0
64000, 131072, 1, 0, 0
65000, 133120, 1, 0, 0
66000, 128000, 1, 0, 0
67000, 141312, 1, 0, 0
67999, 116852, 1, 0, 0
69000, 114688, 1, 0, 0
70000, 118784, 1, 0, 0
71000, 121856, 1, 0, 0
72000, 115712, 1, 0, 0
73000, 119808, 1, 0, 0
74000, 121856, 1, 0, 0
75000, 119808, 1, 0, 0
76000, 117760, 1, 0, 0
77000, 111616, 1, 0, 0
78000, 116736, 1, 0, 0
79000, 117760, 1, 0, 0
80000, 118784, 1, 0, 0
81000, 117760, 1, 0, 0
82000, 119808, 1, 0, 0
83000, 117760, 1, 0, 0
83999, 124028, 1, 0, 0
85000, 117760, 1, 0, 0
86000, 122880, 1, 0, 0
87000, 119808, 1, 0, 0
88000, 118784, 1, 0, 0
89000, 119808, 1, 0, 0
90000, 114688, 1, 0, 0
91000, 117760, 1, 0, 0
92000, 121856, 1, 0, 0
93000, 121856, 1, 0, 0
94000, 138240, 1, 0, 0
95000, 185344, 1, 0, 0
96000, 571392, 1, 0, 0
97000, 578560, 1, 0, 0
98000, 578560, 1, 0, 0
99000, 578560, 1, 0, 0
99999, 579139, 1, 0, 0
101000, 578560, 1, 0, 0
102000, 578560, 1, 0, 0
103000, 240640, 1, 0, 0
104000, 132096, 1, 0, 0
105000, 134144, 1, 0, 0
106000, 131072, 1, 0, 0
107000, 132096, 1, 0, 0
108000, 131072, 1, 0, 0
109000, 129024, 1, 0, 0
110000, 133120, 1, 0, 0
111000, 133120, 1, 0, 0
112000, 118784, 1, 0, 0
113000, 124928, 1, 0, 0
114000, 116736, 1, 0, 0
115000, 119808, 1, 0, 0
115999, 116852, 1, 0, 0
117000, 121856, 1, 0, 0
118000, 118784, 1, 0, 0
119000, 124928, 1, 0, 0
120000, 118784, 1, 0, 0
121000, 122880, 1, 0, 0
122000, 121856, 1, 0, 0
123000, 117760, 1, 0, 0
124000, 117760, 1, 0, 0
125000, 117760, 1, 0, 0
126000, 117760, 1, 0, 0
127000, 120832, 1, 0, 0
128000, 117760, 1, 0, 0
129000, 119808, 1, 0, 0
130000, 117760, 1, 0, 0
131000, 118784, 1, 0, 0
131999, 118902, 1, 0, 0
133000, 117760, 1, 0, 0
134000, 119808, 1, 0, 0
135000, 121856, 1, 0, 0
136000, 119808, 1, 0, 0
137000, 577536, 1, 0, 0
138000, 578560, 1, 0, 0
139000, 578560, 1, 0, 0
140000, 578560, 1, 0, 0
141000, 579584, 1, 0, 0
142000, 577536, 1, 0, 0
143000, 579584, 1, 0, 0
144000, 578560, 1, 0, 0
145000, 578560, 1, 0, 0
146000, 578560, 1, 0, 0
147000, 578560, 1, 0, 0
147999, 579139, 1, 0, 0
149000, 578560, 1, 0, 0
150000, 578560, 1, 0, 0
151000, 579584, 1, 0, 0
152000, 578560, 1, 0, 0
153000, 579584, 1, 0, 0
154000, 577536, 1, 0, 0
155000, 578560, 1, 0, 0
156000, 578560, 1, 0, 0
157000, 579584, 1, 0, 0
158000, 578560, 1, 0, 0
159000, 578560, 1, 0, 0
160000, 579584, 1, 0, 0
161000, 577536, 1, 0, 0
162000, 579584, 1, 0, 0
163000, 577536, 1, 0, 0
163999, 580164, 1, 0, 0
164999, 577536, 1, 0, 0
166000, 579584, 1, 0, 0
167000, 577536, 1, 0, 0
168000, 579584, 1, 0, 0
169000, 180224, 1, 0, 0
170000, 117760, 1, 0, 0
171000, 119808, 1, 0, 0
172000, 119808, 1, 0, 0
173000, 117760, 1, 0, 0
174000, 113664, 1, 0, 0
175000, 120832, 1, 0, 0
176000, 113664, 1, 0, 0
177000, 120832, 1, 0, 0
178000, 118784, 1, 0, 0
179000, 115712, 1, 0, 0
180000, 114688, 1, 0, 0
180999, 119927, 1, 0, 0
182000, 120832, 1, 0, 0
183000, 117760, 1, 0, 0
184000, 116736, 1, 0, 0
185000, 121856, 1, 0, 0
186000, 122880, 1, 0, 0
187000, 120832, 1, 0, 0
188000, 124928, 1, 0, 0
189000, 119808, 1, 0, 0
190000, 118784, 1, 0, 0
191000, 123904, 1, 0, 0
192000, 114688, 1, 0, 0
193000, 121856, 1, 0, 0
194000, 120832, 1, 0, 0
195000, 123904, 1, 0, 0
196000, 117760, 1, 0, 0
196999, 123003, 1, 0, 0
197999, 115712, 1, 0, 0
199000, 117760, 1, 0, 0
200000, 122880, 1, 0, 0
201000, 120832, 1, 0, 0
202000, 119808, 1, 0, 0
203000, 118784, 1, 0, 0
204000, 119808, 1, 0, 0
205000, 121856, 1, 0, 0
206000, 126976, 1, 0, 0
207000, 117760, 1, 0, 0
208000, 117760, 1, 0, 0
209000, 121856, 1, 0, 0
210000, 119808, 1, 0, 0
211000, 123904, 1, 0, 0
212000, 121856, 1, 0, 0
213000, 132096, 1, 0, 0
213999, 574014, 1, 0, 0
215000, 578560, 1, 0, 0
216000, 578560, 1, 0, 0
217000, 563200, 1, 0, 0
218000, 578560, 1, 0, 0
219000, 579584, 1, 0, 0
220000, 577536, 1, 0, 0
221000, 579584, 1, 0, 0
222000, 578560, 1, 0, 0
223000, 578560, 1, 0, 0
224000, 579584, 1, 0, 0
225000, 577536, 1, 0, 0
226000, 579584, 1, 0, 0
227000, 578560, 1, 0, 0
228000, 578560, 1, 0, 0
229000, 176128, 1, 0, 0
229999, 360808, 1, 0, 0
231000, 577536, 1, 0, 0
232000, 579584, 1, 0, 0
233000, 578560, 1, 0, 0
234000, 578560, 1, 0, 0
235000, 579584, 1, 0, 0
236000, 577536, 1, 0, 0
237000, 579584, 1, 0, 0
238000, 578560, 1, 0, 0
239000, 578560, 1, 0, 0
240000, 1311744, 1, 0, 0
241000, 1948672, 1, 0, 0
242000, 1422336, 1, 0, 0
243000, 578560, 1, 0, 0
244000, 578560, 1, 0, 0
245000, 578560, 1, 0, 0
246000, 579584, 1, 0, 0
246999, 578114, 1, 0, 0
248000, 579584, 1, 0, 0
249000, 577536, 1, 0, 0
250000, 579584, 1, 0, 0
251000, 577536, 1, 0, 0
252000, 579584, 1, 0, 0
253000, 578560, 1, 0, 0
254000, 578560, 1, 0, 0
255000, 579584, 1, 0, 0
256000, 577536, 1, 0, 0
257000, 579584, 1, 0, 0
258000, 578560, 1, 0, 0
259000, 578560, 1, 0, 0
260000, 578560, 1, 0, 0
261000, 578560, 1, 0, 0
262000, 579584, 1, 0, 0
263000, 578560, 1, 0, 0
263999, 579139, 1, 0, 0
265000, 541696, 1, 0, 0
266000, 578560, 1, 0, 0
267000, 579584, 1, 0, 0
268000, 577536, 1, 0, 0
269000, 579584, 1, 0, 0
270000, 577536, 1, 0, 0
271000, 579584, 1, 0, 0
272000, 579584, 1, 0, 0
273000, 577536, 1, 0, 0
274000, 579584, 1, 0, 0
275000, 578560, 1, 0, 0
276000, 578560, 1, 0, 0
277000, 578560, 1, 0, 0
278000, 578560, 1, 0, 0
279000, 579584, 1, 0, 0
279999, 578114, 1, 0, 0
281000, 579584, 1, 0, 0
282000, 578560, 1, 0, 0
283000, 578560, 1, 0, 0
284000, 578560, 1, 0, 0
285000, 578560, 1, 0, 0
286000, 579584, 1, 0, 0
287000, 1679360, 1, 0, 0
288000, 1952768, 1, 0, 0
289000, 1966080, 1, 0, 0
290000, 1949696, 1, 0, 0
291000, 1952768, 1, 0, 0
292000, 1956864, 1, 0, 0
293000, 1967104, 1, 0, 0
294000, 1965056, 1, 0, 0
295000, 1958912, 1, 0, 0
296000, 1946624, 1, 0, 0
296999, 1957797, 1, 0, 0
298000, 1966080, 1, 0, 0
299000, 1946624, 1, 0, 0
300000, 1947648, 1, 0, 0
301000, 1967104, 1, 0, 0
302000, 1958912, 1, 0, 0
303000, 1979392, 1, 0, 0
304000, 1952768, 1, 0, 0
305000, 730112, 1, 0, 0
306000, 578560, 1, 0, 0
307000, 578560, 1, 0, 0
308000, 579584, 1, 0, 0
309000, 577536, 1, 0, 0
310000, 579584, 1, 0, 0
311000, 578560, 1, 0, 0
312000, 578560, 1, 0, 0
313000, 578560, 1, 0, 0
313999, 579139, 1, 0, 0
314999, 577536, 1, 0, 0
316000, 424960, 1, 0, 0
317000, 553984, 1, 0, 0
318000, 578560, 1, 0, 0
319000, 579584, 1, 0, 0
320000, 577536, 1, 0, 0
321000, 579584, 1, 0, 0
322000, 578560, 1, 0, 0
323000, 578560, 1, 0, 0
324000, 579584, 1, 0, 0
325000, 577536, 1, 0, 0
326000, 579584, 1, 0, 0
327000, 577536, 1, 0, 0
328000, 579584, 1, 0, 0
329000, 579584, 1, 0, 0
330000, 577536, 1, 0, 0
330999, 580164, 1, 0, 0
331999, 577536, 1, 0, 0
333000, 579584, 1, 0, 0
334000, 577536, 1, 0, 0
335000, 579584, 1, 0, 0
336000, 578560, 1, 0, 0
337000, 578560, 1, 0, 0
338000, 578560, 1, 0, 0
339000, 578560, 1, 0, 0
340000, 579584, 1, 0, 0
341000, 577536, 1, 0, 0
342000, 579584, 1, 0, 0
343000, 578560, 1, 0, 0
344000, 578560, 1, 0, 0
345000, 578560, 1, 0, 0
346000, 578560, 1, 0, 0
347000, 579584, 1, 0, 0
347999, 578114, 1, 0, 0
348999, 579584, 1, 0, 0
350000, 577536, 1, 0, 0
351000, 579584, 1, 0, 0
352000, 578560, 1, 0, 0
353000, 578560, 1, 0, 0
354000, 579584, 1, 0, 0
355000, 577536, 1, 0, 0
356000, 579584, 1, 0, 0
357000, 577536, 1, 0, 0
358000, 579584, 1, 0, 0
359000, 578560, 1, 0, 0
360000, 578560, 1, 0, 0
361000, 579584, 1, 0, 0
362000, 578560, 1, 0, 0
363000, 578560, 1, 0, 0
364000, 578560, 1, 0, 0
364999, 579139, 1, 0, 0
365999, 578560, 1, 0, 0
367000, 579584, 1, 0, 0
368000, 578560, 1, 0, 0
369000, 578560, 1, 0, 0
370000, 578560, 1, 0, 0
371000, 578560, 1, 0, 0
372000, 578560, 1, 0, 0
373000, 578560, 1, 0, 0
374000, 579584, 1, 0, 0
375000, 578560, 1, 0, 0
376000, 578560, 1, 0, 0
377000, 578560, 1, 0, 0
378000, 548864, 1, 0, 0
379000, 579584, 1, 0, 0
380000, 579584, 1, 0, 0
381000, 196608, 1, 0, 0
382000, 116736, 1, 0, 0
382999, 111727, 1, 0, 0
384000, 120832, 1, 0, 0
385000, 115712, 1, 0, 0
386000, 114688, 1, 0, 0
387000, 124928, 1, 0, 0
388000, 116736, 1, 0, 0
389000, 122880, 1, 0, 0
390000, 118784, 1, 0, 0
391000, 119808, 1, 0, 0
392000, 122880, 1, 0, 0
393000, 115712, 1, 0, 0
394000, 118784, 1, 0, 0
395000, 110592, 1, 0, 0
396000, 120832, 1, 0, 0
397000, 124928, 1, 0, 0
398000, 128000, 1, 0, 0
398999, 578114, 1, 0, 0
399999, 578560, 1, 0, 0
401000, 578560, 1, 0, 0
402000, 579584, 1, 0, 0
403000, 577536, 1, 0, 0
404000, 579584, 1, 0, 0
405000, 577536, 1, 0, 0
406000, 579584, 1, 0, 0
407000, 578560, 1, 0, 0
408000, 578560, 1, 0, 0
409000, 579584, 1, 0, 0
410000, 577536, 1, 0, 0
411000, 579584, 1, 0, 0
412000, 578560, 1, 0, 0
413000, 578560, 1, 0, 0
414000, 578560, 1, 0, 0
415000, 579584, 1, 0, 0
415999, 578114, 1, 0, 0
416999, 578560, 1, 0, 0
418000, 579584, 1, 0, 0
419000, 578560, 1, 0, 0
420000, 578560, 1, 0, 0
421000, 578560, 1, 0, 0
422000, 578560, 1, 0, 0
423000, 579584, 1, 0, 0
424000, 571392, 1, 0, 0
425000, 578560, 1, 0, 0
426000, 579584, 1, 0, 0
427000, 577536, 1, 0, 0
428000, 579584, 1, 0, 0
429000, 577536, 1, 0, 0
430000, 579584, 1, 0, 0
431000, 578560, 1, 0, 0
432000, 578560, 1, 0, 0
432999, 579139, 1, 0, 0
433999, 578560, 1, 0, 0
435000, 310272, 1, 0, 0
436000, 116736, 1, 0, 0
437000, 123904, 1, 0, 0
438000, 119808, 1, 0, 0
439000, 122880, 1, 0, 0
440000, 122880, 1, 0, 0
441000, 118784, 1, 0, 0
442000, 119808, 1, 0, 0
443000, 124928, 1, 0, 0
444000, 116736, 1, 0, 0
445000, 121856, 1, 0, 0
446000, 115712, 1, 0, 0
447000, 122880, 1, 0, 0
448000, 120832, 1, 0, 0
449000, 118784, 1, 0, 0
449999, 114802, 1, 0, 0
450999, 122880, 1, 0, 0
452000, 118784, 1, 0, 0
453000, 122880, 1, 0, 0
454000, 115712, 1, 0, 0
455000, 434176, 1, 0, 0
456000, 578560, 1, 0, 0
457000, 578560, 1, 0, 0
458000, 578560, 1, 0, 0
459000, 394240, 1, 0, 0
460000, 119808, 1, 0, 0
461000, 1218560, 1, 0, 0
462000, 1967104, 1, 0, 0
463000, 1961984, 1, 0, 0
464000, 1973248, 1, 0, 0
465000, 1963008, 1, 0, 0
466000, 1969152, 1, 0, 0
466999, 1951647, 1, 0, 0
467999, 1964032, 1, 0, 0
469000, 1963008, 1, 0, 0
470000, 1210368, 1, 0, 0
471000, 579584, 1, 0, 0
472000, 577536, 1, 0, 0
473000, 579584, 1, 0, 0
474000, 577536, 1, 0, 0
475000, 579584, 1, 0, 0
476000, 578560, 1, 0, 0
477000, 578560, 1, 0, 0
478000, 579584, 1, 0, 0
479000, 578560, 1, 0, 0
480000, 448512, 1, 0, 0
481000, 119808, 1, 0, 0
482000, 117760, 1, 0, 0
483000, 118784, 1, 0, 0
483999, 118902, 1, 0, 0
484999, 115712, 1, 0, 0
486000, 112640, 1, 0, 0
487000, 115712, 1, 0, 0
488000, 114688, 1, 0, 0
489000, 115712, 1, 0, 0
490000, 121856, 1, 0, 0
491000, 117760, 1, 0, 0
492000, 119808, 1, 0, 0
493000, 123904, 1, 0, 0
494000, 117760, 1, 0, 0
495000, 125952, 1, 0, 0
496000, 253952, 1, 0, 0
497000, 578560, 1, 0, 0
498000, 578560, 1, 0, 0
499000, 579584, 1, 0, 0
500000, 578560, 1, 0, 0
500999, 579139, 1, 0, 0
501999, 578560, 1, 0, 0
503000, 578560, 1, 0, 0
504000, 1183744, 1, 0, 0
505000, 578560, 1, 0, 0
506000, 578560, 1, 0, 0
507000, 579584, 1, 0, 0
508000, 578560, 1, 0, 0
509000, 578560, 1, 0, 0
510000, 578560, 1, 0, 0
511000, 578560, 1, 0, 0
512000, 578560, 1, 0, 0
513000, 578560, 1, 0, 0
514000, 579584, 1, 0, 0
515000, 578560, 1, 0, 0
516000, 578560, 1, 0, 0
517000, 578560, 1, 0, 0
517999, 579139, 1, 0, 0
519000, 578560, 1, 0, 0
520000, 578560, 1, 0, 0
521000, 578560, 1, 0, 0
522000, 579584, 1, 0, 0
523000, 578560, 1, 0, 0
524000, 578560, 1, 0, 0
525000, 578560, 1, 0, 0
526000, 578560, 1, 0, 0
527000, 578560, 1, 0, 0
528000, 579584, 1, 0, 0
529000, 179200, 1, 0, 0
530000, 133120, 1, 0, 0
531000, 125952, 1, 0, 0
532000, 126976, 1, 0, 0
533000, 134144, 1, 0, 0
534000, 124928, 1, 0, 0
534999, 130178, 1, 0, 0
536000, 126976, 1, 0, 0
537000, 126976, 1, 0, 0
538000, 131072, 1, 0, 0
539000, 129024, 1, 0, 0
540000, 128000, 1, 0, 0
541000, 125952, 1, 0, 0
542000, 118784, 1, 0, 0
543000, 113664, 1, 0, 0
544000, 269312, 1, 0, 0
545000, 604160, 1, 0, 0
546000, 578560, 1, 0, 0
547000, 579584, 1, 0, 0
548000, 577536, 1, 0, 0
549000, 579584, 1, 0, 0
550000, 578560, 1, 0, 0
551000, 578560, 1, 0, 0
551999, 578114, 1, 0, 0
553000, 579584, 1, 0, 0
554000, 578560, 1, 0, 0
555000, 578560, 1, 0, 0
556000, 579584, 1, 0, 0
557000, 577536, 1, 0, 0
558000, 579584, 1, 0, 0
559000, 577536, 1, 0, 0
560000, 579584, 1, 0, 0
561000, 579584, 1, 0, 0
562000, 577536, 1, 0, 0
563000, 579584, 1, 0, 0
564000, 577536, 1, 0, 0
565000, 579584, 1, 0, 0
566000, 578560, 1, 0, 0
567000, 578560, 1, 0, 0
568000, 579584, 1, 0, 0
568999, 578114, 1, 0, 0
570000, 578560, 1, 0, 0
571000, 578560, 1, 0, 0
572000, 579584, 1, 0, 0
573000, 577536, 1, 0, 0
574000, 579584, 1, 0, 0
575000, 578560, 1, 0, 0
576000, 578560, 1, 0, 0
577000, 579584, 1, 0, 0
578000, 577536, 1, 0, 0
579000, 579584, 1, 0, 0
580000, 578560, 1, 0, 0
581000, 578560, 1, 0, 0
582000, 578560, 1, 0, 0
583000, 578560, 1, 0, 0
584000, 579584, 1, 0, 0
585000, 577536, 1, 0, 0
585999, 580164, 1, 0, 0
587000, 577536, 1, 0, 0
588000, 579584, 1, 0, 0
589000, 577536, 1, 0, 0
590000, 579584, 1, 0, 0
591000, 578560, 1, 0, 0
592000, 578560, 1, 0, 0
593000, 390144, 1, 0, 0
594000, 409600, 1, 0, 0
595000, 579584, 1, 0, 0
596000, 579584, 1, 0, 0
597000, 577536, 1, 0, 0
598000, 579584, 1, 0, 0
599000, 577536, 1, 0, 0
600000, 579584, 1, 0, 0
601000, 579584, 1, 0, 0
602000, 577536, 1, 0, 0
602999, 579139, 1, 0, 0
604000, 800768, 1, 0, 0
605000, 1969152, 1, 0, 0
606000, 1966080, 1, 0, 0
607000, 1953792, 1, 0, 0
608000, 1947648, 1, 0, 0
609000, 1941504, 1, 0, 0
610000, 1952768, 1, 0, 0
611000, 1941504, 1, 0, 0
612000, 1964032, 1, 0, 0
613000, 1954816, 1, 0, 0
614000, 1949696, 1, 0, 0
615000, 1942528, 1, 0, 0
616000, 1956864, 1, 0, 0
617000, 1954816, 1, 0, 0
618000, 1942528, 1, 0, 0
619000, 1950720, 1, 0, 0
619999, 1955747, 1, 0, 0
621000, 1931264, 1, 0, 0
622000, 1953792, 1, 0, 0
623000, 1953792, 1, 0, 0
624000, 1951744, 1, 0, 0
625000, 1950720, 1, 0, 0
626000, 1942528, 1, 0, 0
627000, 1954816, 1, 0, 0
628000, 1957888, 1, 0, 0
629000, 1948672, 1, 0, 0
630000, 1956864, 1, 0, 0
631000, 751616, 1, 0, 0
632000, 578560, 1, 0, 0
633000, 578560, 1, 0, 0
634000, 578560, 1, 0, 0
635000, 578560, 1, 0, 0
636000, 579584, 1, 0, 0
637000, 578560, 1, 0, 0
637999, 579139, 1, 0, 0
639000, 578560, 1, 0, 0
640000, 578560, 1, 0, 0
641000, 578560, 1, 0, 0
642000, 578560, 1, 0, 0
643000, 295936, 1, 0, 0
644000, 118784, 1, 0, 0
645000, 121856, 1, 0, 0
646000, 123904, 1, 0, 0
647000, 119808, 1, 0, 0
648000, 123904, 1, 0, 0
649000, 116736, 1, 0, 0
650000, 118784, 1, 0, 0
651000, 120832, 1, 0, 0
652000, 117760, 1, 0, 0
653000, 120832, 1, 0, 0
654000, 208896, 1, 0, 0
654999, 579139, 1, 0, 0
656000, 578560, 1, 0, 0
657000, 578560, 1, 0, 0
658000, 578560, 1, 0, 0
659000, 579584, 1, 0, 0
660000, 578560, 1, 0, 0
661000, 578560, 1, 0, 0
662000, 579584, 1, 0, 0
663000, 765952, 1, 0, 0
664000, 754688, 1, 0, 0
665000, 772096, 1, 0, 0
666000, 772096, 1, 0, 0
667000, 771072, 1, 0, 0
668000, 922624, 1, 0, 0
669000, 771072, 1, 0, 0
670000, 772096, 1, 0, 0
671000, 772096, 1, 0, 0
671999, 771843, 1, 0, 0
673000, 771072, 1, 0, 0
674000, 772096, 1, 0, 0
675000, 771072, 1, 0, 0
676000, 772096, 1, 0, 0
677000, 771072, 1, 0, 0
678000, 772096, 1, 0, 0
679000, 772096, 1, 0, 0
680000, 771072, 1, 0, 0
681000, 772096, 1, 0, 0
682000, 771072, 1, 0, 0
683000, 772096, 1, 0, 0
684000, 771072, 1, 0, 0
685000, 772096, 1, 0, 0
686000, 771072, 1, 0, 0
687000, 772096, 1, 0, 0
688000, 771072, 1, 0, 0
688999, 771843, 1, 0, 0
689999, 772096, 1, 0, 0
691000, 771072, 1, 0, 0
692000, 772096, 1, 0, 0
693000, 771072, 1, 0, 0
694000, 772096, 1, 0, 0
695000, 772096, 1, 0, 0
696000, 772096, 1, 0, 0
697000, 771072, 1, 0, 0
698000, 772096, 1, 0, 0
699000, 771072, 1, 0, 0
700000, 772096, 1, 0, 0
701000, 771072, 1, 0, 0
702000, 772096, 1, 0, 0
703000, 772096, 1, 0, 0
704000, 771072, 1, 0, 0
705000, 772096, 1, 0, 0
705999, 770818, 1, 0, 0
706999, 772096, 1, 0, 0
708000, 771072, 1, 0, 0
709000, 772096, 1, 0, 0
710000, 772096, 1, 0, 0
711000, 771072, 1, 0, 0
712000, 772096, 1, 0, 0
713000, 771072, 1, 0, 0
714000, 772096, 1, 0, 0
715000, 771072, 1, 0, 0
716000, 779264, 1, 0, 0
717000, 772096, 1, 0, 0
718000, 771072, 1, 0, 0
719000, 766976, 1, 0, 0
720000, 772096, 1, 0, 0
721000, 771072, 1, 0, 0
722000, 772096, 1, 0, 0
722999, 771843, 1, 0, 0
724000, 546816, 1, 0, 0
725000, 169984, 1, 0, 0
726000, 291840, 1, 0, 0
727000, 771072, 1, 0, 0
728000, 773120, 1, 0, 0
729000, 771072, 1, 0, 0
730000, 771072, 1, 0, 0
731000, 772096, 1, 0, 0
732000, 772096, 1, 0, 0
733000, 771072, 1, 0, 0
734000, 771072, 1, 0, 0
735000, 772096, 1, 0, 0
736000, 772096, 1, 0, 0
737000, 772096, 1, 0, 0
738000, 771072, 1, 0, 0
739000, 771072, 1, 0, 0
739999, 771843, 1, 0, 0
740999, 772096, 1, 0, 0
742000, 771072, 1, 0, 0
743000, 772096, 1, 0, 0
744000, 772096, 1, 0, 0
745000, 771072, 1, 0, 0
746000, 771072, 1, 0, 0
747000, 772096, 1, 0, 0
748000, 772096, 1, 0, 0
749000, 772096, 1, 0, 0
750000, 771072, 1, 0, 0
751000, 771072, 1, 0, 0
752000, 772096, 1, 0, 0
753000, 772096, 1, 0, 0
754000, 771072, 1, 0, 0
755000, 772096, 1, 0, 0
756000, 771072, 1, 0, 0
757000, 772096, 1, 0, 0
757999, 770818, 1, 0, 0
759000, 772096, 1, 0, 0
760000, 722944, 1, 0, 0
761000, 771072, 1, 0, 0
762000, 771072, 1, 0, 0
763000, 772096, 1, 0, 0
764000, 772096, 1, 0, 0
765000, 240640, 1, 0, 0
766000, 166912, 1, 0, 0
767000, 167936, 1, 0, 0
768000, 171008, 1, 0, 0
769000, 169984, 1, 0, 0
770000, 168960, 1, 0, 0
771000, 164864, 1, 0, 0
772000, 164864, 1, 0, 0
773000, 172032, 1, 0, 0
773999, 195779, 1, 0, 0
775000, 195584, 1, 0, 0
776000, 184320, 1, 0, 0
777000, 159744, 1, 0, 0
778000, 163840, 1, 0, 0
779000, 169984, 1, 0, 0
780000, 167936, 1, 0, 0
781000, 162816, 1, 0, 0
782000, 159744, 1, 0, 0
783000, 244736, 1, 0, 0
784000, 290816, 1, 0, 0
785000, 285696, 1, 0, 0
786000, 289792, 1, 0, 0
787000, 292864, 1, 0, 0
788000, 1761280, 1, 0, 0
789000, 2315264, 1, 0, 0
790000, 2312192, 1, 0, 0
790999, 2313481, 1, 0, 0
792000, 2317312, 1, 0, 0
793000, 2310144, 1, 0, 0
794000, 2314240, 1, 0, 0
795000, 2332672, 1, 0, 0
796000, 2315264, 1, 0, 0
797000, 2314240, 1, 0, 0
798000, 2314240, 1, 0, 0
799000, 2316288, 1, 0, 0
800000, 2315264, 1, 0, 0
