1000, 974848, 1, 0, 0
2000, 573440, 1, 0, 0
3000, 580608, 1, 0, 0
4000, 576512, 1, 0, 0
5000, 580608, 1, 0, 0
6000, 580608, 1, 0, 0
7000, 575488, 1, 0, 0
8000, 610304, 1, 0, 0
9000, 718848, 1, 0, 0
10000, 721920, 1, 0, 0
11000, 718848, 1, 0, 0
12000, 714752, 1, 0, 0
13000, 721920, 1, 0, 0
14000, 717824, 1, 0, 0
15000, 715776, 1, 0, 0
16000, 716800, 1, 0, 0
17000, 718848, 1, 0, 0
18000, 713417, 1, 0, 0
19000, 719872, 1, 0, 0
20000, 713728, 1, 0, 0
21000, 719872, 1, 0, 0
22000, 715776, 1, 0, 0
23000, 720896, 1, 0, 0
24000, 722944, 1, 0, 0
25000, 718848, 1, 0, 0
26000, 719872, 1, 0, 0
27000, 718848, 1, 0, 0
28000, 720896, 1, 0, 0
29000, 720896, 1, 0, 0
30000, 716800, 1, 0, 0
31000, 718848, 1, 0, 0
32000, 718848, 1, 0, 0
33000, 720896, 1, 0, 0
34000, 715776, 1, 0, 0
35000, 717517, 1, 0, 0
36000, 717824, 1, 0, 0
37000, 718848, 1, 0, 0
38000, 716800, 1, 0, 0
39000, 721920, 1, 0, 0
40000, 719872, 1, 0, 0
41000, 713728, 1, 0, 0
42000, 720896, 1, 0, 0
43000, 718848, 1, 0, 0
44000, 717824, 1, 0, 0
45000, 714752, 1, 0, 0
46000, 717824, 1, 0, 0
47000, 715776, 1, 0, 0
48000, 719872, 1, 0, 0
49000, 718848, 1, 0, 0
50000, 720896, 1, 0, 0
51000, 720896, 1, 0, 0
52000, 722642, 1, 0, 0
53000, 715776, 1, 0, 0
54000, 726016, 1, 0, 0
55000, 719872, 1, 0, 0
56000, 715776, 1, 0, 0
57000, 716800, 1, 0, 0
58000, 720896, 1, 0, 0
59000, 719872, 1, 0, 0
60000, 718848, 1, 0, 0
61000, 717824, 1, 0, 0
62000, 718848, 1, 0, 0
63000, 716800, 1, 0, 0
64000, 718848, 1, 0, 0
65000, 715776, 1, 0, 0
66000, 720896, 1, 0, 0
67000, 716800, 1, 0, 0
68000, 716800, 1, 0, 0
69000, 720896, 1, 0, 0
70000, 718542, 1, 0, 0
71000, 716800, 1, 0, 0
72000, 723968, 1, 0, 0
73000, 720896, 1, 0, 0
74000, 716800, 1, 0, 0
75000, 720896, 1, 0, 0
76000, 719872, 1, 0, 0
77000, 714752, 1, 0, 0
78000, 713728, 1, 0, 0
79000, 723968, 1, 0, 0
80000, 721920, 1, 0, 0
81000, 717824, 1, 0, 0
82000, 716800, 1, 0, 0
83000, 720896, 1, 0, 0
84000, 181248, 1, 0, 0
85000, 158720, 1, 0, 0
86000, 152576, 1, 0, 0
87000, 157853, 1, 0, 0
88000, 180224, 1, 0, 0
89000, 154624, 1, 0, 0
90000, 156672, 1, 0, 0
91000, 159744, 1, 0, 0
92000, 146432, 1, 0, 0
93000, 129024, 1, 0, 0
94000, 128000, 1, 0, 0
95000, 133120, 1, 0, 0
96000, 133120, 1, 0, 0
97000, 134144, 1, 0, 0
98000, 136192, 1, 0, 0
99000, 140288, 1, 0, 0
100000, 247808, 1, 0, 0
101000, 580608, 1, 0, 0
102000, 582656, 1, 0, 0
103000, 625664, 1, 0, 0
104000, 715467, 1, 0, 0
105000, 718848, 1, 0, 0
106000, 715776, 1, 0, 0
107000, 721920, 1, 0, 0
108000, 719872, 1, 0, 0
109000, 717824, 1, 0, 0
110000, 718848, 1, 0, 0
111000, 718848, 1, 0, 0
112000, 718848, 1, 0, 0
113000, 718848, 1, 0, 0
114000, 716800, 1, 0, 0
115000, 718848, 1, 0, 0
116000, 716800, 1, 0, 0
117000, 717824, 1, 0, 0
118000, 716800, 1, 0, 0
119000, 717824, 1, 0, 0
120000, 720896, 1, 0, 0
121000, 807719, 1, 0, 0
122000, 1019904, 1, 0, 0
123000, 1028096, 1, 0, 0
124000, 1022976, 1, 0, 0
125000, 1030144, 1, 0, 0
126000, 1018880, 1, 0, 0
127000, 1024000, 1, 0, 0
128000, 1024000, 1, 0, 0
129000, 1022976, 1, 0, 0
130000, 1024000, 1, 0, 0
131000, 1026048, 1, 0, 0
132000, 1018880, 1, 0, 0
133000, 1022976, 1, 0, 0
134000, 1019904, 1, 0, 0
135000, 1029120, 1, 0, 0
136000, 1021952, 1, 0, 0
137000, 1025024, 1, 0, 0
138000, 1022976, 1, 0, 0
139000, 1021949, 1, 0, 0
140000, 1031168, 1, 0, 0
141000, 1019904, 1, 0, 0
142000, 877568, 1, 0, 0
143000, 717824, 1, 0, 0
144000, 718848, 1, 0, 0
145000, 717824, 1, 0, 0
146000, 717824, 1, 0, 0
147000, 719872, 1, 0, 0
148000, 721920, 1, 0, 0
149000, 718848, 1, 0, 0
150000, 719872, 1, 0, 0
151000, 715776, 1, 0, 0
152000, 719872, 1, 0, 0
153000, 719872, 1, 0, 0
154000, 716800, 1, 0, 0
155000, 718848, 1, 0, 0
156000, 719567, 1, 0, 0
157000, 723968, 1, 0, 0
158000, 717824, 1, 0, 0
159000, 717824, 1, 0, 0
160000, 941056, 1, 0, 0
161000, 1027072, 1, 0, 0
162000, 1022976, 1, 0, 0
163000, 1029120, 1, 0, 0
164000, 1020928, 1, 0, 0
165000, 1031168, 1, 0, 0
166000, 1022976, 1, 0, 0
167000, 1025024, 1, 0, 0
168000, 1025024, 1, 0, 0
169000, 1022976, 1, 0, 0
170000, 993280, 1, 0, 0
171000, 1022976, 1, 0, 0
172000, 1028096, 1, 0, 0
173001, 1027072, 1, 0, 0
174000, 1032200, 1, 0, 0
175000, 1027072, 1, 0, 0
176000, 1025024, 1, 0, 0
177000, 1025024, 1, 0, 0
178000, 1031168, 1, 0, 0
179000, 1022976, 1, 0, 0
180000, 1022976, 1, 0, 0
181000, 1027072, 1, 0, 0
182000, 1030144, 1, 0, 0
183000, 1028096, 1, 0, 0
184000, 1026048, 1, 0, 0
185000, 1030144, 1, 0, 0
186000, 1026048, 1, 0, 0
187000, 1030144, 1, 0, 0
188000, 1026048, 1, 0, 0
189000, 1030144, 1, 0, 0
190000, 1022976, 1, 0, 0
191000, 1028100, 1, 0, 0
192000, 1029120, 1, 0, 0
193000, 1025024, 1, 0, 0
194000, 1019904, 1, 0, 0
195000, 1026048, 1, 0, 0
196000, 1022976, 1, 0, 0
197000, 1017856, 1, 0, 0
198000, 1025024, 1, 0, 0
199000, 1021952, 1, 0, 0
200000, 1025024, 1, 0, 0
201000, 1018880, 1, 0, 0
202000, 1026048, 1, 0, 0
203000, 1018880, 1, 0, 0
204000, 1031168, 1, 0, 0
205000, 1028096, 1, 0, 0
206000, 1027072, 1, 0, 0
207000, 1025024, 1, 0, 0
208000, 1027075, 1, 0, 0
209000, 1025024, 1, 0, 0
210000, 1028096, 1, 0, 0
211000, 1028096, 1, 0, 0
212000, 1021952, 1, 0, 0
213000, 1027072, 1, 0, 0
214000, 1021952, 1, 0, 0
215000, 1025024, 1, 0, 0
216000, 1029120, 1, 0, 0
217000, 1024000, 1, 0, 0
218000, 1024000, 1, 0, 0
219000, 1017856, 1, 0, 0
220000, 1026048, 1, 0, 0
221000, 1024000, 1, 0, 0
222000, 1024000, 1, 0, 0
223000, 1032192, 1, 0, 0
224000, 1016832, 1, 0, 0
225000, 1019899, 1, 0, 0
226000, 1022976, 1, 0, 0
227000, 1020928, 1, 0, 0
228000, 1024000, 1, 0, 0
229000, 1025024, 1, 0, 0
230000, 1019904, 1, 0, 0
231000, 1024000, 1, 0, 0
232000, 1022976, 1, 0, 0
233000, 1028096, 1, 0, 0
234000, 1021952, 1, 0, 0
235000, 1025024, 1, 0, 0
236000, 1022976, 1, 0, 0
237000, 1024000, 1, 0, 0
238000, 1026048, 1, 0, 0
239000, 1022976, 1, 0, 0
240000, 1026048, 1, 0, 0
241000, 1028096, 1, 0, 0
242000, 1032200, 1, 0, 0
243000, 1027072, 1, 0, 0
244000, 1028096, 1, 0, 0
245000, 951296, 1, 0, 0
246000, 723968, 1, 0, 0
247000, 718848, 1, 0, 0
248000, 727040, 1, 0, 0
249000, 714752, 1, 0, 0
250000, 714752, 1, 0, 0
251000, 715776, 1, 0, 0
252000, 717824, 1, 0, 0
253000, 717824, 1, 0, 0
254000, 719872, 1, 0, 0
255000, 713728, 1, 0, 0
256000, 299008, 1, 0, 0
257000, 132096, 1, 0, 0
258000, 139264, 1, 0, 0
259000, 131072, 1, 0, 0
260000, 133253, 1, 0, 0
261000, 132096, 1, 0, 0
262000, 130048, 1, 0, 0
263000, 131072, 1, 0, 0
264000, 134144, 1, 0, 0
265000, 128000, 1, 0, 0
266000, 134144, 1, 0, 0
267000, 129024, 1, 0, 0
268000, 134144, 1, 0, 0
269000, 162816, 1, 0, 0
270000, 163840, 1, 0, 0
271000, 164864, 1, 0, 0
272000, 162816, 1, 0, 0
273000, 160768, 1, 0, 0
274000, 159744, 1, 0, 0
275000, 166912, 1, 0, 0
276000, 161792, 1, 0, 0
277000, 156828, 1, 0, 0
278000, 160768, 1, 0, 0
279000, 162816, 1, 0, 0
280000, 156672, 1, 0, 0
281000, 159744, 1, 0, 0
282000, 161792, 1, 0, 0
283000, 158720, 1, 0, 0
284000, 151552, 1, 0, 0
285000, 157696, 1, 0, 0
286000, 165888, 1, 0, 0
287000, 160768, 1, 0, 0
288000, 156672, 1, 0, 0
289000, 152576, 1, 0, 0
290000, 157696, 1, 0, 0
291000, 160768, 1, 0, 0
292000, 160768, 1, 0, 0
293000, 156672, 1, 0, 0
294000, 153753, 1, 0, 0
295000, 163840, 1, 0, 0
296000, 159744, 1, 0, 0
297000, 154624, 1, 0, 0
298000, 155648, 1, 0, 0
299000, 157696, 1, 0, 0
300000, 150528, 1, 0, 0
301000, 146432, 1, 0, 0
302000, 160768, 1, 0, 0
303000, 158720, 1, 0, 0
304000, 155648, 1, 0, 0
305000, 156672, 1, 0, 0
306000, 153600, 1, 0, 0
307000, 151552, 1, 0, 0
308000, 157696, 1, 0, 0
309000, 162816, 1, 0, 0
310000, 162978, 1, 0, 0
311000, 159744, 1, 0, 0
312000, 155648, 1, 0, 0
313000, 157696, 1, 0, 0
314000, 153600, 1, 0, 0
315000, 158720, 1, 0, 0
316000, 156672, 1, 0, 0
317000, 155648, 1, 0, 0
318000, 162816, 1, 0, 0
319000, 160768, 1, 0, 0
320000, 159744, 1, 0, 0
321000, 164864, 1, 0, 0
322000, 194560, 1, 0, 0
323000, 192512, 1, 0, 0
324000, 162816, 1, 0, 0
325000, 156672, 1, 0, 0
326000, 154624, 1, 0, 0
327000, 156828, 1, 0, 0
328000, 157696, 1, 0, 0
329000, 583680, 1, 0, 0
330000, 717824, 1, 0, 0
331000, 719872, 1, 0, 0
332000, 717824, 1, 0, 0
333000, 719872, 1, 0, 0
334000, 716800, 1, 0, 0
335000, 719872, 1, 0, 0
336000, 945152, 1, 0, 0
337000, 598016, 1, 0, 0
338000, 580608, 1, 0, 0
339000, 577536, 1, 0, 0
340000, 602112, 1, 0, 0
341000, 717824, 1, 0, 0
342000, 720896, 1, 0, 0
343000, 714442, 1, 0, 0
344000, 719872, 1, 0, 0
345000, 719872, 1, 0, 0
346000, 716800, 1, 0, 0
347000, 718848, 1, 0, 0
348000, 716800, 1, 0, 0
349000, 718848, 1, 0, 0
350000, 718848, 1, 0, 0
351000, 720896, 1, 0, 0
352000, 722944, 1, 0, 0
353000, 715776, 1, 0, 0
354000, 718848, 1, 0, 0
355000, 715776, 1, 0, 0
356000, 719872, 1, 0, 0
357000, 719872, 1, 0, 0
358000, 716800, 1, 0, 0
359000, 719872, 1, 0, 0
360000, 713417, 1, 0, 0
361000, 718848, 1, 0, 0
362000, 719872, 1, 0, 0
363000, 717824, 1, 0, 0
364000, 862208, 1, 0, 0
365000, 1024000, 1, 0, 0
366000, 1022976, 1, 0, 0
367000, 1022976, 1, 0, 0
368000, 1025024, 1, 0, 0
369000, 1022976, 1, 0, 0
370000, 1021952, 1, 0, 0
371000, 1022976, 1, 0, 0
372000, 1028096, 1, 0, 0
373000, 1026048, 1, 0, 0
374000, 1027072, 1, 0, 0
375000, 1016832, 1, 0, 0
376000, 1028096, 1, 0, 0
377000, 1015799, 1, 0, 0
378000, 1026048, 1, 0, 0
379000, 1024000, 1, 0, 0
380000, 1019904, 1, 0, 0
381000, 1021952, 1, 0, 0
382000, 1026048, 1, 0, 0
383000, 1025024, 1, 0, 0
384000, 1026048, 1, 0, 0
385000, 1036288, 1, 0, 0
386000, 1024000, 1, 0, 0
387000, 1027072, 1, 0, 0
388000, 1027072, 1, 0, 0
389000, 974848, 1, 0, 0
390000, 1024000, 1, 0, 0
391000, 1026048, 1, 0, 0
392000, 138240, 1, 0, 0
393000, 119808, 1, 0, 0
394000, 116852, 1, 0, 0
395000, 112640, 1, 0, 0
396000, 121856, 1, 0, 0
397000, 115712, 1, 0, 0
398000, 123904, 1, 0, 0
399000, 121856, 1, 0, 0
400000, 123904, 1, 0, 0
401000, 120832, 1, 0, 0
402000, 121856, 1, 0, 0
403000, 119808, 1, 0, 0
404000, 110592, 1, 0, 0
405000, 119808, 1, 0, 0
406000, 123904, 1, 0, 0
407000, 115712, 1, 0, 0
408000, 116736, 1, 0, 0
409000, 111616, 1, 0, 0
410000, 123904, 1, 0, 0
411000, 116852, 1, 0, 0
412000, 343040, 1, 0, 0
413000, 578560, 1, 0, 0
414000, 578560, 1, 0, 0
415000, 1822720, 1, 0, 0
416000, 1970176, 1, 0, 0
417000, 1960960, 1, 0, 0
418000, 1979392, 1, 0, 0
419000, 1967104, 1, 0, 0
420000, 1958912, 1, 0, 0
421000, 1968128, 1, 0, 0
422000, 1969152, 1, 0, 0
423000, 1948672, 1, 0, 0
424000, 1953792, 1, 0, 0
425000, 1956864, 1, 0, 0
426000, 1951744, 1, 0, 0
427000, 1955840, 1, 0, 0
428000, 1946522, 1, 0, 0
429000, 1958912, 1, 0, 0
430000, 1953792, 1, 0, 0
431000, 1965056, 1, 0, 0
432000, 1944576, 1, 0, 0
433000, 1949696, 1, 0, 0
434000, 1958912, 1, 0, 0
435000, 1965056, 1, 0, 0
436000, 1969152, 1, 0, 0
437000, 1958912, 1, 0, 0
438000, 1958912, 1, 0, 0
439000, 1947648, 1, 0, 0
440000, 1957888, 1, 0, 0
441000, 1952768, 1, 0, 0
442000, 808960, 1, 0, 0
443000, 579584, 1, 0, 0
444000, 579584, 1, 0, 0
445000, 578114, 1, 0, 0
446000, 578560, 1, 0, 0
447000, 578560, 1, 0, 0
448000, 578560, 1, 0, 0
449000, 578560, 1, 0, 0
450000, 579584, 1, 0, 0
451000, 577536, 1, 0, 0
452000, 579584, 1, 0, 0
453000, 578560, 1, 0, 0
454000, 578560, 1, 0, 0
455000, 579584, 1, 0, 0
456000, 577536, 1, 0, 0
457000, 579584, 1, 0, 0
458000, 577536, 1, 0, 0
459000, 579584, 1, 0, 0
460000, 840704, 1, 0, 0
461000, 1951744, 1, 0, 0
462000, 1946522, 1, 0, 0
463000, 1949696, 1, 0, 0
464000, 1946624, 1, 0, 0
465000, 1945600, 1, 0, 0
466000, 1951744, 1, 0, 0
467000, 1956864, 1, 0, 0
468000, 1963008, 1, 0, 0
469000, 1947648, 1, 0, 0
470000, 1964032, 1, 0, 0
471000, 1953792, 1, 0, 0
472000, 1956864, 1, 0, 0
473000, 1956864, 1, 0, 0
474000, 1963008, 1, 0, 0
475000, 1948672, 1, 0, 0
476000, 1951744, 1, 0, 0
477000, 1947648, 1, 0, 0
478000, 1953792, 1, 0, 0
479000, 1959847, 1, 0, 0
480000, 1951744, 1, 0, 0
481000, 1955840, 1, 0, 0
482000, 1965056, 1, 0, 0
483000, 1954816, 1, 0, 0
484000, 1957888, 1, 0, 0
485000, 1975296, 1, 0, 0
486000, 1951744, 1, 0, 0
487000, 1957888, 1, 0, 0
488000, 1965056, 1, 0, 0
489000, 1963008, 1, 0, 0
490000, 1957888, 1, 0, 0
491000, 1963008, 1, 0, 0
492000, 1937408, 1, 0, 0
493000, 1955840, 1, 0, 0
494000, 1956864, 1, 0, 0
495000, 1960960, 1, 0, 0
496000, 1965997, 1, 0, 0
497000, 1904640, 1, 0, 0
498000, 1028096, 1, 0, 0
499000, 1020928, 1, 0, 0
500000, 1029120, 1, 0, 0
501000, 1021952, 1, 0, 0
502000, 1025024, 1, 0, 0
503000, 1027072, 1, 0, 0
504000, 928768, 1, 0, 0
505000, 120832, 1, 0, 0
506000, 122880, 1, 0, 0
507000, 116736, 1, 0, 0
508000, 115712, 1, 0, 0
509000, 121856, 1, 0, 0
510000, 113664, 1, 0, 0
511000, 119808, 1, 0, 0
512000, 119808, 1, 0, 0
513001, 117760, 1, 0, 0
514000, 117877, 1, 0, 0
515000, 119808, 1, 0, 0
516000, 118784, 1, 0, 0
517000, 116736, 1, 0, 0
518000, 123904, 1, 0, 0
519000, 121856, 1, 0, 0
520000, 126976, 1, 0, 0
521000, 117760, 1, 0, 0
522000, 118784, 1, 0, 0
523000, 116736, 1, 0, 0
524000, 117760, 1, 0, 0
525000, 120832, 1, 0, 0
526000, 116736, 1, 0, 0
527000, 117760, 1, 0, 0
528000, 119808, 1, 0, 0
529000, 120832, 1, 0, 0
530000, 121856, 1, 0, 0
531000, 120952, 1, 0, 0
532000, 461824, 1, 0, 0
533000, 578560, 1, 0, 0
534000, 578560, 1, 0, 0
535000, 579584, 1, 0, 0
536000, 578560, 1, 0, 0
537000, 578560, 1, 0, 0
538000, 1624064, 1, 0, 0
539000, 1960960, 1, 0, 0
540000, 1949696, 1, 0, 0
541000, 1964032, 1, 0, 0
542000, 1955840, 1, 0, 0
543000, 1968128, 1, 0, 0
544000, 1965056, 1, 0, 0
545000, 1959936, 1, 0, 0
546000, 1949696, 1, 0, 0
547000, 1957888, 1, 0, 0
548000, 1965997, 1, 0, 0
549000, 1968128, 1, 0, 0
550000, 1957888, 1, 0, 0
551000, 1974272, 1, 0, 0
552000, 1958912, 1, 0, 0
553000, 1959936, 1, 0, 0
554000, 1952768, 1, 0, 0
555000, 1952768, 1, 0, 0
556000, 1960960, 1, 0, 0
557000, 1959936, 1, 0, 0
