1000, 1258496, 1, 0, 0
2000, 878592, 1, 0, 0
3000, 939008, 1, 0, 0
4000, 951296, 1, 0, 0
5000, 670720, 1, 0, 0
6000, 909312, 1, 0, 0
7000, 610304, 1, 0, 0
8000, 451584, 1, 0, 0
9000, 482304, 1, 0, 0
9999, 347483, 1, 0, 0
10999, 908288, 1, 0, 0
12000, 539648, 1, 0, 0
13000, 552960, 1, 0, 0
14000, 478208, 1, 0, 0
15000, 433152, 1, 0, 0
16000, 539648, 1, 0, 0
17000, 498688, 1, 0, 0
18000, 389120, 1, 0, 0
19000, 367616, 1, 0, 0
20000, 159744, 1, 0, 0
21000, 155648, 1, 0, 0
22000, 148480, 1, 0, 0
23000, 155648, 1, 0, 0
24000, 144384, 1, 0, 0
25000, 185344, 1, 0, 0
25999, 239855, 1, 0, 0
27000, 239616, 1, 0, 0
28000, 254976, 1, 0, 0
29000, 258048, 1, 0, 0
30000, 243712, 1, 0, 0
31000, 305152, 1, 0, 0
32000, 395264, 1, 0, 0
33000, 371712, 1, 0, 0
34000, 396288, 1, 0, 0
35000, 350208, 1, 0, 0
36000, 260096, 1, 0, 0
36999, 252156, 1, 0, 0
37999, 249856, 1, 0, 0
39000, 323584, 1, 0, 0
40000, 382976, 1, 0, 0
41000, 379904, 1, 0, 0
42000, 379904, 1, 0, 0
43000, 382976, 1, 0, 0
44000, 373760, 1, 0, 0
45000, 319488, 1, 0, 0
46000, 168960, 1, 0, 0
47000, 175104, 1, 0, 0
48000, 188416, 1, 0, 0
49000, 180224, 1, 0, 0
50000, 203776, 1, 0, 0
51000, 168960, 1, 0, 0
52000, 154624, 1, 0, 0
53000, 152576, 1, 0, 0
54000, 154624, 1, 0, 0
54999, 121977, 1, 0, 0
55999, 201728, 1, 0, 0
57000, 117760, 1, 0, 0
58000, 118784, 1, 0, 0
59000, 124928, 1, 0, 0
60000, 115712, 1, 0, 0
61000, 112640, 1, 0, 0
62000, 248832, 1, 0, 0
63000, 122880, 1, 0, 0
64000, 132096, 1, 0, 0
65000, 140288, 1, 0, 0
66000, 150528, 1, 0, 0
67000, 148480, 1, 0, 0
68000, 164864, 1, 0, 0
69000, 146432, 1, 0, 0
70000, 144384, 1, 0, 0
71000, 136192, 1, 0, 0
72000, 152576, 1, 0, 0
72999, 164004, 1, 0, 0
73999, 153600, 1, 0, 0
75000, 129024, 1, 0, 0
76000, 134144, 1, 0, 0
77000, 95232, 1, 0, 0
78000, 118784, 1, 0, 0
79000, 101376, 1, 0, 0
80000, 420864, 1, 0, 0
81000, 1017856, 1, 0, 0
82000, 958464, 1, 0, 0
83000, 1089536, 1, 0, 0
84000, 978944, 1, 0, 0
85000, 965632, 1, 0, 0
86000, 824320, 1, 0, 0
87000, 828416, 1, 0, 0
88000, 1632256, 1, 0, 0
89000, 1339392, 1, 0, 0
90000, 1541120, 1, 0, 0
90999, 1534462, 1, 0, 0
91999, 1516544, 1, 0, 0
93000, 1494016, 1, 0, 0
94000, 1625088, 1, 0, 0
95000, 1488896, 1, 0, 0
96000, 1599488, 1, 0, 0
97000, 1556480, 1, 0, 0
98000, 1494016, 1, 0, 0
99000, 1551360, 1, 0, 0
100000, 1522688, 1, 0, 0
101000, 1446912, 1, 0, 0
102000, 962560, 1, 0, 0
103000, 985088, 1, 0, 0
104000, 966656, 1, 0, 0
105000, 941056, 1, 0, 0
106000, 957440, 1, 0, 0
107000, 964608, 1, 0, 0
107999, 948148, 1, 0, 0
108999, 987136, 1, 0, 0
109999, 789504, 1, 0, 0
111000, 686080, 1, 0, 0
112000, 674816, 1, 0, 0
113000, 635904, 1, 0, 0
114000, 627712, 1, 0, 0
115000, 678912, 1, 0, 0
116000, 645120, 1, 0, 0
117000, 626688, 1, 0, 0
118000, 638976, 1, 0, 0
119000, 640000, 1, 0, 0
120000, 621568, 1, 0, 0
121000, 669696, 1, 0, 0
122000, 645120, 1, 0, 0
123000, 664576, 1, 0, 0
124000, 628736, 1, 0, 0
125000, 673792, 1, 0, 0
125999, 635515, 1, 0, 0
126999, 635904, 1, 0, 0
127999, 632832, 1, 0, 0
129000, 625664, 1, 0, 0
130000, 694272, 1, 0, 0
131000, 768000, 1, 0, 0
132000, 808960, 1, 0, 0
133000, 849920, 1, 0, 0
134000, 788480, 1, 0, 0
135000, 1013760, 1, 0, 0
136000, 1125376, 1, 0, 0
137000, 1180672, 1, 0, 0
138000, 1225728, 1, 0, 0
139000, 1042432, 1, 0, 0
140000, 1218560, 1, 0, 0
141000, 1181696, 1, 0, 0
142000, 1095680, 1, 0, 0
143000, 1145856, 1, 0, 0
143999, 1215679, 1, 0, 0
144999, 1161216, 1, 0, 0
146000, 1179648, 1, 0, 0
147000, 1177600, 1, 0, 0
148000, 1092608, 1, 0, 0
149000, 1120256, 1, 0, 0
150000, 1006592, 1, 0, 0
151000, 702464, 1, 0, 0
152000, 1007616, 1, 0, 0
153000, 714752, 1, 0, 0
154000, 663552, 1, 0, 0
155000, 577536, 1, 0, 0
156000, 724992, 1, 0, 0
157000, 799744, 1, 0, 0
158000, 1037312, 1, 0, 0
159000, 897024, 1, 0, 0
160000, 306176, 1, 0, 0
161000, 505856, 1, 0, 0
161999, 872296, 1, 0, 0
162999, 618496, 1, 0, 0
164000, 1089536, 1, 0, 0
165000, 742400, 1, 0, 0
166000, 845824, 1, 0, 0
167000, 781312, 1, 0, 0
168000, 901120, 1, 0, 0
169000, 650240, 1, 0, 0
170000, 315392, 1, 0, 0
171000, 548864, 1, 0, 0
172000, 488448, 1, 0, 0
173000, 419840, 1, 0, 0
174000, 449536, 1, 0, 0
175000, 552960, 1, 0, 0
176000, 478208, 1, 0, 0
177000, 531456, 1, 0, 0
178000, 483328, 1, 0, 0
178999, 380284, 1, 0, 0
179999, 492544, 1, 0, 0
180999, 446464, 1, 0, 0
182000, 497664, 1, 0, 0
183000, 412672, 1, 0, 0
184000, 432128, 1, 0, 0
185000, 569344, 1, 0, 0
186000, 820224, 1, 0, 0
187000, 789504, 1, 0, 0
188000, 721920, 1, 0, 0
189000, 630784, 1, 0, 0
190000, 865280, 1, 0, 0
191000, 489472, 1, 0, 0
192000, 403456, 1, 0, 0
193000, 527360, 1, 0, 0
194000, 536576, 1, 0, 0
195000, 498688, 1, 0, 0
196000, 401408, 1, 0, 0
196999, 437685, 1, 0, 0
197999, 434176, 1, 0, 0
198999, 497664, 1, 0, 0
200000, 135168, 1, 0, 0
201000, 194560, 1, 0, 0
202000, 192512, 1, 0, 0
203000, 205824, 1, 0, 0
204000, 200704, 1, 0, 0
205000, 200704, 1, 0, 0
206000, 193536, 1, 0, 0
207000, 169984, 1, 0, 0
208000, 151552, 1, 0, 0
209000, 139264, 1, 0, 0
210000, 144384, 1, 0, 0
211000, 160768, 1, 0, 0
212000, 161792, 1, 0, 0
213000, 143360, 1, 0, 0
214000, 143360, 1, 0, 0
214999, 148628, 1, 0, 0
215999, 160768, 1, 0, 0
217000, 123904, 1, 0, 0
218000, 164864, 1, 0, 0
219000, 153600, 1, 0, 0
220000, 147456, 1, 0, 0
221000, 143360, 1, 0, 0
222000, 161792, 1, 0, 0
223000, 168960, 1, 0, 0
224000, 167936, 1, 0, 0
225000, 150528, 1, 0, 0
226000, 159744, 1, 0, 0
227000, 163840, 1, 0, 0
228000, 196608, 1, 0, 0
229000, 198656, 1, 0, 0
230000, 161792, 1, 0, 0
231000, 156672, 1, 0, 0
231999, 154778, 1, 0, 0
232999, 154624, 1, 0, 0
234000, 166912, 1, 0, 0
235000, 160768, 1, 0, 0
236000, 188416, 1, 0, 0
237000, 183296, 1, 0, 0
238000, 205824, 1, 0, 0
239000, 175104, 1, 0, 0
240000, 173056, 1, 0, 0
241000, 150528, 1, 0, 0
242000, 141312, 1, 0, 0
243000, 158720, 1, 0, 0
244000, 159744, 1, 0, 0
245000, 157696, 1, 0, 0
246000, 168960, 1, 0, 0
247000, 142336, 1, 0, 0
248000, 171008, 1, 0, 0
248999, 207055, 1, 0, 0
249999, 179200, 1, 0, 0
251000, 193536, 1, 0, 0
252000, 188416, 1, 0, 0
253000, 373760, 1, 0, 0
254000, 459776, 1, 0, 0
255000, 507904, 1, 0, 0
256000, 504832, 1, 0, 0
257000, 537600, 1, 0, 0
258000, 600064, 1, 0, 0
259000, 603136, 1, 0, 0
260000, 658432, 1, 0, 0
261000, 492544, 1, 0, 0
262000, 595968, 1, 0, 0
263000, 622592, 1, 0, 0
264000, 308224, 1, 0, 0
265000, 192512, 1, 0, 0
265999, 199879, 1, 0, 0
266999, 184320, 1, 0, 0
268000, 196608, 1, 0, 0
269000, 185344, 1, 0, 0
270000, 187392, 1, 0, 0
271000, 182272, 1, 0, 0
272000, 160768, 1, 0, 0
273000, 156672, 1, 0, 0
274000, 160768, 1, 0, 0
275000, 154624, 1, 0, 0
276000, 157696, 1, 0, 0
277000, 158720, 1, 0, 0
278000, 152576, 1, 0, 0
279000, 164864, 1, 0, 0
280000, 150528, 1, 0, 0
281000, 145408, 1, 0, 0
282000, 151552, 1, 0, 0
282999, 142478, 1, 0, 0
283999, 149504, 1, 0, 0
285000, 494592, 1, 0, 0
286000, 578560, 1, 0, 0
287000, 575488, 1, 0, 0
288000, 588800, 1, 0, 0
289000, 584704, 1, 0, 0
290000, 585728, 1, 0, 0
291000, 616448, 1, 0, 0
292000, 609280, 1, 0, 0
293000, 579584, 1, 0, 0
294000, 569344, 1, 0, 0
295000, 575488, 1, 0, 0
296000, 653312, 1, 0, 0
297000, 599040, 1, 0, 0
298000, 587776, 1, 0, 0
299000, 634880, 1, 0, 0
299999, 575039, 1, 0, 0
