999, 530962, 1, 0, 0
2000, 583680, 1, 0, 0
3000, 581632, 1, 0, 0
4000, 576512, 1, 0, 0
5000, 573440, 1, 0, 0
6000, 579584, 1, 0, 0
7000, 577536, 1, 0, 0
8000, 487424, 1, 0, 0
9000, 157696, 1, 0, 0
10000, 151552, 1, 0, 0
11000, 165888, 1, 0, 0
12000, 160768, 1, 0, 0
13000, 152576, 1, 0, 0
14000, 162816, 1, 0, 0
15000, 162816, 1, 0, 0
16000, 159744, 1, 0, 0
17000, 152576, 1, 0, 0
17999, 168104, 1, 0, 0
19000, 158720, 1, 0, 0
20000, 162816, 1, 0, 0
21000, 155648, 1, 0, 0
22000, 158720, 1, 0, 0
23000, 154624, 1, 0, 0
24000, 156672, 1, 0, 0
25000, 155648, 1, 0, 0
26000, 158720, 1, 0, 0
27000, 158720, 1, 0, 0
28000, 157696, 1, 0, 0
29000, 157696, 1, 0, 0
30000, 159744, 1, 0, 0
31000, 158720, 1, 0, 0
32000, 158720, 1, 0, 0
33000, 152576, 1, 0, 0
34000, 162816, 1, 0, 0
34999, 159903, 1, 0, 0
36000, 156672, 1, 0, 0
37000, 163840, 1, 0, 0
38000, 161792, 1, 0, 0
39000, 155648, 1, 0, 0
40000, 156672, 1, 0, 0
41000, 161792, 1, 0, 0
42000, 154624, 1, 0, 0
43000, 157696, 1, 0, 0
44000, 160768, 1, 0, 0
45000, 161792, 1, 0, 0
46000, 164864, 1, 0, 0
47000, 161792, 1, 0, 0
48000, 163840, 1, 0, 0
49000, 162816, 1, 0, 0
50000, 155648, 1, 0, 0
51000, 155648, 1, 0, 0
51999, 159903, 1, 0, 0
52999, 158720, 1, 0, 0
54000, 158720, 1, 0, 0
55000, 162816, 1, 0, 0
56000, 164864, 1, 0, 0
57000, 156672, 1, 0, 0
58000, 164864, 1, 0, 0
59000, 156672, 1, 0, 0
60000, 161792, 1, 0, 0
61000, 165888, 1, 0, 0
62000, 161792, 1, 0, 0
63000, 154624, 1, 0, 0
64000, 161792, 1, 0, 0
65000, 158720, 1, 0, 0
66000, 158720, 1, 0, 0
67000, 162816, 1, 0, 0
68000, 161792, 1, 0, 0
69000, 156672, 1, 0, 0
69999, 162978, 1, 0, 0
71000, 157696, 1, 0, 0
72000, 156672, 1, 0, 0
73000, 153600, 1, 0, 0
74000, 157696, 1, 0, 0
75000, 160768, 1, 0, 0
76000, 150528, 1, 0, 0
77000, 158720, 1, 0, 0
78000, 173056, 1, 0, 0
79000, 163840, 1, 0, 0
80000, 156672, 1, 0, 0
81000, 162816, 1, 0, 0
82000, 159744, 1, 0, 0
83000, 155648, 1, 0, 0
84000, 699392, 1, 0, 0
85000, 720896, 1, 0, 0
86000, 717824, 1, 0, 0
86999, 718542, 1, 0, 0
88000, 653312, 1, 0, 0
89000, 719872, 1, 0, 0
90000, 722944, 1, 0, 0
91000, 717824, 1, 0, 0
92000, 647168, 1, 0, 0
93000, 131072, 1, 0, 0
94000, 132096, 1, 0, 0
95000, 133120, 1, 0, 0
96000, 133120, 1, 0, 0
97000, 139264, 1, 0, 0
98000, 661504, 1, 0, 0
99000, 1024000, 1, 0, 0
100000, 954368, 1, 0, 0
101000, 575488, 1, 0, 0
102000, 577536, 1, 0, 0
103000, 628736, 1, 0, 0
103999, 718542, 1, 0, 0
105000, 716800, 1, 0, 0
106000, 716800, 1, 0, 0
107000, 717824, 1, 0, 0
108000, 722944, 1, 0, 0
109000, 716800, 1, 0, 0
110000, 717824, 1, 0, 0
111000, 716800, 1, 0, 0
112000, 720896, 1, 0, 0
113000, 719872, 1, 0, 0
114000, 716800, 1, 0, 0
115000, 717824, 1, 0, 0
116000, 720896, 1, 0, 0
117000, 720896, 1, 0, 0
118000, 716800, 1, 0, 0
119000, 720896, 1, 0, 0
120000, 715776, 1, 0, 0
120999, 805669, 1, 0, 0
121999, 1020928, 1, 0, 0
123000, 1024000, 1, 0, 0
124000, 1025024, 1, 0, 0
125000, 1034240, 1, 0, 0
126000, 1019904, 1, 0, 0
127000, 1020928, 1, 0, 0
128000, 1020928, 1, 0, 0
129000, 1032192, 1, 0, 0
130000, 1021952, 1, 0, 0
131000, 1021952, 1, 0, 0
132000, 1028096, 1, 0, 0
133000, 1017856, 1, 0, 0
134000, 1021952, 1, 0, 0
135000, 1025024, 1, 0, 0
136000, 1026048, 1, 0, 0
137000, 1018880, 1, 0, 0
138000, 1027072, 1, 0, 0
138999, 1022974, 1, 0, 0
140000, 1025024, 1, 0, 0
141000, 1022976, 1, 0, 0
142000, 874496, 1, 0, 0
143000, 719872, 1, 0, 0
144000, 718848, 1, 0, 0
145000, 720896, 1, 0, 0
146000, 718848, 1, 0, 0
147000, 715776, 1, 0, 0
148000, 719872, 1, 0, 0
149000, 715776, 1, 0, 0
150000, 714752, 1, 0, 0
151000, 718848, 1, 0, 0
152000, 716800, 1, 0, 0
153000, 721920, 1, 0, 0
154000, 717824, 1, 0, 0
155000, 715776, 1, 0, 0
155999, 721617, 1, 0, 0
157000, 713728, 1, 0, 0
158000, 716800, 1, 0, 0
159000, 719872, 1, 0, 0
160000, 942080, 1, 0, 0
161000, 1026048, 1, 0, 0
162000, 1020928, 1, 0, 0
163000, 1030144, 1, 0, 0
164000, 1027072, 1, 0, 0
165000, 1026048, 1, 0, 0
166000, 1025024, 1, 0, 0
167000, 1029120, 1, 0, 0
168000, 1022976, 1, 0, 0
169000, 1025024, 1, 0, 0
170000, 719872, 1, 0, 0
171000, 134144, 1, 0, 0
172000, 130048, 1, 0, 0
173000, 135168, 1, 0, 0
173999, 132228, 1, 0, 0
175000, 130048, 1, 0, 0
176000, 131072, 1, 0, 0
177000, 137216, 1, 0, 0
178000, 133120, 1, 0, 0
179000, 134144, 1, 0, 0
180000, 133120, 1, 0, 0
181000, 130048, 1, 0, 0
182000, 132096, 1, 0, 0
183000, 129024, 1, 0, 0
184000, 124928, 1, 0, 0
185000, 129024, 1, 0, 0
186000, 128000, 1, 0, 0
187000, 132096, 1, 0, 0
188000, 131072, 1, 0, 0
189000, 126976, 1, 0, 0
190000, 133120, 1, 0, 0
190999, 130178, 1, 0, 0
192000, 131072, 1, 0, 0
193000, 129024, 1, 0, 0
194000, 135168, 1, 0, 0
195000, 133120, 1, 0, 0
196000, 133120, 1, 0, 0
197000, 137216, 1, 0, 0
198000, 137216, 1, 0, 0
199000, 136192, 1, 0, 0
200000, 138240, 1, 0, 0
201000, 132096, 1, 0, 0
202000, 131072, 1, 0, 0
203000, 138240, 1, 0, 0
204000, 129024, 1, 0, 0
205000, 129024, 1, 0, 0
206000, 129024, 1, 0, 0
207000, 134144, 1, 0, 0
207999, 124028, 1, 0, 0
209000, 130048, 1, 0, 0
210000, 129024, 1, 0, 0
211000, 130048, 1, 0, 0
212000, 131072, 1, 0, 0
213000, 134144, 1, 0, 0
214000, 132096, 1, 0, 0
215000, 130048, 1, 0, 0
216000, 133120, 1, 0, 0
217000, 134144, 1, 0, 0
218000, 135168, 1, 0, 0
219000, 134144, 1, 0, 0
220000, 130048, 1, 0, 0
221000, 132096, 1, 0, 0
222000, 134144, 1, 0, 0
223000, 129024, 1, 0, 0
224000, 142336, 1, 0, 0
224999, 132228, 1, 0, 0
225999, 134144, 1, 0, 0
227000, 132096, 1, 0, 0
228000, 133120, 1, 0, 0
229000, 136192, 1, 0, 0
230000, 135168, 1, 0, 0
231000, 133120, 1, 0, 0
232000, 130048, 1, 0, 0
233000, 134144, 1, 0, 0
234000, 131072, 1, 0, 0
235000, 126976, 1, 0, 0
236000, 133120, 1, 0, 0
237000, 136192, 1, 0, 0
238000, 128000, 1, 0, 0
239000, 137216, 1, 0, 0
240000, 129024, 1, 0, 0
241000, 126976, 1, 0, 0
241999, 131203, 1, 0, 0
242999, 131072, 1, 0, 0
244000, 130048, 1, 0, 0
245000, 210944, 1, 0, 0
246000, 721920, 1, 0, 0
247000, 721920, 1, 0, 0
248000, 713728, 1, 0, 0
249000, 717824, 1, 0, 0
250000, 715776, 1, 0, 0
251000, 715776, 1, 0, 0
252000, 719872, 1, 0, 0
253000, 714752, 1, 0, 0
254000, 720896, 1, 0, 0
255000, 716800, 1, 0, 0
256000, 934912, 1, 0, 0
257000, 1021952, 1, 0, 0
258000, 1015808, 1, 0, 0
259000, 1025024, 1, 0, 0
259999, 1025025, 1, 0, 0
261000, 1033216, 1, 0, 0
262000, 1031168, 1, 0, 0
263000, 1027072, 1, 0, 0
264000, 1022976, 1, 0, 0
265000, 1028096, 1, 0, 0
266000, 1022976, 1, 0, 0
267000, 1025024, 1, 0, 0
268000, 961536, 1, 0, 0
269000, 717824, 1, 0, 0
270000, 715776, 1, 0, 0
271000, 717824, 1, 0, 0
272000, 716800, 1, 0, 0
273000, 716800, 1, 0, 0
274000, 717824, 1, 0, 0
275000, 715776, 1, 0, 0
276000, 718848, 1, 0, 0
276999, 718542, 1, 0, 0
278000, 719872, 1, 0, 0
279000, 717824, 1, 0, 0
280000, 717824, 1, 0, 0
281000, 720896, 1, 0, 0
282000, 719872, 1, 0, 0
283000, 716800, 1, 0, 0
284000, 722944, 1, 0, 0
285000, 714752, 1, 0, 0
286000, 720896, 1, 0, 0
287000, 716800, 1, 0, 0
288000, 716800, 1, 0, 0
289000, 723968, 1, 0, 0
290000, 718848, 1, 0, 0
291000, 714752, 1, 0, 0
292000, 719872, 1, 0, 0
293000, 722944, 1, 0, 0
293999, 716492, 1, 0, 0
295000, 721920, 1, 0, 0
296000, 717824, 1, 0, 0
297000, 719872, 1, 0, 0
298000, 718848, 1, 0, 0
299000, 717824, 1, 0, 0
300000, 572416, 1, 0, 0
301000, 661504, 1, 0, 0
302000, 715776, 1, 0, 0
303000, 719872, 1, 0, 0
304000, 720896, 1, 0, 0
305000, 717824, 1, 0, 0
306000, 721920, 1, 0, 0
307000, 719872, 1, 0, 0
308000, 722944, 1, 0, 0
309000, 715776, 1, 0, 0
309999, 716492, 1, 0, 0
310999, 718848, 1, 0, 0
312000, 717824, 1, 0, 0
313000, 697344, 1, 0, 0
314000, 729088, 1, 0, 0
315000, 716800, 1, 0, 0
316000, 718848, 1, 0, 0
317000, 721920, 1, 0, 0
318000, 718848, 1, 0, 0
319000, 714752, 1, 0, 0
320000, 715776, 1, 0, 0
321000, 711680, 1, 0, 0
322000, 577536, 1, 0, 0
323000, 610304, 1, 0, 0
324000, 715776, 1, 0, 0
325000, 719872, 1, 0, 0
326000, 719872, 1, 0, 0
326999, 719567, 1, 0, 0
328000, 719872, 1, 0, 0
329000, 715776, 1, 0, 0
330000, 722944, 1, 0, 0
331000, 715776, 1, 0, 0
332000, 719872, 1, 0, 0
333000, 716800, 1, 0, 0
334000, 717824, 1, 0, 0
335000, 720896, 1, 0, 0
336000, 281600, 1, 0, 0
337000, 168960, 1, 0, 0
338000, 195584, 1, 0, 0
339000, 202752, 1, 0, 0
340000, 191488, 1, 0, 0
341000, 155648, 1, 0, 0
342000, 163840, 1, 0, 0
342999, 161953, 1, 0, 0
344000, 159744, 1, 0, 0
345000, 159744, 1, 0, 0
346000, 161792, 1, 0, 0
347000, 163840, 1, 0, 0
348000, 161792, 1, 0, 0
349000, 153600, 1, 0, 0
350000, 158720, 1, 0, 0
351000, 150528, 1, 0, 0
352000, 154624, 1, 0, 0
353000, 161792, 1, 0, 0
354000, 158720, 1, 0, 0
355000, 163840, 1, 0, 0
356000, 154624, 1, 0, 0
357000, 157696, 1, 0, 0
358000, 162816, 1, 0, 0
359000, 158720, 1, 0, 0
359999, 159903, 1, 0, 0
360999, 159744, 1, 0, 0
362000, 163840, 1, 0, 0
363000, 154624, 1, 0, 0
364000, 142336, 1, 0, 0
365000, 136192, 1, 0, 0
366000, 134144, 1, 0, 0
367000, 130048, 1, 0, 0
368000, 132096, 1, 0, 0
369000, 133120, 1, 0, 0
370000, 139264, 1, 0, 0
371000, 132096, 1, 0, 0
372000, 129024, 1, 0, 0
373000, 131072, 1, 0, 0
374000, 130048, 1, 0, 0
375000, 132096, 1, 0, 0
376000, 132096, 1, 0, 0
376999, 138378, 1, 0, 0
377999, 132096, 1, 0, 0
379000, 134144, 1, 0, 0
380000, 138240, 1, 0, 0
381000, 138240, 1, 0, 0
382000, 133120, 1, 0, 0
383000, 135168, 1, 0, 0
384000, 126976, 1, 0, 0
385000, 130048, 1, 0, 0
386000, 131072, 1, 0, 0
387000, 131072, 1, 0, 0
388000, 126976, 1, 0, 0
389000, 133120, 1, 0, 0
390000, 135168, 1, 0, 0
391000, 132096, 1, 0, 0
392000, 121856, 1, 0, 0
393000, 119808, 1, 0, 0
393999, 119927, 1, 0, 0
394999, 114688, 1, 0, 0
396000, 123904, 1, 0, 0
397000, 116736, 1, 0, 0
398000, 122880, 1, 0, 0
399000, 122880, 1, 0, 0
400000, 122880, 1, 0, 0
401000, 119808, 1, 0, 0
402000, 119808, 1, 0, 0
403000, 121856, 1, 0, 0
404000, 113664, 1, 0, 0
405000, 116736, 1, 0, 0
406000, 126976, 1, 0, 0
407000, 115712, 1, 0, 0
408000, 116736, 1, 0, 0
409000, 112640, 1, 0, 0
410000, 119808, 1, 0, 0
410999, 115827, 1, 0, 0
411999, 340992, 1, 0, 0
413000, 578560, 1, 0, 0
414000, 578560, 1, 0, 0
415000, 156672, 1, 0, 0
416000, 116736, 1, 0, 0
417000, 113664, 1, 0, 0
418000, 114688, 1, 0, 0
419000, 117760, 1, 0, 0
420000, 116736, 1, 0, 0
421000, 116736, 1, 0, 0
422000, 118784, 1, 0, 0
423000, 123904, 1, 0, 0
424000, 117760, 1, 0, 0
425000, 120832, 1, 0, 0
426000, 119808, 1, 0, 0
427000, 117760, 1, 0, 0
427999, 124028, 1, 0, 0
428999, 120832, 1, 0, 0
430000, 120832, 1, 0, 0
431000, 117760, 1, 0, 0
432000, 118784, 1, 0, 0
433000, 122880, 1, 0, 0
434000, 111616, 1, 0, 0
435000, 119808, 1, 0, 0
436000, 111616, 1, 0, 0
437000, 120832, 1, 0, 0
438000, 118784, 1, 0, 0
439000, 124928, 1, 0, 0
440000, 119808, 1, 0, 0
441000, 121856, 1, 0, 0
442000, 507904, 1, 0, 0
443000, 577536, 1, 0, 0
444000, 579584, 1, 0, 0
444999, 578114, 1, 0, 0
445999, 579584, 1, 0, 0
447000, 578560, 1, 0, 0
448000, 578560, 1, 0, 0
449000, 579584, 1, 0, 0
450000, 577536, 1, 0, 0
451000, 579584, 1, 0, 0
452000, 578560, 1, 0, 0
453000, 578560, 1, 0, 0
454000, 578560, 1, 0, 0
455000, 578560, 1, 0, 0
456000, 579584, 1, 0, 0
457000, 578560, 1, 0, 0
458000, 578560, 1, 0, 0
459000, 579584, 1, 0, 0
460000, 484352, 1, 0, 0
461000, 118784, 1, 0, 0
461999, 127103, 1, 0, 0
463000, 122880, 1, 0, 0
464000, 125952, 1, 0, 0
465000, 119808, 1, 0, 0
466000, 124928, 1, 0, 0
467000, 120832, 1, 0, 0
468000, 116736, 1, 0, 0
469000, 122880, 1, 0, 0
470000, 117760, 1, 0, 0
471000, 119808, 1, 0, 0
472000, 117760, 1, 0, 0
473000, 121856, 1, 0, 0
474000, 113664, 1, 0, 0
475000, 123904, 1, 0, 0
476000, 117760, 1, 0, 0
477000, 124928, 1, 0, 0
478000, 117760, 1, 0, 0
478999, 120952, 1, 0, 0
479999, 118784, 1, 0, 0
481000, 122880, 1, 0, 0
482000, 116736, 1, 0, 0
483000, 119808, 1, 0, 0
484000, 117760, 1, 0, 0
485000, 116736, 1, 0, 0
486000, 120832, 1, 0, 0
487000, 119808, 1, 0, 0
488000, 118784, 1, 0, 0
489000, 114688, 1, 0, 0
490000, 119808, 1, 0, 0
491000, 119808, 1, 0, 0
492000, 124928, 1, 0, 0
493000, 120832, 1, 0, 0
494000, 116736, 1, 0, 0
495000, 120832, 1, 0, 0
495999, 115827, 1, 0, 0
496999, 116736, 1, 0, 0
498000, 130048, 1, 0, 0
499000, 132096, 1, 0, 0
500000, 133120, 1, 0, 0
501000, 134144, 1, 0, 0
502000, 135168, 1, 0, 0
503000, 130048, 1, 0, 0
504000, 130048, 1, 0, 0
505000, 121856, 1, 0, 0
506000, 123904, 1, 0, 0
507000, 113664, 1, 0, 0
508000, 110592, 1, 0, 0
509000, 124928, 1, 0, 0
510000, 117760, 1, 0, 0
511000, 121856, 1, 0, 0
512000, 119808, 1, 0, 0
513000, 119808, 1, 0, 0
513999, 120952, 1, 0, 0
515000, 121856, 1, 0, 0
516000, 119808, 1, 0, 0
517000, 121856, 1, 0, 0
518000, 119808, 1, 0, 0
519000, 117760, 1, 0, 0
520000, 121856, 1, 0, 0
521000, 115712, 1, 0, 0
522000, 119808, 1, 0, 0
523000, 115712, 1, 0, 0
524000, 118784, 1, 0, 0
525000, 116736, 1, 0, 0
526000, 118784, 1, 0, 0
527000, 117760, 1, 0, 0
528000, 122880, 1, 0, 0
529000, 120832, 1, 0, 0
530000, 117760, 1, 0, 0
530999, 121977, 1, 0, 0
532000, 462848, 1, 0, 0
533000, 578560, 1, 0, 0
534000, 579584, 1, 0, 0
535000, 578560, 1, 0, 0
536000, 578560, 1, 0, 0
537000, 578560, 1, 0, 0
538000, 225280, 1, 0, 0
539000, 118784, 1, 0, 0
540000, 120832, 1, 0, 0
541000, 115712, 1, 0, 0
542000, 120832, 1, 0, 0
543000, 116736, 1, 0, 0
544000, 116736, 1, 0, 0
545000, 115712, 1, 0, 0
546000, 118784, 1, 0, 0
547000, 121856, 1, 0, 0
547999, 114802, 1, 0, 0
548999, 116736, 1, 0, 0
550000, 117760, 1, 0, 0
551000, 111616, 1, 0, 0
552000, 121856, 1, 0, 0
553000, 117760, 1, 0, 0
554000, 123904, 1, 0, 0
555000, 120832, 1, 0, 0
556000, 118784, 1, 0, 0
557000, 116736, 1, 0, 0
558000, 412672, 1, 0, 0
559000, 770048, 1, 0, 0
560000, 1664000, 1, 0, 0
561000, 1986560, 1, 0, 0
562000, 1977344, 1, 0, 0
563000, 1982464, 1, 0, 0
564000, 1986560, 1, 0, 0
564999, 1989573, 1, 0, 0
565999, 1989632, 1, 0, 0
567000, 1973248, 1, 0, 0
568000, 1987584, 1, 0, 0
569000, 1983488, 1, 0, 0
570000, 1965056, 1, 0, 0
571000, 1976320, 1, 0, 0
572000, 1963008, 1, 0, 0
573000, 1985536, 1, 0, 0
574000, 1980416, 1, 0, 0
575000, 1970176, 1, 0, 0
576000, 1984512, 1, 0, 0
577000, 1519616, 1, 0, 0
578000, 1059840, 1, 0, 0
579000, 1149952, 1, 0, 0
580000, 1065984, 1, 0, 0
581000, 1053696, 1, 0, 0
582000, 1055744, 1, 0, 0
583000, 1059840, 1, 0, 0
583999, 1427859, 1, 0, 0
585000, 1982464, 1, 0, 0
586000, 1020928, 1, 0, 0
587000, 772096, 1, 0, 0
588000, 771072, 1, 0, 0
589000, 771072, 1, 0, 0
590000, 1662976, 1, 0, 0
591000, 1976320, 1, 0, 0
592000, 1976320, 1, 0, 0
593000, 1974272, 1, 0, 0
594000, 1971200, 1, 0, 0
595000, 1965056, 1, 0, 0
596000, 1978368, 1, 0, 0
597000, 1974272, 1, 0, 0
598000, 1964032, 1, 0, 0
599000, 1969152, 1, 0, 0
600000, 1968128, 1, 0, 0
601000, 1976320, 1, 0, 0
601999, 1964972, 1, 0, 0
602999, 1983488, 1, 0, 0
604000, 1972224, 1, 0, 0
605000, 1978368, 1, 0, 0
606000, 1978368, 1, 0, 0
607000, 1976320, 1, 0, 0
608000, 1975296, 1, 0, 0
609000, 1978368, 1, 0, 0
610000, 1977344, 1, 0, 0
611000, 1991680, 1, 0, 0
612000, 1969152, 1, 0, 0
613000, 1979392, 1, 0, 0
614000, 1970176, 1, 0, 0
615000, 1986560, 1, 0, 0
616000, 1983488, 1, 0, 0
617000, 1973248, 1, 0, 0
618000, 1977344, 1, 0, 0
619000, 1993728, 1, 0, 0
620000, 1983488, 1, 0, 0
620999, 1977273, 1, 0, 0
622000, 1987584, 1, 0, 0
623000, 1978368, 1, 0, 0
624000, 1975296, 1, 0, 0
625000, 1988608, 1, 0, 0
626000, 1974272, 1, 0, 0
627000, 1984512, 1, 0, 0
628000, 1964032, 1, 0, 0
629000, 1980416, 1, 0, 0
630000, 1979392, 1, 0, 0
631000, 1977344, 1, 0, 0
632000, 1968128, 1, 0, 0
633000, 1992704, 1, 0, 0
634000, 1980416, 1, 0, 0
635000, 1991680, 1, 0, 0
636000, 1977344, 1, 0, 0
637000, 1970176, 1, 0, 0
638000, 1323008, 1, 0, 0
639000, 1063936, 1, 0, 0
639999, 1059875, 1, 0, 0
641000, 1064960, 1, 0, 0
642000, 1059840, 1, 0, 0
643000, 1050624, 1, 0, 0
644000, 1745920, 1, 0, 0
645000, 1980416, 1, 0, 0
646000, 1980416, 1, 0, 0
647000, 1971200, 1, 0, 0
648000, 1967104, 1, 0, 0
649000, 1963008, 1, 0, 0
650000, 1987584, 1, 0, 0
651000, 1987584, 1, 0, 0
652000, 1985536, 1, 0, 0
653000, 1971200, 1, 0, 0
654000, 1993728, 1, 0, 0
655000, 1986560, 1, 0, 0
656000, 1989632, 1, 0, 0
657000, 1969152, 1, 0, 0
658000, 1963008, 1, 0, 0
658999, 1980348, 1, 0, 0
660000, 1993728, 1, 0, 0
661000, 1986560, 1, 0, 0
662000, 1985536, 1, 0, 0
663000, 1999872, 1, 0, 0
664000, 1991680, 1, 0, 0
665000, 1158144, 1, 0, 0
666000, 1031168, 1, 0, 0
667000, 1060864, 1, 0, 0
668000, 1047552, 1, 0, 0
669000, 1052672, 1, 0, 0
670000, 1064960, 1, 0, 0
671000, 1062912, 1, 0, 0
672000, 1054720, 1, 0, 0
673000, 1051648, 1, 0, 0
674000, 1052672, 1, 0, 0
675000, 1067008, 1, 0, 0
676000, 1060864, 1, 0, 0
677000, 1060864, 1, 0, 0
677999, 1060900, 1, 0, 0
679000, 1053696, 1, 0, 0
680000, 1058816, 1, 0, 0
681000, 1063936, 1, 0, 0
682000, 1056768, 1, 0, 0
683000, 1057792, 1, 0, 0
684000, 1061888, 1, 0, 0
685000, 1061888, 1, 0, 0
686000, 1061888, 1, 0, 0
687000, 1052672, 1, 0, 0
688000, 1060864, 1, 0, 0
689000, 1068032, 1, 0, 0
690000, 1055744, 1, 0, 0
691000, 1057792, 1, 0, 0
692000, 1059840, 1, 0, 0
693000, 1054720, 1, 0, 0
694000, 1051648, 1, 0, 0
695000, 1053696, 1, 0, 0
695999, 1057825, 1, 0, 0
696999, 1059840, 1, 0, 0
698000, 1060864, 1, 0, 0
699000, 1056768, 1, 0, 0
700000, 1058816, 1, 0, 0
701000, 1054720, 1, 0, 0
702000, 1052672, 1, 0, 0
703000, 1059840, 1, 0, 0
704000, 1058816, 1, 0, 0
705000, 1052672, 1, 0, 0
706000, 1388544, 1, 0, 0
707000, 1981440, 1, 0, 0
708000, 1966080, 1, 0, 0
709000, 1974272, 1, 0, 0
710000, 1979392, 1, 0, 0
711000, 1984512, 1, 0, 0
711999, 1975223, 1, 0, 0
713000, 1968128, 1, 0, 0
714000, 1971200, 1, 0, 0
715000, 1976320, 1, 0, 0
716000, 1976320, 1, 0, 0
717000, 1978368, 1, 0, 0
