1000, 856064, 1, 0, 0
2001, 158720, 1, 0, 0
3000, 433585, 1, 0, 0
4000, 1264640, 1, 0, 0
5000, 1953792, 1, 0, 0
6000, 1957888, 1, 0, 0
7000, 1975296, 1, 0, 0
8000, 1974272, 1, 0, 0
9000, 1959936, 1, 0, 0
10000, 1963008, 1, 0, 0
11000, 1956864, 1, 0, 0
12000, 1975296, 1, 0, 0
13000, 1949696, 1, 0, 0
14000, 1948672, 1, 0, 0
15000, 1970176, 1, 0, 0
16000, 1960960, 1, 0, 0
17000, 1967104, 1, 0, 0
18000, 1870848, 1, 0, 0
19001, 1029120, 1, 0, 0
20000, 1021949, 1, 0, 0
21000, 1026048, 1, 0, 0
22000, 1031168, 1, 0, 0
23000, 1015808, 1, 0, 0
24000, 946176, 1, 0, 0
25000, 1024000, 1, 0, 0
26000, 1025024, 1, 0, 0
27000, 1025024, 1, 0, 0
28000, 1026048, 1, 0, 0
29000, 1021952, 1, 0, 0
30000, 1025024, 1, 0, 0
31000, 1032192, 1, 0, 0
32000, 1024000, 1, 0, 0
33000, 1029120, 1, 0, 0
34000, 1029120, 1, 0, 0
35001, 1021952, 1, 0, 0
36000, 1021949, 1, 0, 0
37000, 1021952, 1, 0, 0
38000, 1018880, 1, 0, 0
39000, 1025024, 1, 0, 0
40000, 1025024, 1, 0, 0
41000, 1032192, 1, 0, 0
42000, 1021952, 1, 0, 0
43000, 1030144, 1, 0, 0
44000, 1029120, 1, 0, 0
45000, 1019904, 1, 0, 0
46000, 865280, 1, 0, 0
47000, 586752, 1, 0, 0
48000, 720896, 1, 0, 0
49000, 718848, 1, 0, 0
50000, 714752, 1, 0, 0
51001, 723968, 1, 0, 0
52000, 944048, 1, 0, 0
53000, 1022976, 1, 0, 0
54000, 1029120, 1, 0, 0
55000, 1025024, 1, 0, 0
56000, 1030144, 1, 0, 0
57000, 1027072, 1, 0, 0
58000, 1024000, 1, 0, 0
59000, 1029120, 1, 0, 0
60000, 1014784, 1, 0, 0
61000, 1025024, 1, 0, 0
62000, 1022976, 1, 0, 0
63000, 1024000, 1, 0, 0
64000, 1037312, 1, 0, 0
65000, 1016832, 1, 0, 0
66000, 1032192, 1, 0, 0
67001, 890880, 1, 0, 0
68000, 1965997, 1, 0, 0
69000, 1968128, 1, 0, 0
70000, 1954816, 1, 0, 0
71000, 1957888, 1, 0, 0
72000, 1967104, 1, 0, 0
73000, 1954816, 1, 0, 0
74000, 1950720, 1, 0, 0
75000, 1955840, 1, 0, 0
76000, 1965056, 1, 0, 0
77000, 1977344, 1, 0, 0
78000, 1961984, 1, 0, 0
79000, 1969152, 1, 0, 0
80000, 1955840, 1, 0, 0
81000, 1958912, 1, 0, 0
82000, 1948672, 1, 0, 0
83001, 1967104, 1, 0, 0
84000, 1951647, 1, 0, 0
85000, 1952768, 1, 0, 0
86000, 1949696, 1, 0, 0
87000, 1954816, 1, 0, 0
88000, 1956864, 1, 0, 0
89000, 1957888, 1, 0, 0
90000, 1957888, 1, 0, 0
91000, 1961984, 1, 0, 0
92000, 1955840, 1, 0, 0
93000, 1953792, 1, 0, 0
94000, 1573888, 1, 0, 0
95000, 1229824, 1, 0, 0
96000, 572416, 1, 0, 0
97000, 578560, 1, 0, 0
98000, 579584, 1, 0, 0
99001, 577536, 1, 0, 0
100000, 579139, 1, 0, 0
101000, 578560, 1, 0, 0
102000, 579584, 1, 0, 0
103000, 239616, 1, 0, 0
104000, 141312, 1, 0, 0
105000, 132096, 1, 0, 0
106000, 132096, 1, 0, 0
107000, 137216, 1, 0, 0
108000, 133120, 1, 0, 0
109000, 125952, 1, 0, 0
110000, 151552, 1, 0, 0
111000, 653312, 1, 0, 0
112000, 147456, 1, 0, 0
113000, 118784, 1, 0, 0
114000, 119808, 1, 0, 0
115001, 119808, 1, 0, 0
116000, 120952, 1, 0, 0
117000, 116736, 1, 0, 0
118000, 120832, 1, 0, 0
119000, 117760, 1, 0, 0
120000, 123904, 1, 0, 0
121000, 120832, 1, 0, 0
122000, 121856, 1, 0, 0
123000, 120832, 1, 0, 0
124000, 119808, 1, 0, 0
125000, 117760, 1, 0, 0
126000, 117760, 1, 0, 0
127000, 116736, 1, 0, 0
128000, 115712, 1, 0, 0
129000, 118784, 1, 0, 0
130000, 117760, 1, 0, 0
131001, 118784, 1, 0, 0
132000, 114802, 1, 0, 0
133000, 119808, 1, 0, 0
134000, 118784, 1, 0, 0
135000, 121856, 1, 0, 0
136000, 115712, 1, 0, 0
137000, 579584, 1, 0, 0
138000, 579584, 1, 0, 0
139000, 578560, 1, 0, 0
140000, 578560, 1, 0, 0
141000, 579584, 1, 0, 0
142000, 578560, 1, 0, 0
143000, 578560, 1, 0, 0
144000, 578560, 1, 0, 0
145000, 578560, 1, 0, 0
146000, 578560, 1, 0, 0
147001, 578560, 1, 0, 0
148000, 579139, 1, 0, 0
149000, 578560, 1, 0, 0
150000, 578560, 1, 0, 0
151000, 578560, 1, 0, 0
152000, 579584, 1, 0, 0
153000, 578560, 1, 0, 0
154000, 578560, 1, 0, 0
155000, 578560, 1, 0, 0
156000, 578560, 1, 0, 0
157000, 579584, 1, 0, 0
158000, 578560, 1, 0, 0
159000, 578560, 1, 0, 0
160000, 579584, 1, 0, 0
161000, 578560, 1, 0, 0
162000, 578560, 1, 0, 0
163001, 578560, 1, 0, 0
164000, 579139, 1, 0, 0
165000, 577536, 1, 0, 0
166000, 579584, 1, 0, 0
167000, 579584, 1, 0, 0
168000, 577536, 1, 0, 0
169000, 844800, 1, 0, 0
170000, 116736, 1, 0, 0
171000, 120832, 1, 0, 0
172000, 117760, 1, 0, 0
173000, 119808, 1, 0, 0
174000, 114688, 1, 0, 0
175000, 119808, 1, 0, 0
176000, 114688, 1, 0, 0
177000, 118784, 1, 0, 0
178000, 118784, 1, 0, 0
179000, 117760, 1, 0, 0
180001, 117760, 1, 0, 0
181000, 120952, 1, 0, 0
182000, 119808, 1, 0, 0
183000, 114688, 1, 0, 0
184000, 116736, 1, 0, 0
185000, 117760, 1, 0, 0
186000, 119808, 1, 0, 0
187000, 128000, 1, 0, 0
188000, 119808, 1, 0, 0
189000, 119808, 1, 0, 0
190000, 119808, 1, 0, 0
191000, 120832, 1, 0, 0
192000, 120832, 1, 0, 0
193000, 115712, 1, 0, 0
194000, 123904, 1, 0, 0
195000, 115712, 1, 0, 0
196001, 122880, 1, 0, 0
197000, 116852, 1, 0, 0
198000, 117760, 1, 0, 0
199000, 119808, 1, 0, 0
200000, 117760, 1, 0, 0
201000, 118784, 1, 0, 0
202000, 121856, 1, 0, 0
203000, 117760, 1, 0, 0
204000, 120832, 1, 0, 0
205000, 119808, 1, 0, 0
206000, 119808, 1, 0, 0
207000, 119808, 1, 0, 0
208000, 118784, 1, 0, 0
209000, 123904, 1, 0, 0
210000, 120832, 1, 0, 0
211000, 115712, 1, 0, 0
212000, 124928, 1, 0, 0
213001, 136192, 1, 0, 0
214000, 590414, 1, 0, 0
215000, 577536, 1, 0, 0
216000, 579584, 1, 0, 0
217000, 563200, 1, 0, 0
218000, 578560, 1, 0, 0
219000, 579584, 1, 0, 0
220000, 577536, 1, 0, 0
221000, 579584, 1, 0, 0
222000, 579584, 1, 0, 0
223000, 577536, 1, 0, 0
224000, 579584, 1, 0, 0
225000, 577536, 1, 0, 0
226000, 579584, 1, 0, 0
227000, 578560, 1, 0, 0
228000, 578560, 1, 0, 0
229001, 178176, 1, 0, 0
230000, 357733, 1, 0, 0
231000, 579584, 1, 0, 0
232000, 577536, 1, 0, 0
233000, 579584, 1, 0, 0
234000, 579584, 1, 0, 0
235000, 577536, 1, 0, 0
236000, 579584, 1, 0, 0
237000, 577536, 1, 0, 0
238000, 579584, 1, 0, 0
239000, 578560, 1, 0, 0
240000, 377856, 1, 0, 0
241000, 122880, 1, 0, 0
242000, 302080, 1, 0, 0
243000, 577536, 1, 0, 0
244000, 579584, 1, 0, 0
245001, 579584, 1, 0, 0
246001, 577536, 1, 0, 0
247000, 579139, 1, 0, 0
248000, 578560, 1, 0, 0
249000, 579584, 1, 0, 0
250000, 577536, 1, 0, 0
251000, 579584, 1, 0, 0
252000, 577536, 1, 0, 0
253000, 579584, 1, 0, 0
254000, 578560, 1, 0, 0
255000, 578560, 1, 0, 0
256000, 579584, 1, 0, 0
257000, 577536, 1, 0, 0
258000, 579584, 1, 0, 0
259000, 577536, 1, 0, 0
260000, 579584, 1, 0, 0
261000, 579584, 1, 0, 0
262000, 577536, 1, 0, 0
263001, 579584, 1, 0, 0
264000, 578114, 1, 0, 0
265000, 686080, 1, 0, 0
266000, 578560, 1, 0, 0
267000, 578560, 1, 0, 0
268000, 578560, 1, 0, 0
269000, 579584, 1, 0, 0
270000, 578560, 1, 0, 0
271000, 578560, 1, 0, 0
272000, 578560, 1, 0, 0
273000, 578560, 1, 0, 0
274000, 579584, 1, 0, 0
275000, 578560, 1, 0, 0
276000, 578560, 1, 0, 0
277000, 578560, 1, 0, 0
278000, 578560, 1, 0, 0
279001, 578560, 1, 0, 0
280000, 579139, 1, 0, 0
281000, 578560, 1, 0, 0
282000, 578560, 1, 0, 0
283000, 578560, 1, 0, 0
284000, 578560, 1, 0, 0
285000, 579584, 1, 0, 0
286000, 578560, 1, 0, 0
287000, 202752, 1, 0, 0
288000, 122880, 1, 0, 0
289000, 119808, 1, 0, 0
290000, 117760, 1, 0, 0
291000, 121856, 1, 0, 0
292000, 119808, 1, 0, 0
293000, 119808, 1, 0, 0
294000, 112640, 1, 0, 0
295000, 122880, 1, 0, 0
296001, 120832, 1, 0, 0
297000, 118902, 1, 0, 0
298000, 121856, 1, 0, 0
299000, 121856, 1, 0, 0
300000, 120832, 1, 0, 0
301000, 116736, 1, 0, 0
302000, 113664, 1, 0, 0
303000, 113664, 1, 0, 0
304000, 121856, 1, 0, 0
305000, 532480, 1, 0, 0
306000, 577536, 1, 0, 0
307000, 579584, 1, 0, 0
308000, 578560, 1, 0, 0
309000, 578560, 1, 0, 0
310000, 579584, 1, 0, 0
311000, 577536, 1, 0, 0
312000, 579584, 1, 0, 0
313001, 577536, 1, 0, 0
314000, 580164, 1, 0, 0
315000, 578560, 1, 0, 0
316000, 424960, 1, 0, 0
317000, 551936, 1, 0, 0
318000, 577536, 1, 0, 0
319000, 579584, 1, 0, 0
320000, 577536, 1, 0, 0
321000, 579584, 1, 0, 0
322000, 579584, 1, 0, 0
323000, 577536, 1, 0, 0
324000, 579584, 1, 0, 0
325000, 577536, 1, 0, 0
326000, 579584, 1, 0, 0
327000, 579584, 1, 0, 0
328000, 577536, 1, 0, 0
329000, 579584, 1, 0, 0
330001, 577536, 1, 0, 0
331000, 580164, 1, 0, 0
332000, 577536, 1, 0, 0
333000, 579584, 1, 0, 0
334000, 578560, 1, 0, 0
335000, 578560, 1, 0, 0
336000, 579584, 1, 0, 0
337000, 577536, 1, 0, 0
338000, 579584, 1, 0, 0
339000, 578560, 1, 0, 0
340000, 578560, 1, 0, 0
341000, 578560, 1, 0, 0
342000, 578560, 1, 0, 0
343000, 579584, 1, 0, 0
344000, 577536, 1, 0, 0
345000, 579584, 1, 0, 0
346000, 578560, 1, 0, 0
347001, 578560, 1, 0, 0
348000, 578114, 1, 0, 0
349000, 579584, 1, 0, 0
350000, 578560, 1, 0, 0
351000, 578560, 1, 0, 0
352000, 579584, 1, 0, 0
353000, 577536, 1, 0, 0
354000, 579584, 1, 0, 0
355000, 578560, 1, 0, 0
356000, 578560, 1, 0, 0
357000, 578560, 1, 0, 0
358000, 578560, 1, 0, 0
359000, 579584, 1, 0, 0
360000, 577536, 1, 0, 0
361000, 579584, 1, 0, 0
362000, 578560, 1, 0, 0
363000, 578560, 1, 0, 0
364001, 579584, 1, 0, 0
365000, 578114, 1, 0, 0
366000, 578560, 1, 0, 0
367000, 578560, 1, 0, 0
368000, 579584, 1, 0, 0
369000, 577536, 1, 0, 0
370000, 579584, 1, 0, 0
371000, 578560, 1, 0, 0
372000, 578560, 1, 0, 0
373000, 579584, 1, 0, 0
374000, 577536, 1, 0, 0
375000, 579584, 1, 0, 0
376000, 577536, 1, 0, 0
377000, 579584, 1, 0, 0
378000, 549888, 1, 0, 0
379000, 578560, 1, 0, 0
380000, 578560, 1, 0, 0
381001, 1484800, 1, 0, 0
382001, 1969152, 1, 0, 0
383000, 1969073, 1, 0, 0
384000, 1961984, 1, 0, 0
385000, 1963008, 1, 0, 0
386000, 1975296, 1, 0, 0
387000, 1948672, 1, 0, 0
388000, 1966080, 1, 0, 0
389000, 1956864, 1, 0, 0
390000, 1961984, 1, 0, 0
391000, 1958912, 1, 0, 0
392000, 1954816, 1, 0, 0
393000, 1965056, 1, 0, 0
394000, 1961984, 1, 0, 0
395000, 1968128, 1, 0, 0
396000, 1959936, 1, 0, 0
397000, 1948672, 1, 0, 0
398001, 1956864, 1, 0, 0
399000, 579139, 1, 0, 0
400000, 578560, 1, 0, 0
401000, 578560, 1, 0, 0
402000, 578560, 1, 0, 0
403000, 579584, 1, 0, 0
404000, 578560, 1, 0, 0
405000, 578560, 1, 0, 0
406000, 578560, 1, 0, 0
407000, 578560, 1, 0, 0
408000, 579584, 1, 0, 0
409000, 578560, 1, 0, 0
410000, 578560, 1, 0, 0
411000, 578560, 1, 0, 0
412000, 578560, 1, 0, 0
413000, 578560, 1, 0, 0
414000, 578560, 1, 0, 0
415001, 579584, 1, 0, 0
416000, 578114, 1, 0, 0
417000, 578560, 1, 0, 0
418000, 579584, 1, 0, 0
419000, 578560, 1, 0, 0
420000, 578560, 1, 0, 0
421000, 578560, 1, 0, 0
422000, 578560, 1, 0, 0
423000, 578560, 1, 0, 0
424000, 599040, 1, 0, 0
425000, 579584, 1, 0, 0
426000, 577536, 1, 0, 0
427000, 579584, 1, 0, 0
428000, 578560, 1, 0, 0
429000, 578560, 1, 0, 0
430000, 579584, 1, 0, 0
431000, 578560, 1, 0, 0
432001, 578560, 1, 0, 0
433000, 578114, 1, 0, 0
434000, 579584, 1, 0, 0
435000, 310272, 1, 0, 0
436000, 119808, 1, 0, 0
437000, 123904, 1, 0, 0
438000, 115712, 1, 0, 0
439000, 123904, 1, 0, 0
440000, 123904, 1, 0, 0
441000, 119808, 1, 0, 0
442000, 119808, 1, 0, 0
443000, 125952, 1, 0, 0
444000, 117760, 1, 0, 0
445000, 120832, 1, 0, 0
446000, 113664, 1, 0, 0
447000, 120832, 1, 0, 0
448000, 116736, 1, 0, 0
449001, 116736, 1, 0, 0
450000, 119927, 1, 0, 0
451000, 116736, 1, 0, 0
452000, 117760, 1, 0, 0
453000, 122880, 1, 0, 0
454000, 114688, 1, 0, 0
455000, 436224, 1, 0, 0
456000, 578560, 1, 0, 0
457000, 578560, 1, 0, 0
458000, 579584, 1, 0, 0
459000, 1115136, 1, 0, 0
460000, 1954816, 1, 0, 0
461000, 499712, 1, 0, 0
462000, 113664, 1, 0, 0
463000, 116736, 1, 0, 0
464000, 115712, 1, 0, 0
465000, 116736, 1, 0, 0
466001, 116736, 1, 0, 0
467000, 119927, 1, 0, 0
468000, 119808, 1, 0, 0
469000, 115712, 1, 0, 0
470000, 373760, 1, 0, 0
471000, 577536, 1, 0, 0
472000, 579584, 1, 0, 0
473000, 579584, 1, 0, 0
474000, 577536, 1, 0, 0
475000, 579584, 1, 0, 0
476000, 577536, 1, 0, 0
477000, 579584, 1, 0, 0
478000, 578560, 1, 0, 0
479000, 578560, 1, 0, 0
480000, 953344, 1, 0, 0
481000, 1950720, 1, 0, 0
482000, 1969152, 1, 0, 0
483001, 1951744, 1, 0, 0
484000, 1961897, 1, 0, 0
485000, 1972224, 1, 0, 0
486000, 1967104, 1, 0, 0
487000, 1958912, 1, 0, 0
488000, 1973248, 1, 0, 0
489000, 1957888, 1, 0, 0
490000, 1957888, 1, 0, 0
491000, 1969152, 1, 0, 0
492000, 1954816, 1, 0, 0
493000, 1953792, 1, 0, 0
494000, 1952768, 1, 0, 0
495000, 1944576, 1, 0, 0
496000, 1571840, 1, 0, 0
497000, 577536, 1, 0, 0
498000, 579584, 1, 0, 0
499000, 579584, 1, 0, 0
500001, 577536, 1, 0, 0
501000, 579139, 1, 0, 0
502000, 578560, 1, 0, 0
503000, 579584, 1, 0, 0
504000, 377856, 1, 0, 0
505000, 578560, 1, 0, 0
506000, 578560, 1, 0, 0
507000, 578560, 1, 0, 0
508000, 578560, 1, 0, 0
509000, 578560, 1, 0, 0
510000, 579584, 1, 0, 0
511000, 577536, 1, 0, 0
512000, 579584, 1, 0, 0
513000, 578560, 1, 0, 0
514000, 578560, 1, 0, 0
515000, 578560, 1, 0, 0
516000, 578560, 1, 0, 0
517001, 579584, 1, 0, 0
518000, 578114, 1, 0, 0
519000, 578560, 1, 0, 0
520000, 579584, 1, 0, 0
521000, 578560, 1, 0, 0
522000, 578560, 1, 0, 0
523000, 579584, 1, 0, 0
524000, 578560, 1, 0, 0
525000, 578560, 1, 0, 0
526000, 578560, 1, 0, 0
527000, 578560, 1, 0, 0
528000, 578560, 1, 0, 0
529000, 1014784, 1, 0, 0
530000, 1025024, 1, 0, 0
531000, 1031168, 1, 0, 0
532000, 1026048, 1, 0, 0
533000, 1032192, 1, 0, 0
534001, 1028096, 1, 0, 0
535000, 1029125, 1, 0, 0
536000, 1032192, 1, 0, 0
537000, 1029120, 1, 0, 0
538000, 1022976, 1, 0, 0
539000, 1032192, 1, 0, 0
540000, 1025024, 1, 0, 0
541000, 1380352, 1, 0, 0
542000, 1950720, 1, 0, 0
543000, 1967104, 1, 0, 0
544000, 1657856, 1, 0, 0
545000, 573440, 1, 0, 0
546000, 578560, 1, 0, 0
547000, 579584, 1, 0, 0
548000, 577536, 1, 0, 0
549000, 579584, 1, 0, 0
550000, 578560, 1, 0, 0
551001, 578560, 1, 0, 0
552000, 579139, 1, 0, 0
553000, 578560, 1, 0, 0
554000, 579584, 1, 0, 0
555000, 577536, 1, 0, 0
556000, 579584, 1, 0, 0
557000, 578560, 1, 0, 0
558000, 578560, 1, 0, 0
559000, 579584, 1, 0, 0
560000, 577536, 1, 0, 0
561000, 579584, 1, 0, 0
562000, 577536, 1, 0, 0
563000, 579584, 1, 0, 0
564000, 578560, 1, 0, 0
565000, 578560, 1, 0, 0
566000, 578560, 1, 0, 0
567000, 579584, 1, 0, 0
568001, 578560, 1, 0, 0
569000, 579139, 1, 0, 0
570000, 578560, 1, 0, 0
571000, 578560, 1, 0, 0
572000, 578560, 1, 0, 0
573000, 578560, 1, 0, 0
574000, 578560, 1, 0, 0
575000, 578560, 1, 0, 0
576000, 579584, 1, 0, 0
577000, 578560, 1, 0, 0
578000, 578560, 1, 0, 0
579000, 578560, 1, 0, 0
580000, 578560, 1, 0, 0
581000, 578560, 1, 0, 0
582000, 579584, 1, 0, 0
583000, 578560, 1, 0, 0
584000, 578560, 1, 0, 0
585001, 578560, 1, 0, 0
586000, 579139, 1, 0, 0
587000, 578560, 1, 0, 0
588000, 578560, 1, 0, 0
589000, 578560, 1, 0, 0
590000, 579584, 1, 0, 0
591000, 578560, 1, 0, 0
592000, 578560, 1, 0, 0
593000, 388096, 1, 0, 0
594000, 411648, 1, 0, 0
595000, 579584, 1, 0, 0
596000, 578560, 1, 0, 0
597000, 578560, 1, 0, 0
598000, 578560, 1, 0, 0
599000, 578560, 1, 0, 0
600000, 579584, 1, 0, 0
601000, 577536, 1, 0, 0
602001, 579584, 1, 0, 0
603000, 578114, 1, 0, 0
604000, 498688, 1, 0, 0
605000, 109568, 1, 0, 0
606000, 117760, 1, 0, 0
607000, 122880, 1, 0, 0
608000, 120832, 1, 0, 0
609000, 122880, 1, 0, 0
610000, 116736, 1, 0, 0
611000, 123904, 1, 0, 0
612000, 118784, 1, 0, 0
613000, 119808, 1, 0, 0
614000, 122880, 1, 0, 0
615000, 123904, 1, 0, 0
616000, 121856, 1, 0, 0
617000, 119808, 1, 0, 0
618000, 121856, 1, 0, 0
619001, 121856, 1, 0, 0
620000, 124028, 1, 0, 0
621000, 126976, 1, 0, 0
622000, 122880, 1, 0, 0
623000, 122880, 1, 0, 0
624000, 117760, 1, 0, 0
625000, 119808, 1, 0, 0
626000, 128000, 1, 0, 0
627000, 115712, 1, 0, 0
628000, 122880, 1, 0, 0
629000, 120832, 1, 0, 0
630000, 118784, 1, 0, 0
631000, 528384, 1, 0, 0
632000, 578560, 1, 0, 0
633000, 578560, 1, 0, 0
634000, 579584, 1, 0, 0
635000, 577536, 1, 0, 0
636001, 579584, 1, 0, 0
637001, 578560, 1, 0, 0
638000, 579139, 1, 0, 0
639000, 578560, 1, 0, 0
640000, 578560, 1, 0, 0
641000, 578560, 1, 0, 0
642000, 578560, 1, 0, 0
643000, 1405952, 1, 0, 0
644000, 1966080, 1, 0, 0
645000, 1952768, 1, 0, 0
646000, 1950720, 1, 0, 0
647000, 1945600, 1, 0, 0
648000, 1935360, 1, 0, 0
649000, 1965056, 1, 0, 0
650000, 1951744, 1, 0, 0
651000, 1950720, 1, 0, 0
652000, 1961984, 1, 0, 0
653000, 1948672, 1, 0, 0
654001, 1703936, 1, 0, 0
655000, 580164, 1, 0, 0
656000, 577536, 1, 0, 0
657000, 579584, 1, 0, 0
658000, 577536, 1, 0, 0
659000, 579584, 1, 0, 0
660000, 579584, 1, 0, 0
661000, 577536, 1, 0, 0
662000, 559104, 1, 0, 0
