1000, 1033216, 1, 0, 0
2000, 305152, 1, 0, 0
3000, 219136, 1, 0, 0
4000, 245760, 1, 0, 0
5000, 394240, 1, 0, 0
6000, 275456, 1, 0, 0
7000, 458752, 1, 0, 0
8000, 377856, 1, 0, 0
9000, 369664, 1, 0, 0
10000, 822070, 1, 0, 0
11000, 289792, 1, 0, 0
12000, 369664, 1, 0, 0
13000, 623616, 1, 0, 0
14000, 678912, 1, 0, 0
15000, 544768, 1, 0, 0
16000, 138240, 1, 0, 0
17000, 141312, 1, 0, 0
18000, 121856, 1, 0, 0
19000, 129024, 1, 0, 0
20000, 454656, 1, 0, 0
21000, 789504, 1, 0, 0
22000, 315392, 1, 0, 0
23000, 140288, 1, 0, 0
24000, 153600, 1, 0, 0
25000, 323584, 1, 0, 0
26000, 440760, 1, 0, 0
27000, 476160, 1, 0, 0
28000, 415744, 1, 0, 0
29000, 490496, 1, 0, 0
30000, 385024, 1, 0, 0
31000, 546816, 1, 0, 0
32000, 642048, 1, 0, 0
33000, 648192, 1, 0, 0
34000, 650240, 1, 0, 0
35000, 549888, 1, 0, 0
36000, 441344, 1, 0, 0
37000, 482786, 1, 0, 0
38000, 502784, 1, 0, 0
39000, 620544, 1, 0, 0
40000, 598016, 1, 0, 0
41000, 626688, 1, 0, 0
42000, 628736, 1, 0, 0
43000, 643072, 1, 0, 0
44000, 622592, 1, 0, 0
45000, 509952, 1, 0, 0
46000, 458752, 1, 0, 0
47000, 502784, 1, 0, 0
48000, 459776, 1, 0, 0
49000, 472064, 1, 0, 0
50000, 507904, 1, 0, 0
51000, 361472, 1, 0, 0
52000, 495616, 1, 0, 0
53000, 449536, 1, 0, 0
54000, 528384, 1, 0, 0
55000, 746218, 1, 0, 0
56000, 704512, 1, 0, 0
57000, 997376, 1, 0, 0
58000, 1233920, 1, 0, 0
59000, 1184768, 1, 0, 0
60000, 1032192, 1, 0, 0
61000, 1331200, 1, 0, 0
62000, 798720, 1, 0, 0
63000, 926720, 1, 0, 0
64000, 783360, 1, 0, 0
65000, 720896, 1, 0, 0
66000, 589824, 1, 0, 0
67000, 476160, 1, 0, 0
68000, 575488, 1, 0, 0
69000, 557056, 1, 0, 0
70000, 429056, 1, 0, 0
71000, 325632, 1, 0, 0
72001, 319488, 1, 0, 0
73000, 428460, 1, 0, 0
74000, 430080, 1, 0, 0
75000, 897024, 1, 0, 0
76000, 824320, 1, 0, 0
77000, 1266688, 1, 0, 0
78000, 886784, 1, 0, 0
79000, 1019904, 1, 0, 0
80000, 161792, 1, 0, 0
81000, 144384, 1, 0, 0
82000, 154624, 1, 0, 0
83000, 139264, 1, 0, 0
84000, 158720, 1, 0, 0
85000, 146432, 1, 0, 0
86000, 135168, 1, 0, 0
87000, 138240, 1, 0, 0
88000, 141312, 1, 0, 0
89000, 145408, 1, 0, 0
90001, 156672, 1, 0, 0
91000, 146578, 1, 0, 0
92000, 143360, 1, 0, 0
93000, 144384, 1, 0, 0
94000, 143360, 1, 0, 0
95000, 156672, 1, 0, 0
96000, 131072, 1, 0, 0
97000, 137216, 1, 0, 0
98000, 144384, 1, 0, 0
99000, 149504, 1, 0, 0
100000, 145408, 1, 0, 0
101000, 147456, 1, 0, 0
102000, 184320, 1, 0, 0
103000, 191488, 1, 0, 0
104000, 184320, 1, 0, 0
105000, 200704, 1, 0, 0
106000, 181248, 1, 0, 0
107000, 190464, 1, 0, 0
108000, 184504, 1, 0, 0
109000, 187392, 1, 0, 0
110000, 468992, 1, 0, 0
111000, 504832, 1, 0, 0
112000, 527360, 1, 0, 0
113000, 587776, 1, 0, 0
114000, 678912, 1, 0, 0
115000, 619520, 1, 0, 0
116000, 651264, 1, 0, 0
117000, 646144, 1, 0, 0
118000, 652288, 1, 0, 0
119000, 657408, 1, 0, 0
120000, 655360, 1, 0, 0
121000, 612352, 1, 0, 0
122000, 643072, 1, 0, 0
123000, 661504, 1, 0, 0
124000, 675840, 1, 0, 0
125000, 615424, 1, 0, 0
126000, 645765, 1, 0, 0
127000, 649216, 1, 0, 0
128000, 653312, 1, 0, 0
129000, 649216, 1, 0, 0
130000, 719872, 1, 0, 0
131000, 836608, 1, 0, 0
132000, 869376, 1, 0, 0
133000, 828416, 1, 0, 0
134000, 800768, 1, 0, 0
135000, 640000, 1, 0, 0
136000, 520192, 1, 0, 0
137000, 481280, 1, 0, 0
138000, 431104, 1, 0, 0
139000, 536576, 1, 0, 0
140000, 433152, 1, 0, 0
141000, 444416, 1, 0, 0
142000, 550912, 1, 0, 0
143000, 521216, 1, 0, 0
144000, 464336, 1, 0, 0
145000, 530432, 1, 0, 0
146000, 455680, 1, 0, 0
147000, 403456, 1, 0, 0
148000, 506880, 1, 0, 0
149000, 498688, 1, 0, 0
150000, 503808, 1, 0, 0
151000, 818176, 1, 0, 0
152000, 445440, 1, 0, 0
153000, 782336, 1, 0, 0
154000, 566272, 1, 0, 0
155000, 937984, 1, 0, 0
156000, 773120, 1, 0, 0
157000, 798720, 1, 0, 0
158000, 1014784, 1, 0, 0
159000, 616448, 1, 0, 0
160000, 1317888, 1, 0, 0
161000, 924672, 1, 0, 0
162000, 700092, 1, 0, 0
163000, 613376, 1, 0, 0
164000, 379904, 1, 0, 0
165000, 650240, 1, 0, 0
166000, 723968, 1, 0, 0
167000, 467968, 1, 0, 0
168000, 449536, 1, 0, 0
169000, 615424, 1, 0, 0
170000, 544768, 1, 0, 0
171000, 492544, 1, 0, 0
172000, 417792, 1, 0, 0
173000, 466944, 1, 0, 0
174000, 617472, 1, 0, 0
175000, 648192, 1, 0, 0
176000, 446464, 1, 0, 0
177000, 434176, 1, 0, 0
178000, 556032, 1, 0, 0
179000, 519687, 1, 0, 0
180000, 518144, 1, 0, 0
181000, 540672, 1, 0, 0
182000, 355328, 1, 0, 0
183000, 456704, 1, 0, 0
184000, 436224, 1, 0, 0
185000, 680960, 1, 0, 0
186000, 590848, 1, 0, 0
187000, 741376, 1, 0, 0
188000, 868352, 1, 0, 0
189000, 587776, 1, 0, 0
190000, 953344, 1, 0, 0
191000, 1071104, 1, 0, 0
192000, 929792, 1, 0, 0
193000, 839680, 1, 0, 0
194000, 569344, 1, 0, 0
195000, 408576, 1, 0, 0
196000, 541696, 1, 0, 0
197000, 576064, 1, 0, 0
198000, 572416, 1, 0, 0
199000, 485376, 1, 0, 0
200000, 593920, 1, 0, 0
201000, 961536, 1, 0, 0
202000, 930816, 1, 0, 0
203000, 980992, 1, 0, 0
204000, 977920, 1, 0, 0
205000, 955392, 1, 0, 0
206000, 971776, 1, 0, 0
207000, 1316864, 1, 0, 0
208000, 1589248, 1, 0, 0
209000, 1433600, 1, 0, 0
210000, 1567744, 1, 0, 0
211000, 1627136, 1, 0, 0
212000, 1388544, 1, 0, 0
213000, 1532928, 1, 0, 0
214001, 1475584, 1, 0, 0
215000, 1396084, 1, 0, 0
216000, 1528832, 1, 0, 0
217000, 1437696, 1, 0, 0
218000, 1506304, 1, 0, 0
219000, 1484800, 1, 0, 0
220000, 1442816, 1, 0, 0
221000, 1474560, 1, 0, 0
222000, 1540096, 1, 0, 0
223000, 1476608, 1, 0, 0
224000, 1470464, 1, 0, 0
225000, 1485824, 1, 0, 0
226000, 1374208, 1, 0, 0
227000, 1200128, 1, 0, 0
228000, 1214464, 1, 0, 0
229000, 1212416, 1, 0, 0
230000, 954368, 1, 0, 0
231001, 550912, 1, 0, 0
232000, 589389, 1, 0, 0
233000, 669696, 1, 0, 0
234000, 1000448, 1, 0, 0
235000, 1210368, 1, 0, 0
236000, 1222656, 1, 0, 0
237000, 1229824, 1, 0, 0
238000, 1220608, 1, 0, 0
239000, 1215488, 1, 0, 0
240000, 987136, 1, 0, 0
241000, 822272, 1, 0, 0
242000, 723968, 1, 0, 0
243000, 675840, 1, 0, 0
244000, 630784, 1, 0, 0
245000, 543744, 1, 0, 0
246000, 570368, 1, 0, 0
247000, 648192, 1, 0, 0
248001, 805888, 1, 0, 0
249000, 1192104, 1, 0, 0
250000, 1195008, 1, 0, 0
251000, 1207296, 1, 0, 0
252000, 1200128, 1, 0, 0
253000, 1095680, 1, 0, 0
254000, 1017856, 1, 0, 0
255000, 998400, 1, 0, 0
256000, 980992, 1, 0, 0
257000, 971776, 1, 0, 0
258000, 796672, 1, 0, 0
259000, 525312, 1, 0, 0
260000, 536576, 1, 0, 0
261000, 653312, 1, 0, 0
262000, 625664, 1, 0, 0
263000, 724992, 1, 0, 0
264000, 902144, 1, 0, 0
265001, 960512, 1, 0, 0
266000, 964548, 1, 0, 0
267000, 965632, 1, 0, 0
268000, 953344, 1, 0, 0
269000, 962560, 1, 0, 0
270000, 958464, 1, 0, 0
271000, 965632, 1, 0, 0
272000, 1738752, 1, 0, 0
273000, 1921024, 1, 0, 0
274000, 1920000, 1, 0, 0
275000, 1920000, 1, 0, 0
276000, 1930240, 1, 0, 0
277000, 1913856, 1, 0, 0
278000, 1935360, 1, 0, 0
279000, 1913856, 1, 0, 0
280000, 1915904, 1, 0, 0
281000, 1927168, 1, 0, 0
282000, 1920000, 1, 0, 0
283000, 1909621, 1, 0, 0
284000, 1931264, 1, 0, 0
285000, 902144, 1, 0, 0
286000, 578560, 1, 0, 0
287000, 576512, 1, 0, 0
288000, 575488, 1, 0, 0
289000, 572416, 1, 0, 0
290000, 572416, 1, 0, 0
291000, 562176, 1, 0, 0
292000, 563200, 1, 0, 0
293000, 565248, 1, 0, 0
294000, 542720, 1, 0, 0
295000, 564224, 1, 0, 0
296000, 553984, 1, 0, 0
297000, 559104, 1, 0, 0
298000, 562176, 1, 0, 0
299000, 556032, 1, 0, 0
300000, 562738, 1, 0, 0
