1000, 301056, 1, 0, 0
2000, 137353, 1, 0, 0
3000, 48128, 1, 0, 0
4000, 70656, 1, 0, 0
5000, 133253, 1, 0, 0
6000, 81920, 1, 0, 0
7000, 126976, 1, 0, 0
8000, 231655, 1, 0, 0
9000, 144384, 1, 0, 0
10000, 178354, 1, 0, 0
11000, 203776, 1, 0, 0
12000, 129024, 1, 0, 0
13000, 166054, 1, 0, 0
14000, 136192, 1, 0, 0
15000, 183296, 1, 0, 0
16000, 135303, 1, 0, 0
17000, 150528, 1, 0, 0
18000, 202954, 1, 0, 0
19000, 83968, 1, 0, 0
20000, 74752, 1, 0, 0
21000, 55351, 1, 0, 0
22000, 148480, 1, 0, 0
23000, 132096, 1, 0, 0
24000, 116852, 1, 0, 0
25000, 72704, 1, 0, 0
26000, 100352, 1, 0, 0
27000, 140428, 1, 0, 0
28000, 61440, 1, 0, 0
29000, 137216, 1, 0, 0
30000, 114802, 1, 0, 0
31000, 160768, 1, 0, 0
32000, 159744, 1, 0, 0
33000, 79951, 1, 0, 0
34000, 43008, 1, 0, 0
35000, 240640, 1, 0, 0
36000, 123003, 1, 0, 0
37000, 96256, 1, 0, 0
38000, 123003, 1, 0, 0
39000, 104448, 1, 0, 0
40000, 177152, 1, 0, 0
41000, 242930, 1, 0, 0
42000, 149504, 1, 0, 0
43000, 130048, 1, 0, 0
44000, 117877, 1, 0, 0
45000, 103424, 1, 0, 0
46000, 185344, 1, 0, 0
47000, 156828, 1, 0, 0
48000, 166912, 1, 0, 0
49000, 175279, 1, 0, 0
50000, 54272, 1, 0, 0
51000, 134144, 1, 0, 0
52000, 75851, 1, 0, 0
53000, 44032, 1, 0, 0
54000, 91136, 1, 0, 0
55000, 150678, 1, 0, 0
56000, 189440, 1, 0, 0
57000, 185344, 1, 0, 0
58000, 88152, 1, 0, 0
59000, 89088, 1, 0, 0
60000, 90202, 1, 0, 0
61000, 98304, 1, 0, 0
62000, 97280, 1, 0, 0
63000, 184504, 1, 0, 0
64000, 124928, 1, 0, 0
65000, 122880, 1, 0, 0
66000, 153753, 1, 0, 0
67000, 94208, 1, 0, 0
68000, 94208, 1, 0, 0
69000, 162978, 1, 0, 0
70000, 61440, 1, 0, 0
71000, 134144, 1, 0, 0
72000, 150678, 1, 0, 0
73000, 112640, 1, 0, 0
74000, 162978, 1, 0, 0
75000, 181248, 1, 0, 0
76000, 238592, 1, 0, 0
77000, 224480, 1, 0, 0
78000, 82944, 1, 0, 0
79000, 128000, 1, 0, 0
80000, 108652, 1, 0, 0
81000, 236544, 1, 0, 0
82001, 133120, 1, 0, 0
83000, 183479, 1, 0, 0
84000, 266240, 1, 0, 0
85000, 167079, 1, 0, 0
86000, 185344, 1, 0, 0
87000, 302080, 1, 0, 0
88000, 171179, 1, 0, 0
89000, 106496, 1, 0, 0
90000, 121856, 1, 0, 0
91000, 167079, 1, 0, 0
92000, 91136, 1, 0, 0
93000, 98304, 1, 0, 0
94000, 65601, 1, 0, 0
95000, 161792, 1, 0, 0
96000, 91136, 1, 0, 0
97000, 128128, 1, 0, 0
98000, 159744, 1, 0, 0
99000, 55351, 1, 0, 0
100000, 164864, 1, 0, 0
101000, 157696, 1, 0, 0
102000, 134278, 1, 0, 0
103000, 167936, 1, 0, 0
104000, 195584, 1, 0, 0
105000, 115827, 1, 0, 0
106000, 147456, 1, 0, 0
107000, 197632, 1, 0, 0
108000, 148628, 1, 0, 0
109000, 151552, 1, 0, 0
110000, 133120, 1, 0, 0
111000, 184504, 1, 0, 0
112000, 187392, 1, 0, 0
113001, 126976, 1, 0, 0
114000, 192704, 1, 0, 0
115000, 125952, 1, 0, 0
116000, 140428, 1, 0, 0
117000, 113664, 1, 0, 0
118000, 119808, 1, 0, 0
119000, 73801, 1, 0, 0
120000, 119808, 1, 0, 0
121000, 113664, 1, 0, 0
122000, 65601, 1, 0, 0
123000, 70656, 1, 0, 0
124000, 258048, 1, 0, 0
125000, 178354, 1, 0, 0
126000, 143360, 1, 0, 0
127000, 114688, 1, 0, 0
128000, 221405, 1, 0, 0
129000, 218112, 1, 0, 0
130000, 159903, 1, 0, 0
131000, 246784, 1, 0, 0
132001, 152576, 1, 0, 0
133000, 169129, 1, 0, 0
134000, 274432, 1, 0, 0
135000, 206030, 1, 0, 0
136000, 157696, 1, 0, 0
137000, 154624, 1, 0, 0
138000, 168104, 1, 0, 0
139000, 58368, 1, 0, 0
140000, 77824, 1, 0, 0
141000, 105577, 1, 0, 0
142000, 217088, 1, 0, 0
143000, 84052, 1, 0, 0
144001, 24576, 1, 0, 0
145000, 220380, 1, 0, 0
146000, 30720, 1, 0, 0
147000, 30750, 1, 0, 0
148000, 82944, 1, 0, 0
149000, 58426, 1, 0, 0
150000, 73728, 1, 0, 0
151000, 191488, 1, 0, 0
152000, 134278, 1, 0, 0
153000, 313344, 1, 0, 0
154000, 149504, 1, 0, 0
155000, 63551, 1, 0, 0
156000, 158720, 1, 0, 0
157000, 125952, 1, 0, 0
158000, 48176, 1, 0, 0
159000, 65536, 1, 0, 0
160000, 247031, 1, 0, 0
161000, 172032, 1, 0, 0
162000, 192512, 1, 0, 0
163000, 114802, 1, 0, 0
164000, 87040, 1, 0, 0
165000, 272384, 1, 0, 0
166000, 136328, 1, 0, 0
167000, 237568, 1, 0, 0
168001, 252928, 1, 0, 0
169000, 162978, 1, 0, 0
170000, 75776, 1, 0, 0
171000, 149653, 1, 0, 0
172000, 67584, 1, 0, 0
173000, 101376, 1, 0, 0
174000, 89177, 1, 0, 0
175000, 88064, 1, 0, 0
176000, 196608, 1, 0, 0
177000, 60476, 1, 0, 0
178000, 82944, 1, 0, 0
179000, 63551, 1, 0, 0
180000, 48128, 1, 0, 0
181000, 52224, 1, 0, 0
182000, 80976, 1, 0, 0
183000, 117760, 1, 0, 0
184000, 83027, 1, 0, 0
185000, 76800, 1, 0, 0
186000, 73728, 1, 0, 0
187000, 306482, 1, 0, 0
188000, 185344, 1, 0, 0
189000, 111727, 1, 0, 0
190000, 58368, 1, 0, 0
191000, 64512, 1, 0, 0
192000, 95327, 1, 0, 0
193000, 119808, 1, 0, 0
194000, 193729, 1, 0, 0
195000, 183296, 1, 0, 0
196000, 229376, 1, 0, 0
197000, 26650, 1, 0, 0
198000, 44032, 1, 0, 0
199000, 155803, 1, 0, 0
200000, 253952, 1, 0, 0
201000, 235520, 1, 0, 0
202000, 362858, 1, 0, 0
203000, 136192, 1, 0, 0
204000, 295207, 1, 0, 0
205000, 83968, 1, 0, 0
206000, 158720, 1, 0, 0
207000, 34850, 1, 0, 0
208000, 48128, 1, 0, 0
209000, 173229, 1, 0, 0
210000, 157696, 1, 0, 0
211000, 126976, 1, 0, 0
212000, 131203, 1, 0, 0
213000, 147456, 1, 0, 0
214000, 99427, 1, 0, 0
215000, 184320, 1, 0, 0
216000, 112640, 1, 0, 0
217000, 29725, 1, 0, 0
218000, 28672, 1, 0, 0
219000, 185529, 1, 0, 0
220000, 219136, 1, 0, 0
221000, 123904, 1, 0, 0
222000, 186554, 1, 0, 0
223000, 142336, 1, 0, 0
224000, 136328, 1, 0, 0
225000, 100352, 1, 0, 0
226000, 163840, 1, 0, 0
227000, 39975, 1, 0, 0
228000, 152576, 1, 0, 0
229000, 44076, 1, 0, 0
230000, 261120, 1, 0, 0
231000, 305152, 1, 0, 0
232000, 78926, 1, 0, 0
233000, 37888, 1, 0, 0
234000, 64576, 1, 0, 0
235000, 43008, 1, 0, 0
236000, 73801, 1, 0, 0
237000, 131072, 1, 0, 0
238000, 257024, 1, 0, 0
239000, 221405, 1, 0, 0
240000, 99328, 1, 0, 0
241000, 134278, 1, 0, 0
242000, 147456, 1, 0, 0
243000, 104448, 1, 0, 0
244000, 84052, 1, 0, 0
245000, 163840, 1, 0, 0
246001, 158720, 1, 0, 0
247000, 168104, 1, 0, 0
248000, 304128, 1, 0, 0
249000, 152728, 1, 0, 0
250000, 112640, 1, 0, 0
251000, 35875, 1, 0, 0
252000, 34816, 1, 0, 0
253000, 155648, 1, 0, 0
254000, 110702, 1, 0, 0
255000, 173056, 1, 0, 0
256000, 174254, 1, 0, 0
257000, 70656, 1, 0, 0
258000, 36864, 1, 0, 0
259000, 89177, 1, 0, 0
260000, 59392, 1, 0, 0
261000, 20500, 1, 0, 0
262000, 100352, 1, 0, 0
263000, 288768, 1, 0, 0
264000, 267531, 1, 0, 0
265000, 137216, 1, 0, 0
266000, 127103, 1, 0, 0
267000, 114688, 1, 0, 0
268000, 270336, 1, 0, 0
269000, 180404, 1, 0, 0
270000, 80896, 1, 0, 0
271001, 76800, 1, 0, 0
272000, 136328, 1, 0, 0
273000, 44032, 1, 0, 0
274000, 285981, 1, 0, 0
275000, 83968, 1, 0, 0
276000, 183296, 1, 0, 0
277000, 41001, 1, 0, 0
278000, 74752, 1, 0, 0
279000, 100452, 1, 0, 0
280000, 140288, 1, 0, 0
281000, 286720, 1, 0, 0
282000, 136328, 1, 0, 0
283000, 159744, 1, 0, 0
284000, 176304, 1, 0, 0
285000, 133120, 1, 0, 0
286000, 254976, 1, 0, 0
287000, 399759, 1, 0, 0
288000, 375808, 1, 0, 0
289001, 286720, 1, 0, 0
290000, 151703, 1, 0, 0
291000, 39936, 1, 0, 0
292000, 115827, 1, 0, 0
293000, 52224, 1, 0, 0
294000, 197632, 1, 0, 0
295000, 112752, 1, 0, 0
296000, 135168, 1, 0, 0
297000, 33792, 1, 0, 0
298000, 74826, 1, 0, 0
299000, 50176, 1, 0, 0
300000, 57401, 1, 0, 0
301000, 37888, 1, 0, 0
302000, 44032, 1, 0, 0
303000, 84052, 1, 0, 0
304000, 174080, 1, 0, 0
305000, 34850, 1, 0, 0
306000, 44032, 1, 0, 0
307000, 28672, 1, 0, 0
308000, 46126, 1, 0, 0
309000, 38912, 1, 0, 0
310000, 66626, 1, 0, 0
311000, 191488, 1, 0, 0
312000, 78848, 1, 0, 0
313000, 289057, 1, 0, 0
314000, 152576, 1, 0, 0
315000, 42026, 1, 0, 0
316000, 88064, 1, 0, 0
317000, 262144, 1, 0, 0
318000, 316732, 1, 0, 0
319000, 268288, 1, 0, 0
320000, 166912, 1, 0, 0
321000, 67651, 1, 0, 0
322000, 34816, 1, 0, 0
323000, 29725, 1, 0, 0
324000, 30720, 1, 0, 0
325000, 99328, 1, 0, 0
326000, 43051, 1, 0, 0
327000, 78848, 1, 0, 0
328000, 52224, 1, 0, 0
329000, 100452, 1, 0, 0
330000, 199680, 1, 0, 0
331000, 119927, 1, 0, 0
332000, 231424, 1, 0, 0
333000, 176128, 1, 0, 0
334000, 226530, 1, 0, 0
335000, 189440, 1, 0, 0
336000, 96352, 1, 0, 0
337000, 175104, 1, 0, 0
338000, 123904, 1, 0, 0
339000, 91227, 1, 0, 0
340000, 112640, 1, 0, 0
341000, 164864, 1, 0, 0
342000, 129153, 1, 0, 0
343000, 58368, 1, 0, 0
344000, 157853, 1, 0, 0
345000, 104448, 1, 0, 0
346000, 247808, 1, 0, 0
347000, 51251, 1, 0, 0
348000, 69632, 1, 0, 0
349000, 114688, 1, 0, 0
350000, 146578, 1, 0, 0
351000, 185344, 1, 0, 0
352001, 222208, 1, 0, 0
353000, 198854, 1, 0, 0
354000, 84992, 1, 0, 0
355000, 61501, 1, 0, 0
356000, 105472, 1, 0, 0
357000, 112640, 1, 0, 0
358000, 121977, 1, 0, 0
359000, 117760, 1, 0, 0
360000, 117760, 1, 0, 0
361000, 110702, 1, 0, 0
362000, 180224, 1, 0, 0
363000, 200904, 1, 0, 0
364000, 124928, 1, 0, 0
365000, 121856, 1, 0, 0
366000, 218330, 1, 0, 0
367000, 177152, 1, 0, 0
368000, 117760, 1, 0, 0
369000, 145553, 1, 0, 0
370000, 88064, 1, 0, 0
371000, 192512, 1, 0, 0
372000, 77901, 1, 0, 0
373000, 208896, 1, 0, 0
374000, 168104, 1, 0, 0
375000, 159744, 1, 0, 0
376000, 201728, 1, 0, 0
377000, 229605, 1, 0, 0
378000, 99328, 1, 0, 0
379001, 175104, 1, 0, 0
380000, 148628, 1, 0, 0
381000, 98304, 1, 0, 0
382000, 114802, 1, 0, 0
383000, 185344, 1, 0, 0
384000, 215040, 1, 0, 0
385000, 134278, 1, 0, 0
386000, 146432, 1, 0, 0
387000, 118784, 1, 0, 0
388000, 157853, 1, 0, 0
389000, 71680, 1, 0, 0
390000, 139403, 1, 0, 0
391000, 116736, 1, 0, 0
392000, 265216, 1, 0, 0
393000, 70726, 1, 0, 0
394000, 137216, 1, 0, 0
395000, 114802, 1, 0, 0
396000, 171008, 1, 0, 0
397000, 182454, 1, 0, 0
398000, 185344, 1, 0, 0
399000, 86016, 1, 0, 0
400000, 136328, 1, 0, 0
401000, 153600, 1, 0, 0
402001, 145408, 1, 0, 0
403000, 84052, 1, 0, 0
404000, 174080, 1, 0, 0
405000, 110702, 1, 0, 0
406000, 59392, 1, 0, 0
407000, 47104, 1, 0, 0
408000, 41001, 1, 0, 0
409000, 126976, 1, 0, 0
410000, 64512, 1, 0, 0
411000, 174254, 1, 0, 0
412000, 152576, 1, 0, 0
413000, 243955, 1, 0, 0
414000, 144384, 1, 0, 0
415000, 168960, 1, 0, 0
416000, 176304, 1, 0, 0
417000, 157696, 1, 0, 0
418000, 209105, 1, 0, 0
419000, 109568, 1, 0, 0
420000, 73728, 1, 0, 0
421000, 48176, 1, 0, 0
422000, 96256, 1, 0, 0
423000, 223232, 1, 0, 0
424000, 158878, 1, 0, 0
425000, 182272, 1, 0, 0
426000, 140428, 1, 0, 0
427000, 69632, 1, 0, 0
428000, 46080, 1, 0, 0
429000, 97377, 1, 0, 0
430000, 175104, 1, 0, 0
431000, 152576, 1, 0, 0
432000, 160928, 1, 0, 0
433000, 119808, 1, 0, 0
434001, 106496, 1, 0, 0
435000, 184504, 1, 0, 0
436000, 166912, 1, 0, 0
437000, 119927, 1, 0, 0
438000, 137216, 1, 0, 0
439000, 160768, 1, 0, 0
440000, 113777, 1, 0, 0
441000, 122880, 1, 0, 0
442000, 182272, 1, 0, 0
443000, 254206, 1, 0, 0
444000, 148480, 1, 0, 0
445000, 148628, 1, 0, 0
446000, 245760, 1, 0, 0
447000, 157696, 1, 0, 0
448000, 224480, 1, 0, 0
449000, 184320, 1, 0, 0
450000, 153600, 1, 0, 0
451000, 126078, 1, 0, 0
452000, 206848, 1, 0, 0
453000, 198854, 1, 0, 0
454000, 331776, 1, 0, 0
455000, 409600, 1, 0, 0
456000, 91227, 1, 0, 0
457000, 74752, 1, 0, 0
458000, 285696, 1, 0, 0
459000, 283931, 1, 0, 0
460000, 168960, 1, 0, 0
461000, 178354, 1, 0, 0
462000, 186368, 1, 0, 0
463000, 208896, 1, 0, 0
464000, 140428, 1, 0, 0
465000, 136192, 1, 0, 0
466001, 196608, 1, 0, 0
467000, 191679, 1, 0, 0
468000, 256000, 1, 0, 0
469000, 89177, 1, 0, 0
470000, 74752, 1, 0, 0
471000, 49152, 1, 0, 0
472000, 150678, 1, 0, 0
473000, 103424, 1, 0, 0
474000, 151703, 1, 0, 0
475000, 155648, 1, 0, 0
476000, 223232, 1, 0, 0
477000, 151703, 1, 0, 0
478000, 230400, 1, 0, 0
479000, 138240, 1, 0, 0
480000, 136328, 1, 0, 0
481000, 105472, 1, 0, 0
482000, 155803, 1, 0, 0
483000, 150528, 1, 0, 0
484000, 77824, 1, 0, 0
485000, 44076, 1, 0, 0
486000, 57344, 1, 0, 0
487000, 131203, 1, 0, 0
488000, 43008, 1, 0, 0
489000, 125952, 1, 0, 0
490000, 106602, 1, 0, 0
491000, 150528, 1, 0, 0
492000, 128128, 1, 0, 0
493000, 109568, 1, 0, 0
494000, 93184, 1, 0, 0
495000, 116852, 1, 0, 0
496000, 117760, 1, 0, 0
497000, 215255, 1, 0, 0
498000, 99328, 1, 0, 0
499001, 99328, 1, 0, 0
500000, 158878, 1, 0, 0
501000, 349184, 1, 0, 0
502000, 227555, 1, 0, 0
503000, 211968, 1, 0, 0
504000, 274706, 1, 0, 0
505000, 139264, 1, 0, 0
506000, 190464, 1, 0, 0
507000, 54326, 1, 0, 0
508000, 63488, 1, 0, 0
509000, 109677, 1, 0, 0
510000, 118784, 1, 0, 0
511001, 107520, 1, 0, 0
512000, 77901, 1, 0, 0
513000, 31744, 1, 0, 0
514000, 124028, 1, 0, 0
515000, 253952, 1, 0, 0
516000, 194754, 1, 0, 0
517000, 209920, 1, 0, 0
518000, 138378, 1, 0, 0
519000, 76800, 1, 0, 0
520000, 61440, 1, 0, 0
521000, 161953, 1, 0, 0
522000, 264192, 1, 0, 0
523000, 202954, 1, 0, 0
524000, 278528, 1, 0, 0
525000, 111727, 1, 0, 0
526000, 87040, 1, 0, 0
527000, 45056, 1, 0, 0
528000, 135303, 1, 0, 0
529000, 160768, 1, 0, 0
530000, 144528, 1, 0, 0
531000, 114688, 1, 0, 0
532001, 80896, 1, 0, 0
533000, 80976, 1, 0, 0
534000, 303104, 1, 0, 0
535000, 72776, 1, 0, 0
536000, 360448, 1, 0, 0
537000, 120952, 1, 0, 0
538000, 65536, 1, 0, 0
539000, 136328, 1, 0, 0
540000, 228352, 1, 0, 0
541000, 297984, 1, 0, 0
542000, 86102, 1, 0, 0
543000, 128000, 1, 0, 0
544000, 45101, 1, 0, 0
545000, 26624, 1, 0, 0
546001, 110592, 1, 0, 0
547000, 83027, 1, 0, 0
548000, 78848, 1, 0, 0
549000, 197829, 1, 0, 0
550000, 163840, 1, 0, 0
551000, 324932, 1, 0, 0
552000, 75776, 1, 0, 0
553000, 271360, 1, 0, 0
554000, 127103, 1, 0, 0
555000, 88064, 1, 0, 0
556000, 127103, 1, 0, 0
557000, 133120, 1, 0, 0
558000, 90112, 1, 0, 0
559000, 198854, 1, 0, 0
560000, 184320, 1, 0, 0
561000, 116852, 1, 0, 0
562000, 193536, 1, 0, 0
563000, 76800, 1, 0, 0
564000, 85077, 1, 0, 0
565000, 264192, 1, 0, 0
566000, 356708, 1, 0, 0
567000, 84992, 1, 0, 0
568000, 88064, 1, 0, 0
569000, 152728, 1, 0, 0
570000, 124928, 1, 0, 0
571000, 83027, 1, 0, 0
572000, 219136, 1, 0, 0
573000, 374784, 1, 0, 0
574000, 135303, 1, 0, 0
575000, 124928, 1, 0, 0
576000, 114802, 1, 0, 0
577000, 135168, 1, 0, 0
578000, 144384, 1, 0, 0
579000, 292132, 1, 0, 0
580000, 193536, 1, 0, 0
581000, 86102, 1, 0, 0
582000, 102400, 1, 0, 0
583001, 79872, 1, 0, 0
584000, 85077, 1, 0, 0
585000, 258048, 1, 0, 0
586000, 258306, 1, 0, 0
587000, 190464, 1, 0, 0
588000, 172032, 1, 0, 0
589000, 171179, 1, 0, 0
590000, 145408, 1, 0, 0
591000, 149653, 1, 0, 0
592000, 104448, 1, 0, 0
593000, 145553, 1, 0, 0
594000, 114688, 1, 0, 0
595001, 91136, 1, 0, 0
596000, 223455, 1, 0, 0
597000, 287744, 1, 0, 0
598000, 87127, 1, 0, 0
599000, 146432, 1, 0, 0
600000, 190464, 1, 0, 0
