1000, 524288, 1, 0, 0
2000, 130178, 1, 0, 0
3000, 154624, 1, 0, 0
4000, 222208, 1, 0, 0
5000, 103527, 1, 0, 0
6000, 169984, 1, 0, 0
7000, 179200, 1, 0, 0
8000, 152728, 1, 0, 0
9000, 92160, 1, 0, 0
10000, 123003, 1, 0, 0
11000, 76800, 1, 0, 0
12000, 130048, 1, 0, 0
13000, 123003, 1, 0, 0
14000, 54272, 1, 0, 0
15000, 74752, 1, 0, 0
16000, 113777, 1, 0, 0
17000, 240640, 1, 0, 0
18000, 41001, 1, 0, 0
19000, 146432, 1, 0, 0
20000, 108544, 1, 0, 0
21000, 228580, 1, 0, 0
22000, 44032, 1, 0, 0
23000, 159744, 1, 0, 0
24000, 167079, 1, 0, 0
25000, 167936, 1, 0, 0
26000, 172032, 1, 0, 0
27000, 123003, 1, 0, 0
28000, 212992, 1, 0, 0
29001, 132096, 1, 0, 0
30000, 166054, 1, 0, 0
31000, 132096, 1, 0, 0
32000, 49152, 1, 0, 0
33000, 129153, 1, 0, 0
34000, 262144, 1, 0, 0
35000, 141312, 1, 0, 0
36000, 151703, 1, 0, 0
37000, 176128, 1, 0, 0
38000, 78926, 1, 0, 0
39000, 129024, 1, 0, 0
40000, 227328, 1, 0, 0
41000, 105577, 1, 0, 0
42000, 178176, 1, 0, 0
43000, 153600, 1, 0, 0
44000, 114802, 1, 0, 0
45000, 97280, 1, 0, 0
46000, 89088, 1, 0, 0
47000, 133253, 1, 0, 0
48000, 99328, 1, 0, 0
49000, 133253, 1, 0, 0
50000, 205824, 1, 0, 0
51000, 205824, 1, 0, 0
52000, 133253, 1, 0, 0
53000, 137216, 1, 0, 0
54000, 75776, 1, 0, 0
55000, 90202, 1, 0, 0
56000, 137216, 1, 0, 0
57000, 176128, 1, 0, 0
58000, 159903, 1, 0, 0
59000, 241664, 1, 0, 0
60000, 99427, 1, 0, 0
61000, 69632, 1, 0, 0
62000, 124928, 1, 0, 0
63000, 97377, 1, 0, 0
64000, 184320, 1, 0, 0
65000, 138240, 1, 0, 0
66000, 143503, 1, 0, 0
67000, 169984, 1, 0, 0
68000, 178176, 1, 0, 0
69000, 140428, 1, 0, 0
70000, 103424, 1, 0, 0
71000, 166912, 1, 0, 0
72000, 117877, 1, 0, 0
73000, 91136, 1, 0, 0
74000, 172204, 1, 0, 0
75000, 133120, 1, 0, 0
76000, 189440, 1, 0, 0
77000, 166054, 1, 0, 0
78000, 219136, 1, 0, 0
79000, 161792, 1, 0, 0
80000, 153753, 1, 0, 0
81000, 140288, 1, 0, 0
82001, 152576, 1, 0, 0
83000, 149653, 1, 0, 0
84000, 86016, 1, 0, 0
85000, 142478, 1, 0, 0
86000, 141312, 1, 0, 0
87000, 174080, 1, 0, 0
88000, 164004, 1, 0, 0
89000, 212992, 1, 0, 0
90000, 248832, 1, 0, 0
91000, 113777, 1, 0, 0
92000, 87040, 1, 0, 0
93000, 133120, 1, 0, 0
94000, 119927, 1, 0, 0
95000, 45056, 1, 0, 0
96000, 101376, 1, 0, 0
97000, 177329, 1, 0, 0
98000, 133120, 1, 0, 0
99000, 113777, 1, 0, 0
100000, 130048, 1, 0, 0
101000, 166912, 1, 0, 0
102000, 79951, 1, 0, 0
103000, 44032, 1, 0, 0
104000, 142336, 1, 0, 0
105000, 118902, 1, 0, 0
106000, 54272, 1, 0, 0
107000, 83968, 1, 0, 0
108000, 112752, 1, 0, 0
109000, 172032, 1, 0, 0
110000, 182272, 1, 0, 0
111000, 213205, 1, 0, 0
112000, 91136, 1, 0, 0
113001, 198656, 1, 0, 0
114000, 100452, 1, 0, 0
115000, 191488, 1, 0, 0
116000, 104552, 1, 0, 0
117000, 128000, 1, 0, 0
118000, 201728, 1, 0, 0
119000, 83027, 1, 0, 0
120000, 55296, 1, 0, 0
121000, 139264, 1, 0, 0
122000, 101477, 1, 0, 0
123000, 131072, 1, 0, 0
124000, 98304, 1, 0, 0
125000, 48176, 1, 0, 0
126000, 93184, 1, 0, 0
127000, 41984, 1, 0, 0
128000, 66626, 1, 0, 0
129000, 98304, 1, 0, 0
130000, 230630, 1, 0, 0
131000, 196608, 1, 0, 0
132001, 91136, 1, 0, 0
133000, 157853, 1, 0, 0
134000, 25600, 1, 0, 0
135000, 42026, 1, 0, 0
136000, 253952, 1, 0, 0
137000, 181248, 1, 0, 0
138000, 156828, 1, 0, 0
139000, 120832, 1, 0, 0
140001, 147456, 1, 0, 0
141000, 176304, 1, 0, 0
142000, 224256, 1, 0, 0
143000, 196804, 1, 0, 0
144001, 282624, 1, 0, 0
145000, 168104, 1, 0, 0
146000, 59392, 1, 0, 0
147000, 95327, 1, 0, 0
148000, 208896, 1, 0, 0
149000, 88152, 1, 0, 0
150000, 38912, 1, 0, 0
151000, 82944, 1, 0, 0
152000, 200904, 1, 0, 0
153000, 76800, 1, 0, 0
154000, 189440, 1, 0, 0
155000, 270606, 1, 0, 0
156000, 147456, 1, 0, 0
157000, 221184, 1, 0, 0
158000, 285981, 1, 0, 0
159000, 123904, 1, 0, 0
160000, 61501, 1, 0, 0
161000, 185344, 1, 0, 0
162000, 125952, 1, 0, 0
163000, 211155, 1, 0, 0
164000, 144384, 1, 0, 0
165000, 88064, 1, 0, 0
166000, 167079, 1, 0, 0
167000, 93184, 1, 0, 0
168001, 56320, 1, 0, 0
169000, 38950, 1, 0, 0
170000, 116736, 1, 0, 0
171000, 177329, 1, 0, 0
172000, 112640, 1, 0, 0
173000, 144384, 1, 0, 0
174000, 257281, 1, 0, 0
175000, 266240, 1, 0, 0
176000, 99328, 1, 0, 0
177000, 48176, 1, 0, 0
178000, 58368, 1, 0, 0
179000, 38950, 1, 0, 0
180000, 131072, 1, 0, 0
181000, 144384, 1, 0, 0
182000, 28700, 1, 0, 0
183000, 64512, 1, 0, 0
184000, 426410, 1, 0, 0
185000, 225280, 1, 0, 0
186000, 171008, 1, 0, 0
187000, 50226, 1, 0, 0
188000, 41984, 1, 0, 0
189000, 109677, 1, 0, 0
190000, 219136, 1, 0, 0
191000, 277504, 1, 0, 0
192000, 296232, 1, 0, 0
193000, 185344, 1, 0, 0
194000, 234730, 1, 0, 0
195000, 250880, 1, 0, 0
196000, 227328, 1, 0, 0
197000, 73801, 1, 0, 0
198000, 278528, 1, 0, 0
199000, 92252, 1, 0, 0
200000, 86016, 1, 0, 0
201000, 244736, 1, 0, 0
202000, 96352, 1, 0, 0
203000, 260096, 1, 0, 0
204000, 213205, 1, 0, 0
205000, 141312, 1, 0, 0
206000, 180224, 1, 0, 0
207000, 146578, 1, 0, 0
208000, 200704, 1, 0, 0
209000, 26650, 1, 0, 0
210000, 80896, 1, 0, 0
211000, 138240, 1, 0, 0
212000, 142478, 1, 0, 0
213000, 73728, 1, 0, 0
214000, 114802, 1, 0, 0
215000, 158720, 1, 0, 0
216000, 327680, 1, 0, 0
217000, 206030, 1, 0, 0
218000, 109568, 1, 0, 0
219000, 158878, 1, 0, 0
220000, 157696, 1, 0, 0
221000, 215040, 1, 0, 0
222000, 276756, 1, 0, 0
223000, 248832, 1, 0, 0
224000, 280856, 1, 0, 0
225000, 230400, 1, 0, 0
226000, 51200, 1, 0, 0
227000, 143503, 1, 0, 0
228000, 75776, 1, 0, 0
229000, 87127, 1, 0, 0
230000, 107520, 1, 0, 0
231000, 33792, 1, 0, 0
232000, 235755, 1, 0, 0
233000, 328704, 1, 0, 0
234000, 127103, 1, 0, 0
235000, 181248, 1, 0, 0
236000, 136328, 1, 0, 0
237000, 105472, 1, 0, 0
238000, 102400, 1, 0, 0
239000, 50226, 1, 0, 0
240000, 37888, 1, 0, 0
241000, 36900, 1, 0, 0
242000, 101376, 1, 0, 0
243000, 28672, 1, 0, 0
244000, 67651, 1, 0, 0
245000, 165888, 1, 0, 0
246001, 165888, 1, 0, 0
247000, 146578, 1, 0, 0
248000, 109568, 1, 0, 0
249000, 96352, 1, 0, 0
250000, 214016, 1, 0, 0
251000, 242930, 1, 0, 0
252000, 361472, 1, 0, 0
253000, 237568, 1, 0, 0
254000, 114802, 1, 0, 0
255000, 168960, 1, 0, 0
256000, 139403, 1, 0, 0
257000, 142336, 1, 0, 0
258000, 163840, 1, 0, 0
259000, 205005, 1, 0, 0
260000, 43008, 1, 0, 0
261000, 208080, 1, 0, 0
262000, 256000, 1, 0, 0
263000, 110592, 1, 0, 0
264000, 108652, 1, 0, 0
265000, 119808, 1, 0, 0
266000, 273681, 1, 0, 0
267000, 281600, 1, 0, 0
268000, 139264, 1, 0, 0
269000, 127103, 1, 0, 0
270000, 123904, 1, 0, 0
271001, 50176, 1, 0, 0
272000, 48176, 1, 0, 0
273000, 31744, 1, 0, 0
274000, 29725, 1, 0, 0
275000, 34816, 1, 0, 0
276000, 44032, 1, 0, 0
277000, 59451, 1, 0, 0
278000, 21504, 1, 0, 0
279000, 53301, 1, 0, 0
280000, 99328, 1, 0, 0
281000, 156672, 1, 0, 0
282000, 144528, 1, 0, 0
283000, 207872, 1, 0, 0
284000, 73801, 1, 0, 0
285000, 26624, 1, 0, 0
286000, 36864, 1, 0, 0
287000, 49201, 1, 0, 0
288000, 38912, 1, 0, 0
289001, 41984, 1, 0, 0
290000, 155803, 1, 0, 0
291000, 268288, 1, 0, 0
292000, 75851, 1, 0, 0
293000, 284672, 1, 0, 0
294000, 194560, 1, 0, 0
295000, 217305, 1, 0, 0
296000, 229376, 1, 0, 0
297000, 379904, 1, 0, 0
298000, 351583, 1, 0, 0
299000, 391168, 1, 0, 0
300000, 423335, 1, 0, 0
301000, 433152, 1, 0, 0
302000, 60416, 1, 0, 0
303000, 117877, 1, 0, 0
304000, 172032, 1, 0, 0
305000, 280856, 1, 0, 0
306000, 295936, 1, 0, 0
307000, 77824, 1, 0, 0
308000, 153753, 1, 0, 0
309000, 63488, 1, 0, 0
310000, 127103, 1, 0, 0
311000, 116736, 1, 0, 0
312000, 36864, 1, 0, 0
313000, 161953, 1, 0, 0
314000, 139264, 1, 0, 0
315000, 195779, 1, 0, 0
316000, 163840, 1, 0, 0
317000, 100352, 1, 0, 0
318000, 129153, 1, 0, 0
319000, 169984, 1, 0, 0
320000, 179200, 1, 0, 0
321000, 202954, 1, 0, 0
322000, 93184, 1, 0, 0
323000, 289057, 1, 0, 0
324000, 246784, 1, 0, 0
325000, 136192, 1, 0, 0
326000, 85077, 1, 0, 0
327000, 327680, 1, 0, 0
328000, 209920, 1, 0, 0
329000, 128128, 1, 0, 0
330000, 71680, 1, 0, 0
331000, 86102, 1, 0, 0
332000, 46080, 1, 0, 0
333000, 59392, 1, 0, 0
334000, 114802, 1, 0, 0
335000, 176128, 1, 0, 0
336000, 190654, 1, 0, 0
337000, 53248, 1, 0, 0
338000, 139264, 1, 0, 0
339000, 262406, 1, 0, 0
340000, 130048, 1, 0, 0
341000, 186368, 1, 0, 0
342000, 129153, 1, 0, 0
343000, 225280, 1, 0, 0
344000, 124028, 1, 0, 0
345000, 288768, 1, 0, 0
346000, 149504, 1, 0, 0
347000, 165029, 1, 0, 0
348000, 181248, 1, 0, 0
349000, 155648, 1, 0, 0
350000, 195779, 1, 0, 0
351000, 162816, 1, 0, 0
352001, 53248, 1, 0, 0
353000, 85077, 1, 0, 0
354000, 190464, 1, 0, 0
355000, 253181, 1, 0, 0
356000, 136192, 1, 0, 0
357000, 43008, 1, 0, 0
358000, 118902, 1, 0, 0
359000, 161792, 1, 0, 0
360000, 275456, 1, 0, 0
361000, 220380, 1, 0, 0
362000, 174080, 1, 0, 0
363000, 109677, 1, 0, 0
364000, 87040, 1, 0, 0
365000, 163840, 1, 0, 0
366000, 99427, 1, 0, 0
367000, 124928, 1, 0, 0
368000, 84992, 1, 0, 0
369000, 129153, 1, 0, 0
370000, 174080, 1, 0, 0
371000, 212992, 1, 0, 0
372000, 207055, 1, 0, 0
373000, 93184, 1, 0, 0
374000, 152728, 1, 0, 0
375000, 161792, 1, 0, 0
376000, 138240, 1, 0, 0
377000, 146578, 1, 0, 0
378000, 78848, 1, 0, 0
379001, 103424, 1, 0, 0
380000, 188604, 1, 0, 0
381000, 246784, 1, 0, 0
382000, 130178, 1, 0, 0
383000, 80896, 1, 0, 0
384000, 130048, 1, 0, 0
385000, 160928, 1, 0, 0
386000, 160768, 1, 0, 0
387000, 186368, 1, 0, 0
388000, 162978, 1, 0, 0
389000, 211968, 1, 0, 0
390000, 146578, 1, 0, 0
391000, 129024, 1, 0, 0
392000, 91136, 1, 0, 0
393000, 60476, 1, 0, 0
394000, 147456, 1, 0, 0
395000, 194754, 1, 0, 0
396000, 200704, 1, 0, 0
397000, 226530, 1, 0, 0
398000, 203776, 1, 0, 0
399000, 102400, 1, 0, 0
400000, 70726, 1, 0, 0
401000, 49152, 1, 0, 0
402001, 180224, 1, 0, 0
403000, 117877, 1, 0, 0
404000, 55296, 1, 0, 0
405000, 170154, 1, 0, 0
406000, 121856, 1, 0, 0
407000, 197632, 1, 0, 0
408000, 124028, 1, 0, 0
409000, 179200, 1, 0, 0
410000, 135168, 1, 0, 0
411000, 151703, 1, 0, 0
412000, 60416, 1, 0, 0
413000, 185529, 1, 0, 0
414000, 209920, 1, 0, 0
415000, 81920, 1, 0, 0
416000, 54326, 1, 0, 0
417000, 152576, 1, 0, 0
418000, 50226, 1, 0, 0
419000, 149504, 1, 0, 0
420000, 128000, 1, 0, 0
421000, 135303, 1, 0, 0
422000, 249856, 1, 0, 0
423000, 151552, 1, 0, 0
424000, 187579, 1, 0, 0
425000, 117760, 1, 0, 0
426000, 106602, 1, 0, 0
427000, 81920, 1, 0, 0
428000, 43008, 1, 0, 0
429000, 79951, 1, 0, 0
430000, 150528, 1, 0, 0
431000, 123904, 1, 0, 0
432000, 108652, 1, 0, 0
433000, 129024, 1, 0, 0
434001, 168960, 1, 0, 0
435000, 216280, 1, 0, 0
436000, 140288, 1, 0, 0
437000, 117877, 1, 0, 0
438000, 64512, 1, 0, 0
439000, 38912, 1, 0, 0
440000, 144528, 1, 0, 0
441000, 152576, 1, 0, 0
442000, 69632, 1, 0, 0
443000, 86102, 1, 0, 0
444000, 121856, 1, 0, 0
445000, 237805, 1, 0, 0
446000, 149504, 1, 0, 0
447000, 102400, 1, 0, 0
448000, 84052, 1, 0, 0
449000, 71680, 1, 0, 0
450000, 76800, 1, 0, 0
451000, 61501, 1, 0, 0
452000, 38912, 1, 0, 0
453000, 78926, 1, 0, 0
454000, 54272, 1, 0, 0
455000, 58368, 1, 0, 0
456000, 101477, 1, 0, 0
457000, 156672, 1, 0, 0
458000, 86016, 1, 0, 0
459000, 79951, 1, 0, 0
460000, 117760, 1, 0, 0
461000, 127103, 1, 0, 0
462000, 178176, 1, 0, 0
463000, 100352, 1, 0, 0
464000, 96352, 1, 0, 0
465000, 184320, 1, 0, 0
466001, 254976, 1, 0, 0
467000, 143503, 1, 0, 0
468000, 75776, 1, 0, 0
469000, 141453, 1, 0, 0
470000, 122880, 1, 0, 0
471000, 136192, 1, 0, 0
472000, 78926, 1, 0, 0
473000, 215040, 1, 0, 0
474000, 115827, 1, 0, 0
475000, 129024, 1, 0, 0
476000, 132096, 1, 0, 0
477000, 90202, 1, 0, 0
478000, 45056, 1, 0, 0
479000, 130048, 1, 0, 0
480000, 100452, 1, 0, 0
481000, 94208, 1, 0, 0
482000, 175279, 1, 0, 0
483000, 194560, 1, 0, 0
484000, 246784, 1, 0, 0
485000, 176304, 1, 0, 0
486000, 125952, 1, 0, 0
487000, 112752, 1, 0, 0
488000, 68608, 1, 0, 0
489000, 161792, 1, 0, 0
490000, 90202, 1, 0, 0
491000, 57344, 1, 0, 0
492000, 43051, 1, 0, 0
493000, 164864, 1, 0, 0
494000, 241664, 1, 0, 0
495000, 45101, 1, 0, 0
496000, 173056, 1, 0, 0
497000, 36900, 1, 0, 0
498000, 86016, 1, 0, 0
499001, 119808, 1, 0, 0
500000, 133253, 1, 0, 0
501000, 63488, 1, 0, 0
502000, 115827, 1, 0, 0
503000, 142336, 1, 0, 0
504000, 84052, 1, 0, 0
505000, 161792, 1, 0, 0
506000, 148480, 1, 0, 0
507000, 78926, 1, 0, 0
508000, 56320, 1, 0, 0
509000, 158878, 1, 0, 0
510000, 202752, 1, 0, 0
511001, 118784, 1, 0, 0
512000, 152728, 1, 0, 0
513000, 73728, 1, 0, 0
514000, 151703, 1, 0, 0
515000, 45056, 1, 0, 0
516000, 27675, 1, 0, 0
517000, 33792, 1, 0, 0
518000, 77901, 1, 0, 0
519000, 241664, 1, 0, 0
520000, 71680, 1, 0, 0
521000, 112752, 1, 0, 0
522000, 176128, 1, 0, 0
523000, 251131, 1, 0, 0
524000, 84992, 1, 0, 0
525000, 201929, 1, 0, 0
526000, 172032, 1, 0, 0
527000, 211968, 1, 0, 0
528000, 133253, 1, 0, 0
529000, 162816, 1, 0, 0
530000, 85077, 1, 0, 0
531000, 98304, 1, 0, 0
532001, 345088, 1, 0, 0
533000, 382334, 1, 0, 0
534000, 153600, 1, 0, 0
535000, 152728, 1, 0, 0
536000, 63488, 1, 0, 0
537000, 95327, 1, 0, 0
538000, 345088, 1, 0, 0
539000, 251131, 1, 0, 0
540000, 131072, 1, 0, 0
541000, 100352, 1, 0, 0
542000, 173229, 1, 0, 0
543000, 60416, 1, 0, 0
544000, 33825, 1, 0, 0
545000, 26624, 1, 0, 0
546001, 156672, 1, 0, 0
547000, 149653, 1, 0, 0
548000, 117760, 1, 0, 0
549000, 202954, 1, 0, 0
550000, 68608, 1, 0, 0
551000, 130178, 1, 0, 0
552000, 240640, 1, 0, 0
553000, 184320, 1, 0, 0
554000, 92252, 1, 0, 0
555000, 150528, 1, 0, 0
556000, 143503, 1, 0, 0
557000, 97280, 1, 0, 0
558000, 46080, 1, 0, 0
559000, 135303, 1, 0, 0
560000, 171008, 1, 0, 0
561000, 53301, 1, 0, 0
562000, 114688, 1, 0, 0
563000, 144384, 1, 0, 0
564000, 159903, 1, 0, 0
565000, 94208, 1, 0, 0
566000, 71751, 1, 0, 0
567000, 49152, 1, 0, 0
568000, 126976, 1, 0, 0
569000, 142478, 1, 0, 0
570000, 194560, 1, 0, 0
571000, 309557, 1, 0, 0
572000, 48128, 1, 0, 0
573000, 57344, 1, 0, 0
574000, 28700, 1, 0, 0
575000, 51200, 1, 0, 0
576000, 115827, 1, 0, 0
577000, 95232, 1, 0, 0
578000, 121856, 1, 0, 0
579000, 175279, 1, 0, 0
580000, 167936, 1, 0, 0
581000, 162978, 1, 0, 0
582000, 121856, 1, 0, 0
583001, 98304, 1, 0, 0
584000, 214230, 1, 0, 0
585000, 90112, 1, 0, 0
586000, 157853, 1, 0, 0
587000, 53248, 1, 0, 0
588000, 84992, 1, 0, 0
589000, 128128, 1, 0, 0
590000, 224256, 1, 0, 0
591000, 134278, 1, 0, 0
592000, 72704, 1, 0, 0
593000, 53301, 1, 0, 0
594000, 58368, 1, 0, 0
595001, 141312, 1, 0, 0
596000, 170154, 1, 0, 0
597000, 83968, 1, 0, 0
598000, 106602, 1, 0, 0
599000, 96256, 1, 0, 0
600000, 80896, 1, 0, 0
