1000, 330752, 1, 0, 0
2000, 155803, 1, 0, 0
3000, 142336, 1, 0, 0
4000, 51200, 1, 0, 0
5000, 147603, 1, 0, 0
6000, 140288, 1, 0, 0
7000, 180224, 1, 0, 0
8000, 136328, 1, 0, 0
9000, 135168, 1, 0, 0
10000, 130178, 1, 0, 0
11000, 129024, 1, 0, 0
12000, 163840, 1, 0, 0
13000, 117877, 1, 0, 0
14000, 187392, 1, 0, 0
15000, 110592, 1, 0, 0
16000, 153753, 1, 0, 0
17000, 45056, 1, 0, 0
18000, 194754, 1, 0, 0
19000, 118784, 1, 0, 0
20000, 123904, 1, 0, 0
21000, 166054, 1, 0, 0
22000, 206848, 1, 0, 0
23000, 147456, 1, 0, 0
24000, 103527, 1, 0, 0
25000, 162816, 1, 0, 0
26000, 119808, 1, 0, 0
27000, 125053, 1, 0, 0
28000, 113664, 1, 0, 0
29000, 223232, 1, 0, 0
30000, 185529, 1, 0, 0
31000, 110592, 1, 0, 0
32000, 93184, 1, 0, 0
33000, 102502, 1, 0, 0
34000, 92160, 1, 0, 0
35000, 96256, 1, 0, 0
36000, 209105, 1, 0, 0
37000, 167936, 1, 0, 0
38000, 240880, 1, 0, 0
39000, 167936, 1, 0, 0
40000, 68608, 1, 0, 0
41000, 103527, 1, 0, 0
42000, 131072, 1, 0, 0
43000, 112640, 1, 0, 0
44000, 198854, 1, 0, 0
45000, 259072, 1, 0, 0
46000, 207872, 1, 0, 0
47000, 95327, 1, 0, 0
48000, 185344, 1, 0, 0
49000, 64576, 1, 0, 0
50000, 157696, 1, 0, 0
51000, 90112, 1, 0, 0
52000, 185529, 1, 0, 0
53000, 331776, 1, 0, 0
54000, 281600, 1, 0, 0
55000, 162978, 1, 0, 0
56000, 126976, 1, 0, 0
57000, 98304, 1, 0, 0
58000, 141453, 1, 0, 0
59000, 60416, 1, 0, 0
60000, 213205, 1, 0, 0
61000, 254976, 1, 0, 0
62000, 128000, 1, 0, 0
63000, 119927, 1, 0, 0
64000, 107520, 1, 0, 0
65000, 137216, 1, 0, 0
66000, 100452, 1, 0, 0
67000, 135168, 1, 0, 0
68000, 159744, 1, 0, 0
69000, 129153, 1, 0, 0
70000, 180224, 1, 0, 0
71000, 140288, 1, 0, 0
72000, 93277, 1, 0, 0
73000, 268288, 1, 0, 0
74000, 102502, 1, 0, 0
75000, 56320, 1, 0, 0
76000, 57344, 1, 0, 0
77000, 88152, 1, 0, 0
78000, 70656, 1, 0, 0
79000, 61440, 1, 0, 0
80000, 150678, 1, 0, 0
81000, 68608, 1, 0, 0
82001, 104448, 1, 0, 0
83000, 71751, 1, 0, 0
84000, 92160, 1, 0, 0
85000, 135303, 1, 0, 0
86000, 138240, 1, 0, 0
87000, 46080, 1, 0, 0
88000, 143503, 1, 0, 0
89000, 95232, 1, 0, 0
90000, 97280, 1, 0, 0
91000, 175279, 1, 0, 0
92000, 203776, 1, 0, 0
93000, 194560, 1, 0, 0
94000, 189629, 1, 0, 0
95000, 134144, 1, 0, 0
96000, 293888, 1, 0, 0
97000, 90202, 1, 0, 0
98000, 143360, 1, 0, 0
99000, 123003, 1, 0, 0
100000, 124928, 1, 0, 0
101000, 87040, 1, 0, 0
102000, 155803, 1, 0, 0
103000, 64512, 1, 0, 0
104000, 114688, 1, 0, 0
105000, 128128, 1, 0, 0
106000, 211968, 1, 0, 0
107000, 128000, 1, 0, 0
108000, 156828, 1, 0, 0
109000, 115712, 1, 0, 0
110000, 53248, 1, 0, 0
111000, 100452, 1, 0, 0
112000, 138240, 1, 0, 0
113001, 121856, 1, 0, 0
114000, 158878, 1, 0, 0
115000, 181248, 1, 0, 0
116000, 174254, 1, 0, 0
117000, 156672, 1, 0, 0
118000, 169984, 1, 0, 0
119000, 353633, 1, 0, 0
120000, 262144, 1, 0, 0
121000, 93184, 1, 0, 0
122000, 277781, 1, 0, 0
123000, 79872, 1, 0, 0
124000, 89088, 1, 0, 0
125000, 136328, 1, 0, 0
126000, 177152, 1, 0, 0
127000, 294912, 1, 0, 0
128000, 46126, 1, 0, 0
129000, 30720, 1, 0, 0
130000, 61501, 1, 0, 0
131000, 59392, 1, 0, 0
132001, 246784, 1, 0, 0
133000, 46126, 1, 0, 0
134000, 176128, 1, 0, 0
135000, 212180, 1, 0, 0
136000, 45056, 1, 0, 0
137000, 120832, 1, 0, 0
138000, 142478, 1, 0, 0
139000, 236544, 1, 0, 0
140001, 220160, 1, 0, 0
141000, 123003, 1, 0, 0
142000, 45056, 1, 0, 0
143000, 213205, 1, 0, 0
144001, 30720, 1, 0, 0
145000, 57401, 1, 0, 0
146000, 271360, 1, 0, 0
147000, 162978, 1, 0, 0
148000, 73728, 1, 0, 0
149000, 202954, 1, 0, 0
150000, 260096, 1, 0, 0
151000, 107520, 1, 0, 0
152000, 121977, 1, 0, 0
153000, 113664, 1, 0, 0
154000, 176128, 1, 0, 0
155000, 168104, 1, 0, 0
156000, 153600, 1, 0, 0
157000, 142336, 1, 0, 0
158000, 76876, 1, 0, 0
159000, 270336, 1, 0, 0
160000, 158878, 1, 0, 0
161000, 89088, 1, 0, 0
162000, 76800, 1, 0, 0
163000, 114802, 1, 0, 0
164000, 199680, 1, 0, 0
165000, 112640, 1, 0, 0
166000, 97377, 1, 0, 0
167000, 176128, 1, 0, 0
168001, 93184, 1, 0, 0
169000, 169129, 1, 0, 0
170000, 119808, 1, 0, 0
171000, 130178, 1, 0, 0
172000, 201728, 1, 0, 0
173000, 293888, 1, 0, 0
174000, 173229, 1, 0, 0
175000, 178176, 1, 0, 0
176000, 197632, 1, 0, 0
177000, 393609, 1, 0, 0
178000, 353280, 1, 0, 0
179000, 284956, 1, 0, 0
180000, 171008, 1, 0, 0
181000, 292864, 1, 0, 0
182000, 323907, 1, 0, 0
183000, 190464, 1, 0, 0
184000, 30750, 1, 0, 0
185000, 128000, 1, 0, 0
186000, 186368, 1, 0, 0
187000, 79951, 1, 0, 0
188000, 144384, 1, 0, 0
189000, 267531, 1, 0, 0
190000, 201728, 1, 0, 0
191000, 97280, 1, 0, 0
192000, 136328, 1, 0, 0
193000, 47104, 1, 0, 0
194000, 26650, 1, 0, 0
195000, 64512, 1, 0, 0
196000, 44032, 1, 0, 0
197000, 39975, 1, 0, 0
198000, 167936, 1, 0, 0
199000, 193729, 1, 0, 0
200000, 181248, 1, 0, 0
201000, 34816, 1, 0, 0
202000, 30750, 1, 0, 0
203000, 148480, 1, 0, 0
204000, 30750, 1, 0, 0
205000, 161792, 1, 0, 0
206000, 143360, 1, 0, 0
207000, 283931, 1, 0, 0
208000, 130048, 1, 0, 0
209000, 162978, 1, 0, 0
210000, 181248, 1, 0, 0
211000, 102400, 1, 0, 0
212000, 65601, 1, 0, 0
213000, 160768, 1, 0, 0
214000, 306482, 1, 0, 0
215000, 140288, 1, 0, 0
216000, 71680, 1, 0, 0
217000, 148628, 1, 0, 0
218000, 80896, 1, 0, 0
219000, 77901, 1, 0, 0
220000, 109568, 1, 0, 0
221000, 41984, 1, 0, 0
222000, 80976, 1, 0, 0
223000, 148480, 1, 0, 0
224000, 24600, 1, 0, 0
225000, 25600, 1, 0, 0
226000, 26624, 1, 0, 0
227000, 254206, 1, 0, 0
228000, 141312, 1, 0, 0
229000, 149653, 1, 0, 0
230000, 86016, 1, 0, 0
231000, 53248, 1, 0, 0
232000, 84052, 1, 0, 0
233000, 88064, 1, 0, 0
234000, 37925, 1, 0, 0
235000, 80896, 1, 0, 0
236000, 28700, 1, 0, 0
237000, 286720, 1, 0, 0
238000, 54272, 1, 0, 0
239000, 153753, 1, 0, 0
240000, 283648, 1, 0, 0
241000, 100452, 1, 0, 0
242000, 119808, 1, 0, 0
243000, 30720, 1, 0, 0
244000, 333133, 1, 0, 0
245000, 39936, 1, 0, 0
246001, 199680, 1, 0, 0
247000, 193729, 1, 0, 0
248000, 54272, 1, 0, 0
249000, 89177, 1, 0, 0
250000, 104448, 1, 0, 0
251000, 214230, 1, 0, 0
252000, 129024, 1, 0, 0
253000, 126976, 1, 0, 0
254000, 207055, 1, 0, 0
255000, 100352, 1, 0, 0
256000, 233705, 1, 0, 0
257000, 290816, 1, 0, 0
258000, 176128, 1, 0, 0
259000, 164004, 1, 0, 0
260000, 70656, 1, 0, 0
261000, 116852, 1, 0, 0
262000, 180224, 1, 0, 0
263000, 107520, 1, 0, 0
264000, 193729, 1, 0, 0
265000, 231424, 1, 0, 0
266000, 51251, 1, 0, 0
267000, 96256, 1, 0, 0
268000, 159744, 1, 0, 0
269000, 157853, 1, 0, 0
270000, 199680, 1, 0, 0
271001, 323584, 1, 0, 0
272000, 304432, 1, 0, 0
273000, 285696, 1, 0, 0
274000, 207055, 1, 0, 0
275000, 360448, 1, 0, 0
276000, 221184, 1, 0, 0
277000, 434610, 1, 0, 0
278000, 142336, 1, 0, 0
279000, 361833, 1, 0, 0
280000, 229376, 1, 0, 0
281000, 98304, 1, 0, 0
282000, 32800, 1, 0, 0
283000, 209920, 1, 0, 0
284000, 155803, 1, 0, 0
285000, 130048, 1, 0, 0
286000, 189440, 1, 0, 0
287000, 102502, 1, 0, 0
288000, 133120, 1, 0, 0
289001, 153600, 1, 0, 0
290000, 145553, 1, 0, 0
291000, 132096, 1, 0, 0
292000, 63551, 1, 0, 0
293000, 144384, 1, 0, 0
294000, 136192, 1, 0, 0
295000, 121977, 1, 0, 0
296000, 179200, 1, 0, 0
297000, 131072, 1, 0, 0
298000, 111727, 1, 0, 0
299000, 76800, 1, 0, 0
300000, 68676, 1, 0, 0
301000, 46080, 1, 0, 0
302000, 278528, 1, 0, 0
303000, 308532, 1, 0, 0
304000, 176128, 1, 0, 0
305000, 47151, 1, 0, 0
306000, 38912, 1, 0, 0
307000, 69632, 1, 0, 0
308000, 66626, 1, 0, 0
309000, 174080, 1, 0, 0
310000, 315707, 1, 0, 0
311000, 207872, 1, 0, 0
312000, 427008, 1, 0, 0
313000, 91227, 1, 0, 0
314000, 212992, 1, 0, 0
315000, 302382, 1, 0, 0
316000, 135168, 1, 0, 0
317000, 67584, 1, 0, 0
318000, 46126, 1, 0, 0
319000, 51200, 1, 0, 0
320000, 95232, 1, 0, 0
321000, 199879, 1, 0, 0
322000, 149504, 1, 0, 0
323000, 44076, 1, 0, 0
324000, 68608, 1, 0, 0
325000, 243712, 1, 0, 0
326000, 353633, 1, 0, 0
327000, 65536, 1, 0, 0
328000, 54272, 1, 0, 0
329000, 196804, 1, 0, 0
330000, 105472, 1, 0, 0
331000, 38950, 1, 0, 0
332000, 150528, 1, 0, 0
333000, 156672, 1, 0, 0
334000, 125053, 1, 0, 0
335000, 139264, 1, 0, 0
336000, 186554, 1, 0, 0
337000, 138240, 1, 0, 0
338000, 185344, 1, 0, 0
339000, 127103, 1, 0, 0
340000, 156672, 1, 0, 0
341000, 119808, 1, 0, 0
342000, 159903, 1, 0, 0
343000, 145408, 1, 0, 0
344000, 136328, 1, 0, 0
345000, 100352, 1, 0, 0
346000, 96256, 1, 0, 0
347000, 229605, 1, 0, 0
348000, 159744, 1, 0, 0
349000, 197632, 1, 0, 0
350000, 147603, 1, 0, 0
351000, 65536, 1, 0, 0
352001, 76800, 1, 0, 0
353000, 74826, 1, 0, 0
354000, 129024, 1, 0, 0
355000, 121977, 1, 0, 0
356000, 261120, 1, 0, 0
357000, 331776, 1, 0, 0
358000, 196804, 1, 0, 0
359000, 82944, 1, 0, 0
360000, 79872, 1, 0, 0
361000, 46126, 1, 0, 0
362000, 73728, 1, 0, 0
363000, 119927, 1, 0, 0
364000, 203776, 1, 0, 0
365000, 190464, 1, 0, 0
366000, 152728, 1, 0, 0
367000, 137216, 1, 0, 0
368000, 229376, 1, 0, 0
369000, 114802, 1, 0, 0
370000, 146432, 1, 0, 0
371000, 54272, 1, 0, 0
372000, 167079, 1, 0, 0
373000, 176128, 1, 0, 0
374000, 143503, 1, 0, 0
375000, 171008, 1, 0, 0
376000, 130048, 1, 0, 0
377000, 82002, 1, 0, 0
378000, 201728, 1, 0, 0
379001, 128000, 1, 0, 0
380000, 141453, 1, 0, 0
381000, 115712, 1, 0, 0
382000, 213205, 1, 0, 0
383000, 133120, 1, 0, 0
384000, 106496, 1, 0, 0
385000, 97377, 1, 0, 0
386000, 120832, 1, 0, 0
387000, 100352, 1, 0, 0
388000, 65601, 1, 0, 0
389000, 81920, 1, 0, 0
390000, 156828, 1, 0, 0
391000, 112640, 1, 0, 0
392000, 106496, 1, 0, 0
393000, 223455, 1, 0, 0
394000, 204800, 1, 0, 0
395000, 132228, 1, 0, 0
396000, 72704, 1, 0, 0
397000, 52276, 1, 0, 0
398000, 146432, 1, 0, 0
399000, 266240, 1, 0, 0
400000, 162978, 1, 0, 0
401000, 128000, 1, 0, 0
402001, 190464, 1, 0, 0
403000, 201929, 1, 0, 0
404000, 172032, 1, 0, 0
405000, 108652, 1, 0, 0
406000, 155648, 1, 0, 0
407000, 94208, 1, 0, 0
408000, 173229, 1, 0, 0
409000, 200704, 1, 0, 0
410000, 272384, 1, 0, 0
411000, 102502, 1, 0, 0
412000, 106496, 1, 0, 0
413000, 77901, 1, 0, 0
414000, 165888, 1, 0, 0
415000, 201728, 1, 0, 0
416000, 105577, 1, 0, 0
417000, 66560, 1, 0, 0
418000, 132228, 1, 0, 0
419000, 183296, 1, 0, 0
420000, 202752, 1, 0, 0
421000, 247031, 1, 0, 0
422000, 124928, 1, 0, 0
423000, 122880, 1, 0, 0
424000, 184504, 1, 0, 0
425000, 139264, 1, 0, 0
426000, 141453, 1, 0, 0
427000, 169984, 1, 0, 0
428000, 209920, 1, 0, 0
429000, 211155, 1, 0, 0
430000, 162816, 1, 0, 0
431000, 195584, 1, 0, 0
432000, 152728, 1, 0, 0
433000, 132096, 1, 0, 0
434001, 140288, 1, 0, 0
435000, 89177, 1, 0, 0
436000, 199680, 1, 0, 0
437000, 218330, 1, 0, 0
438000, 212992, 1, 0, 0
439000, 201728, 1, 0, 0
440000, 155803, 1, 0, 0
441000, 169984, 1, 0, 0
442000, 230400, 1, 0, 0
443000, 188604, 1, 0, 0
444000, 144384, 1, 0, 0
445000, 78926, 1, 0, 0
446000, 70656, 1, 0, 0
447000, 148480, 1, 0, 0
448000, 182454, 1, 0, 0
449000, 160768, 1, 0, 0
450000, 87040, 1, 0, 0
451000, 130178, 1, 0, 0
452000, 267264, 1, 0, 0
453000, 181429, 1, 0, 0
454000, 73728, 1, 0, 0
455000, 65536, 1, 0, 0
456000, 300332, 1, 0, 0
457000, 88064, 1, 0, 0
458000, 119808, 1, 0, 0
459000, 55351, 1, 0, 0
460000, 143360, 1, 0, 0
461000, 133253, 1, 0, 0
462000, 86016, 1, 0, 0
463000, 89088, 1, 0, 0
464000, 74826, 1, 0, 0
465000, 89088, 1, 0, 0
466001, 55296, 1, 0, 0
467000, 107627, 1, 0, 0
468000, 101376, 1, 0, 0
469000, 159903, 1, 0, 0
470000, 165888, 1, 0, 0
471000, 104448, 1, 0, 0
472000, 93277, 1, 0, 0
473000, 235520, 1, 0, 0
474000, 169129, 1, 0, 0
475000, 133120, 1, 0, 0
476000, 102400, 1, 0, 0
477000, 174254, 1, 0, 0
478000, 247808, 1, 0, 0
479000, 166912, 1, 0, 0
480000, 194754, 1, 0, 0
481000, 217088, 1, 0, 0
482000, 120952, 1, 0, 0
483000, 66560, 1, 0, 0
484000, 102400, 1, 0, 0
485000, 192704, 1, 0, 0
486000, 104448, 1, 0, 0
487000, 159903, 1, 0, 0
488000, 137216, 1, 0, 0
489000, 145408, 1, 0, 0
490000, 125053, 1, 0, 0
491000, 126976, 1, 0, 0
492000, 73801, 1, 0, 0
493000, 177152, 1, 0, 0
494000, 209920, 1, 0, 0
495000, 308532, 1, 0, 0
496000, 256000, 1, 0, 0
497000, 205005, 1, 0, 0
498000, 163840, 1, 0, 0
499001, 142336, 1, 0, 0
500000, 93277, 1, 0, 0
501000, 63488, 1, 0, 0
502000, 65601, 1, 0, 0
503000, 107520, 1, 0, 0
504000, 160928, 1, 0, 0
505000, 212992, 1, 0, 0
506000, 111616, 1, 0, 0
507000, 334158, 1, 0, 0
508000, 423936, 1, 0, 0
509000, 283931, 1, 0, 0
510000, 132096, 1, 0, 0
511001, 162816, 1, 0, 0
512000, 188604, 1, 0, 0
513000, 179200, 1, 0, 0
514000, 118902, 1, 0, 0
515000, 210944, 1, 0, 0
516000, 301357, 1, 0, 0
517000, 279552, 1, 0, 0
518000, 87127, 1, 0, 0
519000, 114688, 1, 0, 0
520000, 333824, 1, 0, 0
521000, 96352, 1, 0, 0
522000, 44032, 1, 0, 0
523000, 63551, 1, 0, 0
524000, 75776, 1, 0, 0
525000, 87127, 1, 0, 0
526000, 121856, 1, 0, 0
527000, 156672, 1, 0, 0
528000, 207055, 1, 0, 0
529000, 129024, 1, 0, 0
530000, 86102, 1, 0, 0
531000, 168960, 1, 0, 0
532001, 43008, 1, 0, 0
533000, 65601, 1, 0, 0
534000, 32768, 1, 0, 0
535000, 71751, 1, 0, 0
536000, 73728, 1, 0, 0
537000, 218330, 1, 0, 0
538000, 126976, 1, 0, 0
539000, 64576, 1, 0, 0
540000, 91136, 1, 0, 0
541000, 46080, 1, 0, 0
542000, 140428, 1, 0, 0
543000, 155648, 1, 0, 0
544000, 350558, 1, 0, 0
545000, 259072, 1, 0, 0
546001, 200704, 1, 0, 0
547000, 273681, 1, 0, 0
548000, 297984, 1, 0, 0
549000, 55351, 1, 0, 0
550000, 142336, 1, 0, 0
551000, 66626, 1, 0, 0
552000, 96256, 1, 0, 0
553000, 38912, 1, 0, 0
554000, 203979, 1, 0, 0
555000, 69632, 1, 0, 0
556000, 172204, 1, 0, 0
557000, 264192, 1, 0, 0
558000, 82944, 1, 0, 0
559000, 111727, 1, 0, 0
560000, 64512, 1, 0, 0
561000, 115827, 1, 0, 0
562000, 211968, 1, 0, 0
563000, 234496, 1, 0, 0
564000, 294182, 1, 0, 0
565000, 164864, 1, 0, 0
566000, 104552, 1, 0, 0
567000, 353280, 1, 0, 0
568000, 178176, 1, 0, 0
569000, 135303, 1, 0, 0
570000, 93184, 1, 0, 0
571000, 69701, 1, 0, 0
572000, 151552, 1, 0, 0
573000, 100352, 1, 0, 0
574000, 355683, 1, 0, 0
575000, 186368, 1, 0, 0
576000, 86102, 1, 0, 0
577000, 173056, 1, 0, 0
578000, 192512, 1, 0, 0
579000, 58426, 1, 0, 0
580000, 149504, 1, 0, 0
581000, 256256, 1, 0, 0
582000, 233472, 1, 0, 0
583001, 278528, 1, 0, 0
584000, 234730, 1, 0, 0
585000, 150528, 1, 0, 0
586000, 69701, 1, 0, 0
587000, 219136, 1, 0, 0
588000, 162816, 1, 0, 0
589000, 102502, 1, 0, 0
590000, 90112, 1, 0, 0
591000, 176304, 1, 0, 0
592000, 175104, 1, 0, 0
593000, 196804, 1, 0, 0
594000, 190464, 1, 0, 0
595001, 207872, 1, 0, 0
596000, 51251, 1, 0, 0
597000, 81920, 1, 0, 0
598000, 198854, 1, 0, 0
599000, 148480, 1, 0, 0
600000, 112640, 1, 0, 0
