1000, 373760, 1, 0, 0
2000, 159744, 1, 0, 0
3000, 134278, 1, 0, 0
4000, 140288, 1, 0, 0
5000, 160768, 1, 0, 0
6000, 142336, 1, 0, 0
7000, 138240, 1, 0, 0
8000, 149504, 1, 0, 0
9000, 162816, 1, 0, 0
10000, 171008, 1, 0, 0
11000, 172204, 1, 0, 0
12000, 144384, 1, 0, 0
13000, 145408, 1, 0, 0
14000, 143360, 1, 0, 0
15000, 142336, 1, 0, 0
16000, 138240, 1, 0, 0
17000, 117760, 1, 0, 0
18000, 100352, 1, 0, 0
19000, 138240, 1, 0, 0
20000, 118902, 1, 0, 0
21000, 147456, 1, 0, 0
22000, 141312, 1, 0, 0
23000, 114688, 1, 0, 0
24000, 161792, 1, 0, 0
25000, 130048, 1, 0, 0
26000, 157696, 1, 0, 0
27000, 97280, 1, 0, 0
28000, 142336, 1, 0, 0
29000, 167079, 1, 0, 0
30000, 195584, 1, 0, 0
31000, 179200, 1, 0, 0
32000, 173056, 1, 0, 0
33000, 182272, 1, 0, 0
34000, 155648, 1, 0, 0
35000, 129024, 1, 0, 0
36000, 200704, 1, 0, 0
37000, 184320, 1, 0, 0
38000, 137216, 1, 0, 0
39000, 111727, 1, 0, 0
40000, 115712, 1, 0, 0
41000, 116736, 1, 0, 0
42000, 134144, 1, 0, 0
43000, 123904, 1, 0, 0
44000, 124928, 1, 0, 0
45000, 133120, 1, 0, 0
46000, 141312, 1, 0, 0
47000, 129153, 1, 0, 0
48000, 126976, 1, 0, 0
49000, 105472, 1, 0, 0
50000, 122880, 1, 0, 0
51000, 137216, 1, 0, 0
52000, 175104, 1, 0, 0
53000, 190654, 1, 0, 0
54000, 175104, 1, 0, 0
55000, 164864, 1, 0, 0
56000, 134144, 1, 0, 0
57000, 131072, 1, 0, 0
58000, 154624, 1, 0, 0
59000, 195584, 1, 0, 0
60000, 198656, 1, 0, 0
61000, 228352, 1, 0, 0
62000, 226530, 1, 0, 0
63000, 185344, 1, 0, 0
64000, 182272, 1, 0, 0
65000, 191488, 1, 0, 0
66000, 186368, 1, 0, 0
67000, 166912, 1, 0, 0
68000, 159744, 1, 0, 0
69000, 154624, 1, 0, 0
70000, 162816, 1, 0, 0
71000, 152728, 1, 0, 0
72000, 132096, 1, 0, 0
73000, 202752, 1, 0, 0
74000, 189440, 1, 0, 0
75000, 169984, 1, 0, 0
76000, 123904, 1, 0, 0
77000, 100352, 1, 0, 0
78000, 173056, 1, 0, 0
79000, 168960, 1, 0, 0
80000, 189440, 1, 0, 0
81000, 142478, 1, 0, 0
82000, 121856, 1, 0, 0
83000, 140288, 1, 0, 0
84000, 145408, 1, 0, 0
85000, 143360, 1, 0, 0
86000, 143360, 1, 0, 0
87000, 143360, 1, 0, 0
88000, 142336, 1, 0, 0
89000, 225280, 1, 0, 0
90000, 235520, 1, 0, 0
91000, 180224, 1, 0, 0
92000, 201728, 1, 0, 0
93000, 289057, 1, 0, 0
94000, 235520, 1, 0, 0
95000, 242688, 1, 0, 0
96000, 231424, 1, 0, 0
97000, 173056, 1, 0, 0
98000, 223232, 1, 0, 0
99000, 200704, 1, 0, 0
100000, 202752, 1, 0, 0
101000, 177152, 1, 0, 0
102000, 225280, 1, 0, 0
103000, 124928, 1, 0, 0
104000, 176304, 1, 0, 0
105000, 155648, 1, 0, 0
106000, 145408, 1, 0, 0
107000, 182272, 1, 0, 0
108000, 100352, 1, 0, 0
109000, 175104, 1, 0, 0
110000, 240640, 1, 0, 0
111000, 236544, 1, 0, 0
112000, 210944, 1, 0, 0
113000, 294912, 1, 0, 0
114000, 256256, 1, 0, 0
115000, 232448, 1, 0, 0
116000, 96256, 1, 0, 0
117000, 55296, 1, 0, 0
118000, 51200, 1, 0, 0
119000, 74752, 1, 0, 0
120000, 132096, 1, 0, 0
121000, 172032, 1, 0, 0
122000, 157696, 1, 0, 0
123000, 117760, 1, 0, 0
124000, 146432, 1, 0, 0
125000, 183479, 1, 0, 0
126000, 165888, 1, 0, 0
127000, 157696, 1, 0, 0
128000, 150528, 1, 0, 0
129000, 143360, 1, 0, 0
130000, 147456, 1, 0, 0
131000, 141312, 1, 0, 0
132000, 123904, 1, 0, 0
133000, 92160, 1, 0, 0
134000, 134144, 1, 0, 0
135000, 104552, 1, 0, 0
136000, 68608, 1, 0, 0
137000, 209920, 1, 0, 0
138000, 131072, 1, 0, 0
139000, 73728, 1, 0, 0
140000, 100352, 1, 0, 0
141000, 123904, 1, 0, 0
142000, 147456, 1, 0, 0
143000, 108544, 1, 0, 0
144000, 54272, 1, 0, 0
145000, 129024, 1, 0, 0
146001, 146432, 1, 0, 0
147000, 148628, 1, 0, 0
148000, 145408, 1, 0, 0
149000, 146432, 1, 0, 0
150000, 145408, 1, 0, 0
151000, 155648, 1, 0, 0
152000, 158720, 1, 0, 0
153000, 242688, 1, 0, 0
154000, 185344, 1, 0, 0
155000, 202752, 1, 0, 0
156000, 135168, 1, 0, 0
157000, 145408, 1, 0, 0
158000, 167079, 1, 0, 0
159000, 162816, 1, 0, 0
160000, 149504, 1, 0, 0
161000, 177152, 1, 0, 0
162000, 157696, 1, 0, 0
163000, 134144, 1, 0, 0
164000, 147603, 1, 0, 0
165000, 86016, 1, 0, 0
166000, 81920, 1, 0, 0
167000, 66560, 1, 0, 0
168000, 163840, 1, 0, 0
169000, 143360, 1, 0, 0
170000, 140288, 1, 0, 0
171000, 139403, 1, 0, 0
172000, 142336, 1, 0, 0
173000, 149504, 1, 0, 0
174000, 140288, 1, 0, 0
175000, 114688, 1, 0, 0
176000, 98304, 1, 0, 0
177000, 66626, 1, 0, 0
178000, 86016, 1, 0, 0
179000, 113664, 1, 0, 0
180000, 131072, 1, 0, 0
181000, 177152, 1, 0, 0
182000, 99427, 1, 0, 0
183000, 128000, 1, 0, 0
184000, 161792, 1, 0, 0
185000, 148480, 1, 0, 0
186000, 100352, 1, 0, 0
187000, 158720, 1, 0, 0
188000, 120952, 1, 0, 0
189000, 104448, 1, 0, 0
190000, 76800, 1, 0, 0
191000, 131072, 1, 0, 0
192000, 136192, 1, 0, 0
193000, 145408, 1, 0, 0
194000, 143503, 1, 0, 0
195000, 117760, 1, 0, 0
196000, 104448, 1, 0, 0
197000, 131072, 1, 0, 0
198000, 110592, 1, 0, 0
199000, 91136, 1, 0, 0
200000, 104448, 1, 0, 0
201000, 73728, 1, 0, 0
202000, 56320, 1, 0, 0
203000, 56320, 1, 0, 0
204000, 125053, 1, 0, 0
205000, 126976, 1, 0, 0
206000, 122880, 1, 0, 0
207000, 72704, 1, 0, 0
208000, 66560, 1, 0, 0
209000, 78848, 1, 0, 0
210000, 89088, 1, 0, 0
211000, 103424, 1, 0, 0
212000, 182272, 1, 0, 0
213000, 228352, 1, 0, 0
214000, 145408, 1, 0, 0
215000, 148628, 1, 0, 0
216000, 207872, 1, 0, 0
217000, 203776, 1, 0, 0
218000, 165888, 1, 0, 0
219000, 150528, 1, 0, 0
220000, 227555, 1, 0, 0
221000, 205824, 1, 0, 0
222000, 180224, 1, 0, 0
223000, 174080, 1, 0, 0
224000, 176304, 1, 0, 0
225000, 155648, 1, 0, 0
226000, 175104, 1, 0, 0
227000, 160768, 1, 0, 0
228000, 164864, 1, 0, 0
229000, 166912, 1, 0, 0
230000, 101376, 1, 0, 0
231000, 69632, 1, 0, 0
232000, 113664, 1, 0, 0
233000, 155648, 1, 0, 0
234000, 101477, 1, 0, 0
235000, 158720, 1, 0, 0
236000, 123904, 1, 0, 0
237000, 136192, 1, 0, 0
238000, 116736, 1, 0, 0
239000, 152576, 1, 0, 0
240000, 169984, 1, 0, 0
241000, 218112, 1, 0, 0
242000, 204800, 1, 0, 0
243000, 220160, 1, 0, 0
244000, 164864, 1, 0, 0
245000, 227555, 1, 0, 0
246000, 178176, 1, 0, 0
247000, 157696, 1, 0, 0
248000, 188416, 1, 0, 0
249000, 140288, 1, 0, 0
250000, 151552, 1, 0, 0
251000, 110592, 1, 0, 0
252000, 137216, 1, 0, 0
253000, 187392, 1, 0, 0
254000, 151552, 1, 0, 0
255001, 111616, 1, 0, 0
256000, 148628, 1, 0, 0
257000, 133120, 1, 0, 0
258000, 139264, 1, 0, 0
259000, 171008, 1, 0, 0
260000, 168960, 1, 0, 0
261000, 139264, 1, 0, 0
262000, 140288, 1, 0, 0
263000, 137216, 1, 0, 0
264000, 113664, 1, 0, 0
265000, 140288, 1, 0, 0
266000, 60476, 1, 0, 0
267000, 134144, 1, 0, 0
268000, 94208, 1, 0, 0
269000, 204800, 1, 0, 0
270000, 208896, 1, 0, 0
271000, 160768, 1, 0, 0
272000, 143360, 1, 0, 0
273000, 82944, 1, 0, 0
274000, 62464, 1, 0, 0
275000, 99328, 1, 0, 0
276000, 81920, 1, 0, 0
277000, 114802, 1, 0, 0
278000, 146432, 1, 0, 0
279000, 132096, 1, 0, 0
280000, 132096, 1, 0, 0
281000, 125952, 1, 0, 0
282000, 130048, 1, 0, 0
283000, 176128, 1, 0, 0
284000, 138240, 1, 0, 0
285000, 162816, 1, 0, 0
286000, 110702, 1, 0, 0
287000, 121856, 1, 0, 0
288000, 119808, 1, 0, 0
289000, 129024, 1, 0, 0
290000, 135168, 1, 0, 0
291000, 128000, 1, 0, 0
292000, 118784, 1, 0, 0
293000, 80896, 1, 0, 0
294000, 116736, 1, 0, 0
295000, 101477, 1, 0, 0
296000, 68608, 1, 0, 0
297000, 54272, 1, 0, 0
298000, 68608, 1, 0, 0
299000, 60416, 1, 0, 0
300000, 107520, 1, 0, 0
301000, 136192, 1, 0, 0
302000, 147603, 1, 0, 0
303000, 132096, 1, 0, 0
304000, 102400, 1, 0, 0
305000, 162816, 1, 0, 0
306000, 188416, 1, 0, 0
307000, 211968, 1, 0, 0
308000, 173229, 1, 0, 0
309000, 142336, 1, 0, 0
310000, 132096, 1, 0, 0
311000, 126976, 1, 0, 0
312000, 133120, 1, 0, 0
313000, 173056, 1, 0, 0
314000, 128000, 1, 0, 0
315000, 143503, 1, 0, 0
316000, 141312, 1, 0, 0
317000, 145408, 1, 0, 0
318000, 112640, 1, 0, 0
319000, 175104, 1, 0, 0
320000, 131072, 1, 0, 0
321000, 133120, 1, 0, 0
322000, 123003, 1, 0, 0
323000, 125952, 1, 0, 0
324000, 109568, 1, 0, 0
325000, 155648, 1, 0, 0
326000, 141312, 1, 0, 0
327000, 151552, 1, 0, 0
328000, 104448, 1, 0, 0
329000, 132228, 1, 0, 0
330000, 148480, 1, 0, 0
331000, 139264, 1, 0, 0
332000, 122880, 1, 0, 0
333000, 142336, 1, 0, 0
334000, 164864, 1, 0, 0
335000, 147456, 1, 0, 0
336000, 177329, 1, 0, 0
337000, 205824, 1, 0, 0
338000, 185344, 1, 0, 0
339000, 149504, 1, 0, 0
340000, 133253, 1, 0, 0
341000, 130048, 1, 0, 0
342000, 101376, 1, 0, 0
343000, 109568, 1, 0, 0
344000, 117760, 1, 0, 0
345000, 163840, 1, 0, 0
346000, 138378, 1, 0, 0
347000, 140288, 1, 0, 0
348000, 142336, 1, 0, 0
349000, 141312, 1, 0, 0
350000, 154624, 1, 0, 0
351000, 148480, 1, 0, 0
352000, 147456, 1, 0, 0
353000, 138240, 1, 0, 0
354000, 114688, 1, 0, 0
355000, 165029, 1, 0, 0
356000, 160768, 1, 0, 0
357000, 110592, 1, 0, 0
358000, 143360, 1, 0, 0
359001, 150528, 1, 0, 0
360000, 145553, 1, 0, 0
361000, 157696, 1, 0, 0
362000, 169984, 1, 0, 0
363000, 183296, 1, 0, 0
364000, 161792, 1, 0, 0
365000, 126976, 1, 0, 0
366000, 127103, 1, 0, 0
367000, 116736, 1, 0, 0
368000, 105472, 1, 0, 0
369000, 102400, 1, 0, 0
370000, 154624, 1, 0, 0
371000, 122880, 1, 0, 0
372000, 136328, 1, 0, 0
373000, 125952, 1, 0, 0
374000, 155648, 1, 0, 0
375000, 153600, 1, 0, 0
376000, 139264, 1, 0, 0
377000, 131072, 1, 0, 0
378000, 128000, 1, 0, 0
379000, 103527, 1, 0, 0
380000, 88064, 1, 0, 0
381000, 81920, 1, 0, 0
382000, 113664, 1, 0, 0
383000, 119808, 1, 0, 0
384000, 111616, 1, 0, 0
385000, 135168, 1, 0, 0
386000, 112640, 1, 0, 0
387000, 100452, 1, 0, 0
388000, 84992, 1, 0, 0
389000, 126976, 1, 0, 0
390000, 143360, 1, 0, 0
391000, 141312, 1, 0, 0
392000, 143360, 1, 0, 0
393000, 144384, 1, 0, 0
394000, 144384, 1, 0, 0
395000, 142336, 1, 0, 0
396000, 143360, 1, 0, 0
397000, 143503, 1, 0, 0
398000, 144384, 1, 0, 0
399000, 142336, 1, 0, 0
400000, 144384, 1, 0, 0
401000, 143360, 1, 0, 0
402000, 143360, 1, 0, 0
403000, 142336, 1, 0, 0
404000, 143360, 1, 0, 0
405001, 144384, 1, 0, 0
406000, 143503, 1, 0, 0
407000, 142336, 1, 0, 0
408000, 97280, 1, 0, 0
409000, 117760, 1, 0, 0
410000, 133120, 1, 0, 0
411000, 122880, 1, 0, 0
412000, 78848, 1, 0, 0
413000, 105577, 1, 0, 0
414000, 84992, 1, 0, 0
415000, 79872, 1, 0, 0
416000, 117760, 1, 0, 0
417000, 161792, 1, 0, 0
418000, 105472, 1, 0, 0
419000, 141453, 1, 0, 0
420000, 96256, 1, 0, 0
421000, 122880, 1, 0, 0
422000, 130048, 1, 0, 0
423000, 130048, 1, 0, 0
424000, 120832, 1, 0, 0
425000, 148480, 1, 0, 0
426000, 91136, 1, 0, 0
427000, 93277, 1, 0, 0
428000, 132096, 1, 0, 0
429000, 146432, 1, 0, 0
430000, 190464, 1, 0, 0
431000, 143360, 1, 0, 0
432000, 183296, 1, 0, 0
433000, 161953, 1, 0, 0
434000, 203776, 1, 0, 0
435000, 181248, 1, 0, 0
436000, 189440, 1, 0, 0
437000, 211968, 1, 0, 0
438000, 171008, 1, 0, 0
439000, 142478, 1, 0, 0
440000, 131072, 1, 0, 0
441000, 99328, 1, 0, 0
442000, 120832, 1, 0, 0
443000, 130048, 1, 0, 0
444000, 130048, 1, 0, 0
445000, 97280, 1, 0, 0
446000, 68608, 1, 0, 0
447000, 77824, 1, 0, 0
448000, 67584, 1, 0, 0
449000, 134278, 1, 0, 0
450000, 143360, 1, 0, 0
451000, 116736, 1, 0, 0
452000, 117760, 1, 0, 0
453000, 163840, 1, 0, 0
454000, 95232, 1, 0, 0
455000, 145408, 1, 0, 0
456000, 193536, 1, 0, 0
457000, 128000, 1, 0, 0
458000, 129024, 1, 0, 0
459000, 132096, 1, 0, 0
460001, 116736, 1, 0, 0
461000, 179379, 1, 0, 0
462000, 192512, 1, 0, 0
463000, 175104, 1, 0, 0
464000, 198656, 1, 0, 0
465000, 178176, 1, 0, 0
466000, 155648, 1, 0, 0
467000, 153600, 1, 0, 0
468000, 145408, 1, 0, 0
469000, 142336, 1, 0, 0
470000, 136192, 1, 0, 0
471000, 180404, 1, 0, 0
472000, 165888, 1, 0, 0
473000, 174080, 1, 0, 0
474000, 171008, 1, 0, 0
475000, 164864, 1, 0, 0
476000, 193536, 1, 0, 0
477000, 133120, 1, 0, 0
478000, 193536, 1, 0, 0
479000, 206848, 1, 0, 0
480000, 159744, 1, 0, 0
481000, 150678, 1, 0, 0
482000, 258048, 1, 0, 0
483000, 202752, 1, 0, 0
484000, 187392, 1, 0, 0
485000, 164864, 1, 0, 0
486000, 68608, 1, 0, 0
487000, 39936, 1, 0, 0
488000, 66560, 1, 0, 0
489000, 165888, 1, 0, 0
490000, 87040, 1, 0, 0
491000, 114688, 1, 0, 0
492000, 115827, 1, 0, 0
493000, 186368, 1, 0, 0
494000, 215040, 1, 0, 0
495000, 144384, 1, 0, 0
496000, 168960, 1, 0, 0
497000, 136192, 1, 0, 0
498000, 146432, 1, 0, 0
499000, 175104, 1, 0, 0
500000, 110592, 1, 0, 0
501000, 179200, 1, 0, 0
502000, 146578, 1, 0, 0
503000, 125952, 1, 0, 0
504000, 168960, 1, 0, 0
505000, 232448, 1, 0, 0
506000, 164864, 1, 0, 0
507000, 146432, 1, 0, 0
508000, 143360, 1, 0, 0
509000, 158878, 1, 0, 0
510000, 196608, 1, 0, 0
511000, 120832, 1, 0, 0
512000, 79872, 1, 0, 0
513000, 167079, 1, 0, 0
514000, 157696, 1, 0, 0
515000, 160768, 1, 0, 0
516000, 163840, 1, 0, 0
517000, 149504, 1, 0, 0
518000, 139403, 1, 0, 0
519000, 103424, 1, 0, 0
520000, 114688, 1, 0, 0
521000, 146432, 1, 0, 0
522000, 153600, 1, 0, 0
523000, 103424, 1, 0, 0
524000, 177329, 1, 0, 0
525000, 147456, 1, 0, 0
526000, 142336, 1, 0, 0
527000, 146432, 1, 0, 0
528000, 142478, 1, 0, 0
529000, 210944, 1, 0, 0
530000, 128000, 1, 0, 0
531000, 130178, 1, 0, 0
532000, 124928, 1, 0, 0
533000, 102400, 1, 0, 0
534000, 58368, 1, 0, 0
535000, 147456, 1, 0, 0
536000, 164864, 1, 0, 0
537000, 146432, 1, 0, 0
538000, 125952, 1, 0, 0
539000, 141312, 1, 0, 0
540000, 182454, 1, 0, 0
541000, 100352, 1, 0, 0
542000, 190464, 1, 0, 0
543000, 212992, 1, 0, 0
544000, 181248, 1, 0, 0
545000, 168960, 1, 0, 0
546000, 175104, 1, 0, 0
547000, 134144, 1, 0, 0
548000, 169984, 1, 0, 0
549000, 103424, 1, 0, 0
550000, 86016, 1, 0, 0
551000, 136192, 1, 0, 0
552000, 110702, 1, 0, 0
553000, 115712, 1, 0, 0
554000, 80896, 1, 0, 0
555000, 82944, 1, 0, 0
556000, 78848, 1, 0, 0
557000, 122880, 1, 0, 0
558000, 120832, 1, 0, 0
559000, 51200, 1, 0, 0
560000, 53248, 1, 0, 0
561000, 119808, 1, 0, 0
562000, 80896, 1, 0, 0
563000, 88152, 1, 0, 0
564000, 114688, 1, 0, 0
565000, 63488, 1, 0, 0
566000, 92160, 1, 0, 0
567000, 153600, 1, 0, 0
568000, 143360, 1, 0, 0
569000, 81920, 1, 0, 0
570000, 161792, 1, 0, 0
571000, 142336, 1, 0, 0
572000, 156672, 1, 0, 0
573001, 174080, 1, 0, 0
574000, 128128, 1, 0, 0
575000, 90112, 1, 0, 0
576000, 136192, 1, 0, 0
577000, 167936, 1, 0, 0
578000, 197632, 1, 0, 0
579000, 198656, 1, 0, 0
580000, 171008, 1, 0, 0
581000, 179200, 1, 0, 0
582000, 147456, 1, 0, 0
583000, 193729, 1, 0, 0
584000, 190464, 1, 0, 0
585000, 201728, 1, 0, 0
586000, 161792, 1, 0, 0
587000, 160768, 1, 0, 0
588000, 177152, 1, 0, 0
589000, 182272, 1, 0, 0
590000, 201728, 1, 0, 0
591000, 168960, 1, 0, 0
592000, 164004, 1, 0, 0
593000, 117760, 1, 0, 0
594000, 108544, 1, 0, 0
595000, 153600, 1, 0, 0
596000, 126078, 1, 0, 0
597000, 107520, 1, 0, 0
598000, 95232, 1, 0, 0
599000, 98304, 1, 0, 0
600000, 119808, 1, 0, 0
601000, 121856, 1, 0, 0
602000, 96256, 1, 0, 0
603000, 124928, 1, 0, 0
604000, 117760, 1, 0, 0
605000, 116852, 1, 0, 0
606000, 91136, 1, 0, 0
607000, 80896, 1, 0, 0
608000, 121856, 1, 0, 0
609000, 184320, 1, 0, 0
610000, 139264, 1, 0, 0
611000, 191488, 1, 0, 0
612000, 145408, 1, 0, 0
613000, 204800, 1, 0, 0
614000, 183479, 1, 0, 0
615000, 179200, 1, 0, 0
616000, 229376, 1, 0, 0
617000, 142336, 1, 0, 0
618000, 162816, 1, 0, 0
619000, 194560, 1, 0, 0
620000, 161792, 1, 0, 0
621000, 179200, 1, 0, 0
622000, 146432, 1, 0, 0
623000, 134144, 1, 0, 0
624000, 147603, 1, 0, 0
625000, 144384, 1, 0, 0
626000, 147456, 1, 0, 0
627000, 146432, 1, 0, 0
628000, 147456, 1, 0, 0
629000, 149504, 1, 0, 0
630000, 149504, 1, 0, 0
631000, 145408, 1, 0, 0
632000, 153600, 1, 0, 0
633000, 118784, 1, 0, 0
634000, 153753, 1, 0, 0
635000, 177152, 1, 0, 0
636000, 200704, 1, 0, 0
637000, 205824, 1, 0, 0
638000, 183296, 1, 0, 0
639000, 145408, 1, 0, 0
640000, 156672, 1, 0, 0
641000, 184320, 1, 0, 0
642000, 172032, 1, 0, 0
643000, 186554, 1, 0, 0
644000, 210944, 1, 0, 0
645000, 129024, 1, 0, 0
646000, 191488, 1, 0, 0
647000, 126976, 1, 0, 0
648000, 131072, 1, 0, 0
649000, 151552, 1, 0, 0
650000, 136192, 1, 0, 0
651000, 107627, 1, 0, 0
652000, 133120, 1, 0, 0
653000, 117760, 1, 0, 0
654000, 114688, 1, 0, 0
655000, 113664, 1, 0, 0
656000, 133120, 1, 0, 0
657000, 151552, 1, 0, 0
658001, 159744, 1, 0, 0
659000, 158878, 1, 0, 0
660000, 230400, 1, 0, 0
661000, 187392, 1, 0, 0
662000, 197632, 1, 0, 0
663000, 135168, 1, 0, 0
664000, 123904, 1, 0, 0
665000, 119927, 1, 0, 0
666000, 134144, 1, 0, 0
667000, 115712, 1, 0, 0
668000, 98304, 1, 0, 0
669000, 120952, 1, 0, 0
670000, 164864, 1, 0, 0
671000, 232448, 1, 0, 0
672000, 216064, 1, 0, 0
673000, 234730, 1, 0, 0
674000, 221184, 1, 0, 0
675000, 195584, 1, 0, 0
676000, 171008, 1, 0, 0
677000, 223455, 1, 0, 0
678000, 193536, 1, 0, 0
679000, 160768, 1, 0, 0
680000, 161792, 1, 0, 0
681000, 186368, 1, 0, 0
682000, 168104, 1, 0, 0
683000, 204800, 1, 0, 0
684000, 220160, 1, 0, 0
685000, 206848, 1, 0, 0
686000, 139403, 1, 0, 0
687000, 116736, 1, 0, 0
688000, 135168, 1, 0, 0
689000, 160768, 1, 0, 0
690000, 151552, 1, 0, 0
691000, 159744, 1, 0, 0
692000, 132096, 1, 0, 0
693000, 142336, 1, 0, 0
694001, 129024, 1, 0, 0
695000, 151703, 1, 0, 0
696000, 139264, 1, 0, 0
697000, 105472, 1, 0, 0
698000, 110592, 1, 0, 0
699000, 119808, 1, 0, 0
700000, 144384, 1, 0, 0
701000, 133120, 1, 0, 0
702000, 166912, 1, 0, 0
703000, 83968, 1, 0, 0
704000, 150678, 1, 0, 0
705000, 130048, 1, 0, 0
706000, 151552, 1, 0, 0
707000, 140288, 1, 0, 0
708000, 97280, 1, 0, 0
709000, 90112, 1, 0, 0
710000, 93184, 1, 0, 0
711000, 109568, 1, 0, 0
712000, 119808, 1, 0, 0
713000, 161953, 1, 0, 0
714000, 93184, 1, 0, 0
715000, 80896, 1, 0, 0
716000, 115712, 1, 0, 0
717000, 128000, 1, 0, 0
718000, 118784, 1, 0, 0
719000, 115712, 1, 0, 0
720000, 134144, 1, 0, 0
721000, 111616, 1, 0, 0
722000, 111727, 1, 0, 0
723000, 121856, 1, 0, 0
724000, 148480, 1, 0, 0
725000, 144384, 1, 0, 0
726000, 136192, 1, 0, 0
727000, 125952, 1, 0, 0
728000, 154624, 1, 0, 0
729000, 143360, 1, 0, 0
730000, 144528, 1, 0, 0
731000, 149504, 1, 0, 0
732000, 142336, 1, 0, 0
733000, 125952, 1, 0, 0
734000, 110592, 1, 0, 0
735000, 88064, 1, 0, 0
736000, 94208, 1, 0, 0
737000, 84992, 1, 0, 0
738000, 88064, 1, 0, 0
739000, 92252, 1, 0, 0
740000, 128000, 1, 0, 0
741000, 136192, 1, 0, 0
742000, 143360, 1, 0, 0
743000, 147456, 1, 0, 0
744000, 149504, 1, 0, 0
745000, 159744, 1, 0, 0
746000, 116736, 1, 0, 0
747000, 146432, 1, 0, 0
748000, 161792, 1, 0, 0
749000, 169129, 1, 0, 0
750000, 158720, 1, 0, 0
751000, 132096, 1, 0, 0
752000, 105472, 1, 0, 0
753000, 154624, 1, 0, 0
754000, 153600, 1, 0, 0
755000, 183296, 1, 0, 0
756000, 174080, 1, 0, 0
757000, 192512, 1, 0, 0
758000, 160928, 1, 0, 0
759000, 207872, 1, 0, 0
760000, 133120, 1, 0, 0
761000, 190464, 1, 0, 0
762000, 182272, 1, 0, 0
763000, 189440, 1, 0, 0
764000, 191488, 1, 0, 0
765000, 192512, 1, 0, 0
766000, 190464, 1, 0, 0
767000, 191488, 1, 0, 0
768000, 192512, 1, 0, 0
769000, 189440, 1, 0, 0
770001, 181248, 1, 0, 0
771000, 178354, 1, 0, 0
772000, 179200, 1, 0, 0
773000, 180224, 1, 0, 0
774000, 178176, 1, 0, 0
775000, 179200, 1, 0, 0
776000, 184320, 1, 0, 0
777000, 191488, 1, 0, 0
778000, 193536, 1, 0, 0
779000, 189440, 1, 0, 0
780000, 319488, 1, 0, 0
781000, 436224, 1, 0, 0
782000, 427435, 1, 0, 0
783000, 282624, 1, 0, 0
784000, 93184, 1, 0, 0
785000, 97280, 1, 0, 0
786000, 94208, 1, 0, 0
787000, 95327, 1, 0, 0
788000, 94208, 1, 0, 0
789000, 94208, 1, 0, 0
790000, 93184, 1, 0, 0
791000, 99328, 1, 0, 0
792000, 100452, 1, 0, 0
793000, 97280, 1, 0, 0
794000, 97280, 1, 0, 0
