1000, 330752, 1, 0, 0
2001, 137216, 1, 0, 0
3000, 139403, 1, 0, 0
4000, 148480, 1, 0, 0
5000, 144384, 1, 0, 0
6000, 180224, 1, 0, 0
7000, 142336, 1, 0, 0
8000, 136192, 1, 0, 0
9000, 138240, 1, 0, 0
10000, 138240, 1, 0, 0
11000, 132228, 1, 0, 0
12000, 152576, 1, 0, 0
13000, 148480, 1, 0, 0
14000, 181248, 1, 0, 0
15000, 114688, 1, 0, 0
16000, 136192, 1, 0, 0
17000, 137216, 1, 0, 0
18000, 133120, 1, 0, 0
19001, 178176, 1, 0, 0
20000, 177329, 1, 0, 0
21000, 104448, 1, 0, 0
22000, 101376, 1, 0, 0
23000, 119808, 1, 0, 0
24000, 128000, 1, 0, 0
25000, 103424, 1, 0, 0
26000, 152576, 1, 0, 0
27000, 203776, 1, 0, 0
28001, 151552, 1, 0, 0
29000, 128128, 1, 0, 0
30000, 106496, 1, 0, 0
31000, 132096, 1, 0, 0
32000, 142336, 1, 0, 0
33000, 116736, 1, 0, 0
34000, 114688, 1, 0, 0
35000, 147456, 1, 0, 0
36000, 123904, 1, 0, 0
37000, 126976, 1, 0, 0
38001, 141312, 1, 0, 0
39000, 153753, 1, 0, 0
40000, 153600, 1, 0, 0
41000, 152576, 1, 0, 0
42000, 132096, 1, 0, 0
43000, 139264, 1, 0, 0
44000, 148480, 1, 0, 0
45000, 153600, 1, 0, 0
46001, 140288, 1, 0, 0
47000, 158878, 1, 0, 0
48000, 150528, 1, 0, 0
49000, 131072, 1, 0, 0
50000, 142336, 1, 0, 0
51000, 121856, 1, 0, 0
52000, 153600, 1, 0, 0
53000, 130178, 1, 0, 0
54000, 122880, 1, 0, 0
55000, 116736, 1, 0, 0
56000, 209920, 1, 0, 0
57000, 206848, 1, 0, 0
58000, 194560, 1, 0, 0
59000, 147456, 1, 0, 0
60000, 125952, 1, 0, 0
61001, 130048, 1, 0, 0
62000, 126078, 1, 0, 0
63000, 151552, 1, 0, 0
64000, 156672, 1, 0, 0
65000, 147456, 1, 0, 0
66000, 131072, 1, 0, 0
67000, 138240, 1, 0, 0
68000, 161792, 1, 0, 0
69000, 122880, 1, 0, 0
70000, 142336, 1, 0, 0
71000, 157853, 1, 0, 0
72000, 147456, 1, 0, 0
73000, 142336, 1, 0, 0
74000, 144384, 1, 0, 0
75000, 126976, 1, 0, 0
76000, 160768, 1, 0, 0
77000, 174080, 1, 0, 0
78000, 165888, 1, 0, 0
79000, 116736, 1, 0, 0
80000, 124928, 1, 0, 0
81000, 239855, 1, 0, 0
82000, 238592, 1, 0, 0
83000, 240640, 1, 0, 0
84000, 241664, 1, 0, 0
85000, 237568, 1, 0, 0
86000, 232448, 1, 0, 0
87000, 235520, 1, 0, 0
88000, 236544, 1, 0, 0
89000, 63488, 1, 0, 0
90000, 67584, 1, 0, 0
91000, 53248, 1, 0, 0
92000, 94208, 1, 0, 0
93000, 110702, 1, 0, 0
94000, 55296, 1, 0, 0
95000, 67584, 1, 0, 0
96000, 105472, 1, 0, 0
97000, 157696, 1, 0, 0
98000, 140288, 1, 0, 0
99000, 200704, 1, 0, 0
100000, 178176, 1, 0, 0
101000, 174080, 1, 0, 0
102000, 137216, 1, 0, 0
103001, 144384, 1, 0, 0
104000, 130178, 1, 0, 0
105000, 117760, 1, 0, 0
106000, 167936, 1, 0, 0
107000, 136192, 1, 0, 0
108000, 166912, 1, 0, 0
109000, 122880, 1, 0, 0
110000, 78848, 1, 0, 0
111000, 83968, 1, 0, 0
112000, 64512, 1, 0, 0
113001, 64512, 1, 0, 0
114000, 130178, 1, 0, 0
115000, 154624, 1, 0, 0
116000, 177152, 1, 0, 0
117000, 233472, 1, 0, 0
118000, 273408, 1, 0, 0
119000, 262144, 1, 0, 0
120000, 239616, 1, 0, 0
121000, 250880, 1, 0, 0
122000, 238592, 1, 0, 0
123000, 262144, 1, 0, 0
124001, 215040, 1, 0, 0
125000, 134278, 1, 0, 0
126000, 207872, 1, 0, 0
127000, 181248, 1, 0, 0
128000, 238592, 1, 0, 0
129000, 272384, 1, 0, 0
130000, 253952, 1, 0, 0
131000, 236544, 1, 0, 0
132000, 197632, 1, 0, 0
133000, 249856, 1, 0, 0
134000, 252928, 1, 0, 0
135000, 193729, 1, 0, 0
136000, 214016, 1, 0, 0
137000, 226304, 1, 0, 0
138000, 178176, 1, 0, 0
139000, 192512, 1, 0, 0
140000, 225280, 1, 0, 0
141000, 139264, 1, 0, 0
142000, 155648, 1, 0, 0
143000, 168960, 1, 0, 0
144000, 215040, 1, 0, 0
145000, 251904, 1, 0, 0
146001, 181248, 1, 0, 0
147000, 196804, 1, 0, 0
148000, 163840, 1, 0, 0
149000, 212992, 1, 0, 0
150000, 169984, 1, 0, 0
151000, 259072, 1, 0, 0
152000, 185344, 1, 0, 0
153000, 184320, 1, 0, 0
154000, 184320, 1, 0, 0
155000, 151552, 1, 0, 0
156000, 153600, 1, 0, 0
157001, 151552, 1, 0, 0
158000, 185529, 1, 0, 0
159000, 164864, 1, 0, 0
160000, 150528, 1, 0, 0
161000, 145408, 1, 0, 0
162000, 150528, 1, 0, 0
163000, 157696, 1, 0, 0
164000, 88152, 1, 0, 0
165000, 101376, 1, 0, 0
166000, 191488, 1, 0, 0
167000, 223232, 1, 0, 0
168000, 107520, 1, 0, 0
169000, 175104, 1, 0, 0
170001, 144384, 1, 0, 0
171000, 151703, 1, 0, 0
172000, 179200, 1, 0, 0
173000, 221184, 1, 0, 0
174000, 201728, 1, 0, 0
175000, 177152, 1, 0, 0
176001, 179200, 1, 0, 0
177000, 189629, 1, 0, 0
178000, 196608, 1, 0, 0
179000, 167936, 1, 0, 0
180000, 180224, 1, 0, 0
181001, 79872, 1, 0, 0
182000, 128128, 1, 0, 0
183000, 147456, 1, 0, 0
184000, 110592, 1, 0, 0
185000, 92160, 1, 0, 0
186000, 80896, 1, 0, 0
187001, 94208, 1, 0, 0
188000, 186554, 1, 0, 0
189000, 186368, 1, 0, 0
190000, 148480, 1, 0, 0
191000, 139264, 1, 0, 0
192000, 50176, 1, 0, 0
193001, 132096, 1, 0, 0
194000, 134278, 1, 0, 0
195000, 121856, 1, 0, 0
196000, 212992, 1, 0, 0
197000, 201728, 1, 0, 0
198000, 162816, 1, 0, 0
199000, 160768, 1, 0, 0
200000, 176128, 1, 0, 0
201000, 184320, 1, 0, 0
202000, 206848, 1, 0, 0
203001, 204800, 1, 0, 0
204000, 213205, 1, 0, 0
205000, 211968, 1, 0, 0
206000, 180224, 1, 0, 0
207000, 205824, 1, 0, 0
208000, 204800, 1, 0, 0
209000, 190464, 1, 0, 0
210000, 219136, 1, 0, 0
211000, 214016, 1, 0, 0
212000, 142336, 1, 0, 0
213000, 138240, 1, 0, 0
214001, 159744, 1, 0, 0
215000, 136328, 1, 0, 0
216000, 115712, 1, 0, 0
217000, 147456, 1, 0, 0
218000, 182272, 1, 0, 0
219001, 228352, 1, 0, 0
220000, 156828, 1, 0, 0
221000, 188416, 1, 0, 0
222000, 218112, 1, 0, 0
223000, 202752, 1, 0, 0
224000, 193729, 1, 0, 0
225000, 224256, 1, 0, 0
226000, 186368, 1, 0, 0
227000, 182272, 1, 0, 0
228000, 133120, 1, 0, 0
229000, 147456, 1, 0, 0
230000, 177152, 1, 0, 0
231000, 191488, 1, 0, 0
232000, 190464, 1, 0, 0
233001, 232448, 1, 0, 0
234000, 192704, 1, 0, 0
235000, 159744, 1, 0, 0
236000, 227328, 1, 0, 0
237000, 166912, 1, 0, 0
238000, 209920, 1, 0, 0
239000, 190464, 1, 0, 0
240000, 123904, 1, 0, 0
241000, 128000, 1, 0, 0
242000, 68608, 1, 0, 0
243000, 87040, 1, 0, 0
244001, 77824, 1, 0, 0
245000, 54326, 1, 0, 0
246000, 118784, 1, 0, 0
247000, 118784, 1, 0, 0
248000, 143360, 1, 0, 0
249000, 182272, 1, 0, 0
250000, 203776, 1, 0, 0
251000, 169984, 1, 0, 0
252000, 209920, 1, 0, 0
253000, 176128, 1, 0, 0
254000, 208896, 1, 0, 0
255001, 219136, 1, 0, 0
256000, 158878, 1, 0, 0
257000, 155648, 1, 0, 0
258000, 154624, 1, 0, 0
259000, 157696, 1, 0, 0
260000, 158720, 1, 0, 0
261000, 171008, 1, 0, 0
262000, 210944, 1, 0, 0
263000, 168960, 1, 0, 0
264000, 166912, 1, 0, 0
265001, 123904, 1, 0, 0
266000, 167079, 1, 0, 0
267000, 149504, 1, 0, 0
268000, 184320, 1, 0, 0
269000, 163840, 1, 0, 0
270000, 182272, 1, 0, 0
271000, 111616, 1, 0, 0
272000, 124928, 1, 0, 0
273000, 150528, 1, 0, 0
274000, 141312, 1, 0, 0
275000, 150528, 1, 0, 0
276001, 209920, 1, 0, 0
277000, 187579, 1, 0, 0
278000, 145408, 1, 0, 0
279000, 145408, 1, 0, 0
280000, 150528, 1, 0, 0
281000, 149504, 1, 0, 0
282000, 150528, 1, 0, 0
283000, 159744, 1, 0, 0
284000, 174080, 1, 0, 0
285001, 153600, 1, 0, 0
286000, 150678, 1, 0, 0
287000, 197632, 1, 0, 0
288000, 196608, 1, 0, 0
289000, 224256, 1, 0, 0
290000, 187392, 1, 0, 0
291000, 223232, 1, 0, 0
292000, 199680, 1, 0, 0
293000, 165888, 1, 0, 0
294001, 177152, 1, 0, 0
295000, 172204, 1, 0, 0
296000, 235520, 1, 0, 0
297000, 201728, 1, 0, 0
298000, 220160, 1, 0, 0
299000, 238592, 1, 0, 0
300000, 225280, 1, 0, 0
301001, 136192, 1, 0, 0
302000, 180404, 1, 0, 0
303000, 129024, 1, 0, 0
304000, 172032, 1, 0, 0
305000, 146432, 1, 0, 0
306000, 191488, 1, 0, 0
307001, 186368, 1, 0, 0
308000, 188604, 1, 0, 0
309000, 179200, 1, 0, 0
310000, 197632, 1, 0, 0
311000, 209920, 1, 0, 0
312000, 211968, 1, 0, 0
313000, 171008, 1, 0, 0
314001, 182272, 1, 0, 0
315000, 177329, 1, 0, 0
316000, 159744, 1, 0, 0
317000, 218112, 1, 0, 0
318000, 183296, 1, 0, 0
319000, 146432, 1, 0, 0
320000, 178176, 1, 0, 0
321001, 149504, 1, 0, 0
322000, 138378, 1, 0, 0
323000, 183296, 1, 0, 0
324000, 186368, 1, 0, 0
325000, 211968, 1, 0, 0
326000, 209920, 1, 0, 0
327000, 219136, 1, 0, 0
328001, 230400, 1, 0, 0
329000, 229605, 1, 0, 0
330000, 190464, 1, 0, 0
331000, 196608, 1, 0, 0
332000, 178176, 1, 0, 0
333000, 202752, 1, 0, 0
334000, 159744, 1, 0, 0
335000, 195584, 1, 0, 0
336000, 118902, 1, 0, 0
337000, 123904, 1, 0, 0
338000, 140288, 1, 0, 0
339000, 239616, 1, 0, 0
340000, 182454, 1, 0, 0
341000, 177152, 1, 0, 0
342000, 159744, 1, 0, 0
343000, 194560, 1, 0, 0
344000, 173056, 1, 0, 0
345000, 156672, 1, 0, 0
346000, 170154, 1, 0, 0
347000, 177152, 1, 0, 0
348000, 153600, 1, 0, 0
349000, 139264, 1, 0, 0
350000, 156672, 1, 0, 0
351000, 179200, 1, 0, 0
352000, 169984, 1, 0, 0
353000, 212992, 1, 0, 0
354000, 200704, 1, 0, 0
355000, 148628, 1, 0, 0
356000, 144384, 1, 0, 0
357000, 181248, 1, 0, 0
358000, 204800, 1, 0, 0
359001, 171008, 1, 0, 0
360000, 166054, 1, 0, 0
361000, 123904, 1, 0, 0
362000, 146432, 1, 0, 0
363000, 116736, 1, 0, 0
364000, 114688, 1, 0, 0
365001, 137216, 1, 0, 0
366000, 128128, 1, 0, 0
367000, 130048, 1, 0, 0
368000, 123904, 1, 0, 0
369000, 138240, 1, 0, 0
370000, 147456, 1, 0, 0
371000, 144384, 1, 0, 0
372000, 136328, 1, 0, 0
373000, 141312, 1, 0, 0
374000, 101376, 1, 0, 0
375000, 133120, 1, 0, 0
376000, 154624, 1, 0, 0
377000, 112640, 1, 0, 0
378000, 155648, 1, 0, 0
379000, 182454, 1, 0, 0
380000, 190464, 1, 0, 0
381000, 203776, 1, 0, 0
382000, 172032, 1, 0, 0
383000, 162816, 1, 0, 0
384000, 171008, 1, 0, 0
385000, 182272, 1, 0, 0
386001, 211968, 1, 0, 0
387000, 189629, 1, 0, 0
388000, 179200, 1, 0, 0
389000, 212992, 1, 0, 0
390000, 210944, 1, 0, 0
391000, 212992, 1, 0, 0
392000, 214016, 1, 0, 0
393000, 210944, 1, 0, 0
394000, 210944, 1, 0, 0
395000, 211968, 1, 0, 0
396001, 210944, 1, 0, 0
397000, 211155, 1, 0, 0
398000, 211968, 1, 0, 0
399000, 214016, 1, 0, 0
400000, 210944, 1, 0, 0
401000, 210944, 1, 0, 0
402000, 215040, 1, 0, 0
403000, 208896, 1, 0, 0
404000, 215040, 1, 0, 0
405001, 211968, 1, 0, 0
406000, 212180, 1, 0, 0
407000, 215040, 1, 0, 0
408000, 209920, 1, 0, 0
409000, 198656, 1, 0, 0
410000, 175104, 1, 0, 0
411000, 183296, 1, 0, 0
412001, 155648, 1, 0, 0
413000, 202954, 1, 0, 0
414000, 187392, 1, 0, 0
415000, 198656, 1, 0, 0
416000, 176128, 1, 0, 0
417000, 113664, 1, 0, 0
418000, 159744, 1, 0, 0
419000, 159903, 1, 0, 0
420000, 128000, 1, 0, 0
421000, 162816, 1, 0, 0
422000, 158720, 1, 0, 0
423000, 161792, 1, 0, 0
424000, 128000, 1, 0, 0
425000, 145408, 1, 0, 0
426001, 173056, 1, 0, 0
427000, 128128, 1, 0, 0
428000, 125952, 1, 0, 0
429000, 97280, 1, 0, 0
430000, 89088, 1, 0, 0
431000, 155648, 1, 0, 0
432000, 99328, 1, 0, 0
433000, 128128, 1, 0, 0
434000, 118784, 1, 0, 0
435000, 162816, 1, 0, 0
436000, 79872, 1, 0, 0
437000, 95232, 1, 0, 0
438000, 107520, 1, 0, 0
439000, 146578, 1, 0, 0
440000, 159744, 1, 0, 0
441000, 238592, 1, 0, 0
442000, 109568, 1, 0, 0
443000, 164864, 1, 0, 0
444000, 107520, 1, 0, 0
445000, 149504, 1, 0, 0
446000, 172032, 1, 0, 0
447000, 163840, 1, 0, 0
448001, 207872, 1, 0, 0
449000, 131203, 1, 0, 0
450000, 89088, 1, 0, 0
451000, 131072, 1, 0, 0
452000, 149504, 1, 0, 0
453000, 148480, 1, 0, 0
454000, 123904, 1, 0, 0
455000, 133120, 1, 0, 0
456000, 121856, 1, 0, 0
457000, 150528, 1, 0, 0
458000, 161792, 1, 0, 0
459000, 162816, 1, 0, 0
460001, 141312, 1, 0, 0
461000, 61501, 1, 0, 0
462000, 96256, 1, 0, 0
463000, 102400, 1, 0, 0
464000, 92160, 1, 0, 0
465000, 67584, 1, 0, 0
466000, 132096, 1, 0, 0
467000, 140288, 1, 0, 0
468000, 106496, 1, 0, 0
469000, 117760, 1, 0, 0
470001, 93184, 1, 0, 0
471000, 120952, 1, 0, 0
472000, 155648, 1, 0, 0
473000, 97280, 1, 0, 0
474000, 95232, 1, 0, 0
475000, 135168, 1, 0, 0
476000, 143360, 1, 0, 0
477000, 159744, 1, 0, 0
478000, 109568, 1, 0, 0
479000, 130048, 1, 0, 0
480001, 163840, 1, 0, 0
481000, 129153, 1, 0, 0
482000, 56320, 1, 0, 0
483000, 36864, 1, 0, 0
484000, 69632, 1, 0, 0
485000, 82944, 1, 0, 0
486000, 133120, 1, 0, 0
487000, 144384, 1, 0, 0
488000, 124928, 1, 0, 0
489000, 165888, 1, 0, 0
490000, 138240, 1, 0, 0
491001, 154624, 1, 0, 0
492000, 107627, 1, 0, 0
493000, 111616, 1, 0, 0
494000, 83968, 1, 0, 0
495000, 139264, 1, 0, 0
496000, 111616, 1, 0, 0
497000, 73728, 1, 0, 0
498000, 107520, 1, 0, 0
499000, 100352, 1, 0, 0
500000, 211968, 1, 0, 0
501000, 159744, 1, 0, 0
502000, 201929, 1, 0, 0
503000, 238592, 1, 0, 0
504000, 241664, 1, 0, 0
505000, 237568, 1, 0, 0
506000, 233472, 1, 0, 0
507000, 164864, 1, 0, 0
508000, 93184, 1, 0, 0
509000, 114802, 1, 0, 0
510000, 140288, 1, 0, 0
511000, 148480, 1, 0, 0
512001, 200704, 1, 0, 0
513000, 113777, 1, 0, 0
514000, 116736, 1, 0, 0
515000, 79872, 1, 0, 0
516000, 122880, 1, 0, 0
517000, 101376, 1, 0, 0
518000, 90202, 1, 0, 0
519000, 103424, 1, 0, 0
520000, 109568, 1, 0, 0
521000, 122880, 1, 0, 0
522000, 125952, 1, 0, 0
523000, 120832, 1, 0, 0
524000, 112752, 1, 0, 0
525000, 138240, 1, 0, 0
526000, 115712, 1, 0, 0
527001, 145408, 1, 0, 0
528000, 145553, 1, 0, 0
529000, 140288, 1, 0, 0
530000, 110592, 1, 0, 0
531000, 118902, 1, 0, 0
532000, 91136, 1, 0, 0
533000, 165888, 1, 0, 0
534000, 160768, 1, 0, 0
535000, 144384, 1, 0, 0
536000, 167936, 1, 0, 0
537000, 165888, 1, 0, 0
538000, 192512, 1, 0, 0
539001, 185344, 1, 0, 0
540000, 143503, 1, 0, 0
541000, 173056, 1, 0, 0
542000, 124928, 1, 0, 0
543000, 162816, 1, 0, 0
544000, 132096, 1, 0, 0
545000, 192512, 1, 0, 0
546000, 73728, 1, 0, 0
547000, 105472, 1, 0, 0
548000, 78848, 1, 0, 0
549000, 145408, 1, 0, 0
550000, 154624, 1, 0, 0
551001, 124928, 1, 0, 0
552000, 129153, 1, 0, 0
553000, 106496, 1, 0, 0
554000, 163840, 1, 0, 0
555000, 112640, 1, 0, 0
556000, 136192, 1, 0, 0
557000, 87040, 1, 0, 0
558000, 66560, 1, 0, 0
559000, 119808, 1, 0, 0
560000, 122880, 1, 0, 0
561000, 121856, 1, 0, 0
562001, 118784, 1, 0, 0
563000, 150678, 1, 0, 0
564000, 121856, 1, 0, 0
565000, 110592, 1, 0, 0
566000, 132096, 1, 0, 0
567000, 94208, 1, 0, 0
568000, 135168, 1, 0, 0
569000, 226304, 1, 0, 0
570000, 148480, 1, 0, 0
571000, 126976, 1, 0, 0
572000, 164864, 1, 0, 0
573001, 182272, 1, 0, 0
574000, 177329, 1, 0, 0
575000, 182272, 1, 0, 0
576000, 200704, 1, 0, 0
577000, 147456, 1, 0, 0
578000, 116736, 1, 0, 0
579000, 94208, 1, 0, 0
580000, 179200, 1, 0, 0
581000, 176128, 1, 0, 0
582001, 140288, 1, 0, 0
583000, 101477, 1, 0, 0
584000, 64512, 1, 0, 0
585000, 64512, 1, 0, 0
586000, 73728, 1, 0, 0
587000, 169984, 1, 0, 0
588000, 169984, 1, 0, 0
589000, 75776, 1, 0, 0
590000, 92160, 1, 0, 0
591000, 117760, 1, 0, 0
592000, 111727, 1, 0, 0
593000, 129024, 1, 0, 0
594000, 149504, 1, 0, 0
595000, 119808, 1, 0, 0
596000, 146578, 1, 0, 0
597000, 135168, 1, 0, 0
598000, 118784, 1, 0, 0
599000, 135168, 1, 0, 0
600000, 106496, 1, 0, 0
601000, 132096, 1, 0, 0
602000, 138240, 1, 0, 0
603000, 109568, 1, 0, 0
604001, 131072, 1, 0, 0
605000, 134278, 1, 0, 0
606000, 132096, 1, 0, 0
607000, 139264, 1, 0, 0
608000, 141312, 1, 0, 0
609000, 73728, 1, 0, 0
610000, 102400, 1, 0, 0
611000, 76800, 1, 0, 0
612000, 153600, 1, 0, 0
613001, 126976, 1, 0, 0
614000, 78926, 1, 0, 0
615000, 114688, 1, 0, 0
616000, 140288, 1, 0, 0
617000, 174080, 1, 0, 0
618000, 155648, 1, 0, 0
619000, 165888, 1, 0, 0
620000, 201728, 1, 0, 0
621000, 229376, 1, 0, 0
622000, 219136, 1, 0, 0
623001, 231424, 1, 0, 0
624000, 150678, 1, 0, 0
625000, 103424, 1, 0, 0
626000, 139264, 1, 0, 0
627000, 92160, 1, 0, 0
628000, 105472, 1, 0, 0
629000, 80896, 1, 0, 0
630000, 74752, 1, 0, 0
631000, 131072, 1, 0, 0
632000, 171008, 1, 0, 0
633001, 109568, 1, 0, 0
634000, 109677, 1, 0, 0
635000, 200704, 1, 0, 0
636000, 125952, 1, 0, 0
637000, 75776, 1, 0, 0
638000, 140288, 1, 0, 0
639000, 72704, 1, 0, 0
640000, 61440, 1, 0, 0
641000, 71680, 1, 0, 0
642001, 71680, 1, 0, 0
643000, 77901, 1, 0, 0
644000, 119808, 1, 0, 0
645000, 168960, 1, 0, 0
646000, 105472, 1, 0, 0
647000, 131072, 1, 0, 0
648000, 152576, 1, 0, 0
649000, 144384, 1, 0, 0
650001, 151552, 1, 0, 0
651000, 160928, 1, 0, 0
652000, 187392, 1, 0, 0
653000, 151552, 1, 0, 0
654000, 147456, 1, 0, 0
655000, 123904, 1, 0, 0
656000, 94208, 1, 0, 0
657000, 100352, 1, 0, 0
658001, 79872, 1, 0, 0
659000, 85077, 1, 0, 0
660000, 128000, 1, 0, 0
661000, 112640, 1, 0, 0
662000, 117760, 1, 0, 0
663000, 167936, 1, 0, 0
664000, 128000, 1, 0, 0
665000, 175279, 1, 0, 0
666000, 145408, 1, 0, 0
667000, 109568, 1, 0, 0
668000, 160768, 1, 0, 0
669000, 135303, 1, 0, 0
670000, 120832, 1, 0, 0
671000, 98304, 1, 0, 0
672000, 88064, 1, 0, 0
673000, 84052, 1, 0, 0
674000, 84992, 1, 0, 0
675000, 134144, 1, 0, 0
676000, 158720, 1, 0, 0
677000, 93277, 1, 0, 0
678000, 147456, 1, 0, 0
679000, 135168, 1, 0, 0
680000, 121856, 1, 0, 0
681001, 119808, 1, 0, 0
682000, 162978, 1, 0, 0
683000, 114688, 1, 0, 0
684000, 108544, 1, 0, 0
685001, 97280, 1, 0, 0
686000, 95327, 1, 0, 0
687000, 123904, 1, 0, 0
688000, 165888, 1, 0, 0
689000, 138240, 1, 0, 0
690000, 115712, 1, 0, 0
691000, 132096, 1, 0, 0
692000, 136192, 1, 0, 0
693000, 109568, 1, 0, 0
694001, 114688, 1, 0, 0
695000, 132228, 1, 0, 0
696000, 133120, 1, 0, 0
697000, 137216, 1, 0, 0
698000, 140288, 1, 0, 0
699000, 130048, 1, 0, 0
700000, 129024, 1, 0, 0
701000, 125952, 1, 0, 0
702000, 129024, 1, 0, 0
703001, 199680, 1, 0, 0
704000, 135303, 1, 0, 0
705000, 162816, 1, 0, 0
706000, 133120, 1, 0, 0
707000, 143360, 1, 0, 0
708000, 166912, 1, 0, 0
709000, 157696, 1, 0, 0
710000, 147456, 1, 0, 0
711000, 131072, 1, 0, 0
712001, 140288, 1, 0, 0
713000, 125053, 1, 0, 0
714000, 126976, 1, 0, 0
715000, 134144, 1, 0, 0
716000, 122880, 1, 0, 0
717000, 168960, 1, 0, 0
718000, 140288, 1, 0, 0
719000, 107520, 1, 0, 0
720000, 97280, 1, 0, 0
721001, 142336, 1, 0, 0
722000, 159903, 1, 0, 0
723000, 117760, 1, 0, 0
724000, 138240, 1, 0, 0
725000, 144384, 1, 0, 0
726000, 160768, 1, 0, 0
727000, 173056, 1, 0, 0
728000, 132096, 1, 0, 0
729001, 139264, 1, 0, 0
730000, 102502, 1, 0, 0
731000, 143360, 1, 0, 0
732000, 110592, 1, 0, 0
733000, 129024, 1, 0, 0
734000, 159744, 1, 0, 0
735000, 183296, 1, 0, 0
736000, 160768, 1, 0, 0
737000, 177152, 1, 0, 0
738001, 201728, 1, 0, 0
739000, 193729, 1, 0, 0
740000, 159744, 1, 0, 0
741000, 171008, 1, 0, 0
742000, 147456, 1, 0, 0
743000, 134144, 1, 0, 0
744000, 143360, 1, 0, 0
745000, 149504, 1, 0, 0
746000, 140288, 1, 0, 0
747000, 147456, 1, 0, 0
748001, 142336, 1, 0, 0
749000, 101477, 1, 0, 0
750000, 123904, 1, 0, 0
751000, 104448, 1, 0, 0
752000, 142336, 1, 0, 0
753000, 142336, 1, 0, 0
754000, 133120, 1, 0, 0
755000, 99328, 1, 0, 0
756000, 112640, 1, 0, 0
757000, 128000, 1, 0, 0
758000, 146578, 1, 0, 0
759000, 122880, 1, 0, 0
760000, 154624, 1, 0, 0
