1000, 134144, 1, 0, 0
2000, 122880, 1, 0, 0
3000, 132228, 1, 0, 0
4000, 106496, 1, 0, 0
5000, 169984, 1, 0, 0
6000, 169984, 1, 0, 0
7000, 150678, 1, 0, 0
8000, 143360, 1, 0, 0
9000, 143360, 1, 0, 0
10000, 143360, 1, 0, 0
11000, 144384, 1, 0, 0
12000, 143360, 1, 0, 0
13000, 142336, 1, 0, 0
14000, 143360, 1, 0, 0
15000, 144384, 1, 0, 0
16000, 141453, 1, 0, 0
17000, 139264, 1, 0, 0
18000, 148480, 1, 0, 0
19000, 138240, 1, 0, 0
20000, 119808, 1, 0, 0
21000, 155648, 1, 0, 0
22000, 136192, 1, 0, 0
23000, 116852, 1, 0, 0
24000, 73728, 1, 0, 0
25000, 63488, 1, 0, 0
26000, 188416, 1, 0, 0
27000, 160768, 1, 0, 0
28000, 153753, 1, 0, 0
29000, 124928, 1, 0, 0
30000, 92160, 1, 0, 0
31000, 71680, 1, 0, 0
32000, 129153, 1, 0, 0
33000, 122880, 1, 0, 0
34000, 115712, 1, 0, 0
35000, 105472, 1, 0, 0
36000, 91227, 1, 0, 0
37000, 84992, 1, 0, 0
38000, 71680, 1, 0, 0
39000, 139264, 1, 0, 0
40000, 142336, 1, 0, 0
41000, 137216, 1, 0, 0
42000, 171179, 1, 0, 0
43000, 194560, 1, 0, 0
44000, 178176, 1, 0, 0
45000, 77824, 1, 0, 0
46000, 161792, 1, 0, 0
47000, 141312, 1, 0, 0
48000, 149504, 1, 0, 0
49000, 142336, 1, 0, 0
50000, 143360, 1, 0, 0
51000, 142336, 1, 0, 0
52000, 145553, 1, 0, 0
53000, 130048, 1, 0, 0
54000, 166912, 1, 0, 0
55000, 88064, 1, 0, 0
56000, 169984, 1, 0, 0
57000, 76800, 1, 0, 0
58000, 88064, 1, 0, 0
59000, 50176, 1, 0, 0
60000, 108544, 1, 0, 0
61000, 135168, 1, 0, 0
62000, 101376, 1, 0, 0
63000, 146578, 1, 0, 0
64000, 146432, 1, 0, 0
65000, 147456, 1, 0, 0
66000, 147456, 1, 0, 0
67000, 146432, 1, 0, 0
68000, 141312, 1, 0, 0
69000, 92160, 1, 0, 0
70000, 157696, 1, 0, 0
71000, 125952, 1, 0, 0
72000, 93184, 1, 0, 0
73000, 91227, 1, 0, 0
74000, 77824, 1, 0, 0
75000, 105472, 1, 0, 0
76000, 84992, 1, 0, 0
77000, 54272, 1, 0, 0
78000, 77824, 1, 0, 0
79000, 57401, 1, 0, 0
80000, 80896, 1, 0, 0
81000, 143360, 1, 0, 0
82000, 128000, 1, 0, 0
83000, 63488, 1, 0, 0
84000, 135168, 1, 0, 0
85000, 116736, 1, 0, 0
86000, 97280, 1, 0, 0
87000, 174080, 1, 0, 0
88000, 103527, 1, 0, 0
89000, 128000, 1, 0, 0
90000, 81920, 1, 0, 0
91000, 139264, 1, 0, 0
92000, 119808, 1, 0, 0
93000, 87040, 1, 0, 0
94000, 68608, 1, 0, 0
95000, 87040, 1, 0, 0
96000, 81920, 1, 0, 0
97000, 76876, 1, 0, 0
98000, 56320, 1, 0, 0
99000, 60416, 1, 0, 0
100000, 82944, 1, 0, 0
101000, 71680, 1, 0, 0
102000, 97280, 1, 0, 0
103000, 98304, 1, 0, 0
104000, 62464, 1, 0, 0
105000, 90112, 1, 0, 0
106000, 65536, 1, 0, 0
107000, 133120, 1, 0, 0
108000, 125053, 1, 0, 0
109000, 128000, 1, 0, 0
110000, 101376, 1, 0, 0
111000, 106496, 1, 0, 0
112000, 184320, 1, 0, 0
113000, 149504, 1, 0, 0
114000, 129024, 1, 0, 0
115000, 149653, 1, 0, 0
116000, 120832, 1, 0, 0
117000, 82944, 1, 0, 0
118000, 137216, 1, 0, 0
119000, 126976, 1, 0, 0
120000, 140288, 1, 0, 0
121000, 155648, 1, 0, 0
122000, 97377, 1, 0, 0
123000, 208896, 1, 0, 0
124000, 128000, 1, 0, 0
125000, 113664, 1, 0, 0
126000, 50176, 1, 0, 0
127000, 112640, 1, 0, 0
128000, 134144, 1, 0, 0
129000, 137353, 1, 0, 0
130000, 144384, 1, 0, 0
131000, 120832, 1, 0, 0
132000, 146432, 1, 0, 0
133000, 113664, 1, 0, 0
134000, 63551, 1, 0, 0
135000, 82944, 1, 0, 0
136000, 143360, 1, 0, 0
137000, 102502, 1, 0, 0
138000, 107520, 1, 0, 0
139000, 138240, 1, 0, 0
140000, 92160, 1, 0, 0
141000, 123003, 1, 0, 0
142000, 94208, 1, 0, 0
143000, 136192, 1, 0, 0
144000, 171179, 1, 0, 0
145000, 145408, 1, 0, 0
146000, 110592, 1, 0, 0
147000, 143360, 1, 0, 0
148000, 97377, 1, 0, 0
149000, 102400, 1, 0, 0
150000, 109568, 1, 0, 0
151000, 49201, 1, 0, 0
152000, 118784, 1, 0, 0
153000, 99328, 1, 0, 0
154000, 94208, 1, 0, 0
155000, 107520, 1, 0, 0
156000, 84052, 1, 0, 0
157000, 120832, 1, 0, 0
158000, 168960, 1, 0, 0
159000, 201728, 1, 0, 0
160000, 152576, 1, 0, 0
161000, 197632, 1, 0, 0
162000, 235520, 1, 0, 0
163000, 196804, 1, 0, 0
164000, 190464, 1, 0, 0
165000, 203776, 1, 0, 0
166000, 198656, 1, 0, 0
167000, 178176, 1, 0, 0
168000, 192512, 1, 0, 0
169000, 110592, 1, 0, 0
170000, 150528, 1, 0, 0
171000, 89088, 1, 0, 0
172000, 112640, 1, 0, 0
173000, 150678, 1, 0, 0
174000, 172032, 1, 0, 0
175000, 153600, 1, 0, 0
176000, 164864, 1, 0, 0
177000, 177152, 1, 0, 0
178000, 184320, 1, 0, 0
179000, 178176, 1, 0, 0
180000, 167936, 1, 0, 0
181000, 151703, 1, 0, 0
182000, 149504, 1, 0, 0
183000, 177152, 1, 0, 0
184000, 139264, 1, 0, 0
185000, 140288, 1, 0, 0
186000, 137216, 1, 0, 0
187000, 166912, 1, 0, 0
188000, 257024, 1, 0, 0
189001, 260096, 1, 0, 0
190000, 248056, 1, 0, 0
191000, 190464, 1, 0, 0
192000, 207872, 1, 0, 0
193000, 169984, 1, 0, 0
194000, 160768, 1, 0, 0
195000, 193536, 1, 0, 0
196000, 223232, 1, 0, 0
197000, 228352, 1, 0, 0
198000, 197829, 1, 0, 0
199000, 176128, 1, 0, 0
200000, 176128, 1, 0, 0
201000, 146432, 1, 0, 0
202000, 128000, 1, 0, 0
203000, 153600, 1, 0, 0
204000, 159744, 1, 0, 0
205000, 187579, 1, 0, 0
206000, 216064, 1, 0, 0
207000, 157696, 1, 0, 0
208000, 188416, 1, 0, 0
209000, 194560, 1, 0, 0
210000, 189629, 1, 0, 0
211000, 203776, 1, 0, 0
212000, 229376, 1, 0, 0
213000, 217088, 1, 0, 0
214000, 184320, 1, 0, 0
215000, 193536, 1, 0, 0
216000, 207055, 1, 0, 0
217000, 174080, 1, 0, 0
218000, 151552, 1, 0, 0
219000, 98304, 1, 0, 0
220000, 209920, 1, 0, 0
221000, 212992, 1, 0, 0
222000, 212992, 1, 0, 0
223000, 187579, 1, 0, 0
224000, 171008, 1, 0, 0
225000, 138240, 1, 0, 0
226000, 143360, 1, 0, 0
227000, 121856, 1, 0, 0
228000, 151552, 1, 0, 0
229000, 144384, 1, 0, 0
230000, 125053, 1, 0, 0
231000, 129024, 1, 0, 0
232000, 137216, 1, 0, 0
233000, 115712, 1, 0, 0
234000, 131072, 1, 0, 0
235000, 106496, 1, 0, 0
236000, 116852, 1, 0, 0
237000, 114688, 1, 0, 0
238000, 110592, 1, 0, 0
239000, 117760, 1, 0, 0
240000, 125952, 1, 0, 0
241000, 131072, 1, 0, 0
242001, 128000, 1, 0, 0
243000, 138378, 1, 0, 0
244000, 117760, 1, 0, 0
245000, 81920, 1, 0, 0
246000, 82944, 1, 0, 0
247000, 136192, 1, 0, 0
248000, 143360, 1, 0, 0
249000, 141312, 1, 0, 0
250000, 132096, 1, 0, 0
251000, 146432, 1, 0, 0
252000, 144528, 1, 0, 0
253000, 143360, 1, 0, 0
254000, 142336, 1, 0, 0
255000, 144384, 1, 0, 0
256000, 143360, 1, 0, 0
257000, 142336, 1, 0, 0
258000, 144384, 1, 0, 0
259000, 142336, 1, 0, 0
260000, 144384, 1, 0, 0
261001, 177152, 1, 0, 0
262000, 188604, 1, 0, 0
263000, 152576, 1, 0, 0
264000, 144384, 1, 0, 0
265000, 105472, 1, 0, 0
266000, 142336, 1, 0, 0
267000, 83968, 1, 0, 0
268000, 73728, 1, 0, 0
269000, 72776, 1, 0, 0
270000, 71680, 1, 0, 0
271000, 73728, 1, 0, 0
272000, 72704, 1, 0, 0
273000, 74752, 1, 0, 0
274000, 74752, 1, 0, 0
275000, 72704, 1, 0, 0
276000, 75776, 1, 0, 0
277000, 70726, 1, 0, 0
278000, 72704, 1, 0, 0
279000, 69632, 1, 0, 0
280000, 75776, 1, 0, 0
281000, 71680, 1, 0, 0
282000, 73728, 1, 0, 0
283000, 71680, 1, 0, 0
284000, 70726, 1, 0, 0
285000, 75776, 1, 0, 0
286000, 76800, 1, 0, 0
287000, 71680, 1, 0, 0
288000, 142336, 1, 0, 0
289000, 168960, 1, 0, 0
290001, 157696, 1, 0, 0
291000, 145553, 1, 0, 0
292000, 132096, 1, 0, 0
293000, 118784, 1, 0, 0
294000, 128000, 1, 0, 0
295000, 100352, 1, 0, 0
296000, 165888, 1, 0, 0
297000, 179200, 1, 0, 0
298000, 139264, 1, 0, 0
299000, 92160, 1, 0, 0
300000, 82944, 1, 0, 0
301000, 126078, 1, 0, 0
302000, 153600, 1, 0, 0
303000, 149504, 1, 0, 0
304000, 161792, 1, 0, 0
305000, 108544, 1, 0, 0
306000, 137216, 1, 0, 0
307000, 100352, 1, 0, 0
308000, 114688, 1, 0, 0
309000, 96256, 1, 0, 0
310000, 79951, 1, 0, 0
311000, 109568, 1, 0, 0
312000, 117760, 1, 0, 0
313000, 93184, 1, 0, 0
314000, 150528, 1, 0, 0
315000, 154624, 1, 0, 0
316000, 144384, 1, 0, 0
317000, 142336, 1, 0, 0
318000, 143503, 1, 0, 0
319000, 143360, 1, 0, 0
320000, 144384, 1, 0, 0
321000, 142336, 1, 0, 0
322000, 143360, 1, 0, 0
323000, 144384, 1, 0, 0
324000, 143360, 1, 0, 0
325000, 146432, 1, 0, 0
326001, 156672, 1, 0, 0
327000, 143503, 1, 0, 0
328000, 134144, 1, 0, 0
329000, 106496, 1, 0, 0
330000, 103424, 1, 0, 0
331000, 123904, 1, 0, 0
332000, 122880, 1, 0, 0
333000, 122880, 1, 0, 0
334000, 99427, 1, 0, 0
335000, 81920, 1, 0, 0
336000, 104448, 1, 0, 0
337000, 120832, 1, 0, 0
338000, 139264, 1, 0, 0
339000, 157696, 1, 0, 0
340000, 168960, 1, 0, 0
341000, 184320, 1, 0, 0
342001, 153600, 1, 0, 0
343000, 104552, 1, 0, 0
344000, 103424, 1, 0, 0
345000, 117760, 1, 0, 0
346000, 130048, 1, 0, 0
347000, 106496, 1, 0, 0
348000, 108652, 1, 0, 0
349000, 153600, 1, 0, 0
350000, 160768, 1, 0, 0
351000, 121856, 1, 0, 0
352000, 137216, 1, 0, 0
353000, 137216, 1, 0, 0
354000, 91227, 1, 0, 0
355000, 106496, 1, 0, 0
356000, 84992, 1, 0, 0
357000, 112640, 1, 0, 0
358000, 132096, 1, 0, 0
359000, 84992, 1, 0, 0
360000, 127103, 1, 0, 0
361000, 121856, 1, 0, 0
362000, 149504, 1, 0, 0
363000, 146432, 1, 0, 0
364000, 65536, 1, 0, 0
365000, 79872, 1, 0, 0
366000, 159903, 1, 0, 0
367000, 129024, 1, 0, 0
368000, 122880, 1, 0, 0
369000, 147456, 1, 0, 0
370000, 136192, 1, 0, 0
371000, 153600, 1, 0, 0
372000, 168960, 1, 0, 0
373000, 144528, 1, 0, 0
374000, 148480, 1, 0, 0
375000, 196608, 1, 0, 0
376000, 185344, 1, 0, 0
377000, 189440, 1, 0, 0
378000, 175104, 1, 0, 0
379000, 198656, 1, 0, 0
380000, 144528, 1, 0, 0
381000, 200704, 1, 0, 0
382000, 199680, 1, 0, 0
383000, 164004, 1, 0, 0
384000, 199680, 1, 0, 0
385000, 218112, 1, 0, 0
386000, 202752, 1, 0, 0
387000, 213205, 1, 0, 0
388000, 142336, 1, 0, 0
389000, 161792, 1, 0, 0
390000, 164864, 1, 0, 0
391000, 116852, 1, 0, 0
392000, 160768, 1, 0, 0
393000, 192512, 1, 0, 0
394000, 167936, 1, 0, 0
395000, 176304, 1, 0, 0
396000, 131072, 1, 0, 0
397000, 139264, 1, 0, 0
398000, 159744, 1, 0, 0
399000, 115712, 1, 0, 0
400000, 142478, 1, 0, 0
401000, 154624, 1, 0, 0
402000, 131072, 1, 0, 0
403000, 123904, 1, 0, 0
404000, 131072, 1, 0, 0
405000, 202752, 1, 0, 0
406000, 182454, 1, 0, 0
407000, 165888, 1, 0, 0
408000, 111616, 1, 0, 0
409000, 122880, 1, 0, 0
410000, 128000, 1, 0, 0
411000, 120952, 1, 0, 0
412000, 138240, 1, 0, 0
413000, 134144, 1, 0, 0
414000, 113664, 1, 0, 0
415000, 91136, 1, 0, 0
416000, 144384, 1, 0, 0
417001, 154624, 1, 0, 0
418000, 104552, 1, 0, 0
419000, 116736, 1, 0, 0
420000, 161792, 1, 0, 0
421000, 99328, 1, 0, 0
422000, 121856, 1, 0, 0
423000, 96352, 1, 0, 0
424000, 100352, 1, 0, 0
425000, 134144, 1, 0, 0
426000, 93184, 1, 0, 0
427000, 78848, 1, 0, 0
428000, 43051, 1, 0, 0
429000, 81920, 1, 0, 0
430000, 128000, 1, 0, 0
431000, 143360, 1, 0, 0
432000, 147456, 1, 0, 0
433000, 144384, 1, 0, 0
434000, 108652, 1, 0, 0
435000, 131072, 1, 0, 0
436000, 122880, 1, 0, 0
437000, 124928, 1, 0, 0
438000, 129024, 1, 0, 0
439000, 99328, 1, 0, 0
440000, 131203, 1, 0, 0
441000, 110592, 1, 0, 0
442000, 128000, 1, 0, 0
443000, 136192, 1, 0, 0
444000, 137216, 1, 0, 0
445001, 167936, 1, 0, 0
446000, 171179, 1, 0, 0
447000, 183296, 1, 0, 0
448000, 155648, 1, 0, 0
449000, 166912, 1, 0, 0
450000, 168960, 1, 0, 0
451000, 164004, 1, 0, 0
452000, 188416, 1, 0, 0
453000, 166912, 1, 0, 0
454000, 167936, 1, 0, 0
455000, 245760, 1, 0, 0
456000, 214016, 1, 0, 0
457000, 172204, 1, 0, 0
458000, 132096, 1, 0, 0
459000, 138240, 1, 0, 0
460000, 157696, 1, 0, 0
461000, 178354, 1, 0, 0
462000, 106496, 1, 0, 0
463000, 104448, 1, 0, 0
464000, 87040, 1, 0, 0
465000, 103527, 1, 0, 0
466000, 97280, 1, 0, 0
467000, 115712, 1, 0, 0
468000, 70656, 1, 0, 0
469000, 70656, 1, 0, 0
470000, 74752, 1, 0, 0
471000, 76800, 1, 0, 0
472000, 75776, 1, 0, 0
473000, 75776, 1, 0, 0
474000, 90202, 1, 0, 0
475000, 121856, 1, 0, 0
476000, 116736, 1, 0, 0
477000, 104448, 1, 0, 0
478000, 108544, 1, 0, 0
479000, 134144, 1, 0, 0
480000, 125952, 1, 0, 0
481000, 70656, 1, 0, 0
482000, 56320, 1, 0, 0
483000, 89177, 1, 0, 0
484000, 87040, 1, 0, 0
485000, 169984, 1, 0, 0
486000, 122880, 1, 0, 0
487000, 156672, 1, 0, 0
488000, 99328, 1, 0, 0
489000, 112640, 1, 0, 0
490000, 159903, 1, 0, 0
491000, 164864, 1, 0, 0
492000, 119808, 1, 0, 0
493000, 131072, 1, 0, 0
494000, 105577, 1, 0, 0
495000, 89088, 1, 0, 0
496000, 136192, 1, 0, 0
497000, 161792, 1, 0, 0
498000, 96352, 1, 0, 0
499000, 117760, 1, 0, 0
500000, 104448, 1, 0, 0
501000, 103424, 1, 0, 0
502000, 147456, 1, 0, 0
503000, 97280, 1, 0, 0
504000, 117760, 1, 0, 0
505000, 76800, 1, 0, 0
506000, 90202, 1, 0, 0
507000, 89088, 1, 0, 0
508000, 82944, 1, 0, 0
509000, 91136, 1, 0, 0
510000, 116736, 1, 0, 0
511000, 144384, 1, 0, 0
512000, 125952, 1, 0, 0
513000, 113664, 1, 0, 0
514000, 38950, 1, 0, 0
515000, 55296, 1, 0, 0
516000, 113664, 1, 0, 0
517000, 162816, 1, 0, 0
518000, 188416, 1, 0, 0
519000, 185344, 1, 0, 0
520000, 145408, 1, 0, 0
521000, 158720, 1, 0, 0
522000, 145408, 1, 0, 0
523000, 120832, 1, 0, 0
524000, 105577, 1, 0, 0
525000, 131072, 1, 0, 0
526000, 123904, 1, 0, 0
527000, 180224, 1, 0, 0
528000, 177152, 1, 0, 0
529000, 145408, 1, 0, 0
530000, 121856, 1, 0, 0
531000, 119808, 1, 0, 0
532000, 164004, 1, 0, 0
533000, 139264, 1, 0, 0
534000, 137216, 1, 0, 0
535000, 164864, 1, 0, 0
536000, 172032, 1, 0, 0
537000, 167936, 1, 0, 0
538000, 130048, 1, 0, 0
539001, 132096, 1, 0, 0
540000, 140428, 1, 0, 0
541000, 97280, 1, 0, 0
542000, 100352, 1, 0, 0
543000, 82944, 1, 0, 0
544000, 167936, 1, 0, 0
545000, 133253, 1, 0, 0
546000, 105472, 1, 0, 0
547000, 116736, 1, 0, 0
548000, 129024, 1, 0, 0
549000, 96352, 1, 0, 0
550000, 138240, 1, 0, 0
551000, 151552, 1, 0, 0
552000, 134144, 1, 0, 0
553000, 69701, 1, 0, 0
554000, 130048, 1, 0, 0
555000, 93184, 1, 0, 0
556000, 126976, 1, 0, 0
557000, 147456, 1, 0, 0
558000, 145553, 1, 0, 0
559000, 153600, 1, 0, 0
560000, 129024, 1, 0, 0
561000, 82944, 1, 0, 0
562000, 145408, 1, 0, 0
563000, 99328, 1, 0, 0
564000, 82944, 1, 0, 0
565000, 86016, 1, 0, 0
566000, 100452, 1, 0, 0
567000, 72704, 1, 0, 0
568000, 107520, 1, 0, 0
569000, 98304, 1, 0, 0
570000, 117760, 1, 0, 0
571000, 123904, 1, 0, 0
572000, 181248, 1, 0, 0
573001, 129024, 1, 0, 0
574000, 146578, 1, 0, 0
575000, 153600, 1, 0, 0
576000, 171008, 1, 0, 0
577000, 140288, 1, 0, 0
578000, 110592, 1, 0, 0
579000, 138240, 1, 0, 0
580000, 185344, 1, 0, 0
581000, 75851, 1, 0, 0
582000, 150528, 1, 0, 0
583000, 126976, 1, 0, 0
584000, 97280, 1, 0, 0
585000, 93184, 1, 0, 0
586000, 82944, 1, 0, 0
587000, 119808, 1, 0, 0
588000, 113664, 1, 0, 0
589000, 110592, 1, 0, 0
590000, 101477, 1, 0, 0
591000, 110592, 1, 0, 0
592000, 130048, 1, 0, 0
593000, 143360, 1, 0, 0
594000, 172032, 1, 0, 0
595000, 154624, 1, 0, 0
596000, 112640, 1, 0, 0
597000, 106496, 1, 0, 0
598001, 132096, 1, 0, 0
599000, 112752, 1, 0, 0
600000, 122880, 1, 0, 0
601000, 117760, 1, 0, 0
602000, 150528, 1, 0, 0
603000, 129024, 1, 0, 0
604000, 136192, 1, 0, 0
605000, 104448, 1, 0, 0
606000, 88064, 1, 0, 0
607000, 108652, 1, 0, 0
608000, 111616, 1, 0, 0
609000, 121856, 1, 0, 0
610000, 109568, 1, 0, 0
611000, 144384, 1, 0, 0
612000, 146432, 1, 0, 0
613000, 138240, 1, 0, 0
614000, 145408, 1, 0, 0
615000, 123003, 1, 0, 0
616000, 153600, 1, 0, 0
617000, 176128, 1, 0, 0
618000, 145408, 1, 0, 0
619000, 136192, 1, 0, 0
620000, 134144, 1, 0, 0
621000, 143360, 1, 0, 0
622000, 130048, 1, 0, 0
623000, 140288, 1, 0, 0
624000, 134278, 1, 0, 0
625000, 129024, 1, 0, 0
626000, 124928, 1, 0, 0
627000, 128000, 1, 0, 0
628000, 117760, 1, 0, 0
629000, 146432, 1, 0, 0
630000, 165888, 1, 0, 0
631000, 152576, 1, 0, 0
632000, 125053, 1, 0, 0
633000, 139264, 1, 0, 0
634000, 134144, 1, 0, 0
635000, 125952, 1, 0, 0
636000, 123904, 1, 0, 0
637000, 124928, 1, 0, 0
638000, 134144, 1, 0, 0
639000, 158720, 1, 0, 0
640000, 163840, 1, 0, 0
641000, 125952, 1, 0, 0
642000, 212180, 1, 0, 0
643000, 155648, 1, 0, 0
644000, 162816, 1, 0, 0
645000, 156672, 1, 0, 0
646000, 146432, 1, 0, 0
647000, 166054, 1, 0, 0
648000, 152576, 1, 0, 0
649000, 126976, 1, 0, 0
650000, 160768, 1, 0, 0
651001, 143360, 1, 0, 0
652000, 121977, 1, 0, 0
653000, 176128, 1, 0, 0
654000, 208896, 1, 0, 0
655000, 194560, 1, 0, 0
656000, 219355, 1, 0, 0
657000, 186368, 1, 0, 0
658000, 180224, 1, 0, 0
659000, 136192, 1, 0, 0
660000, 146432, 1, 0, 0
661000, 109568, 1, 0, 0
662000, 107627, 1, 0, 0
663000, 102400, 1, 0, 0
664000, 133120, 1, 0, 0
665000, 150528, 1, 0, 0
666000, 157696, 1, 0, 0
667000, 111616, 1, 0, 0
668000, 83968, 1, 0, 0
669000, 128128, 1, 0, 0
670000, 98304, 1, 0, 0
671000, 154624, 1, 0, 0
672000, 124928, 1, 0, 0
673000, 111616, 1, 0, 0
674000, 101376, 1, 0, 0
675000, 154624, 1, 0, 0
676000, 178176, 1, 0, 0
677000, 208896, 1, 0, 0
678000, 155803, 1, 0, 0
679000, 99328, 1, 0, 0
680000, 133120, 1, 0, 0
681000, 160768, 1, 0, 0
682000, 166912, 1, 0, 0
683000, 161792, 1, 0, 0
684000, 90112, 1, 0, 0
685000, 96256, 1, 0, 0
686000, 143360, 1, 0, 0
687001, 130048, 1, 0, 0
688000, 138378, 1, 0, 0
689000, 99328, 1, 0, 0
690000, 96256, 1, 0, 0
691000, 143360, 1, 0, 0
692000, 131072, 1, 0, 0
693000, 101376, 1, 0, 0
694000, 112640, 1, 0, 0
695000, 93184, 1, 0, 0
696000, 77824, 1, 0, 0
697001, 90112, 1, 0, 0
698000, 138378, 1, 0, 0
699000, 90112, 1, 0, 0
700000, 99328, 1, 0, 0
701000, 100352, 1, 0, 0
702000, 119808, 1, 0, 0
703000, 119808, 1, 0, 0
704000, 118784, 1, 0, 0
705000, 120832, 1, 0, 0
706000, 99328, 1, 0, 0
707000, 87040, 1, 0, 0
708000, 80976, 1, 0, 0
709000, 78848, 1, 0, 0
710000, 91136, 1, 0, 0
711000, 103424, 1, 0, 0
712000, 108544, 1, 0, 0
713000, 106496, 1, 0, 0
714000, 96256, 1, 0, 0
715000, 96256, 1, 0, 0
716000, 112640, 1, 0, 0
717000, 105472, 1, 0, 0
718000, 120832, 1, 0, 0
719001, 102400, 1, 0, 0
720000, 143503, 1, 0, 0
721000, 121856, 1, 0, 0
722000, 111616, 1, 0, 0
723000, 93184, 1, 0, 0
724000, 109568, 1, 0, 0
725000, 124928, 1, 0, 0
726000, 195584, 1, 0, 0
727000, 194560, 1, 0, 0
728000, 175104, 1, 0, 0
729000, 181248, 1, 0, 0
730000, 178354, 1, 0, 0
731000, 182272, 1, 0, 0
732000, 182272, 1, 0, 0
733000, 178176, 1, 0, 0
734000, 180224, 1, 0, 0
735000, 181248, 1, 0, 0
736000, 179200, 1, 0, 0
737000, 180224, 1, 0, 0
738000, 178176, 1, 0, 0
739000, 190464, 1, 0, 0
740000, 191488, 1, 0, 0
741000, 188416, 1, 0, 0
742000, 193536, 1, 0, 0
743000, 191679, 1, 0, 0
744000, 190464, 1, 0, 0
745000, 190464, 1, 0, 0
746000, 191488, 1, 0, 0
747000, 193536, 1, 0, 0
748000, 191488, 1, 0, 0
749000, 190464, 1, 0, 0
750000, 189440, 1, 0, 0
751000, 192512, 1, 0, 0
752000, 191488, 1, 0, 0
753000, 188416, 1, 0, 0
754000, 191488, 1, 0, 0
755001, 192512, 1, 0, 0
756000, 191679, 1, 0, 0
757000, 191488, 1, 0, 0
758000, 189440, 1, 0, 0
759000, 192512, 1, 0, 0
760000, 188416, 1, 0, 0
761000, 104448, 1, 0, 0
762000, 94208, 1, 0, 0
763000, 97280, 1, 0, 0
764000, 95232, 1, 0, 0
765000, 96256, 1, 0, 0
766000, 96256, 1, 0, 0
767000, 96256, 1, 0, 0
768000, 98304, 1, 0, 0
769000, 170154, 1, 0, 0
770000, 100352, 1, 0, 0
771000, 95232, 1, 0, 0
772000, 95232, 1, 0, 0
773000, 92160, 1, 0, 0
774000, 92160, 1, 0, 0
775000, 95232, 1, 0, 0
776000, 93184, 1, 0, 0
777000, 94208, 1, 0, 0
778000, 98304, 1, 0, 0
779000, 92160, 1, 0, 0
780000, 96256, 1, 0, 0
781000, 102400, 1, 0, 0
782000, 95232, 1, 0, 0
783000, 94208, 1, 0, 0
784000, 97280, 1, 0, 0
785000, 100452, 1, 0, 0
786000, 98304, 1, 0, 0
787000, 117760, 1, 0, 0
788000, 568320, 1, 0, 0
789000, 576512, 1, 0, 0
790000, 571392, 1, 0, 0
791000, 572416, 1, 0, 0
792000, 573440, 1, 0, 0
793000, 574464, 1, 0, 0
794000, 573440, 1, 0, 0
795000, 575488, 1, 0, 0
796000, 569344, 1, 0, 0
797000, 574464, 1, 0, 0
798000, 574464, 1, 0, 0
799000, 576512, 1, 0, 0
800000, 574464, 1, 0, 0
801000, 573440, 1, 0, 0
802000, 572416, 1, 0, 0
803001, 573440, 1, 0, 0
804000, 574014, 1, 0, 0
805000, 570368, 1, 0, 0
806000, 573440, 1, 0, 0
