1000, 176128, 1, 0, 0
2000, 124928, 1, 0, 0
3000, 99328, 1, 0, 0
4000, 77824, 1, 0, 0
5000, 122880, 1, 0, 0
6000, 157696, 1, 0, 0
7000, 91136, 1, 0, 0
8000, 48128, 1, 0, 0
9000, 99328, 1, 0, 0
10000, 65601, 1, 0, 0
11000, 52224, 1, 0, 0
12000, 55296, 1, 0, 0
13000, 88064, 1, 0, 0
14000, 113664, 1, 0, 0
15000, 82944, 1, 0, 0
16000, 122880, 1, 0, 0
17000, 116736, 1, 0, 0
18000, 118902, 1, 0, 0
19000, 76800, 1, 0, 0
20000, 72704, 1, 0, 0
21000, 48128, 1, 0, 0
22000, 109568, 1, 0, 0
23000, 138240, 1, 0, 0
24000, 86016, 1, 0, 0
25000, 48176, 1, 0, 0
26000, 100352, 1, 0, 0
27000, 145408, 1, 0, 0
28000, 103424, 1, 0, 0
29000, 69632, 1, 0, 0
30000, 111616, 1, 0, 0
31000, 111727, 1, 0, 0
32000, 111616, 1, 0, 0
33000, 80896, 1, 0, 0
34000, 121856, 1, 0, 0
35000, 87040, 1, 0, 0
36000, 99427, 1, 0, 0
37000, 88064, 1, 0, 0
38000, 118784, 1, 0, 0
39000, 135168, 1, 0, 0
40000, 134144, 1, 0, 0
41000, 244736, 1, 0, 0
42000, 217088, 1, 0, 0
43000, 112640, 1, 0, 0
44000, 128128, 1, 0, 0
45000, 107520, 1, 0, 0
46000, 285696, 1, 0, 0
47000, 106496, 1, 0, 0
48000, 115712, 1, 0, 0
49000, 100352, 1, 0, 0
50000, 143360, 1, 0, 0
51000, 143503, 1, 0, 0
52000, 143360, 1, 0, 0
53000, 107520, 1, 0, 0
54000, 50176, 1, 0, 0
55000, 145408, 1, 0, 0
56000, 344064, 1, 0, 0
57000, 252156, 1, 0, 0
58000, 235520, 1, 0, 0
59000, 229376, 1, 0, 0
60000, 89088, 1, 0, 0
61000, 109568, 1, 0, 0
62000, 222430, 1, 0, 0
63000, 143360, 1, 0, 0
64000, 143360, 1, 0, 0
65000, 154624, 1, 0, 0
66000, 308224, 1, 0, 0
67000, 382334, 1, 0, 0
68000, 413696, 1, 0, 0
69000, 362496, 1, 0, 0
70000, 367616, 1, 0, 0
71000, 145408, 1, 0, 0
72000, 252928, 1, 0, 0
73000, 215040, 1, 0, 0
74000, 275731, 1, 0, 0
75000, 149504, 1, 0, 0
76000, 167936, 1, 0, 0
77000, 277504, 1, 0, 0
78000, 192512, 1, 0, 0
79000, 106496, 1, 0, 0
80000, 220380, 1, 0, 0
81000, 179200, 1, 0, 0
82000, 203776, 1, 0, 0
83000, 183296, 1, 0, 0
84000, 163840, 1, 0, 0
85000, 249856, 1, 0, 0
86000, 272384, 1, 0, 0
87000, 223455, 1, 0, 0
88000, 180224, 1, 0, 0
89000, 237568, 1, 0, 0
90000, 262144, 1, 0, 0
91000, 153600, 1, 0, 0
92000, 262144, 1, 0, 0
93000, 203776, 1, 0, 0
94001, 229376, 1, 0, 0
95000, 229605, 1, 0, 0
96000, 188416, 1, 0, 0
97000, 120832, 1, 0, 0
98000, 338944, 1, 0, 0
99000, 244736, 1, 0, 0
100000, 217088, 1, 0, 0
101000, 34850, 1, 0, 0
102000, 32768, 1, 0, 0
103000, 46080, 1, 0, 0
104000, 32768, 1, 0, 0
105000, 38912, 1, 0, 0
106000, 44032, 1, 0, 0
107000, 21504, 1, 0, 0
108000, 31744, 1, 0, 0
109000, 44076, 1, 0, 0
110000, 35840, 1, 0, 0
111000, 55296, 1, 0, 0
112000, 45056, 1, 0, 0
113000, 34816, 1, 0, 0
114000, 48128, 1, 0, 0
115000, 22528, 1, 0, 0
116000, 27648, 1, 0, 0
117000, 23552, 1, 0, 0
118000, 45101, 1, 0, 0
119000, 26624, 1, 0, 0
120000, 67584, 1, 0, 0
121000, 37888, 1, 0, 0
122000, 38912, 1, 0, 0
123000, 25600, 1, 0, 0
124000, 24576, 1, 0, 0
125000, 29696, 1, 0, 0
126000, 46080, 1, 0, 0
127000, 35840, 1, 0, 0
128000, 49201, 1, 0, 0
129000, 48128, 1, 0, 0
130000, 24576, 1, 0, 0
131000, 66560, 1, 0, 0
132000, 29696, 1, 0, 0
133000, 44032, 1, 0, 0
134000, 20480, 1, 0, 0
135000, 35840, 1, 0, 0
136000, 49152, 1, 0, 0
137000, 30750, 1, 0, 0
138000, 37888, 1, 0, 0
139000, 20480, 1, 0, 0
140000, 19456, 1, 0, 0
141000, 48128, 1, 0, 0
142000, 37888, 1, 0, 0
143000, 33792, 1, 0, 0
144000, 32800, 1, 0, 0
145000, 40960, 1, 0, 0
146000, 25600, 1, 0, 0
147000, 24576, 1, 0, 0
148000, 46080, 1, 0, 0
149000, 38912, 1, 0, 0
150000, 46126, 1, 0, 0
151000, 30720, 1, 0, 0
152000, 45056, 1, 0, 0
153000, 43008, 1, 0, 0
154000, 28672, 1, 0, 0
155000, 23575, 1, 0, 0
156000, 27648, 1, 0, 0
157000, 21504, 1, 0, 0
158000, 29696, 1, 0, 0
159000, 31775, 1, 0, 0
160000, 20480, 1, 0, 0
161000, 39936, 1, 0, 0
162000, 35840, 1, 0, 0
163000, 35875, 1, 0, 0
164000, 51200, 1, 0, 0
165000, 22528, 1, 0, 0
166000, 20480, 1, 0, 0
167000, 46080, 1, 0, 0
168000, 32768, 1, 0, 0
169000, 30720, 1, 0, 0
170000, 43051, 1, 0, 0
171000, 34816, 1, 0, 0
172000, 29696, 1, 0, 0
173000, 36864, 1, 0, 0
174000, 40960, 1, 0, 0
175000, 45056, 1, 0, 0
176000, 24576, 1, 0, 0
177000, 26624, 1, 0, 0
178000, 32768, 1, 0, 0
179000, 33792, 1, 0, 0
180000, 39936, 1, 0, 0
181000, 70656, 1, 0, 0
182000, 59392, 1, 0, 0
183000, 94208, 1, 0, 0
184000, 34816, 1, 0, 0
185001, 24576, 1, 0, 0
186000, 51251, 1, 0, 0
187000, 58368, 1, 0, 0
188000, 30720, 1, 0, 0
189000, 48128, 1, 0, 0
190000, 54326, 1, 0, 0
191000, 62464, 1, 0, 0
192000, 58368, 1, 0, 0
193000, 68608, 1, 0, 0
194000, 63488, 1, 0, 0
195000, 64576, 1, 0, 0
196000, 54272, 1, 0, 0
197000, 58368, 1, 0, 0
198000, 83968, 1, 0, 0
199000, 76876, 1, 0, 0
200000, 71680, 1, 0, 0
201000, 61440, 1, 0, 0
202000, 56320, 1, 0, 0
203000, 55296, 1, 0, 0
204000, 62526, 1, 0, 0
205000, 60416, 1, 0, 0
206000, 102400, 1, 0, 0
207000, 115712, 1, 0, 0
208000, 98402, 1, 0, 0
209000, 104448, 1, 0, 0
210000, 101376, 1, 0, 0
211000, 54272, 1, 0, 0
212000, 53248, 1, 0, 0
213000, 76800, 1, 0, 0
214000, 55296, 1, 0, 0
215000, 45056, 1, 0, 0
216000, 60416, 1, 0, 0
217000, 31775, 1, 0, 0
218000, 38912, 1, 0, 0
219000, 46080, 1, 0, 0
220000, 68608, 1, 0, 0
221000, 24576, 1, 0, 0
222000, 30720, 1, 0, 0
223000, 95232, 1, 0, 0
224000, 30720, 1, 0, 0
225000, 31744, 1, 0, 0
226000, 43008, 1, 0, 0
227000, 75776, 1, 0, 0
228000, 28672, 1, 0, 0
229000, 55296, 1, 0, 0
230000, 31744, 1, 0, 0
231000, 45056, 1, 0, 0
232000, 30720, 1, 0, 0
233000, 59392, 1, 0, 0
234000, 53301, 1, 0, 0
235000, 45056, 1, 0, 0
236000, 269312, 1, 0, 0
237000, 158720, 1, 0, 0
238000, 185344, 1, 0, 0
239000, 219136, 1, 0, 0
240000, 227328, 1, 0, 0
241000, 215040, 1, 0, 0
242000, 160768, 1, 0, 0
243000, 204800, 1, 0, 0
244000, 214016, 1, 0, 0
245000, 162816, 1, 0, 0
246000, 231424, 1, 0, 0
247000, 208896, 1, 0, 0
248000, 257024, 1, 0, 0
249000, 190464, 1, 0, 0
250000, 174080, 1, 0, 0
251000, 168104, 1, 0, 0
252000, 211968, 1, 0, 0
253000, 203776, 1, 0, 0
254000, 236544, 1, 0, 0
255000, 144384, 1, 0, 0
256000, 155648, 1, 0, 0
257000, 192512, 1, 0, 0
258000, 236544, 1, 0, 0
259000, 149504, 1, 0, 0
260000, 192512, 1, 0, 0
261000, 159744, 1, 0, 0
262000, 119808, 1, 0, 0
263000, 110592, 1, 0, 0
264000, 132096, 1, 0, 0
265000, 166912, 1, 0, 0
266000, 136328, 1, 0, 0
267000, 132096, 1, 0, 0
268000, 150528, 1, 0, 0
269000, 146432, 1, 0, 0
270000, 167936, 1, 0, 0
271000, 68608, 1, 0, 0
272000, 156672, 1, 0, 0
273000, 147456, 1, 0, 0
274000, 206848, 1, 0, 0
275000, 171008, 1, 0, 0
276000, 183296, 1, 0, 0
277000, 195584, 1, 0, 0
278000, 138240, 1, 0, 0
279000, 119808, 1, 0, 0
280000, 92160, 1, 0, 0
281000, 144528, 1, 0, 0
282000, 154624, 1, 0, 0
283000, 169984, 1, 0, 0
284000, 132096, 1, 0, 0
285000, 163840, 1, 0, 0
286000, 160768, 1, 0, 0
287000, 69632, 1, 0, 0
288000, 148480, 1, 0, 0
289000, 191488, 1, 0, 0
290000, 103424, 1, 0, 0
291000, 207872, 1, 0, 0
292000, 123904, 1, 0, 0
293000, 151552, 1, 0, 0
294000, 114688, 1, 0, 0
295000, 174080, 1, 0, 0
296000, 72776, 1, 0, 0
297000, 97280, 1, 0, 0
298000, 165888, 1, 0, 0
299000, 147456, 1, 0, 0
300000, 168960, 1, 0, 0
