1000, 186368, 1, 0, 0
2000, 110592, 1, 0, 0
3000, 102400, 1, 0, 0
4000, 112640, 1, 0, 0
5000, 119808, 1, 0, 0
6000, 49152, 1, 0, 0
7000, 71680, 1, 0, 0
8000, 112640, 1, 0, 0
9000, 64512, 1, 0, 0
9999, 80976, 1, 0, 0
11000, 91136, 1, 0, 0
12000, 92160, 1, 0, 0
13000, 121856, 1, 0, 0
14000, 116736, 1, 0, 0
15000, 116736, 1, 0, 0
16000, 113664, 1, 0, 0
17000, 101376, 1, 0, 0
18000, 129153, 1, 0, 0
19000, 124928, 1, 0, 0
20000, 54272, 1, 0, 0
21000, 128000, 1, 0, 0
22000, 95232, 1, 0, 0
23000, 117760, 1, 0, 0
24000, 132096, 1, 0, 0
25000, 150678, 1, 0, 0
26000, 148480, 1, 0, 0
27000, 78848, 1, 0, 0
28000, 110592, 1, 0, 0
29000, 173056, 1, 0, 0
30000, 139264, 1, 0, 0
31000, 86102, 1, 0, 0
32000, 50176, 1, 0, 0
33000, 66560, 1, 0, 0
34000, 92160, 1, 0, 0
35000, 94208, 1, 0, 0
35999, 136328, 1, 0, 0
37000, 103424, 1, 0, 0
38000, 124928, 1, 0, 0
39000, 98304, 1, 0, 0
40000, 99328, 1, 0, 0
41000, 46080, 1, 0, 0
42000, 90112, 1, 0, 0
43000, 112640, 1, 0, 0
44000, 67651, 1, 0, 0
45000, 83968, 1, 0, 0
46000, 60416, 1, 0, 0
47000, 149504, 1, 0, 0
48000, 115712, 1, 0, 0
49000, 100352, 1, 0, 0
50000, 143360, 1, 0, 0
51000, 143503, 1, 0, 0
52000, 143360, 1, 0, 0
53000, 107520, 1, 0, 0
54000, 93184, 1, 0, 0
55000, 118784, 1, 0, 0
56000, 61440, 1, 0, 0
56999, 52276, 1, 0, 0
58000, 49152, 1, 0, 0
59000, 44032, 1, 0, 0
60000, 198656, 1, 0, 0
61000, 228352, 1, 0, 0
62000, 86102, 1, 0, 0
63000, 113664, 1, 0, 0
64000, 143360, 1, 0, 0
65000, 72704, 1, 0, 0
66000, 62464, 1, 0, 0
67000, 39975, 1, 0, 0
68000, 34816, 1, 0, 0
69000, 41984, 1, 0, 0
70000, 43008, 1, 0, 0
71000, 175104, 1, 0, 0
72000, 133120, 1, 0, 0
73000, 144384, 1, 0, 0
74000, 159903, 1, 0, 0
75000, 144384, 1, 0, 0
76000, 129024, 1, 0, 0
77000, 47104, 1, 0, 0
78000, 157696, 1, 0, 0
79000, 169984, 1, 0, 0
79999, 138378, 1, 0, 0
81000, 151552, 1, 0, 0
82000, 166912, 1, 0, 0
83000, 132096, 1, 0, 0
84000, 186368, 1, 0, 0
85000, 131072, 1, 0, 0
86000, 202752, 1, 0, 0
86999, 57401, 1, 0, 0
88000, 198656, 1, 0, 0
89000, 204800, 1, 0, 0
90000, 110592, 1, 0, 0
91000, 133120, 1, 0, 0
92000, 125952, 1, 0, 0
93000, 102400, 1, 0, 0
94000, 90112, 1, 0, 0
95000, 124028, 1, 0, 0
96000, 78848, 1, 0, 0
97000, 110592, 1, 0, 0
98000, 92160, 1, 0, 0
99000, 75776, 1, 0, 0
100000, 77824, 1, 0, 0
101000, 485861, 1, 0, 0
102000, 392192, 1, 0, 0
103000, 381952, 1, 0, 0
104000, 429056, 1, 0, 0
105000, 379904, 1, 0, 0
106000, 388096, 1, 0, 0
107000, 391168, 1, 0, 0
108000, 462848, 1, 0, 0
109000, 416160, 1, 0, 0
110000, 361472, 1, 0, 0
111000, 420864, 1, 0, 0
112000, 377856, 1, 0, 0
113000, 413696, 1, 0, 0
114000, 462848, 1, 0, 0
115000, 471040, 1, 0, 0
116000, 372736, 1, 0, 0
117000, 402432, 1, 0, 0
117999, 390534, 1, 0, 0
119000, 416768, 1, 0, 0
120000, 352256, 1, 0, 0
121000, 464896, 1, 0, 0
122000, 470016, 1, 0, 0
123000, 475136, 1, 0, 0
124000, 453632, 1, 0, 0
125000, 350208, 1, 0, 0
126000, 389120, 1, 0, 0
127000, 441344, 1, 0, 0
127999, 351583, 1, 0, 0
129000, 433152, 1, 0, 0
130000, 301056, 1, 0, 0
131000, 483328, 1, 0, 0
132000, 429056, 1, 0, 0
133000, 372736, 1, 0, 0
134000, 447488, 1, 0, 0
135000, 349184, 1, 0, 0
136000, 434176, 1, 0, 0
137000, 419235, 1, 0, 0
138000, 480256, 1, 0, 0
139000, 478208, 1, 0, 0
140000, 365568, 1, 0, 0
141000, 379904, 1, 0, 0
142000, 401408, 1, 0, 0
143000, 459776, 1, 0, 0
144000, 446910, 1, 0, 0
145000, 401408, 1, 0, 0
146000, 440320, 1, 0, 0
147000, 402432, 1, 0, 0
148000, 397312, 1, 0, 0
149000, 433152, 1, 0, 0
150000, 466386, 1, 0, 0
151000, 395264, 1, 0, 0
152000, 422912, 1, 0, 0
153000, 371712, 1, 0, 0
154000, 419840, 1, 0, 0
155000, 429485, 1, 0, 0
156000, 396288, 1, 0, 0
157000, 477184, 1, 0, 0
158000, 395264, 1, 0, 0
159000, 381309, 1, 0, 0
160000, 423936, 1, 0, 0
161000, 390144, 1, 0, 0
162000, 454656, 1, 0, 0
163000, 455111, 1, 0, 0
164000, 453632, 1, 0, 0
165000, 462848, 1, 0, 0
166000, 493568, 1, 0, 0
167000, 434176, 1, 0, 0
168000, 340992, 1, 0, 0
169000, 228352, 1, 0, 0
170000, 159903, 1, 0, 0
171000, 265216, 1, 0, 0
172000, 201728, 1, 0, 0
173000, 192512, 1, 0, 0
174000, 357376, 1, 0, 0
175000, 43008, 1, 0, 0
176000, 125952, 1, 0, 0
177000, 124928, 1, 0, 0
178000, 199680, 1, 0, 0
179000, 249856, 1, 0, 0
180000, 277504, 1, 0, 0
181000, 273408, 1, 0, 0
182000, 216064, 1, 0, 0
183000, 153600, 1, 0, 0
184000, 256000, 1, 0, 0
185000, 167936, 1, 0, 0
186000, 161953, 1, 0, 0
187000, 199680, 1, 0, 0
188000, 351232, 1, 0, 0
189000, 222208, 1, 0, 0
190000, 171179, 1, 0, 0
191000, 142336, 1, 0, 0
192000, 159744, 1, 0, 0
193000, 144384, 1, 0, 0
194000, 136192, 1, 0, 0
195000, 148628, 1, 0, 0
196000, 143360, 1, 0, 0
197000, 168960, 1, 0, 0
198000, 118784, 1, 0, 0
199000, 120952, 1, 0, 0
200000, 129024, 1, 0, 0
201000, 139264, 1, 0, 0
202000, 129024, 1, 0, 0
203000, 142336, 1, 0, 0
204000, 129153, 1, 0, 0
205000, 132096, 1, 0, 0
206000, 197632, 1, 0, 0
207000, 117760, 1, 0, 0
208000, 127103, 1, 0, 0
209000, 118784, 1, 0, 0
210000, 119808, 1, 0, 0
211000, 178176, 1, 0, 0
212000, 179200, 1, 0, 0
213000, 158720, 1, 0, 0
214000, 190464, 1, 0, 0
215000, 150528, 1, 0, 0
216000, 246784, 1, 0, 0
216999, 291107, 1, 0, 0
218000, 229376, 1, 0, 0
219000, 191488, 1, 0, 0
220000, 63488, 1, 0, 0
221000, 24576, 1, 0, 0
222000, 32768, 1, 0, 0
223000, 78848, 1, 0, 0
224000, 25600, 1, 0, 0
225000, 30720, 1, 0, 0
226000, 40960, 1, 0, 0
227000, 70656, 1, 0, 0
228000, 27648, 1, 0, 0
229000, 49152, 1, 0, 0
230000, 26624, 1, 0, 0
231000, 36864, 1, 0, 0
232000, 29696, 1, 0, 0
233000, 61440, 1, 0, 0
233999, 49201, 1, 0, 0
235000, 44032, 1, 0, 0
236000, 45056, 1, 0, 0
237000, 41984, 1, 0, 0
238000, 47104, 1, 0, 0
239000, 36864, 1, 0, 0
240000, 37888, 1, 0, 0
241000, 35840, 1, 0, 0
242000, 45056, 1, 0, 0
243000, 41984, 1, 0, 0
244000, 37888, 1, 0, 0
245000, 37888, 1, 0, 0
246000, 38912, 1, 0, 0
247000, 36864, 1, 0, 0
248000, 35840, 1, 0, 0
249000, 37888, 1, 0, 0
250000, 46080, 1, 0, 0
250999, 37925, 1, 0, 0
252000, 36864, 1, 0, 0
253000, 38912, 1, 0, 0
254000, 44032, 1, 0, 0
255000, 36864, 1, 0, 0
256000, 36864, 1, 0, 0
257000, 34816, 1, 0, 0
258000, 41984, 1, 0, 0
259000, 37888, 1, 0, 0
260000, 35840, 1, 0, 0
261000, 32768, 1, 0, 0
262000, 30720, 1, 0, 0
263000, 34816, 1, 0, 0
264000, 36864, 1, 0, 0
265000, 41984, 1, 0, 0
265999, 45101, 1, 0, 0
267000, 37888, 1, 0, 0
268000, 36864, 1, 0, 0
269000, 33792, 1, 0, 0
270000, 35840, 1, 0, 0
271000, 38912, 1, 0, 0
272000, 36864, 1, 0, 0
273000, 41984, 1, 0, 0
274000, 48128, 1, 0, 0
275000, 38912, 1, 0, 0
276000, 36864, 1, 0, 0
277000, 37888, 1, 0, 0
278000, 52224, 1, 0, 0
279000, 40960, 1, 0, 0
280000, 41984, 1, 0, 0
281000, 37925, 1, 0, 0
282000, 37888, 1, 0, 0
283000, 36864, 1, 0, 0
284000, 38912, 1, 0, 0
285000, 43008, 1, 0, 0
286000, 48128, 1, 0, 0
287000, 44032, 1, 0, 0
288000, 38912, 1, 0, 0
289000, 41984, 1, 0, 0
290000, 49152, 1, 0, 0
291000, 50176, 1, 0, 0
292000, 47104, 1, 0, 0
293000, 51200, 1, 0, 0
294000, 48128, 1, 0, 0
295000, 48128, 1, 0, 0
296000, 47151, 1, 0, 0
297000, 47104, 1, 0, 0
298000, 46080, 1, 0, 0
299000, 47104, 1, 0, 0
300000, 47104, 1, 0, 0
