1000, 346112, 1, 0, 0
2000, 131072, 1, 0, 0
3000, 149653, 1, 0, 0
4000, 101376, 1, 0, 0
5000, 114688, 1, 0, 0
6000, 114688, 1, 0, 0
7000, 111616, 1, 0, 0
8000, 75776, 1, 0, 0
9000, 77824, 1, 0, 0
10000, 80896, 1, 0, 0
11000, 80976, 1, 0, 0
12000, 87040, 1, 0, 0
13000, 118784, 1, 0, 0
14000, 96256, 1, 0, 0
15000, 144384, 1, 0, 0
16000, 136192, 1, 0, 0
17000, 152576, 1, 0, 0
18000, 135168, 1, 0, 0
19000, 93184, 1, 0, 0
20000, 99427, 1, 0, 0
21000, 106496, 1, 0, 0
22000, 108544, 1, 0, 0
23000, 130048, 1, 0, 0
24000, 130048, 1, 0, 0
25000, 130048, 1, 0, 0
26000, 92160, 1, 0, 0
27000, 90112, 1, 0, 0
28000, 94208, 1, 0, 0
29000, 104552, 1, 0, 0
30000, 134144, 1, 0, 0
31000, 123904, 1, 0, 0
32000, 112640, 1, 0, 0
33000, 107520, 1, 0, 0
34000, 137216, 1, 0, 0
35000, 123904, 1, 0, 0
36000, 93184, 1, 0, 0
37000, 108544, 1, 0, 0
38000, 118784, 1, 0, 0
39000, 123003, 1, 0, 0
40000, 130048, 1, 0, 0
41000, 121856, 1, 0, 0
42000, 128000, 1, 0, 0
43000, 114688, 1, 0, 0
44000, 111616, 1, 0, 0
45000, 91136, 1, 0, 0
46000, 94208, 1, 0, 0
47000, 114802, 1, 0, 0
48000, 94208, 1, 0, 0
49000, 122880, 1, 0, 0
50000, 95232, 1, 0, 0
51000, 101376, 1, 0, 0
52000, 77824, 1, 0, 0
53000, 86102, 1, 0, 0
54000, 91136, 1, 0, 0
55000, 137216, 1, 0, 0
56000, 116736, 1, 0, 0
57000, 108544, 1, 0, 0
58000, 118784, 1, 0, 0
59000, 107520, 1, 0, 0
60000, 118784, 1, 0, 0
61000, 92160, 1, 0, 0
62000, 91227, 1, 0, 0
63000, 100352, 1, 0, 0
64000, 81920, 1, 0, 0
65000, 95232, 1, 0, 0
66000, 133120, 1, 0, 0
67000, 179200, 1, 0, 0
68000, 131072, 1, 0, 0
69000, 180224, 1, 0, 0
70000, 151552, 1, 0, 0
71000, 126078, 1, 0, 0
72000, 150528, 1, 0, 0
73000, 80896, 1, 0, 0
74000, 92160, 1, 0, 0
75000, 195584, 1, 0, 0
76000, 173056, 1, 0, 0
77000, 203776, 1, 0, 0
78000, 137216, 1, 0, 0
79000, 152576, 1, 0, 0
80000, 114688, 1, 0, 0
81000, 149653, 1, 0, 0
82000, 105472, 1, 0, 0
83000, 147456, 1, 0, 0
84000, 142336, 1, 0, 0
85000, 144384, 1, 0, 0
86000, 143360, 1, 0, 0
87000, 142336, 1, 0, 0
88000, 143360, 1, 0, 0
89000, 165888, 1, 0, 0
90000, 154624, 1, 0, 0
91000, 116736, 1, 0, 0
92000, 155648, 1, 0, 0
93000, 74826, 1, 0, 0
94000, 243712, 1, 0, 0
95000, 209920, 1, 0, 0
96000, 140288, 1, 0, 0
97000, 77824, 1, 0, 0
98000, 73728, 1, 0, 0
99000, 109568, 1, 0, 0
100000, 144384, 1, 0, 0
101000, 140288, 1, 0, 0
102000, 100352, 1, 0, 0
103000, 139264, 1, 0, 0
104000, 166054, 1, 0, 0
105000, 257024, 1, 0, 0
106000, 207872, 1, 0, 0
107000, 130048, 1, 0, 0
108000, 154624, 1, 0, 0
109000, 162816, 1, 0, 0
110000, 128000, 1, 0, 0
111000, 102400, 1, 0, 0
112000, 134144, 1, 0, 0
113000, 104448, 1, 0, 0
114000, 68676, 1, 0, 0
115000, 97280, 1, 0, 0
116000, 154624, 1, 0, 0
117000, 160768, 1, 0, 0
118000, 172032, 1, 0, 0
119000, 188416, 1, 0, 0
120000, 150528, 1, 0, 0
121000, 103424, 1, 0, 0
122000, 97280, 1, 0, 0
123000, 137216, 1, 0, 0
124000, 155648, 1, 0, 0
125000, 170154, 1, 0, 0
126000, 104448, 1, 0, 0
127000, 134144, 1, 0, 0
128000, 95232, 1, 0, 0
129000, 89088, 1, 0, 0
130000, 94208, 1, 0, 0
131000, 95232, 1, 0, 0
132000, 178176, 1, 0, 0
133000, 107520, 1, 0, 0
134000, 108544, 1, 0, 0
135000, 150678, 1, 0, 0
136000, 136192, 1, 0, 0
137000, 77824, 1, 0, 0
138000, 143360, 1, 0, 0
139000, 130048, 1, 0, 0
140000, 108544, 1, 0, 0
141000, 178176, 1, 0, 0
142000, 201728, 1, 0, 0
143000, 167936, 1, 0, 0
144000, 161792, 1, 0, 0
145000, 112640, 1, 0, 0
146000, 86016, 1, 0, 0
147000, 89177, 1, 0, 0
148000, 121856, 1, 0, 0
149000, 71680, 1, 0, 0
150000, 119808, 1, 0, 0
151000, 65536, 1, 0, 0
152000, 116736, 1, 0, 0
153000, 55296, 1, 0, 0
154000, 137216, 1, 0, 0
155000, 108544, 1, 0, 0
156000, 133120, 1, 0, 0
157000, 132096, 1, 0, 0
158000, 89177, 1, 0, 0
159000, 64512, 1, 0, 0
160000, 59392, 1, 0, 0
161000, 71680, 1, 0, 0
162000, 120832, 1, 0, 0
163000, 117760, 1, 0, 0
164000, 179379, 1, 0, 0
165000, 189440, 1, 0, 0
166000, 189440, 1, 0, 0
167000, 218112, 1, 0, 0
168000, 157696, 1, 0, 0
169000, 144384, 1, 0, 0
170000, 224256, 1, 0, 0
171000, 211155, 1, 0, 0
172000, 121856, 1, 0, 0
173000, 122880, 1, 0, 0
174000, 102400, 1, 0, 0
175000, 105472, 1, 0, 0
176000, 163840, 1, 0, 0
177000, 165029, 1, 0, 0
178000, 142336, 1, 0, 0
179000, 154624, 1, 0, 0
180000, 84992, 1, 0, 0
181000, 118784, 1, 0, 0
182000, 213205, 1, 0, 0
183000, 185344, 1, 0, 0
184000, 148480, 1, 0, 0
185000, 155648, 1, 0, 0
186000, 156672, 1, 0, 0
187000, 147456, 1, 0, 0
188000, 154778, 1, 0, 0
189000, 151552, 1, 0, 0
190000, 150528, 1, 0, 0
191000, 137216, 1, 0, 0
192000, 141312, 1, 0, 0
193000, 142336, 1, 0, 0
194000, 150678, 1, 0, 0
195000, 153600, 1, 0, 0
196000, 182272, 1, 0, 0
197000, 155648, 1, 0, 0
198000, 94208, 1, 0, 0
199000, 162816, 1, 0, 0
200000, 149504, 1, 0, 0
201000, 169984, 1, 0, 0
202000, 153600, 1, 0, 0
203000, 155648, 1, 0, 0
204000, 127103, 1, 0, 0
205000, 121856, 1, 0, 0
206000, 176128, 1, 0, 0
207000, 195584, 1, 0, 0
208000, 157696, 1, 0, 0
209000, 164864, 1, 0, 0
210000, 159744, 1, 0, 0
211000, 138240, 1, 0, 0
212000, 84992, 1, 0, 0
213000, 93184, 1, 0, 0
214000, 123904, 1, 0, 0
215000, 144528, 1, 0, 0
216000, 93184, 1, 0, 0
217000, 93184, 1, 0, 0
218000, 89088, 1, 0, 0
219000, 41984, 1, 0, 0
220000, 46126, 1, 0, 0
221000, 38912, 1, 0, 0
222000, 38912, 1, 0, 0
223000, 78848, 1, 0, 0
224000, 62526, 1, 0, 0
225000, 58368, 1, 0, 0
226000, 68608, 1, 0, 0
227000, 90112, 1, 0, 0
228000, 136192, 1, 0, 0
229000, 101376, 1, 0, 0
230000, 123904, 1, 0, 0
231000, 137216, 1, 0, 0
232000, 79872, 1, 0, 0
233000, 50176, 1, 0, 0
234000, 91227, 1, 0, 0
235000, 61440, 1, 0, 0
236000, 50176, 1, 0, 0
237000, 104448, 1, 0, 0
238000, 64512, 1, 0, 0
239000, 92160, 1, 0, 0
240000, 156672, 1, 0, 0
241000, 153600, 1, 0, 0
242000, 205824, 1, 0, 0
243000, 145408, 1, 0, 0
244000, 189440, 1, 0, 0
245000, 173229, 1, 0, 0
246000, 172032, 1, 0, 0
247000, 161792, 1, 0, 0
248000, 193536, 1, 0, 0
249000, 140288, 1, 0, 0
250000, 114688, 1, 0, 0
251000, 159744, 1, 0, 0
252000, 145408, 1, 0, 0
253000, 107520, 1, 0, 0
254000, 133120, 1, 0, 0
255001, 126976, 1, 0, 0
256000, 135303, 1, 0, 0
257000, 157696, 1, 0, 0
258000, 176128, 1, 0, 0
259000, 124928, 1, 0, 0
260000, 134144, 1, 0, 0
261000, 115712, 1, 0, 0
262000, 75776, 1, 0, 0
263000, 113664, 1, 0, 0
264000, 119808, 1, 0, 0
265000, 160768, 1, 0, 0
266000, 235755, 1, 0, 0
267000, 154624, 1, 0, 0
268000, 149504, 1, 0, 0
269000, 137216, 1, 0, 0
270000, 108544, 1, 0, 0
271000, 187392, 1, 0, 0
272000, 157696, 1, 0, 0
273000, 196608, 1, 0, 0
274000, 176128, 1, 0, 0
275000, 165888, 1, 0, 0
276000, 151552, 1, 0, 0
277000, 130178, 1, 0, 0
278000, 197632, 1, 0, 0
279000, 187392, 1, 0, 0
280000, 196608, 1, 0, 0
281000, 180224, 1, 0, 0
282000, 185344, 1, 0, 0
283000, 145408, 1, 0, 0
284000, 123904, 1, 0, 0
285000, 110592, 1, 0, 0
286000, 141453, 1, 0, 0
287000, 163840, 1, 0, 0
288000, 184320, 1, 0, 0
289000, 140288, 1, 0, 0
290000, 114688, 1, 0, 0
291000, 116736, 1, 0, 0
292000, 108544, 1, 0, 0
293000, 155648, 1, 0, 0
294000, 130048, 1, 0, 0
295000, 101477, 1, 0, 0
296000, 67584, 1, 0, 0
297000, 105472, 1, 0, 0
298000, 115712, 1, 0, 0
299000, 136192, 1, 0, 0
300000, 125952, 1, 0, 0
301000, 160768, 1, 0, 0
302000, 127103, 1, 0, 0
303000, 120832, 1, 0, 0
304000, 143360, 1, 0, 0
305000, 133120, 1, 0, 0
306000, 101376, 1, 0, 0
307000, 83968, 1, 0, 0
308000, 109677, 1, 0, 0
309000, 111616, 1, 0, 0
310000, 117760, 1, 0, 0
311000, 119808, 1, 0, 0
312000, 123904, 1, 0, 0
313000, 94208, 1, 0, 0
314000, 166912, 1, 0, 0
315000, 155803, 1, 0, 0
316000, 125952, 1, 0, 0
317000, 109568, 1, 0, 0
318000, 120832, 1, 0, 0
319000, 134144, 1, 0, 0
320000, 117760, 1, 0, 0
321000, 133120, 1, 0, 0
322000, 121977, 1, 0, 0
323000, 137216, 1, 0, 0
324000, 132096, 1, 0, 0
325000, 102400, 1, 0, 0
326000, 87040, 1, 0, 0
327000, 80896, 1, 0, 0
328000, 101376, 1, 0, 0
329000, 83027, 1, 0, 0
330000, 121856, 1, 0, 0
331000, 123904, 1, 0, 0
332000, 120832, 1, 0, 0
333000, 87040, 1, 0, 0
334000, 95232, 1, 0, 0
335000, 89088, 1, 0, 0
336000, 95327, 1, 0, 0
337000, 107520, 1, 0, 0
338000, 105472, 1, 0, 0
339000, 91136, 1, 0, 0
340000, 157853, 1, 0, 0
341000, 151552, 1, 0, 0
342000, 202752, 1, 0, 0
343000, 157696, 1, 0, 0
344000, 177152, 1, 0, 0
345000, 151552, 1, 0, 0
346000, 179379, 1, 0, 0
347000, 171008, 1, 0, 0
348000, 178176, 1, 0, 0
349000, 199680, 1, 0, 0
350000, 148480, 1, 0, 0
351000, 146432, 1, 0, 0
352000, 142336, 1, 0, 0
353000, 130048, 1, 0, 0
354000, 138240, 1, 0, 0
355000, 127103, 1, 0, 0
356000, 120832, 1, 0, 0
357000, 126976, 1, 0, 0
358000, 110592, 1, 0, 0
359001, 86016, 1, 0, 0
360000, 107627, 1, 0, 0
361000, 133120, 1, 0, 0
362000, 117760, 1, 0, 0
363000, 111616, 1, 0, 0
364000, 108544, 1, 0, 0
365000, 160768, 1, 0, 0
366000, 159903, 1, 0, 0
367000, 151552, 1, 0, 0
368000, 155648, 1, 0, 0
369000, 128000, 1, 0, 0
370000, 129024, 1, 0, 0
371000, 144384, 1, 0, 0
372000, 160928, 1, 0, 0
373000, 135168, 1, 0, 0
374000, 151552, 1, 0, 0
375000, 168960, 1, 0, 0
376000, 135168, 1, 0, 0
377000, 160768, 1, 0, 0
378000, 146432, 1, 0, 0
379000, 133253, 1, 0, 0
380000, 142336, 1, 0, 0
381000, 137216, 1, 0, 0
382000, 125952, 1, 0, 0
383000, 121856, 1, 0, 0
384000, 103424, 1, 0, 0
385000, 99328, 1, 0, 0
386000, 96256, 1, 0, 0
387000, 125053, 1, 0, 0
388000, 134144, 1, 0, 0
389000, 92160, 1, 0, 0
390000, 76800, 1, 0, 0
391000, 74752, 1, 0, 0
392000, 71680, 1, 0, 0
393000, 77824, 1, 0, 0
394000, 73728, 1, 0, 0
395000, 76800, 1, 0, 0
396000, 74752, 1, 0, 0
397000, 73801, 1, 0, 0
398000, 75776, 1, 0, 0
399000, 72704, 1, 0, 0
400000, 74752, 1, 0, 0
401000, 77824, 1, 0, 0
402000, 71680, 1, 0, 0
403000, 76800, 1, 0, 0
404000, 71680, 1, 0, 0
405001, 74752, 1, 0, 0
406000, 74826, 1, 0, 0
407000, 71680, 1, 0, 0
408000, 89088, 1, 0, 0
409000, 126976, 1, 0, 0
410000, 176128, 1, 0, 0
411000, 149504, 1, 0, 0
412000, 196608, 1, 0, 0
413000, 117877, 1, 0, 0
414000, 110592, 1, 0, 0
415000, 114688, 1, 0, 0
416000, 117760, 1, 0, 0
417000, 134144, 1, 0, 0
418000, 120832, 1, 0, 0
419000, 98402, 1, 0, 0
420000, 198656, 1, 0, 0
421000, 142336, 1, 0, 0
422000, 129024, 1, 0, 0
423000, 150528, 1, 0, 0
424000, 174080, 1, 0, 0
425000, 155648, 1, 0, 0
426000, 147456, 1, 0, 0
427000, 170154, 1, 0, 0
428000, 163840, 1, 0, 0
429000, 194560, 1, 0, 0
430000, 145408, 1, 0, 0
431000, 136192, 1, 0, 0
432000, 164864, 1, 0, 0
433000, 172204, 1, 0, 0
434000, 162816, 1, 0, 0
435000, 108544, 1, 0, 0
436000, 191488, 1, 0, 0
437000, 158720, 1, 0, 0
438000, 118784, 1, 0, 0
439000, 123003, 1, 0, 0
440000, 87040, 1, 0, 0
441000, 84992, 1, 0, 0
442000, 133120, 1, 0, 0
443000, 108544, 1, 0, 0
444000, 144384, 1, 0, 0
445000, 136192, 1, 0, 0
446000, 129024, 1, 0, 0
447000, 136192, 1, 0, 0
448000, 154624, 1, 0, 0
449000, 213205, 1, 0, 0
450000, 219136, 1, 0, 0
451000, 167936, 1, 0, 0
452000, 178176, 1, 0, 0
453000, 126976, 1, 0, 0
454000, 194560, 1, 0, 0
455000, 156672, 1, 0, 0
456000, 157696, 1, 0, 0
457000, 140288, 1, 0, 0
458000, 163840, 1, 0, 0
459000, 166912, 1, 0, 0
460000, 210944, 1, 0, 0
461000, 114802, 1, 0, 0
462000, 75776, 1, 0, 0
463000, 126976, 1, 0, 0
464000, 111616, 1, 0, 0
465000, 175104, 1, 0, 0
466000, 134144, 1, 0, 0
467000, 148480, 1, 0, 0
468000, 180224, 1, 0, 0
469000, 157696, 1, 0, 0
470000, 183296, 1, 0, 0
471000, 58426, 1, 0, 0
472000, 59392, 1, 0, 0
473000, 84992, 1, 0, 0
474000, 88064, 1, 0, 0
475000, 94208, 1, 0, 0
476000, 88064, 1, 0, 0
477000, 103424, 1, 0, 0
478000, 77824, 1, 0, 0
479000, 84992, 1, 0, 0
480000, 118784, 1, 0, 0
481000, 70726, 1, 0, 0
482000, 89088, 1, 0, 0
483000, 195584, 1, 0, 0
484000, 155648, 1, 0, 0
485000, 174080, 1, 0, 0
486000, 141312, 1, 0, 0
487000, 144384, 1, 0, 0
488000, 133120, 1, 0, 0
489000, 59392, 1, 0, 0
490000, 165888, 1, 0, 0
491000, 159744, 1, 0, 0
492000, 98402, 1, 0, 0
493000, 49152, 1, 0, 0
494000, 91136, 1, 0, 0
495000, 59392, 1, 0, 0
496000, 109568, 1, 0, 0
497000, 147456, 1, 0, 0
498000, 148480, 1, 0, 0
499000, 177152, 1, 0, 0
500000, 94208, 1, 0, 0
501000, 96256, 1, 0, 0
502000, 114802, 1, 0, 0
503000, 126976, 1, 0, 0
504000, 63488, 1, 0, 0
505000, 43008, 1, 0, 0
506000, 71680, 1, 0, 0
507000, 138240, 1, 0, 0
508000, 225280, 1, 0, 0
509000, 142478, 1, 0, 0
510000, 97280, 1, 0, 0
511000, 140288, 1, 0, 0
512000, 124928, 1, 0, 0
513000, 180404, 1, 0, 0
514000, 169984, 1, 0, 0
515000, 149504, 1, 0, 0
516000, 135168, 1, 0, 0
517000, 163840, 1, 0, 0
518000, 128128, 1, 0, 0
519000, 149504, 1, 0, 0
520000, 133120, 1, 0, 0
521000, 156672, 1, 0, 0
522000, 148480, 1, 0, 0
523000, 158720, 1, 0, 0
524000, 101477, 1, 0, 0
525000, 58368, 1, 0, 0
526000, 67584, 1, 0, 0
527000, 136192, 1, 0, 0
528000, 148628, 1, 0, 0
529000, 128000, 1, 0, 0
530000, 146432, 1, 0, 0
531000, 127103, 1, 0, 0
532000, 151552, 1, 0, 0
533000, 123904, 1, 0, 0
534000, 157696, 1, 0, 0
535000, 124928, 1, 0, 0
536000, 64512, 1, 0, 0
537000, 113664, 1, 0, 0
538000, 119808, 1, 0, 0
539000, 69632, 1, 0, 0
540000, 114802, 1, 0, 0
541000, 95232, 1, 0, 0
542000, 104448, 1, 0, 0
543000, 65536, 1, 0, 0
544000, 71680, 1, 0, 0
545000, 58368, 1, 0, 0
546000, 104448, 1, 0, 0
547000, 53248, 1, 0, 0
548000, 58368, 1, 0, 0
549000, 89088, 1, 0, 0
550000, 105472, 1, 0, 0
551000, 79872, 1, 0, 0
552000, 107627, 1, 0, 0
553000, 70656, 1, 0, 0
554000, 72704, 1, 0, 0
555000, 98304, 1, 0, 0
556000, 84992, 1, 0, 0
557000, 62464, 1, 0, 0
558000, 77824, 1, 0, 0
559000, 160768, 1, 0, 0
560000, 94208, 1, 0, 0
561000, 50176, 1, 0, 0
562000, 134144, 1, 0, 0
563000, 105577, 1, 0, 0
564000, 91136, 1, 0, 0
565000, 147456, 1, 0, 0
566000, 130048, 1, 0, 0
567000, 152576, 1, 0, 0
568000, 134144, 1, 0, 0
569000, 41984, 1, 0, 0
570000, 61440, 1, 0, 0
571000, 75776, 1, 0, 0
572000, 78848, 1, 0, 0
573001, 97280, 1, 0, 0
574000, 98402, 1, 0, 0
575000, 141312, 1, 0, 0
576000, 138240, 1, 0, 0
577000, 148480, 1, 0, 0
578000, 109568, 1, 0, 0
579000, 130048, 1, 0, 0
580000, 86016, 1, 0, 0
581000, 96256, 1, 0, 0
582000, 103424, 1, 0, 0
583000, 126078, 1, 0, 0
584000, 138240, 1, 0, 0
585000, 128000, 1, 0, 0
586000, 103424, 1, 0, 0
587000, 60416, 1, 0, 0
588000, 68608, 1, 0, 0
589000, 147456, 1, 0, 0
590000, 124928, 1, 0, 0
591000, 119808, 1, 0, 0
592000, 123003, 1, 0, 0
593000, 152576, 1, 0, 0
594000, 134144, 1, 0, 0
595000, 115712, 1, 0, 0
596000, 113777, 1, 0, 0
597000, 108544, 1, 0, 0
598000, 139264, 1, 0, 0
599000, 130048, 1, 0, 0
600000, 148480, 1, 0, 0
601000, 131072, 1, 0, 0
602000, 108544, 1, 0, 0
603000, 121856, 1, 0, 0
604000, 115712, 1, 0, 0
605000, 112752, 1, 0, 0
606000, 131072, 1, 0, 0
607000, 137216, 1, 0, 0
608000, 106496, 1, 0, 0
609000, 142336, 1, 0, 0
610000, 128000, 1, 0, 0
611000, 151552, 1, 0, 0
612000, 121856, 1, 0, 0
613000, 76800, 1, 0, 0
614000, 189629, 1, 0, 0
615000, 154624, 1, 0, 0
616000, 77824, 1, 0, 0
617000, 92160, 1, 0, 0
618000, 102400, 1, 0, 0
619000, 103424, 1, 0, 0
620000, 111616, 1, 0, 0
621000, 87040, 1, 0, 0
622000, 134144, 1, 0, 0
623000, 125952, 1, 0, 0
624000, 155803, 1, 0, 0
625000, 198656, 1, 0, 0
626000, 177152, 1, 0, 0
627000, 165888, 1, 0, 0
628000, 158720, 1, 0, 0
629000, 223232, 1, 0, 0
630000, 217088, 1, 0, 0
631000, 149504, 1, 0, 0
632000, 141312, 1, 0, 0
633000, 175104, 1, 0, 0
634000, 232680, 1, 0, 0
635000, 116736, 1, 0, 0
636000, 164864, 1, 0, 0
637000, 151552, 1, 0, 0
638000, 95232, 1, 0, 0
639000, 157696, 1, 0, 0
640000, 256000, 1, 0, 0
641000, 220160, 1, 0, 0
642000, 242688, 1, 0, 0
643000, 230630, 1, 0, 0
644000, 138240, 1, 0, 0
645000, 118784, 1, 0, 0
646000, 97280, 1, 0, 0
647000, 167936, 1, 0, 0
648000, 138240, 1, 0, 0
649000, 92160, 1, 0, 0
650000, 115712, 1, 0, 0
651000, 173229, 1, 0, 0
652000, 139264, 1, 0, 0
653000, 178176, 1, 0, 0
654000, 137216, 1, 0, 0
655000, 158720, 1, 0, 0
656000, 173056, 1, 0, 0
657000, 162816, 1, 0, 0
658000, 194560, 1, 0, 0
659000, 173229, 1, 0, 0
660000, 131072, 1, 0, 0
661000, 145408, 1, 0, 0
662000, 165888, 1, 0, 0
663000, 175104, 1, 0, 0
664000, 184320, 1, 0, 0
665000, 165029, 1, 0, 0
666000, 200704, 1, 0, 0
667000, 214016, 1, 0, 0
668000, 226304, 1, 0, 0
669000, 176304, 1, 0, 0
670000, 173056, 1, 0, 0
671000, 148480, 1, 0, 0
672000, 146432, 1, 0, 0
673000, 139403, 1, 0, 0
674000, 156672, 1, 0, 0
675000, 168960, 1, 0, 0
676000, 165888, 1, 0, 0
677000, 144528, 1, 0, 0
678000, 137216, 1, 0, 0
679000, 156672, 1, 0, 0
680000, 159744, 1, 0, 0
681000, 151552, 1, 0, 0
682000, 152728, 1, 0, 0
683000, 132096, 1, 0, 0
684000, 70656, 1, 0, 0
685000, 108544, 1, 0, 0
686000, 178354, 1, 0, 0
687000, 153600, 1, 0, 0
688000, 88064, 1, 0, 0
689000, 149504, 1, 0, 0
690000, 148480, 1, 0, 0
691000, 107520, 1, 0, 0
692000, 168960, 1, 0, 0
693000, 169984, 1, 0, 0
694001, 176128, 1, 0, 0
695000, 156828, 1, 0, 0
696000, 126976, 1, 0, 0
697000, 148480, 1, 0, 0
698000, 111616, 1, 0, 0
699000, 95232, 1, 0, 0
700000, 120832, 1, 0, 0
701000, 124928, 1, 0, 0
702000, 129024, 1, 0, 0
703000, 149504, 1, 0, 0
704000, 145553, 1, 0, 0
705000, 113664, 1, 0, 0
706000, 86016, 1, 0, 0
707000, 140288, 1, 0, 0
708000, 109568, 1, 0, 0
709000, 129024, 1, 0, 0
710000, 137216, 1, 0, 0
711000, 116736, 1, 0, 0
712000, 125952, 1, 0, 0
713000, 132228, 1, 0, 0
714000, 169984, 1, 0, 0
715000, 144384, 1, 0, 0
716000, 179200, 1, 0, 0
717000, 164864, 1, 0, 0
718000, 203776, 1, 0, 0
719000, 206848, 1, 0, 0
720000, 153600, 1, 0, 0
721000, 162816, 1, 0, 0
722000, 168104, 1, 0, 0
723000, 177152, 1, 0, 0
724000, 157696, 1, 0, 0
725000, 189440, 1, 0, 0
726000, 173056, 1, 0, 0
727000, 126976, 1, 0, 0
728000, 137216, 1, 0, 0
729000, 143360, 1, 0, 0
730000, 188604, 1, 0, 0
731000, 146432, 1, 0, 0
732000, 159744, 1, 0, 0
733000, 158720, 1, 0, 0
734000, 159744, 1, 0, 0
735000, 167936, 1, 0, 0
736000, 147456, 1, 0, 0
737000, 160768, 1, 0, 0
738000, 162816, 1, 0, 0
739000, 178354, 1, 0, 0
740000, 189440, 1, 0, 0
741000, 174080, 1, 0, 0
742000, 176128, 1, 0, 0
743000, 159744, 1, 0, 0
744000, 208896, 1, 0, 0
745000, 183296, 1, 0, 0
746000, 179200, 1, 0, 0
747000, 208896, 1, 0, 0
748000, 164864, 1, 0, 0
749000, 179379, 1, 0, 0
750000, 185344, 1, 0, 0
751000, 187392, 1, 0, 0
752000, 126976, 1, 0, 0
753000, 118784, 1, 0, 0
754000, 124928, 1, 0, 0
755000, 151552, 1, 0, 0
756000, 128000, 1, 0, 0
757000, 89088, 1, 0, 0
758000, 115827, 1, 0, 0
759000, 128000, 1, 0, 0
760000, 134144, 1, 0, 0
761000, 97280, 1, 0, 0
762000, 188416, 1, 0, 0
763000, 190464, 1, 0, 0
764000, 192512, 1, 0, 0
765000, 190464, 1, 0, 0
766000, 192512, 1, 0, 0
767000, 189440, 1, 0, 0
768000, 191488, 1, 0, 0
769000, 191488, 1, 0, 0
770000, 181248, 1, 0, 0
771000, 179379, 1, 0, 0
772000, 179200, 1, 0, 0
773000, 180224, 1, 0, 0
774000, 178176, 1, 0, 0
775000, 181248, 1, 0, 0
776000, 142336, 1, 0, 0
777000, 96256, 1, 0, 0
778000, 96256, 1, 0, 0
779000, 92160, 1, 0, 0
780000, 201728, 1, 0, 0
781000, 140288, 1, 0, 0
782000, 143503, 1, 0, 0
783000, 289792, 1, 0, 0
784000, 480256, 1, 0, 0
785000, 478208, 1, 0, 0
786000, 477184, 1, 0, 0
787000, 478686, 1, 0, 0
788000, 482304, 1, 0, 0
789000, 477184, 1, 0, 0
790000, 479232, 1, 0, 0
791000, 475136, 1, 0, 0
792000, 472536, 1, 0, 0
793000, 477184, 1, 0, 0
794000, 476160, 1, 0, 0
795000, 491520, 1, 0, 0
796000, 573440, 1, 0, 0
797000, 574014, 1, 0, 0
798000, 574464, 1, 0, 0
799000, 573440, 1, 0, 0
800000, 577536, 1, 0, 0
801000, 572416, 1, 0, 0
802000, 574464, 1, 0, 0
803000, 572416, 1, 0, 0
804000, 573440, 1, 0, 0
805000, 569344, 1, 0, 0
