1000, 287744, 1, 0, 0
2000, 166912, 1, 0, 0
3000, 200704, 1, 0, 0
4000, 206848, 1, 0, 0
5000, 164864, 1, 0, 0
6000, 322560, 1, 0, 0
7000, 355328, 1, 0, 0
8000, 319488, 1, 0, 0
9000, 353280, 1, 0, 0
9999, 335183, 1, 0, 0
11000, 340992, 1, 0, 0
12000, 344064, 1, 0, 0
13000, 261120, 1, 0, 0
14000, 156672, 1, 0, 0
15000, 179200, 1, 0, 0
16000, 197632, 1, 0, 0
17000, 156672, 1, 0, 0
17999, 160928, 1, 0, 0
19000, 150528, 1, 0, 0
20000, 237568, 1, 0, 0
21000, 223232, 1, 0, 0
22000, 218112, 1, 0, 0
23000, 176128, 1, 0, 0
24000, 153600, 1, 0, 0
24999, 184504, 1, 0, 0
26000, 192512, 1, 0, 0
27000, 177152, 1, 0, 0
28000, 193536, 1, 0, 0
29000, 180224, 1, 0, 0
30000, 212992, 1, 0, 0
30999, 190654, 1, 0, 0
32000, 222208, 1, 0, 0
33000, 214016, 1, 0, 0
34000, 180224, 1, 0, 0
35000, 218112, 1, 0, 0
35999, 174254, 1, 0, 0
37000, 175104, 1, 0, 0
38000, 184320, 1, 0, 0
39000, 172032, 1, 0, 0
40000, 177152, 1, 0, 0
41000, 48128, 1, 0, 0
42000, 62464, 1, 0, 0
43000, 117760, 1, 0, 0
44000, 72776, 1, 0, 0
45000, 73728, 1, 0, 0
46000, 58368, 1, 0, 0
47000, 106496, 1, 0, 0
48000, 122880, 1, 0, 0
49000, 100352, 1, 0, 0
50000, 143360, 1, 0, 0
51000, 143503, 1, 0, 0
52000, 143360, 1, 0, 0
53000, 107520, 1, 0, 0
54000, 50176, 1, 0, 0
55000, 50176, 1, 0, 0
56000, 45056, 1, 0, 0
56999, 57401, 1, 0, 0
58000, 61440, 1, 0, 0
59000, 48128, 1, 0, 0
60000, 54272, 1, 0, 0
61000, 47104, 1, 0, 0
62000, 47151, 1, 0, 0
63000, 116736, 1, 0, 0
64000, 143360, 1, 0, 0
65000, 53248, 1, 0, 0
66000, 40960, 1, 0, 0
66999, 32800, 1, 0, 0
68000, 27648, 1, 0, 0
69000, 40960, 1, 0, 0
70000, 35840, 1, 0, 0
71000, 26624, 1, 0, 0
72000, 28672, 1, 0, 0
73000, 31744, 1, 0, 0
73999, 29725, 1, 0, 0
75000, 34816, 1, 0, 0
76000, 30720, 1, 0, 0
77000, 22528, 1, 0, 0
78000, 29696, 1, 0, 0
79000, 32768, 1, 0, 0
79999, 22550, 1, 0, 0
81000, 29696, 1, 0, 0
82000, 32768, 1, 0, 0
83000, 29696, 1, 0, 0
84000, 29696, 1, 0, 0
85000, 34816, 1, 0, 0
86000, 28672, 1, 0, 0
86999, 26650, 1, 0, 0
88000, 32768, 1, 0, 0
89000, 32768, 1, 0, 0
90000, 35840, 1, 0, 0
91000, 29696, 1, 0, 0
92000, 34816, 1, 0, 0
93000, 24576, 1, 0, 0
94000, 26624, 1, 0, 0
95000, 31775, 1, 0, 0
96000, 32768, 1, 0, 0
97000, 23552, 1, 0, 0
98000, 27648, 1, 0, 0
99000, 31744, 1, 0, 0
100000, 41984, 1, 0, 0
100999, 32800, 1, 0, 0
102000, 23552, 1, 0, 0
103000, 33792, 1, 0, 0
104000, 33792, 1, 0, 0
105000, 37888, 1, 0, 0
106000, 36864, 1, 0, 0
107000, 33792, 1, 0, 0
108000, 35840, 1, 0, 0
108999, 25625, 1, 0, 0
110000, 25600, 1, 0, 0
111000, 21504, 1, 0, 0
112000, 22528, 1, 0, 0
113000, 21504, 1, 0, 0
114000, 19456, 1, 0, 0
115000, 45056, 1, 0, 0
116000, 33792, 1, 0, 0
117000, 35840, 1, 0, 0
117999, 21525, 1, 0, 0
119000, 26624, 1, 0, 0
120000, 37888, 1, 0, 0
121000, 21504, 1, 0, 0
122000, 26624, 1, 0, 0
123000, 40960, 1, 0, 0
124000, 36864, 1, 0, 0
125000, 37888, 1, 0, 0
126000, 27648, 1, 0, 0
127000, 23552, 1, 0, 0
127999, 22550, 1, 0, 0
129000, 21504, 1, 0, 0
130000, 35840, 1, 0, 0
131000, 40960, 1, 0, 0
132000, 36864, 1, 0, 0
133000, 24576, 1, 0, 0
134000, 32768, 1, 0, 0
135000, 37888, 1, 0, 0
136000, 26624, 1, 0, 0
136999, 26650, 1, 0, 0
138000, 38912, 1, 0, 0
139000, 44032, 1, 0, 0
140000, 37888, 1, 0, 0
141000, 23552, 1, 0, 0
142000, 28672, 1, 0, 0
143000, 28672, 1, 0, 0
143999, 35875, 1, 0, 0
145000, 34816, 1, 0, 0
146000, 49152, 1, 0, 0
147000, 44032, 1, 0, 0
148000, 23552, 1, 0, 0
149000, 23552, 1, 0, 0
149999, 21525, 1, 0, 0
151000, 29696, 1, 0, 0
152000, 29696, 1, 0, 0
153000, 24576, 1, 0, 0
154000, 44032, 1, 0, 0
155000, 47151, 1, 0, 0
156000, 35840, 1, 0, 0
157000, 34816, 1, 0, 0
158000, 44032, 1, 0, 0
159000, 39975, 1, 0, 0
160000, 39936, 1, 0, 0
161000, 28672, 1, 0, 0
162000, 23552, 1, 0, 0
163000, 27675, 1, 0, 0
164000, 22528, 1, 0, 0
165000, 41984, 1, 0, 0
166000, 45056, 1, 0, 0
167000, 24576, 1, 0, 0
168000, 27648, 1, 0, 0
169000, 39936, 1, 0, 0
169999, 63551, 1, 0, 0
170999, 43008, 1, 0, 0
172000, 121856, 1, 0, 0
173000, 64512, 1, 0, 0
174000, 62464, 1, 0, 0
175000, 292864, 1, 0, 0
176000, 314368, 1, 0, 0
177000, 100352, 1, 0, 0
178000, 87040, 1, 0, 0
179000, 112640, 1, 0, 0
180000, 150528, 1, 0, 0
181000, 230400, 1, 0, 0
182000, 119808, 1, 0, 0
183000, 145408, 1, 0, 0
184000, 154624, 1, 0, 0
185000, 56320, 1, 0, 0
186000, 53301, 1, 0, 0
187000, 89088, 1, 0, 0
188000, 51200, 1, 0, 0
189000, 155648, 1, 0, 0
189999, 164004, 1, 0, 0
191000, 120832, 1, 0, 0
192000, 79872, 1, 0, 0
193000, 130048, 1, 0, 0
194000, 125952, 1, 0, 0
195000, 79951, 1, 0, 0
196000, 109568, 1, 0, 0
197000, 54272, 1, 0, 0
198000, 152576, 1, 0, 0
198999, 125053, 1, 0, 0
200000, 138240, 1, 0, 0
201000, 123904, 1, 0, 0
202000, 144384, 1, 0, 0
203000, 118784, 1, 0, 0
204000, 127103, 1, 0, 0
205000, 115712, 1, 0, 0
206000, 142336, 1, 0, 0
207000, 154624, 1, 0, 0
208000, 169129, 1, 0, 0
209000, 164864, 1, 0, 0
210000, 144384, 1, 0, 0
211000, 197632, 1, 0, 0
212000, 171008, 1, 0, 0
213000, 179200, 1, 0, 0
214000, 186368, 1, 0, 0
215000, 167936, 1, 0, 0
216000, 160768, 1, 0, 0
216999, 155803, 1, 0, 0
217999, 114688, 1, 0, 0
219000, 147456, 1, 0, 0
220000, 274432, 1, 0, 0
221000, 332800, 1, 0, 0
222000, 139264, 1, 0, 0
223000, 78848, 1, 0, 0
224000, 199680, 1, 0, 0
225000, 286720, 1, 0, 0
226000, 229376, 1, 0, 0
227000, 220160, 1, 0, 0
228000, 204800, 1, 0, 0
229000, 49152, 1, 0, 0
230000, 351232, 1, 0, 0
231000, 110592, 1, 0, 0
232000, 425984, 1, 0, 0
233000, 386048, 1, 0, 0
233999, 385409, 1, 0, 0
234999, 361472, 1, 0, 0
235999, 119808, 1, 0, 0
237000, 181248, 1, 0, 0
238000, 152576, 1, 0, 0
239000, 79872, 1, 0, 0
240000, 150528, 1, 0, 0
241000, 129024, 1, 0, 0
242000, 204800, 1, 0, 0
243000, 125952, 1, 0, 0
244000, 36864, 1, 0, 0
245000, 112640, 1, 0, 0
246000, 130048, 1, 0, 0
247000, 111616, 1, 0, 0
248000, 147456, 1, 0, 0
249000, 160768, 1, 0, 0
250000, 202752, 1, 0, 0
250999, 164004, 1, 0, 0
251999, 150528, 1, 0, 0
253000, 137216, 1, 0, 0
254000, 177152, 1, 0, 0
255000, 178176, 1, 0, 0
256000, 172032, 1, 0, 0
257000, 161792, 1, 0, 0
258000, 118784, 1, 0, 0
259000, 205824, 1, 0, 0
260000, 117760, 1, 0, 0
261000, 138240, 1, 0, 0
262000, 137216, 1, 0, 0
263000, 156672, 1, 0, 0
264000, 94208, 1, 0, 0
265000, 185344, 1, 0, 0
265999, 160928, 1, 0, 0
266999, 101376, 1, 0, 0
268000, 191488, 1, 0, 0
269000, 167936, 1, 0, 0
270000, 146432, 1, 0, 0
271000, 165888, 1, 0, 0
272000, 126976, 1, 0, 0
273000, 193536, 1, 0, 0
274000, 158720, 1, 0, 0
275000, 141312, 1, 0, 0
276000, 110592, 1, 0, 0
277000, 117760, 1, 0, 0
278000, 174080, 1, 0, 0
279000, 158720, 1, 0, 0
280000, 154624, 1, 0, 0
280999, 96352, 1, 0, 0
281999, 125952, 1, 0, 0
283000, 166912, 1, 0, 0
284000, 121856, 1, 0, 0
285000, 157696, 1, 0, 0
286000, 103424, 1, 0, 0
287000, 201728, 1, 0, 0
288000, 171008, 1, 0, 0
289000, 105472, 1, 0, 0
290000, 133120, 1, 0, 0
291000, 157696, 1, 0, 0
292000, 174080, 1, 0, 0
293000, 115712, 1, 0, 0
294000, 138240, 1, 0, 0
295000, 189440, 1, 0, 0
295999, 96352, 1, 0, 0
296999, 47104, 1, 0, 0
298000, 65536, 1, 0, 0
299000, 147456, 1, 0, 0
300000, 143360, 1, 0, 0
