1000, 245760, 1, 0, 0
2000, 167936, 1, 0, 0
3000, 173056, 1, 0, 0
4000, 171008, 1, 0, 0
5000, 151552, 1, 0, 0
6000, 53248, 1, 0, 0
7000, 58368, 1, 0, 0
8000, 93184, 1, 0, 0
9000, 54272, 1, 0, 0
9999, 96352, 1, 0, 0
11000, 84992, 1, 0, 0
12000, 81920, 1, 0, 0
13000, 117760, 1, 0, 0
14000, 157696, 1, 0, 0
15000, 207872, 1, 0, 0
16000, 154624, 1, 0, 0
17000, 183296, 1, 0, 0
18000, 165029, 1, 0, 0
19000, 220160, 1, 0, 0
20000, 210944, 1, 0, 0
21000, 174080, 1, 0, 0
22000, 156672, 1, 0, 0
23000, 147456, 1, 0, 0
24000, 180224, 1, 0, 0
25000, 186554, 1, 0, 0
26000, 155648, 1, 0, 0
27000, 146432, 1, 0, 0
28000, 167936, 1, 0, 0
29000, 164864, 1, 0, 0
30000, 121856, 1, 0, 0
31000, 167079, 1, 0, 0
32000, 172032, 1, 0, 0
33000, 227328, 1, 0, 0
34000, 165888, 1, 0, 0
35000, 202752, 1, 0, 0
36000, 150678, 1, 0, 0
37000, 193536, 1, 0, 0
38000, 167936, 1, 0, 0
39000, 155648, 1, 0, 0
40000, 164864, 1, 0, 0
41000, 229376, 1, 0, 0
42000, 205824, 1, 0, 0
43000, 219136, 1, 0, 0
44000, 329033, 1, 0, 0
45000, 302080, 1, 0, 0
46000, 162816, 1, 0, 0
47000, 197632, 1, 0, 0
48000, 228352, 1, 0, 0
49000, 262144, 1, 0, 0
50000, 143360, 1, 0, 0
51000, 143503, 1, 0, 0
52000, 143360, 1, 0, 0
53000, 263168, 1, 0, 0
54000, 379904, 1, 0, 0
55000, 259072, 1, 0, 0
56000, 124928, 1, 0, 0
56999, 218330, 1, 0, 0
58000, 207872, 1, 0, 0
59000, 264192, 1, 0, 0
60000, 229376, 1, 0, 0
61000, 184320, 1, 0, 0
62000, 237805, 1, 0, 0
63000, 172032, 1, 0, 0
64000, 143360, 1, 0, 0
65000, 316416, 1, 0, 0
66000, 151552, 1, 0, 0
67000, 117877, 1, 0, 0
68000, 94208, 1, 0, 0
69000, 140288, 1, 0, 0
70000, 113664, 1, 0, 0
71000, 218112, 1, 0, 0
72000, 171008, 1, 0, 0
73000, 194560, 1, 0, 0
74000, 97377, 1, 0, 0
75000, 244736, 1, 0, 0
76000, 234496, 1, 0, 0
77000, 217088, 1, 0, 0
78000, 210944, 1, 0, 0
79000, 266240, 1, 0, 0
79999, 202954, 1, 0, 0
81000, 195584, 1, 0, 0
82000, 174080, 1, 0, 0
83000, 217088, 1, 0, 0
84000, 210944, 1, 0, 0
85000, 153600, 1, 0, 0
86000, 83968, 1, 0, 0
86999, 252156, 1, 0, 0
88000, 159744, 1, 0, 0
89000, 114688, 1, 0, 0
90000, 168960, 1, 0, 0
91000, 228352, 1, 0, 0
92000, 171008, 1, 0, 0
93000, 234496, 1, 0, 0
94000, 228352, 1, 0, 0
95000, 177329, 1, 0, 0
96000, 270336, 1, 0, 0
97000, 304128, 1, 0, 0
98000, 128000, 1, 0, 0
99000, 222208, 1, 0, 0
100000, 237568, 1, 0, 0
101000, 32800, 1, 0, 0
102000, 124928, 1, 0, 0
103000, 99328, 1, 0, 0
104000, 84992, 1, 0, 0
105000, 117760, 1, 0, 0
106000, 125952, 1, 0, 0
107000, 122880, 1, 0, 0
108000, 51200, 1, 0, 0
109000, 69701, 1, 0, 0
110000, 149504, 1, 0, 0
111000, 86016, 1, 0, 0
112000, 129024, 1, 0, 0
113000, 101376, 1, 0, 0
114000, 43008, 1, 0, 0
115000, 43008, 1, 0, 0
116000, 140288, 1, 0, 0
117000, 96256, 1, 0, 0
117999, 128128, 1, 0, 0
119000, 98304, 1, 0, 0
120000, 109568, 1, 0, 0
121000, 41984, 1, 0, 0
122000, 53248, 1, 0, 0
123000, 21504, 1, 0, 0
124000, 64512, 1, 0, 0
125000, 156672, 1, 0, 0
126000, 111616, 1, 0, 0
127000, 61440, 1, 0, 0
128000, 157853, 1, 0, 0
129000, 89088, 1, 0, 0
130000, 126976, 1, 0, 0
131000, 53248, 1, 0, 0
132000, 88064, 1, 0, 0
133000, 111616, 1, 0, 0
134000, 86016, 1, 0, 0
135000, 131072, 1, 0, 0
136000, 79872, 1, 0, 0
137000, 78926, 1, 0, 0
138000, 23552, 1, 0, 0
139000, 41984, 1, 0, 0
140000, 140288, 1, 0, 0
141000, 125952, 1, 0, 0
142000, 107520, 1, 0, 0
143000, 48128, 1, 0, 0
144000, 68676, 1, 0, 0
145000, 89088, 1, 0, 0
146000, 54272, 1, 0, 0
147000, 104448, 1, 0, 0
148000, 110592, 1, 0, 0
149000, 58368, 1, 0, 0
150000, 48176, 1, 0, 0
151000, 123904, 1, 0, 0
152000, 94208, 1, 0, 0
153000, 111616, 1, 0, 0
154000, 88064, 1, 0, 0
155000, 65601, 1, 0, 0
156000, 132096, 1, 0, 0
157000, 28672, 1, 0, 0
158000, 113664, 1, 0, 0
159000, 112752, 1, 0, 0
160000, 88064, 1, 0, 0
161000, 128000, 1, 0, 0
162000, 41984, 1, 0, 0
163000, 53301, 1, 0, 0
164000, 52224, 1, 0, 0
165000, 39936, 1, 0, 0
166000, 21504, 1, 0, 0
167000, 81920, 1, 0, 0
168000, 141312, 1, 0, 0
169000, 271360, 1, 0, 0
170000, 311607, 1, 0, 0
171000, 245760, 1, 0, 0
172000, 205824, 1, 0, 0
173000, 286720, 1, 0, 0
174000, 107520, 1, 0, 0
175000, 162816, 1, 0, 0
176000, 137216, 1, 0, 0
177000, 322560, 1, 0, 0
178000, 250880, 1, 0, 0
179000, 178176, 1, 0, 0
180000, 35840, 1, 0, 0
181000, 68608, 1, 0, 0
182000, 167936, 1, 0, 0
183000, 191488, 1, 0, 0
184000, 120832, 1, 0, 0
185000, 335872, 1, 0, 0
186000, 311607, 1, 0, 0
187000, 206848, 1, 0, 0
188000, 147456, 1, 0, 0
189000, 164864, 1, 0, 0
190000, 174254, 1, 0, 0
191000, 247808, 1, 0, 0
192000, 272384, 1, 0, 0
193000, 252928, 1, 0, 0
194000, 240640, 1, 0, 0
195000, 272656, 1, 0, 0
196000, 265216, 1, 0, 0
197000, 291840, 1, 0, 0
198000, 240640, 1, 0, 0
199000, 236780, 1, 0, 0
200000, 230400, 1, 0, 0
201000, 259072, 1, 0, 0
202000, 236544, 1, 0, 0
203000, 260096, 1, 0, 0
204000, 253181, 1, 0, 0
205000, 222208, 1, 0, 0
206000, 173056, 1, 0, 0
207000, 167936, 1, 0, 0
208000, 191679, 1, 0, 0
209000, 181248, 1, 0, 0
210000, 190464, 1, 0, 0
211000, 160768, 1, 0, 0
212000, 155648, 1, 0, 0
213000, 157696, 1, 0, 0
214000, 153600, 1, 0, 0
215000, 145408, 1, 0, 0
216000, 167936, 1, 0, 0
216999, 104552, 1, 0, 0
218000, 180224, 1, 0, 0
219000, 198656, 1, 0, 0
220000, 160768, 1, 0, 0
221000, 199680, 1, 0, 0
222000, 350208, 1, 0, 0
223000, 331776, 1, 0, 0
224000, 313344, 1, 0, 0
225000, 222208, 1, 0, 0
226000, 250880, 1, 0, 0
227000, 219136, 1, 0, 0
228000, 312320, 1, 0, 0
229000, 418816, 1, 0, 0
230000, 164864, 1, 0, 0
231000, 371712, 1, 0, 0
232000, 95232, 1, 0, 0
233000, 60416, 1, 0, 0
233999, 89177, 1, 0, 0
235000, 77824, 1, 0, 0
236000, 190464, 1, 0, 0
237000, 196608, 1, 0, 0
238000, 197632, 1, 0, 0
239000, 217088, 1, 0, 0
240000, 156672, 1, 0, 0
241000, 206848, 1, 0, 0
242000, 162816, 1, 0, 0
243000, 190464, 1, 0, 0
244000, 277504, 1, 0, 0
245000, 260096, 1, 0, 0
246000, 184320, 1, 0, 0
247000, 229376, 1, 0, 0
248000, 131072, 1, 0, 0
249000, 178176, 1, 0, 0
250000, 151552, 1, 0, 0
251000, 185529, 1, 0, 0
252000, 184320, 1, 0, 0
253000, 192512, 1, 0, 0
254000, 131072, 1, 0, 0
255000, 202752, 1, 0, 0
256000, 221184, 1, 0, 0
257000, 173056, 1, 0, 0
258000, 169984, 1, 0, 0
259000, 187392, 1, 0, 0
260000, 231424, 1, 0, 0
261000, 246784, 1, 0, 0
262000, 273408, 1, 0, 0
263000, 256000, 1, 0, 0
264000, 312320, 1, 0, 0
265000, 195584, 1, 0, 0
265999, 217305, 1, 0, 0
267000, 310272, 1, 0, 0
268000, 202752, 1, 0, 0
269000, 231424, 1, 0, 0
270000, 197632, 1, 0, 0
271000, 316416, 1, 0, 0
272000, 236544, 1, 0, 0
273000, 209920, 1, 0, 0
274000, 158720, 1, 0, 0
275000, 229376, 1, 0, 0
276000, 241664, 1, 0, 0
277000, 196608, 1, 0, 0
278000, 229376, 1, 0, 0
279000, 240640, 1, 0, 0
280000, 277504, 1, 0, 0
281000, 308532, 1, 0, 0
282000, 248832, 1, 0, 0
283000, 209920, 1, 0, 0
284000, 276480, 1, 0, 0
285000, 199680, 1, 0, 0
286000, 267264, 1, 0, 0
287000, 247808, 1, 0, 0
288000, 238592, 1, 0, 0
289000, 210944, 1, 0, 0
290000, 288768, 1, 0, 0
291000, 178176, 1, 0, 0
292000, 218112, 1, 0, 0
293000, 243712, 1, 0, 0
294000, 282624, 1, 0, 0
295000, 162816, 1, 0, 0
296000, 345433, 1, 0, 0
297000, 390144, 1, 0, 0
298000, 287744, 1, 0, 0
299000, 230400, 1, 0, 0
300000, 221184, 1, 0, 0
