1000, 211968, 1, 0, 0
2000, 251904, 1, 0, 0
3000, 184504, 1, 0, 0
4000, 123904, 1, 0, 0
5000, 110592, 1, 0, 0
6000, 130048, 1, 0, 0
7000, 144528, 1, 0, 0
8000, 143360, 1, 0, 0
9000, 143360, 1, 0, 0
10000, 143360, 1, 0, 0
11000, 143360, 1, 0, 0
12000, 143360, 1, 0, 0
13000, 142336, 1, 0, 0
14000, 143360, 1, 0, 0
15000, 144384, 1, 0, 0
16000, 143503, 1, 0, 0
17000, 87040, 1, 0, 0
18000, 69632, 1, 0, 0
19000, 55296, 1, 0, 0
20000, 69632, 1, 0, 0
21000, 58368, 1, 0, 0
22000, 55296, 1, 0, 0
23000, 138378, 1, 0, 0
24000, 146432, 1, 0, 0
25000, 147456, 1, 0, 0
26000, 106496, 1, 0, 0
27000, 142336, 1, 0, 0
28000, 140428, 1, 0, 0
29000, 149504, 1, 0, 0
30000, 146432, 1, 0, 0
31000, 158720, 1, 0, 0
32000, 215255, 1, 0, 0
33000, 190464, 1, 0, 0
34000, 145408, 1, 0, 0
35000, 195584, 1, 0, 0
36000, 180404, 1, 0, 0
37000, 177152, 1, 0, 0
38000, 198656, 1, 0, 0
39000, 229376, 1, 0, 0
40000, 184320, 1, 0, 0
41000, 162816, 1, 0, 0
42000, 167079, 1, 0, 0
43000, 83968, 1, 0, 0
44000, 87040, 1, 0, 0
45000, 144384, 1, 0, 0
46000, 128000, 1, 0, 0
47000, 55296, 1, 0, 0
48000, 45056, 1, 0, 0
49000, 43008, 1, 0, 0
50000, 56320, 1, 0, 0
51000, 41984, 1, 0, 0
52000, 62526, 1, 0, 0
53000, 112640, 1, 0, 0
54000, 108544, 1, 0, 0
55000, 182272, 1, 0, 0
56000, 113664, 1, 0, 0
57000, 146432, 1, 0, 0
58000, 177152, 1, 0, 0
59000, 159744, 1, 0, 0
60000, 123904, 1, 0, 0
61000, 92160, 1, 0, 0
62000, 138240, 1, 0, 0
63000, 150678, 1, 0, 0
64000, 136192, 1, 0, 0
65000, 139264, 1, 0, 0
66000, 137216, 1, 0, 0
67000, 140288, 1, 0, 0
68000, 144384, 1, 0, 0
69000, 129024, 1, 0, 0
70000, 110592, 1, 0, 0
71000, 82944, 1, 0, 0
72000, 202752, 1, 0, 0
73000, 91227, 1, 0, 0
74000, 142336, 1, 0, 0
75000, 104448, 1, 0, 0
76000, 143360, 1, 0, 0
77000, 132096, 1, 0, 0
78000, 211968, 1, 0, 0
79000, 203979, 1, 0, 0
80000, 129024, 1, 0, 0
81000, 77824, 1, 0, 0
82000, 80896, 1, 0, 0
83000, 126976, 1, 0, 0
84000, 76800, 1, 0, 0
85000, 64512, 1, 0, 0
86000, 126976, 1, 0, 0
87000, 151552, 1, 0, 0
88000, 160928, 1, 0, 0
89000, 150528, 1, 0, 0
90000, 123904, 1, 0, 0
91000, 94208, 1, 0, 0
92000, 125952, 1, 0, 0
93000, 161792, 1, 0, 0
94000, 173056, 1, 0, 0
95000, 162816, 1, 0, 0
96000, 158720, 1, 0, 0
97000, 114802, 1, 0, 0
98000, 144384, 1, 0, 0
99000, 110592, 1, 0, 0
100000, 111616, 1, 0, 0
101000, 144384, 1, 0, 0
102000, 119808, 1, 0, 0
103000, 120832, 1, 0, 0
104000, 106496, 1, 0, 0
105000, 101376, 1, 0, 0
106000, 71680, 1, 0, 0
107000, 129024, 1, 0, 0
108000, 85077, 1, 0, 0
109000, 120832, 1, 0, 0
110000, 141312, 1, 0, 0
111000, 174080, 1, 0, 0
112000, 94208, 1, 0, 0
113000, 102400, 1, 0, 0
114000, 149504, 1, 0, 0
115000, 146578, 1, 0, 0
116000, 153600, 1, 0, 0
117000, 150528, 1, 0, 0
118000, 144384, 1, 0, 0
119000, 142336, 1, 0, 0
120000, 109568, 1, 0, 0
121000, 90112, 1, 0, 0
122000, 89177, 1, 0, 0
123000, 88064, 1, 0, 0
124000, 133120, 1, 0, 0
125000, 134144, 1, 0, 0
126000, 153600, 1, 0, 0
127000, 55296, 1, 0, 0
128000, 56320, 1, 0, 0
129000, 91227, 1, 0, 0
130000, 107520, 1, 0, 0
131000, 141312, 1, 0, 0
132000, 173056, 1, 0, 0
133000, 227328, 1, 0, 0
134000, 213205, 1, 0, 0
135000, 201728, 1, 0, 0
136000, 143360, 1, 0, 0
137000, 157853, 1, 0, 0
138000, 100352, 1, 0, 0
139000, 125952, 1, 0, 0
140000, 132096, 1, 0, 0
141000, 93277, 1, 0, 0
142000, 51200, 1, 0, 0
143000, 95232, 1, 0, 0
144000, 108652, 1, 0, 0
145000, 102400, 1, 0, 0
146000, 157696, 1, 0, 0
147000, 172032, 1, 0, 0
148000, 191679, 1, 0, 0
149000, 113664, 1, 0, 0
150000, 142336, 1, 0, 0
151000, 156828, 1, 0, 0
152000, 152576, 1, 0, 0
153000, 128000, 1, 0, 0
154000, 112640, 1, 0, 0
155000, 132096, 1, 0, 0
156000, 206030, 1, 0, 0
157000, 112640, 1, 0, 0
158000, 72704, 1, 0, 0
159000, 105472, 1, 0, 0
160000, 142336, 1, 0, 0
161000, 122880, 1, 0, 0
162000, 129024, 1, 0, 0
163000, 112752, 1, 0, 0
164000, 84992, 1, 0, 0
165000, 99328, 1, 0, 0
166000, 103424, 1, 0, 0
167000, 90112, 1, 0, 0
168000, 84992, 1, 0, 0
169000, 155648, 1, 0, 0
170000, 140288, 1, 0, 0
171000, 144384, 1, 0, 0
172000, 122880, 1, 0, 0
173000, 176304, 1, 0, 0
174000, 163840, 1, 0, 0
175000, 147456, 1, 0, 0
176000, 148480, 1, 0, 0
177000, 107520, 1, 0, 0
178000, 122880, 1, 0, 0
179000, 126976, 1, 0, 0
180000, 120832, 1, 0, 0
181000, 115827, 1, 0, 0
182000, 92160, 1, 0, 0
183000, 145408, 1, 0, 0
184000, 145408, 1, 0, 0
185000, 154624, 1, 0, 0
186000, 132096, 1, 0, 0
187000, 117760, 1, 0, 0
188000, 91136, 1, 0, 0
189000, 151552, 1, 0, 0
190000, 180404, 1, 0, 0
191000, 141312, 1, 0, 0
192000, 114688, 1, 0, 0
193000, 128000, 1, 0, 0
194000, 130048, 1, 0, 0
195000, 105472, 1, 0, 0
196000, 108544, 1, 0, 0
197000, 69632, 1, 0, 0
198000, 130178, 1, 0, 0
199000, 123904, 1, 0, 0
200000, 118784, 1, 0, 0
201000, 109568, 1, 0, 0
202000, 143360, 1, 0, 0
203000, 87040, 1, 0, 0
204000, 126976, 1, 0, 0
205000, 100452, 1, 0, 0
206000, 82944, 1, 0, 0
207000, 117760, 1, 0, 0
208000, 104448, 1, 0, 0
209000, 156672, 1, 0, 0
210000, 113777, 1, 0, 0
211000, 121856, 1, 0, 0
212000, 119808, 1, 0, 0
213000, 109568, 1, 0, 0
214000, 125952, 1, 0, 0
215000, 173056, 1, 0, 0
216000, 153753, 1, 0, 0
217000, 194560, 1, 0, 0
218000, 177152, 1, 0, 0
219000, 209920, 1, 0, 0
220000, 146432, 1, 0, 0
221000, 144384, 1, 0, 0
222000, 143360, 1, 0, 0
223000, 129153, 1, 0, 0
224000, 123904, 1, 0, 0
225000, 89088, 1, 0, 0
226000, 130048, 1, 0, 0
227000, 133120, 1, 0, 0
228000, 131072, 1, 0, 0
229000, 130048, 1, 0, 0
230000, 155803, 1, 0, 0
231000, 97280, 1, 0, 0
232000, 151552, 1, 0, 0
233000, 140288, 1, 0, 0
234000, 150528, 1, 0, 0
235000, 177152, 1, 0, 0
236000, 146578, 1, 0, 0
237000, 141312, 1, 0, 0
238000, 158720, 1, 0, 0
239000, 195584, 1, 0, 0
240000, 169984, 1, 0, 0
241000, 174080, 1, 0, 0
242000, 165888, 1, 0, 0
243000, 152728, 1, 0, 0
244000, 181248, 1, 0, 0
245000, 166912, 1, 0, 0
246000, 132096, 1, 0, 0
247000, 135168, 1, 0, 0
248000, 136192, 1, 0, 0
249000, 128000, 1, 0, 0
250000, 140288, 1, 0, 0
251000, 217088, 1, 0, 0
252000, 211155, 1, 0, 0
253000, 210944, 1, 0, 0
254000, 215040, 1, 0, 0
255000, 211968, 1, 0, 0
256000, 217088, 1, 0, 0
257000, 210944, 1, 0, 0
258000, 209920, 1, 0, 0
259000, 216064, 1, 0, 0
260000, 212992, 1, 0, 0
261001, 165888, 1, 0, 0
262000, 101477, 1, 0, 0
263000, 141312, 1, 0, 0
264000, 141312, 1, 0, 0
265000, 157696, 1, 0, 0
266000, 138240, 1, 0, 0
267000, 207872, 1, 0, 0
268000, 212992, 1, 0, 0
269000, 212180, 1, 0, 0
270000, 212992, 1, 0, 0
271000, 214016, 1, 0, 0
272000, 216064, 1, 0, 0
273000, 210944, 1, 0, 0
274000, 212992, 1, 0, 0
275000, 212992, 1, 0, 0
276000, 210944, 1, 0, 0
277000, 216280, 1, 0, 0
278000, 214016, 1, 0, 0
279000, 217088, 1, 0, 0
280000, 210944, 1, 0, 0
281000, 214016, 1, 0, 0
282000, 214016, 1, 0, 0
283000, 215040, 1, 0, 0
284000, 214230, 1, 0, 0
285000, 211968, 1, 0, 0
286000, 211968, 1, 0, 0
287000, 212992, 1, 0, 0
288000, 173056, 1, 0, 0
289000, 195584, 1, 0, 0
290000, 182272, 1, 0, 0
291000, 161953, 1, 0, 0
292000, 197632, 1, 0, 0
293000, 177152, 1, 0, 0
294000, 169984, 1, 0, 0
295000, 188416, 1, 0, 0
296000, 152576, 1, 0, 0
297000, 148480, 1, 0, 0
298000, 179200, 1, 0, 0
299000, 220160, 1, 0, 0
300000, 222208, 1, 0, 0
301000, 159903, 1, 0, 0
302000, 158720, 1, 0, 0
303000, 186368, 1, 0, 0
304000, 189440, 1, 0, 0
305000, 188416, 1, 0, 0
306000, 172032, 1, 0, 0
307000, 223232, 1, 0, 0
308000, 240640, 1, 0, 0
309000, 229376, 1, 0, 0
310000, 208080, 1, 0, 0
311000, 215040, 1, 0, 0
312000, 149504, 1, 0, 0
313000, 180224, 1, 0, 0
314000, 151552, 1, 0, 0
315000, 145408, 1, 0, 0
316000, 142336, 1, 0, 0
317000, 143360, 1, 0, 0
318000, 143503, 1, 0, 0
319000, 143360, 1, 0, 0
320000, 143360, 1, 0, 0
321000, 142336, 1, 0, 0
322000, 144384, 1, 0, 0
323000, 144384, 1, 0, 0
324000, 141312, 1, 0, 0
325000, 136192, 1, 0, 0
326000, 175104, 1, 0, 0
327000, 169129, 1, 0, 0
328000, 187392, 1, 0, 0
329000, 141312, 1, 0, 0
330000, 136192, 1, 0, 0
331000, 142336, 1, 0, 0
332000, 110592, 1, 0, 0
333000, 146432, 1, 0, 0
334000, 196804, 1, 0, 0
335000, 210944, 1, 0, 0
336000, 208896, 1, 0, 0
337000, 164864, 1, 0, 0
338000, 189440, 1, 0, 0
339000, 157696, 1, 0, 0
340000, 138240, 1, 0, 0
341000, 113664, 1, 0, 0
342001, 107520, 1, 0, 0
343000, 154778, 1, 0, 0
344000, 146432, 1, 0, 0
345000, 138240, 1, 0, 0
346000, 179200, 1, 0, 0
347000, 160768, 1, 0, 0
348000, 148628, 1, 0, 0
349000, 142336, 1, 0, 0
350000, 119808, 1, 0, 0
351000, 126976, 1, 0, 0
352000, 121856, 1, 0, 0
353000, 130048, 1, 0, 0
354000, 120952, 1, 0, 0
355000, 79872, 1, 0, 0
356000, 100352, 1, 0, 0
357000, 113664, 1, 0, 0
358000, 103424, 1, 0, 0
359000, 78848, 1, 0, 0
360000, 84052, 1, 0, 0
361000, 94208, 1, 0, 0
362000, 120832, 1, 0, 0
363000, 113664, 1, 0, 0
364000, 58368, 1, 0, 0
365000, 93184, 1, 0, 0
366000, 121977, 1, 0, 0
367000, 125952, 1, 0, 0
368000, 90112, 1, 0, 0
369000, 95232, 1, 0, 0
370000, 88064, 1, 0, 0
371000, 122880, 1, 0, 0
372000, 86016, 1, 0, 0
373000, 79951, 1, 0, 0
374000, 94208, 1, 0, 0
375000, 94208, 1, 0, 0
376000, 83968, 1, 0, 0
377000, 86016, 1, 0, 0
378000, 77824, 1, 0, 0
379000, 92160, 1, 0, 0
380000, 99427, 1, 0, 0
381000, 138240, 1, 0, 0
382000, 90112, 1, 0, 0
383000, 108652, 1, 0, 0
384000, 88064, 1, 0, 0
385000, 153600, 1, 0, 0
386000, 136192, 1, 0, 0
387000, 110702, 1, 0, 0
388000, 152576, 1, 0, 0
389000, 139264, 1, 0, 0
390000, 152576, 1, 0, 0
391000, 162978, 1, 0, 0
392000, 110592, 1, 0, 0
393000, 87040, 1, 0, 0
394000, 124928, 1, 0, 0
395000, 138378, 1, 0, 0
396000, 130048, 1, 0, 0
397000, 194560, 1, 0, 0
398000, 177152, 1, 0, 0
399000, 178176, 1, 0, 0
400000, 157853, 1, 0, 0
401000, 154624, 1, 0, 0
402000, 204800, 1, 0, 0
403000, 196608, 1, 0, 0
404000, 189440, 1, 0, 0
405000, 179200, 1, 0, 0
406000, 149653, 1, 0, 0
407000, 210944, 1, 0, 0
408000, 274432, 1, 0, 0
409000, 265216, 1, 0, 0
410000, 261120, 1, 0, 0
411000, 216280, 1, 0, 0
412000, 201728, 1, 0, 0
413000, 184320, 1, 0, 0
414000, 201728, 1, 0, 0
415000, 229376, 1, 0, 0
416000, 223232, 1, 0, 0
417000, 207872, 1, 0, 0
418000, 212180, 1, 0, 0
419000, 150528, 1, 0, 0
420000, 175104, 1, 0, 0
421000, 157696, 1, 0, 0
422000, 184320, 1, 0, 0
423000, 170154, 1, 0, 0
424000, 177152, 1, 0, 0
425000, 184320, 1, 0, 0
426000, 167936, 1, 0, 0
427000, 249856, 1, 0, 0
428000, 255231, 1, 0, 0
429000, 207872, 1, 0, 0
430000, 201728, 1, 0, 0
431000, 205824, 1, 0, 0
432000, 203776, 1, 0, 0
433000, 227328, 1, 0, 0
434000, 173229, 1, 0, 0
435000, 163840, 1, 0, 0
436000, 123904, 1, 0, 0
437000, 146432, 1, 0, 0
438000, 137216, 1, 0, 0
439000, 144384, 1, 0, 0
440000, 138378, 1, 0, 0
441000, 160768, 1, 0, 0
442000, 178176, 1, 0, 0
443000, 165888, 1, 0, 0
444000, 154624, 1, 0, 0
445000, 195584, 1, 0, 0
446000, 187579, 1, 0, 0
447000, 181248, 1, 0, 0
448000, 165888, 1, 0, 0
449000, 194560, 1, 0, 0
450000, 252928, 1, 0, 0
451000, 182454, 1, 0, 0
452000, 161792, 1, 0, 0
453000, 174080, 1, 0, 0
454000, 135168, 1, 0, 0
455000, 92160, 1, 0, 0
456000, 149504, 1, 0, 0
457000, 157853, 1, 0, 0
458000, 190464, 1, 0, 0
459000, 198656, 1, 0, 0
460000, 233472, 1, 0, 0
461000, 166054, 1, 0, 0
462000, 192512, 1, 0, 0
463000, 206848, 1, 0, 0
464000, 153600, 1, 0, 0
465000, 153753, 1, 0, 0
466000, 153600, 1, 0, 0
467000, 175104, 1, 0, 0
468000, 218112, 1, 0, 0
469000, 216064, 1, 0, 0
470000, 211968, 1, 0, 0
471000, 208896, 1, 0, 0
472000, 212992, 1, 0, 0
473000, 210944, 1, 0, 0
474000, 138378, 1, 0, 0
475000, 229376, 1, 0, 0
476000, 202752, 1, 0, 0
477000, 177152, 1, 0, 0
478000, 171008, 1, 0, 0
479000, 178176, 1, 0, 0
480000, 184320, 1, 0, 0
481000, 143360, 1, 0, 0
482000, 162816, 1, 0, 0
483000, 157853, 1, 0, 0
484000, 189440, 1, 0, 0
485000, 146432, 1, 0, 0
486000, 168960, 1, 0, 0
487000, 137216, 1, 0, 0
488000, 199680, 1, 0, 0
489000, 189440, 1, 0, 0
490000, 188604, 1, 0, 0
491000, 146432, 1, 0, 0
492000, 165888, 1, 0, 0
493000, 159744, 1, 0, 0
494000, 162978, 1, 0, 0
495000, 195584, 1, 0, 0
496000, 149504, 1, 0, 0
497000, 117760, 1, 0, 0
498000, 99427, 1, 0, 0
499000, 105472, 1, 0, 0
500000, 137216, 1, 0, 0
501000, 182272, 1, 0, 0
502000, 141312, 1, 0, 0
503000, 144384, 1, 0, 0
504000, 167936, 1, 0, 0
505000, 148480, 1, 0, 0
506000, 154778, 1, 0, 0
507000, 138240, 1, 0, 0
508000, 125952, 1, 0, 0
509000, 117760, 1, 0, 0
510000, 142336, 1, 0, 0
511000, 123904, 1, 0, 0
512000, 134144, 1, 0, 0
513000, 210944, 1, 0, 0
514000, 271631, 1, 0, 0
515000, 185344, 1, 0, 0
516000, 126976, 1, 0, 0
517000, 103424, 1, 0, 0
518000, 101376, 1, 0, 0
519000, 130048, 1, 0, 0
520000, 94208, 1, 0, 0
521000, 68608, 1, 0, 0
522000, 108544, 1, 0, 0
523000, 121856, 1, 0, 0
524000, 152728, 1, 0, 0
525000, 177152, 1, 0, 0
526000, 200704, 1, 0, 0
527000, 211968, 1, 0, 0
528000, 180224, 1, 0, 0
529000, 186368, 1, 0, 0
530000, 207872, 1, 0, 0
531000, 192512, 1, 0, 0
532000, 134278, 1, 0, 0
533000, 122880, 1, 0, 0
534000, 129024, 1, 0, 0
535000, 109568, 1, 0, 0
536000, 102400, 1, 0, 0
537000, 57344, 1, 0, 0
538000, 101376, 1, 0, 0
539001, 92160, 1, 0, 0
540000, 91227, 1, 0, 0
541000, 140288, 1, 0, 0
542000, 63488, 1, 0, 0
543000, 71680, 1, 0, 0
544000, 149504, 1, 0, 0
545000, 116852, 1, 0, 0
546000, 123904, 1, 0, 0
547000, 107520, 1, 0, 0
548000, 82944, 1, 0, 0
549000, 151703, 1, 0, 0
550000, 133120, 1, 0, 0
551000, 153600, 1, 0, 0
552000, 152576, 1, 0, 0
553000, 124028, 1, 0, 0
554000, 159744, 1, 0, 0
555000, 125952, 1, 0, 0
556000, 132096, 1, 0, 0
557000, 151552, 1, 0, 0
558000, 161953, 1, 0, 0
559000, 130048, 1, 0, 0
560000, 142336, 1, 0, 0
561000, 199680, 1, 0, 0
562000, 137216, 1, 0, 0
563000, 151552, 1, 0, 0
564000, 144384, 1, 0, 0
565000, 115712, 1, 0, 0
566000, 159903, 1, 0, 0
567000, 174080, 1, 0, 0
568000, 182272, 1, 0, 0
569000, 194560, 1, 0, 0
570000, 178176, 1, 0, 0
571000, 166912, 1, 0, 0
572000, 112640, 1, 0, 0
573001, 136192, 1, 0, 0
574000, 146578, 1, 0, 0
575000, 163840, 1, 0, 0
576000, 146432, 1, 0, 0
577000, 149504, 1, 0, 0
578000, 139264, 1, 0, 0
579000, 151552, 1, 0, 0
580000, 131072, 1, 0, 0
581000, 203979, 1, 0, 0
582000, 116736, 1, 0, 0
583000, 98304, 1, 0, 0
584000, 162816, 1, 0, 0
585000, 162816, 1, 0, 0
586000, 190464, 1, 0, 0
587000, 153600, 1, 0, 0
588000, 159744, 1, 0, 0
589000, 219136, 1, 0, 0
590000, 184504, 1, 0, 0
591000, 159744, 1, 0, 0
592000, 188416, 1, 0, 0
593000, 179200, 1, 0, 0
594000, 145408, 1, 0, 0
595000, 122880, 1, 0, 0
596000, 125952, 1, 0, 0
597000, 184320, 1, 0, 0
598000, 149504, 1, 0, 0
599000, 109677, 1, 0, 0
600000, 134144, 1, 0, 0
601000, 184320, 1, 0, 0
602000, 147456, 1, 0, 0
603000, 136192, 1, 0, 0
604000, 111616, 1, 0, 0
605000, 113664, 1, 0, 0
606000, 84992, 1, 0, 0
607000, 170154, 1, 0, 0
608000, 160768, 1, 0, 0
609000, 144384, 1, 0, 0
610000, 116736, 1, 0, 0
611000, 92160, 1, 0, 0
612000, 101376, 1, 0, 0
613000, 77824, 1, 0, 0
614000, 73728, 1, 0, 0
615000, 88152, 1, 0, 0
616000, 97280, 1, 0, 0
617000, 124928, 1, 0, 0
618000, 110592, 1, 0, 0
619000, 156672, 1, 0, 0
620000, 151552, 1, 0, 0
621000, 164864, 1, 0, 0
622000, 171008, 1, 0, 0
623000, 159744, 1, 0, 0
624000, 95327, 1, 0, 0
625000, 135168, 1, 0, 0
626000, 110592, 1, 0, 0
627000, 157696, 1, 0, 0
628000, 154624, 1, 0, 0
629000, 111616, 1, 0, 0
630000, 146432, 1, 0, 0
631000, 125952, 1, 0, 0
632000, 115827, 1, 0, 0
633000, 123904, 1, 0, 0
634000, 126976, 1, 0, 0
635000, 162816, 1, 0, 0
636000, 147456, 1, 0, 0
637000, 168960, 1, 0, 0
638000, 175104, 1, 0, 0
639000, 105472, 1, 0, 0
640000, 171008, 1, 0, 0
641000, 168960, 1, 0, 0
642000, 156828, 1, 0, 0
643000, 109568, 1, 0, 0
644000, 116736, 1, 0, 0
645000, 109568, 1, 0, 0
646000, 124928, 1, 0, 0
647000, 124028, 1, 0, 0
648000, 123904, 1, 0, 0
649000, 103424, 1, 0, 0
650000, 84992, 1, 0, 0
651000, 134144, 1, 0, 0
652000, 146578, 1, 0, 0
653000, 104448, 1, 0, 0
654000, 106496, 1, 0, 0
655000, 92160, 1, 0, 0
656000, 98402, 1, 0, 0
657000, 142336, 1, 0, 0
658000, 151552, 1, 0, 0
659000, 140288, 1, 0, 0
660000, 163840, 1, 0, 0
661000, 201728, 1, 0, 0
662000, 202954, 1, 0, 0
663000, 209920, 1, 0, 0
664000, 174080, 1, 0, 0
665000, 186368, 1, 0, 0
666000, 105472, 1, 0, 0
667000, 171008, 1, 0, 0
668000, 206848, 1, 0, 0
669000, 154778, 1, 0, 0
670000, 157696, 1, 0, 0
671000, 147456, 1, 0, 0
672000, 203776, 1, 0, 0
673000, 182272, 1, 0, 0
674000, 169984, 1, 0, 0
675000, 154624, 1, 0, 0
676000, 143360, 1, 0, 0
677000, 163840, 1, 0, 0
678000, 147603, 1, 0, 0
679000, 171008, 1, 0, 0
680000, 160768, 1, 0, 0
681000, 133120, 1, 0, 0
682000, 117760, 1, 0, 0
683000, 131072, 1, 0, 0
684000, 143360, 1, 0, 0
685000, 110592, 1, 0, 0
686000, 119808, 1, 0, 0
687001, 118784, 1, 0, 0
688000, 159903, 1, 0, 0
689000, 168960, 1, 0, 0
690000, 148480, 1, 0, 0
691000, 131072, 1, 0, 0
692000, 133120, 1, 0, 0
693000, 153600, 1, 0, 0
694000, 157696, 1, 0, 0
695000, 125952, 1, 0, 0
696000, 164864, 1, 0, 0
697001, 126976, 1, 0, 0
698000, 134278, 1, 0, 0
699000, 134144, 1, 0, 0
700000, 134144, 1, 0, 0
701000, 135168, 1, 0, 0
702000, 141312, 1, 0, 0
703000, 134144, 1, 0, 0
704000, 148480, 1, 0, 0
705000, 144384, 1, 0, 0
706000, 97280, 1, 0, 0
707000, 80896, 1, 0, 0
708000, 97377, 1, 0, 0
709000, 101376, 1, 0, 0
710000, 97280, 1, 0, 0
711000, 102400, 1, 0, 0
712000, 101376, 1, 0, 0
713000, 115712, 1, 0, 0
714000, 113664, 1, 0, 0
715000, 133120, 1, 0, 0
716000, 108544, 1, 0, 0
717000, 116736, 1, 0, 0
718000, 103424, 1, 0, 0
719000, 109568, 1, 0, 0
720000, 103527, 1, 0, 0
721000, 115712, 1, 0, 0
722000, 121856, 1, 0, 0
723000, 143360, 1, 0, 0
724000, 159744, 1, 0, 0
725000, 156672, 1, 0, 0
726000, 264192, 1, 0, 0
727000, 295936, 1, 0, 0
728000, 225280, 1, 0, 0
729000, 214016, 1, 0, 0
730000, 211155, 1, 0, 0
731000, 210944, 1, 0, 0
732000, 210944, 1, 0, 0
733000, 214016, 1, 0, 0
734000, 215040, 1, 0, 0
735000, 211968, 1, 0, 0
736000, 211968, 1, 0, 0
737000, 212992, 1, 0, 0
738000, 219136, 1, 0, 0
739000, 190464, 1, 0, 0
740000, 192512, 1, 0, 0
741000, 190464, 1, 0, 0
742000, 191488, 1, 0, 0
743000, 191679, 1, 0, 0
744000, 190464, 1, 0, 0
745000, 191488, 1, 0, 0
746000, 190464, 1, 0, 0
747000, 190464, 1, 0, 0
748000, 191488, 1, 0, 0
749000, 191488, 1, 0, 0
750000, 191488, 1, 0, 0
751000, 189440, 1, 0, 0
752000, 192512, 1, 0, 0
753000, 191488, 1, 0, 0
754000, 190464, 1, 0, 0
755000, 192512, 1, 0, 0
756000, 190654, 1, 0, 0
757000, 190464, 1, 0, 0
758000, 192512, 1, 0, 0
759000, 189440, 1, 0, 0
760000, 195584, 1, 0, 0
761000, 283648, 1, 0, 0
762000, 288768, 1, 0, 0
763000, 285696, 1, 0, 0
764000, 284672, 1, 0, 0
765000, 286720, 1, 0, 0
766000, 283648, 1, 0, 0
767000, 288768, 1, 0, 0
768000, 285696, 1, 0, 0
