1000, 173056, 1, 0, 0
2000, 137216, 1, 0, 0
3000, 132228, 1, 0, 0
4000, 152576, 1, 0, 0
5000, 93184, 1, 0, 0
6000, 56320, 1, 0, 0
7000, 84052, 1, 0, 0
8000, 144384, 1, 0, 0
9000, 143360, 1, 0, 0
10000, 143360, 1, 0, 0
11000, 142336, 1, 0, 0
12000, 143360, 1, 0, 0
13000, 144384, 1, 0, 0
14000, 143360, 1, 0, 0
15001, 143360, 1, 0, 0
16000, 143503, 1, 0, 0
17000, 154624, 1, 0, 0
18000, 146432, 1, 0, 0
19000, 203776, 1, 0, 0
20000, 234496, 1, 0, 0
21000, 152576, 1, 0, 0
22001, 143360, 1, 0, 0
23000, 126078, 1, 0, 0
24000, 146432, 1, 0, 0
25000, 177152, 1, 0, 0
26000, 138240, 1, 0, 0
27000, 133120, 1, 0, 0
28000, 175279, 1, 0, 0
29000, 177152, 1, 0, 0
30000, 185344, 1, 0, 0
31000, 185344, 1, 0, 0
32000, 128128, 1, 0, 0
33000, 152576, 1, 0, 0
34000, 149504, 1, 0, 0
35001, 131072, 1, 0, 0
36000, 205005, 1, 0, 0
37000, 188416, 1, 0, 0
38000, 159744, 1, 0, 0
39000, 135168, 1, 0, 0
40000, 209920, 1, 0, 0
41000, 146432, 1, 0, 0
42000, 162978, 1, 0, 0
43000, 145408, 1, 0, 0
44000, 164864, 1, 0, 0
45000, 97280, 1, 0, 0
46000, 128000, 1, 0, 0
47000, 141312, 1, 0, 0
48000, 241664, 1, 0, 0
49000, 242688, 1, 0, 0
50000, 234496, 1, 0, 0
51001, 243712, 1, 0, 0
52000, 218330, 1, 0, 0
53000, 174080, 1, 0, 0
54000, 163840, 1, 0, 0
55000, 162816, 1, 0, 0
56000, 145408, 1, 0, 0
57000, 196608, 1, 0, 0
58000, 209920, 1, 0, 0
59000, 227328, 1, 0, 0
60000, 224256, 1, 0, 0
61001, 243712, 1, 0, 0
62001, 242688, 1, 0, 0
63000, 98402, 1, 0, 0
64000, 59392, 1, 0, 0
65000, 128000, 1, 0, 0
66000, 107520, 1, 0, 0
67000, 113664, 1, 0, 0
68000, 141312, 1, 0, 0
69000, 173056, 1, 0, 0
70000, 181248, 1, 0, 0
71000, 221184, 1, 0, 0
72001, 155648, 1, 0, 0
73000, 268556, 1, 0, 0
74000, 199680, 1, 0, 0
75000, 190464, 1, 0, 0
76000, 165888, 1, 0, 0
77000, 270336, 1, 0, 0
78001, 199680, 1, 0, 0
79000, 169129, 1, 0, 0
80000, 239616, 1, 0, 0
81000, 228352, 1, 0, 0
82000, 231424, 1, 0, 0
83000, 239616, 1, 0, 0
84000, 211968, 1, 0, 0
85000, 217088, 1, 0, 0
86000, 202752, 1, 0, 0
87001, 106496, 1, 0, 0
88000, 108652, 1, 0, 0
89000, 118784, 1, 0, 0
90000, 174080, 1, 0, 0
91000, 183296, 1, 0, 0
92000, 164864, 1, 0, 0
93000, 155648, 1, 0, 0
94000, 154624, 1, 0, 0
95000, 165888, 1, 0, 0
96001, 154624, 1, 0, 0
97000, 143503, 1, 0, 0
98000, 238592, 1, 0, 0
99000, 238592, 1, 0, 0
100000, 274432, 1, 0, 0
101000, 228352, 1, 0, 0
102000, 179200, 1, 0, 0
103000, 159744, 1, 0, 0
104000, 220160, 1, 0, 0
105000, 152576, 1, 0, 0
106001, 190464, 1, 0, 0
107001, 106496, 1, 0, 0
108000, 111727, 1, 0, 0
109000, 132096, 1, 0, 0
110000, 171008, 1, 0, 0
111000, 128000, 1, 0, 0
112000, 121856, 1, 0, 0
113000, 146432, 1, 0, 0
114001, 194560, 1, 0, 0
115000, 174254, 1, 0, 0
116000, 154624, 1, 0, 0
117000, 191488, 1, 0, 0
118000, 137216, 1, 0, 0
119000, 118784, 1, 0, 0
120000, 94208, 1, 0, 0
121001, 90112, 1, 0, 0
122000, 137353, 1, 0, 0
123000, 66560, 1, 0, 0
124000, 140288, 1, 0, 0
125000, 128000, 1, 0, 0
126000, 134144, 1, 0, 0
127000, 191488, 1, 0, 0
128001, 135168, 1, 0, 0
129000, 145553, 1, 0, 0
130000, 118784, 1, 0, 0
131000, 78848, 1, 0, 0
132000, 110592, 1, 0, 0
133000, 115712, 1, 0, 0
134000, 150678, 1, 0, 0
135000, 229376, 1, 0, 0
136000, 180224, 1, 0, 0
137000, 168104, 1, 0, 0
138000, 168960, 1, 0, 0
139000, 143360, 1, 0, 0
140001, 144384, 1, 0, 0
141000, 174254, 1, 0, 0
142000, 214016, 1, 0, 0
143000, 130048, 1, 0, 0
144000, 96352, 1, 0, 0
145000, 104448, 1, 0, 0
146000, 134144, 1, 0, 0
147001, 123904, 1, 0, 0
148000, 142478, 1, 0, 0
149000, 157696, 1, 0, 0
150000, 150528, 1, 0, 0
151000, 232680, 1, 0, 0
152000, 193536, 1, 0, 0
153000, 246784, 1, 0, 0
154000, 231424, 1, 0, 0
155000, 147456, 1, 0, 0
156000, 97377, 1, 0, 0
157000, 129024, 1, 0, 0
158000, 204800, 1, 0, 0
159000, 137216, 1, 0, 0
160000, 149504, 1, 0, 0
161000, 110592, 1, 0, 0
162001, 113664, 1, 0, 0
163000, 158878, 1, 0, 0
164000, 177152, 1, 0, 0
165000, 152576, 1, 0, 0
166000, 176128, 1, 0, 0
167000, 158720, 1, 0, 0
168000, 160768, 1, 0, 0
169000, 190464, 1, 0, 0
170000, 189440, 1, 0, 0
171000, 197632, 1, 0, 0
172001, 190464, 1, 0, 0
173000, 160928, 1, 0, 0
174000, 150528, 1, 0, 0
175000, 169984, 1, 0, 0
176000, 154624, 1, 0, 0
177000, 159744, 1, 0, 0
178000, 155648, 1, 0, 0
179000, 160768, 1, 0, 0
180001, 151552, 1, 0, 0
181000, 214230, 1, 0, 0
182000, 198656, 1, 0, 0
183000, 153600, 1, 0, 0
184000, 182272, 1, 0, 0
185000, 194560, 1, 0, 0
186000, 166912, 1, 0, 0
187000, 146432, 1, 0, 0
188001, 123904, 1, 0, 0
189001, 68608, 1, 0, 0
190000, 63551, 1, 0, 0
191000, 132096, 1, 0, 0
192000, 115712, 1, 0, 0
193000, 119808, 1, 0, 0
194000, 137216, 1, 0, 0
195000, 126976, 1, 0, 0
196000, 110592, 1, 0, 0
197001, 134144, 1, 0, 0
198000, 130178, 1, 0, 0
199000, 164864, 1, 0, 0
200000, 186368, 1, 0, 0
201000, 224256, 1, 0, 0
202000, 138240, 1, 0, 0
203000, 171008, 1, 0, 0
204001, 153600, 1, 0, 0
205000, 141453, 1, 0, 0
206000, 88064, 1, 0, 0
207000, 143360, 1, 0, 0
208000, 121856, 1, 0, 0
209000, 78848, 1, 0, 0
210000, 150678, 1, 0, 0
211000, 111616, 1, 0, 0
212000, 82944, 1, 0, 0
213000, 129024, 1, 0, 0
214000, 133120, 1, 0, 0
215001, 134144, 1, 0, 0
216000, 138378, 1, 0, 0
217000, 120832, 1, 0, 0
218000, 131072, 1, 0, 0
219000, 151552, 1, 0, 0
220000, 80896, 1, 0, 0
221000, 72704, 1, 0, 0
222001, 75776, 1, 0, 0
223000, 107627, 1, 0, 0
224000, 183296, 1, 0, 0
225000, 163840, 1, 0, 0
226000, 179200, 1, 0, 0
227000, 162816, 1, 0, 0
228000, 164864, 1, 0, 0
229001, 185344, 1, 0, 0
230000, 160928, 1, 0, 0
231000, 195584, 1, 0, 0
232000, 174080, 1, 0, 0
233000, 177152, 1, 0, 0
234000, 175104, 1, 0, 0
235000, 159744, 1, 0, 0
236000, 160928, 1, 0, 0
237000, 179200, 1, 0, 0
238000, 159744, 1, 0, 0
239000, 162816, 1, 0, 0
240000, 154624, 1, 0, 0
241000, 159744, 1, 0, 0
242001, 163840, 1, 0, 0
243000, 166054, 1, 0, 0
244000, 141312, 1, 0, 0
245000, 149504, 1, 0, 0
246000, 197632, 1, 0, 0
247000, 158720, 1, 0, 0
248000, 140288, 1, 0, 0
249000, 146432, 1, 0, 0
250000, 155648, 1, 0, 0
251001, 143360, 1, 0, 0
252000, 142478, 1, 0, 0
253000, 143360, 1, 0, 0
254000, 144384, 1, 0, 0
255000, 142336, 1, 0, 0
256000, 142336, 1, 0, 0
257000, 144384, 1, 0, 0
258000, 143360, 1, 0, 0
259000, 143360, 1, 0, 0
260001, 142336, 1, 0, 0
261001, 126976, 1, 0, 0
262000, 158878, 1, 0, 0
263000, 135168, 1, 0, 0
264000, 144384, 1, 0, 0
265000, 179200, 1, 0, 0
266000, 145408, 1, 0, 0
267000, 148480, 1, 0, 0
268001, 143360, 1, 0, 0
269000, 143503, 1, 0, 0
270000, 143360, 1, 0, 0
271000, 143360, 1, 0, 0
272000, 143360, 1, 0, 0
273000, 143360, 1, 0, 0
274000, 142336, 1, 0, 0
275000, 145408, 1, 0, 0
276001, 142336, 1, 0, 0
277000, 142478, 1, 0, 0
278000, 143360, 1, 0, 0
279000, 144384, 1, 0, 0
280000, 143360, 1, 0, 0
281000, 143360, 1, 0, 0
282000, 142336, 1, 0, 0
283001, 144384, 1, 0, 0
284000, 142478, 1, 0, 0
285000, 144384, 1, 0, 0
286000, 143360, 1, 0, 0
287000, 142336, 1, 0, 0
288000, 120832, 1, 0, 0
289000, 100352, 1, 0, 0
290001, 159744, 1, 0, 0
291000, 179379, 1, 0, 0
292000, 177152, 1, 0, 0
293000, 186368, 1, 0, 0
294000, 148480, 1, 0, 0
295000, 176128, 1, 0, 0
296000, 136192, 1, 0, 0
297000, 119808, 1, 0, 0
298000, 131072, 1, 0, 0
299000, 141312, 1, 0, 0
300001, 132096, 1, 0, 0
301000, 194754, 1, 0, 0
302000, 187392, 1, 0, 0
303000, 139264, 1, 0, 0
304000, 125952, 1, 0, 0
305000, 174080, 1, 0, 0
306000, 145408, 1, 0, 0
307000, 157696, 1, 0, 0
308000, 140288, 1, 0, 0
309001, 143360, 1, 0, 0
310000, 165029, 1, 0, 0
311000, 153600, 1, 0, 0
312000, 156672, 1, 0, 0
313000, 180224, 1, 0, 0
314000, 152576, 1, 0, 0
315000, 144384, 1, 0, 0
316000, 144384, 1, 0, 0
317001, 143360, 1, 0, 0
318000, 142478, 1, 0, 0
319000, 144384, 1, 0, 0
320000, 143360, 1, 0, 0
321000, 143360, 1, 0, 0
322000, 142336, 1, 0, 0
323000, 144384, 1, 0, 0
324000, 143360, 1, 0, 0
325000, 142336, 1, 0, 0
326001, 140288, 1, 0, 0
327000, 154778, 1, 0, 0
328000, 174080, 1, 0, 0
329000, 195584, 1, 0, 0
330000, 180224, 1, 0, 0
331000, 143360, 1, 0, 0
332000, 201728, 1, 0, 0
333001, 171008, 1, 0, 0
334000, 183479, 1, 0, 0
335000, 174080, 1, 0, 0
336000, 181248, 1, 0, 0
337000, 142336, 1, 0, 0
338000, 120832, 1, 0, 0
339000, 145408, 1, 0, 0
340000, 160768, 1, 0, 0
341000, 166912, 1, 0, 0
342001, 198656, 1, 0, 0
343000, 190654, 1, 0, 0
344000, 203776, 1, 0, 0
345000, 174080, 1, 0, 0
346000, 177152, 1, 0, 0
347000, 193536, 1, 0, 0
348000, 201929, 1, 0, 0
349000, 183296, 1, 0, 0
350000, 188416, 1, 0, 0
351000, 188416, 1, 0, 0
352000, 176128, 1, 0, 0
353001, 133120, 1, 0, 0
354000, 147603, 1, 0, 0
355000, 162816, 1, 0, 0
356000, 166912, 1, 0, 0
357000, 214016, 1, 0, 0
358000, 221184, 1, 0, 0
359001, 241664, 1, 0, 0
360000, 202954, 1, 0, 0
361000, 162816, 1, 0, 0
362000, 144384, 1, 0, 0
363000, 220160, 1, 0, 0
364000, 304128, 1, 0, 0
365001, 279552, 1, 0, 0
366000, 172204, 1, 0, 0
367000, 171008, 1, 0, 0
368000, 177152, 1, 0, 0
369000, 229376, 1, 0, 0
370000, 209920, 1, 0, 0
371000, 153600, 1, 0, 0
372001, 225280, 1, 0, 0
373000, 215255, 1, 0, 0
374000, 196608, 1, 0, 0
375000, 205824, 1, 0, 0
376000, 197632, 1, 0, 0
377000, 181248, 1, 0, 0
378000, 155648, 1, 0, 0
379001, 158720, 1, 0, 0
380000, 194754, 1, 0, 0
381000, 115712, 1, 0, 0
382000, 145408, 1, 0, 0
383000, 110702, 1, 0, 0
384000, 124928, 1, 0, 0
385000, 76800, 1, 0, 0
386001, 78848, 1, 0, 0
387000, 97377, 1, 0, 0
388000, 149504, 1, 0, 0
389000, 115712, 1, 0, 0
390001, 116736, 1, 0, 0
391000, 148628, 1, 0, 0
392000, 166912, 1, 0, 0
393000, 142336, 1, 0, 0
394001, 140288, 1, 0, 0
395000, 140428, 1, 0, 0
396000, 220160, 1, 0, 0
397000, 115712, 1, 0, 0
398000, 120832, 1, 0, 0
399001, 156672, 1, 0, 0
400000, 142478, 1, 0, 0
401000, 112640, 1, 0, 0
402000, 112640, 1, 0, 0
403000, 124928, 1, 0, 0
404000, 138240, 1, 0, 0
405001, 121856, 1, 0, 0
406000, 162978, 1, 0, 0
407000, 91136, 1, 0, 0
408000, 119808, 1, 0, 0
409000, 111616, 1, 0, 0
410000, 110592, 1, 0, 0
411000, 143503, 1, 0, 0
412000, 101376, 1, 0, 0
413000, 112640, 1, 0, 0
414000, 152576, 1, 0, 0
415000, 195584, 1, 0, 0
416000, 146432, 1, 0, 0
417001, 133120, 1, 0, 0
418000, 159903, 1, 0, 0
419000, 135168, 1, 0, 0
420000, 105472, 1, 0, 0
421000, 147456, 1, 0, 0
422001, 165888, 1, 0, 0
423000, 170154, 1, 0, 0
424000, 155648, 1, 0, 0
425000, 100352, 1, 0, 0
426000, 130048, 1, 0, 0
427001, 137216, 1, 0, 0
428000, 154778, 1, 0, 0
429000, 144384, 1, 0, 0
430000, 149504, 1, 0, 0
431000, 89088, 1, 0, 0
432000, 76800, 1, 0, 0
433001, 148480, 1, 0, 0
434000, 177329, 1, 0, 0
435000, 178176, 1, 0, 0
436000, 199680, 1, 0, 0
437000, 169984, 1, 0, 0
438000, 198656, 1, 0, 0
439001, 202752, 1, 0, 0
440000, 165029, 1, 0, 0
441000, 122880, 1, 0, 0
442000, 116736, 1, 0, 0
443000, 139264, 1, 0, 0
444000, 147456, 1, 0, 0
445001, 100352, 1, 0, 0
446000, 102502, 1, 0, 0
447000, 96256, 1, 0, 0
448000, 135168, 1, 0, 0
449000, 91136, 1, 0, 0
450000, 66560, 1, 0, 0
451000, 83027, 1, 0, 0
452000, 89088, 1, 0, 0
453000, 114688, 1, 0, 0
454000, 114688, 1, 0, 0
455000, 122880, 1, 0, 0
456001, 120832, 1, 0, 0
457000, 105577, 1, 0, 0
458000, 148480, 1, 0, 0
459000, 156672, 1, 0, 0
460000, 108544, 1, 0, 0
461000, 135303, 1, 0, 0
462000, 117760, 1, 0, 0
463000, 135168, 1, 0, 0
464001, 155648, 1, 0, 0
465000, 173229, 1, 0, 0
466000, 149504, 1, 0, 0
467000, 123904, 1, 0, 0
468000, 70656, 1, 0, 0
469000, 71680, 1, 0, 0
470000, 75776, 1, 0, 0
471000, 74752, 1, 0, 0
472000, 75776, 1, 0, 0
473001, 75776, 1, 0, 0
474000, 120952, 1, 0, 0
475000, 98304, 1, 0, 0
476000, 148480, 1, 0, 0
477000, 200704, 1, 0, 0
478000, 185344, 1, 0, 0
479000, 178176, 1, 0, 0
480000, 150528, 1, 0, 0
481000, 226304, 1, 0, 0
482001, 221184, 1, 0, 0
483000, 171179, 1, 0, 0
484000, 189440, 1, 0, 0
485000, 171008, 1, 0, 0
486000, 211968, 1, 0, 0
487000, 228352, 1, 0, 0
488000, 217088, 1, 0, 0
489001, 216064, 1, 0, 0
490000, 149653, 1, 0, 0
491000, 152576, 1, 0, 0
492000, 149504, 1, 0, 0
493001, 158720, 1, 0, 0
494000, 167079, 1, 0, 0
495000, 154624, 1, 0, 0
496000, 162816, 1, 0, 0
497001, 137216, 1, 0, 0
498000, 187579, 1, 0, 0
499000, 176128, 1, 0, 0
500000, 118784, 1, 0, 0
501000, 130048, 1, 0, 0
502000, 106496, 1, 0, 0
503000, 168960, 1, 0, 0
504000, 155648, 1, 0, 0
505001, 155648, 1, 0, 0
506000, 153753, 1, 0, 0
507000, 164864, 1, 0, 0
508000, 175104, 1, 0, 0
509000, 166912, 1, 0, 0
510000, 148480, 1, 0, 0
511000, 185344, 1, 0, 0
512000, 189440, 1, 0, 0
513001, 159744, 1, 0, 0
514000, 193729, 1, 0, 0
515000, 249856, 1, 0, 0
516000, 227328, 1, 0, 0
517000, 204800, 1, 0, 0
518000, 220160, 1, 0, 0
519000, 134144, 1, 0, 0
520000, 177152, 1, 0, 0
521000, 232448, 1, 0, 0
522000, 229376, 1, 0, 0
523001, 208896, 1, 0, 0
524000, 213205, 1, 0, 0
525000, 147456, 1, 0, 0
526000, 157696, 1, 0, 0
527000, 79872, 1, 0, 0
528000, 138240, 1, 0, 0
529000, 139264, 1, 0, 0
530000, 159744, 1, 0, 0
531001, 164864, 1, 0, 0
532000, 162978, 1, 0, 0
533000, 176128, 1, 0, 0
534000, 177152, 1, 0, 0
535000, 166912, 1, 0, 0
536000, 146432, 1, 0, 0
537000, 205824, 1, 0, 0
538000, 163840, 1, 0, 0
539001, 200704, 1, 0, 0
540000, 182454, 1, 0, 0
541000, 173056, 1, 0, 0
542000, 203776, 1, 0, 0
543000, 227328, 1, 0, 0
544001, 169984, 1, 0, 0
545000, 153753, 1, 0, 0
546000, 105472, 1, 0, 0
547000, 159744, 1, 0, 0
548001, 194560, 1, 0, 0
549000, 203979, 1, 0, 0
550000, 153600, 1, 0, 0
551000, 144384, 1, 0, 0
552001, 133120, 1, 0, 0
553000, 152728, 1, 0, 0
554000, 105472, 1, 0, 0
555000, 182272, 1, 0, 0
556000, 175104, 1, 0, 0
557001, 114688, 1, 0, 0
558000, 142478, 1, 0, 0
559000, 151552, 1, 0, 0
560000, 165888, 1, 0, 0
561000, 146432, 1, 0, 0
562000, 142336, 1, 0, 0
563000, 172032, 1, 0, 0
564000, 163840, 1, 0, 0
565001, 160768, 1, 0, 0
566000, 140428, 1, 0, 0
567000, 135168, 1, 0, 0
568000, 137216, 1, 0, 0
569000, 137216, 1, 0, 0
570000, 112640, 1, 0, 0
571000, 90112, 1, 0, 0
572001, 93184, 1, 0, 0
573001, 117760, 1, 0, 0
574000, 167079, 1, 0, 0
575000, 128000, 1, 0, 0
576000, 108544, 1, 0, 0
577000, 138240, 1, 0, 0
578000, 136192, 1, 0, 0
579000, 121856, 1, 0, 0
580001, 73728, 1, 0, 0
581000, 88152, 1, 0, 0
582000, 133120, 1, 0, 0
583000, 212992, 1, 0, 0
584000, 146432, 1, 0, 0
585000, 179200, 1, 0, 0
586000, 171008, 1, 0, 0
587000, 183296, 1, 0, 0
588000, 139264, 1, 0, 0
589001, 77824, 1, 0, 0
590000, 132228, 1, 0, 0
591000, 146432, 1, 0, 0
592000, 154624, 1, 0, 0
593000, 118784, 1, 0, 0
594000, 111616, 1, 0, 0
595000, 108544, 1, 0, 0
596000, 147456, 1, 0, 0
597001, 139264, 1, 0, 0
598001, 192512, 1, 0, 0
599000, 196804, 1, 0, 0
600000, 178176, 1, 0, 0
601000, 140288, 1, 0, 0
602000, 130048, 1, 0, 0
603000, 141312, 1, 0, 0
604000, 158720, 1, 0, 0
605000, 202752, 1, 0, 0
606001, 219136, 1, 0, 0
607000, 181429, 1, 0, 0
608000, 166912, 1, 0, 0
609000, 132096, 1, 0, 0
610000, 123904, 1, 0, 0
611000, 154624, 1, 0, 0
612000, 163840, 1, 0, 0
613000, 167936, 1, 0, 0
614001, 145408, 1, 0, 0
615000, 177329, 1, 0, 0
616000, 216064, 1, 0, 0
617000, 186368, 1, 0, 0
618000, 209920, 1, 0, 0
619000, 168960, 1, 0, 0
620000, 145408, 1, 0, 0
621000, 146432, 1, 0, 0
622000, 140288, 1, 0, 0
623001, 190464, 1, 0, 0
624000, 203979, 1, 0, 0
625000, 189440, 1, 0, 0
626000, 215040, 1, 0, 0
627000, 176128, 1, 0, 0
628000, 181248, 1, 0, 0
629000, 178176, 1, 0, 0
630000, 140288, 1, 0, 0
631001, 168960, 1, 0, 0
632000, 174254, 1, 0, 0
633000, 161792, 1, 0, 0
634000, 166912, 1, 0, 0
635000, 125952, 1, 0, 0
636000, 163840, 1, 0, 0
637000, 181248, 1, 0, 0
638000, 157696, 1, 0, 0
639000, 186368, 1, 0, 0
640000, 124928, 1, 0, 0
641001, 132096, 1, 0, 0
642000, 85077, 1, 0, 0
643000, 142336, 1, 0, 0
644000, 162816, 1, 0, 0
645000, 154624, 1, 0, 0
646000, 144384, 1, 0, 0
647000, 136328, 1, 0, 0
648000, 152576, 1, 0, 0
649000, 157696, 1, 0, 0
650000, 150528, 1, 0, 0
651001, 172032, 1, 0, 0
652000, 167079, 1, 0, 0
653000, 148480, 1, 0, 0
654000, 158720, 1, 0, 0
655001, 226304, 1, 0, 0
656000, 167079, 1, 0, 0
657000, 153600, 1, 0, 0
658000, 157696, 1, 0, 0
659000, 197632, 1, 0, 0
660000, 146432, 1, 0, 0
661001, 167936, 1, 0, 0
662000, 161953, 1, 0, 0
663000, 160768, 1, 0, 0
664000, 173056, 1, 0, 0
665000, 149504, 1, 0, 0
666000, 204800, 1, 0, 0
667000, 199680, 1, 0, 0
668001, 187392, 1, 0, 0
669000, 187579, 1, 0, 0
670000, 205824, 1, 0, 0
671000, 151552, 1, 0, 0
672000, 144384, 1, 0, 0
673000, 152576, 1, 0, 0
674000, 176128, 1, 0, 0
675000, 141312, 1, 0, 0
676001, 126976, 1, 0, 0
677001, 108544, 1, 0, 0
678000, 109677, 1, 0, 0
679000, 160768, 1, 0, 0
680000, 131072, 1, 0, 0
681000, 143360, 1, 0, 0
682000, 146432, 1, 0, 0
683000, 155648, 1, 0, 0
684000, 163840, 1, 0, 0
685000, 165888, 1, 0, 0
686001, 126976, 1, 0, 0
687001, 184320, 1, 0, 0
688000, 131203, 1, 0, 0
689000, 181248, 1, 0, 0
690000, 198656, 1, 0, 0
691000, 163840, 1, 0, 0
692000, 152576, 1, 0, 0
693000, 160768, 1, 0, 0
694000, 182272, 1, 0, 0
695000, 195584, 1, 0, 0
696001, 187392, 1, 0, 0
697001, 204800, 1, 0, 0
698000, 179379, 1, 0, 0
699000, 205824, 1, 0, 0
700000, 199680, 1, 0, 0
701000, 226304, 1, 0, 0
702000, 223232, 1, 0, 0
703000, 205824, 1, 0, 0
704000, 223232, 1, 0, 0
705000, 226304, 1, 0, 0
706000, 252928, 1, 0, 0
707001, 284672, 1, 0, 0
708000, 265481, 1, 0, 0
709000, 265216, 1, 0, 0
710000, 270336, 1, 0, 0
711000, 266240, 1, 0, 0
712000, 279552, 1, 0, 0
713000, 260096, 1, 0, 0
714000, 266240, 1, 0, 0
715000, 269312, 1, 0, 0
716000, 266240, 1, 0, 0
717000, 261120, 1, 0, 0
718001, 264192, 1, 0, 0
719001, 266240, 1, 0, 0
720000, 255231, 1, 0, 0
721000, 256000, 1, 0, 0
722000, 253952, 1, 0, 0
723000, 223232, 1, 0, 0
724000, 156672, 1, 0, 0
725000, 128000, 1, 0, 0
