1000, 188416, 1, 0, 0
2000, 77824, 1, 0, 0
3000, 120952, 1, 0, 0
4000, 186368, 1, 0, 0
5000, 203776, 1, 0, 0
6000, 223232, 1, 0, 0
6999, 196804, 1, 0, 0
8000, 143360, 1, 0, 0
9000, 143360, 1, 0, 0
10000, 143360, 1, 0, 0
11000, 143360, 1, 0, 0
12000, 142336, 1, 0, 0
13000, 144384, 1, 0, 0
14000, 141312, 1, 0, 0
15000, 146432, 1, 0, 0
16000, 142478, 1, 0, 0
17000, 183296, 1, 0, 0
18000, 201728, 1, 0, 0
19000, 174080, 1, 0, 0
20000, 157696, 1, 0, 0
21000, 212992, 1, 0, 0
22000, 241664, 1, 0, 0
23000, 184504, 1, 0, 0
24000, 204800, 1, 0, 0
25000, 188416, 1, 0, 0
26000, 140288, 1, 0, 0
27000, 129024, 1, 0, 0
27999, 106602, 1, 0, 0
29000, 116736, 1, 0, 0
30000, 150528, 1, 0, 0
31000, 161792, 1, 0, 0
32000, 97377, 1, 0, 0
33000, 110592, 1, 0, 0
34000, 160768, 1, 0, 0
35000, 142336, 1, 0, 0
36000, 100452, 1, 0, 0
37000, 112640, 1, 0, 0
38000, 137216, 1, 0, 0
39000, 69632, 1, 0, 0
40000, 43008, 1, 0, 0
41000, 132096, 1, 0, 0
41999, 70726, 1, 0, 0
43000, 148480, 1, 0, 0
44000, 146432, 1, 0, 0
45000, 258048, 1, 0, 0
46000, 157696, 1, 0, 0
47000, 236544, 1, 0, 0
48000, 147456, 1, 0, 0
49000, 143360, 1, 0, 0
50000, 143360, 1, 0, 0
51000, 142336, 1, 0, 0
51999, 144528, 1, 0, 0
53000, 151552, 1, 0, 0
54000, 138240, 1, 0, 0
55000, 143360, 1, 0, 0
56000, 144384, 1, 0, 0
57000, 147456, 1, 0, 0
58000, 92160, 1, 0, 0
59000, 144384, 1, 0, 0
60000, 113664, 1, 0, 0
61000, 91136, 1, 0, 0
62000, 94208, 1, 0, 0
63000, 181429, 1, 0, 0
64000, 234496, 1, 0, 0
65000, 160768, 1, 0, 0
66000, 178176, 1, 0, 0
67000, 177152, 1, 0, 0
68000, 145408, 1, 0, 0
69000, 183296, 1, 0, 0
70000, 108544, 1, 0, 0
71000, 147456, 1, 0, 0
72000, 131072, 1, 0, 0
73000, 107627, 1, 0, 0
74000, 160768, 1, 0, 0
75000, 169984, 1, 0, 0
76000, 180224, 1, 0, 0
77000, 117760, 1, 0, 0
78000, 88064, 1, 0, 0
79000, 141453, 1, 0, 0
80000, 125952, 1, 0, 0
81000, 125952, 1, 0, 0
82000, 137216, 1, 0, 0
83000, 142336, 1, 0, 0
84000, 145408, 1, 0, 0
85000, 179200, 1, 0, 0
86000, 132096, 1, 0, 0
87000, 156672, 1, 0, 0
88000, 193729, 1, 0, 0
89000, 179200, 1, 0, 0
90000, 176128, 1, 0, 0
91000, 169984, 1, 0, 0
92000, 162816, 1, 0, 0
93000, 169984, 1, 0, 0
94000, 183296, 1, 0, 0
95000, 156672, 1, 0, 0
96000, 176128, 1, 0, 0
96999, 237805, 1, 0, 0
98000, 140288, 1, 0, 0
99000, 159744, 1, 0, 0
100000, 104448, 1, 0, 0
101000, 124928, 1, 0, 0
102000, 183296, 1, 0, 0
103000, 194560, 1, 0, 0
104000, 179200, 1, 0, 0
105000, 236544, 1, 0, 0
106000, 239616, 1, 0, 0
107000, 201728, 1, 0, 0
107999, 253181, 1, 0, 0
109000, 187392, 1, 0, 0
110000, 164864, 1, 0, 0
111000, 160768, 1, 0, 0
112000, 184320, 1, 0, 0
113000, 173056, 1, 0, 0
114000, 106496, 1, 0, 0
114999, 96352, 1, 0, 0
116000, 145408, 1, 0, 0
117000, 144384, 1, 0, 0
118000, 151552, 1, 0, 0
119000, 189440, 1, 0, 0
120000, 226304, 1, 0, 0
121000, 243712, 1, 0, 0
122000, 236780, 1, 0, 0
123000, 219136, 1, 0, 0
124000, 174080, 1, 0, 0
125000, 199680, 1, 0, 0
126000, 225280, 1, 0, 0
127000, 223232, 1, 0, 0
128000, 250880, 1, 0, 0
129000, 194754, 1, 0, 0
130000, 207872, 1, 0, 0
131000, 221184, 1, 0, 0
132000, 139264, 1, 0, 0
133000, 118784, 1, 0, 0
134000, 144528, 1, 0, 0
135000, 57344, 1, 0, 0
136000, 106496, 1, 0, 0
136999, 151703, 1, 0, 0
138000, 200704, 1, 0, 0
139000, 167936, 1, 0, 0
140000, 206848, 1, 0, 0
141000, 174254, 1, 0, 0
142000, 212992, 1, 0, 0
143000, 204800, 1, 0, 0
144000, 209105, 1, 0, 0
145000, 225280, 1, 0, 0
146000, 169984, 1, 0, 0
147000, 128000, 1, 0, 0
148000, 137353, 1, 0, 0
149000, 211968, 1, 0, 0
150000, 168960, 1, 0, 0
151000, 137353, 1, 0, 0
152000, 104448, 1, 0, 0
153000, 103424, 1, 0, 0
154000, 131072, 1, 0, 0
155000, 184320, 1, 0, 0
155999, 192704, 1, 0, 0
157000, 198656, 1, 0, 0
158000, 138240, 1, 0, 0
159000, 126976, 1, 0, 0
160000, 122880, 1, 0, 0
161000, 137216, 1, 0, 0
162000, 97280, 1, 0, 0
162999, 111727, 1, 0, 0
164000, 117760, 1, 0, 0
165000, 117760, 1, 0, 0
166000, 96256, 1, 0, 0
167000, 151552, 1, 0, 0
168000, 128000, 1, 0, 0
169000, 121856, 1, 0, 0
170000, 105472, 1, 0, 0
171000, 136192, 1, 0, 0
172000, 143360, 1, 0, 0
172999, 80976, 1, 0, 0
174000, 89088, 1, 0, 0
175000, 99328, 1, 0, 0
176000, 113664, 1, 0, 0
177000, 123904, 1, 0, 0
178000, 108544, 1, 0, 0
179000, 105472, 1, 0, 0
180000, 139264, 1, 0, 0
181000, 93277, 1, 0, 0
182000, 138240, 1, 0, 0
183000, 95232, 1, 0, 0
184000, 106496, 1, 0, 0
185000, 78848, 1, 0, 0
186000, 137216, 1, 0, 0
187000, 139264, 1, 0, 0
188000, 98304, 1, 0, 0
189000, 96256, 1, 0, 0
190000, 83027, 1, 0, 0
191000, 115712, 1, 0, 0
192000, 136192, 1, 0, 0
193000, 155648, 1, 0, 0
194000, 136192, 1, 0, 0
195000, 155648, 1, 0, 0
196000, 133120, 1, 0, 0
197000, 138240, 1, 0, 0
197999, 114802, 1, 0, 0
199000, 102400, 1, 0, 0
200000, 89088, 1, 0, 0
201000, 104448, 1, 0, 0
202000, 162816, 1, 0, 0
203000, 159744, 1, 0, 0
204000, 137216, 1, 0, 0
205000, 133253, 1, 0, 0
206000, 189440, 1, 0, 0
207000, 155648, 1, 0, 0
208000, 162816, 1, 0, 0
209000, 137216, 1, 0, 0
209999, 128128, 1, 0, 0
211000, 133120, 1, 0, 0
212000, 139264, 1, 0, 0
213000, 116736, 1, 0, 0
214000, 141312, 1, 0, 0
215000, 63488, 1, 0, 0
215999, 77901, 1, 0, 0
217000, 88064, 1, 0, 0
218000, 105472, 1, 0, 0
219000, 111616, 1, 0, 0
220000, 147456, 1, 0, 0
221000, 144384, 1, 0, 0
222000, 144384, 1, 0, 0
222999, 125053, 1, 0, 0
224000, 104448, 1, 0, 0
225000, 187392, 1, 0, 0
226000, 119808, 1, 0, 0
227000, 142336, 1, 0, 0
228000, 143360, 1, 0, 0
229000, 108544, 1, 0, 0
230000, 129153, 1, 0, 0
231000, 153600, 1, 0, 0
232000, 107520, 1, 0, 0
233000, 141312, 1, 0, 0
234000, 117760, 1, 0, 0
235000, 129024, 1, 0, 0
235999, 155803, 1, 0, 0
237000, 138240, 1, 0, 0
238000, 135168, 1, 0, 0
239000, 101376, 1, 0, 0
240000, 125952, 1, 0, 0
241000, 109568, 1, 0, 0
242000, 114688, 1, 0, 0
243000, 109677, 1, 0, 0
244000, 140288, 1, 0, 0
245000, 164864, 1, 0, 0
246000, 169984, 1, 0, 0
247000, 147456, 1, 0, 0
248000, 145408, 1, 0, 0
249000, 159744, 1, 0, 0
250000, 149504, 1, 0, 0
251000, 73728, 1, 0, 0
251999, 74826, 1, 0, 0
253000, 76800, 1, 0, 0
254000, 69632, 1, 0, 0
255000, 73728, 1, 0, 0
256000, 71680, 1, 0, 0
257000, 74752, 1, 0, 0
258000, 74752, 1, 0, 0
259000, 73728, 1, 0, 0
260000, 72704, 1, 0, 0
261000, 100352, 1, 0, 0
262000, 120952, 1, 0, 0
263000, 144384, 1, 0, 0
264000, 147456, 1, 0, 0
265000, 132096, 1, 0, 0
266000, 139264, 1, 0, 0
267000, 145408, 1, 0, 0
268000, 143360, 1, 0, 0
269000, 143503, 1, 0, 0
270000, 144384, 1, 0, 0
271000, 142336, 1, 0, 0
272000, 144384, 1, 0, 0
273000, 143360, 1, 0, 0
274000, 143360, 1, 0, 0
275000, 143360, 1, 0, 0
276000, 142336, 1, 0, 0
277000, 144528, 1, 0, 0
278000, 143360, 1, 0, 0
279000, 143360, 1, 0, 0
280000, 143360, 1, 0, 0
281000, 143360, 1, 0, 0
282000, 143360, 1, 0, 0
283000, 143360, 1, 0, 0
283999, 142478, 1, 0, 0
285000, 144384, 1, 0, 0
286000, 143360, 1, 0, 0
287000, 143360, 1, 0, 0
288000, 123904, 1, 0, 0
289000, 109568, 1, 0, 0
290000, 78848, 1, 0, 0
291000, 76876, 1, 0, 0
292000, 69632, 1, 0, 0
293000, 100352, 1, 0, 0
294000, 123904, 1, 0, 0
295000, 105472, 1, 0, 0
296000, 124928, 1, 0, 0
297000, 122880, 1, 0, 0
298000, 126976, 1, 0, 0
299000, 119808, 1, 0, 0
300000, 136192, 1, 0, 0
300999, 90202, 1, 0, 0
302000, 76800, 1, 0, 0
303000, 93184, 1, 0, 0
304000, 94208, 1, 0, 0
305000, 101376, 1, 0, 0
306000, 119808, 1, 0, 0
307000, 93184, 1, 0, 0
308000, 82944, 1, 0, 0
309000, 95232, 1, 0, 0
310000, 128128, 1, 0, 0
311000, 98304, 1, 0, 0
312000, 136192, 1, 0, 0
313000, 122880, 1, 0, 0
314000, 117760, 1, 0, 0
315000, 145408, 1, 0, 0
316000, 143360, 1, 0, 0
317000, 142336, 1, 0, 0
317999, 143503, 1, 0, 0
319000, 144384, 1, 0, 0
320000, 142336, 1, 0, 0
321000, 143360, 1, 0, 0
322000, 145408, 1, 0, 0
323000, 140288, 1, 0, 0
324000, 144384, 1, 0, 0
325000, 144384, 1, 0, 0
326000, 98304, 1, 0, 0
327000, 99427, 1, 0, 0
328000, 77824, 1, 0, 0
329000, 136192, 1, 0, 0
330000, 151552, 1, 0, 0
331000, 169984, 1, 0, 0
332000, 126976, 1, 0, 0
333000, 137216, 1, 0, 0
334000, 98402, 1, 0, 0
335000, 105472, 1, 0, 0
336000, 79872, 1, 0, 0
337000, 142336, 1, 0, 0
338000, 121856, 1, 0, 0
339000, 117760, 1, 0, 0
340000, 102400, 1, 0, 0
341000, 100352, 1, 0, 0
342000, 124928, 1, 0, 0
343000, 111727, 1, 0, 0
344000, 133120, 1, 0, 0
345000, 134144, 1, 0, 0
346000, 91136, 1, 0, 0
347000, 111616, 1, 0, 0
347999, 107627, 1, 0, 0
349000, 100352, 1, 0, 0
350000, 103424, 1, 0, 0
351000, 138240, 1, 0, 0
352000, 136192, 1, 0, 0
353000, 183296, 1, 0, 0
354000, 197829, 1, 0, 0
355000, 234496, 1, 0, 0
356000, 220160, 1, 0, 0
357000, 140288, 1, 0, 0
358000, 114688, 1, 0, 0
359000, 161792, 1, 0, 0
360000, 164004, 1, 0, 0
361000, 191488, 1, 0, 0
362000, 160768, 1, 0, 0
363000, 92160, 1, 0, 0
364000, 143360, 1, 0, 0
365000, 113664, 1, 0, 0
366000, 132228, 1, 0, 0
367000, 147456, 1, 0, 0
368000, 184320, 1, 0, 0
369000, 100352, 1, 0, 0
370000, 135168, 1, 0, 0
371000, 137216, 1, 0, 0
372000, 99328, 1, 0, 0
373000, 133253, 1, 0, 0
374000, 132096, 1, 0, 0
375000, 77824, 1, 0, 0
376000, 109568, 1, 0, 0
377000, 120832, 1, 0, 0
378000, 168960, 1, 0, 0
379000, 122880, 1, 0, 0
380000, 129153, 1, 0, 0
381000, 113664, 1, 0, 0
382000, 145408, 1, 0, 0
382999, 181429, 1, 0, 0
384000, 165888, 1, 0, 0
385000, 123904, 1, 0, 0
386000, 156672, 1, 0, 0
387000, 146578, 1, 0, 0
388000, 141312, 1, 0, 0
389000, 146432, 1, 0, 0
390000, 146432, 1, 0, 0
391000, 145553, 1, 0, 0
392000, 135168, 1, 0, 0
393000, 151552, 1, 0, 0
394000, 138240, 1, 0, 0
395000, 105577, 1, 0, 0
396000, 99328, 1, 0, 0
397000, 126976, 1, 0, 0
398000, 117760, 1, 0, 0
399000, 123904, 1, 0, 0
399999, 138378, 1, 0, 0
401000, 143360, 1, 0, 0
402000, 122880, 1, 0, 0
403000, 126976, 1, 0, 0
404000, 104448, 1, 0, 0
405000, 78848, 1, 0, 0
406000, 79951, 1, 0, 0
407000, 96256, 1, 0, 0
408000, 67584, 1, 0, 0
409000, 77824, 1, 0, 0
410000, 82944, 1, 0, 0
410999, 89177, 1, 0, 0
412000, 124928, 1, 0, 0
413000, 156672, 1, 0, 0
414000, 97280, 1, 0, 0
415000, 61440, 1, 0, 0
416000, 61440, 1, 0, 0
417000, 72704, 1, 0, 0
418000, 99427, 1, 0, 0
419000, 171008, 1, 0, 0
420000, 133120, 1, 0, 0
421000, 163840, 1, 0, 0
422000, 99328, 1, 0, 0
423000, 136328, 1, 0, 0
424000, 144384, 1, 0, 0
425000, 148480, 1, 0, 0
426000, 183296, 1, 0, 0
427000, 114688, 1, 0, 0
428000, 117877, 1, 0, 0
429000, 134144, 1, 0, 0
430000, 102400, 1, 0, 0
431000, 142336, 1, 0, 0
432000, 142336, 1, 0, 0
433000, 47104, 1, 0, 0
434000, 114802, 1, 0, 0
435000, 95232, 1, 0, 0
436000, 131072, 1, 0, 0
437000, 138240, 1, 0, 0
438000, 104448, 1, 0, 0
439000, 130048, 1, 0, 0
440000, 138378, 1, 0, 0
441000, 179200, 1, 0, 0
442000, 141312, 1, 0, 0
443000, 140288, 1, 0, 0
444000, 137216, 1, 0, 0
445000, 105472, 1, 0, 0
446000, 115827, 1, 0, 0
447000, 109568, 1, 0, 0
448000, 115712, 1, 0, 0
449000, 120832, 1, 0, 0
450000, 86016, 1, 0, 0
450999, 142478, 1, 0, 0
452000, 134144, 1, 0, 0
453000, 123904, 1, 0, 0
454000, 148480, 1, 0, 0
455000, 119808, 1, 0, 0
456000, 90112, 1, 0, 0
456999, 134278, 1, 0, 0
458000, 106496, 1, 0, 0
459000, 75776, 1, 0, 0
460000, 65536, 1, 0, 0
461000, 90202, 1, 0, 0
462000, 161792, 1, 0, 0
463000, 135168, 1, 0, 0
464000, 174080, 1, 0, 0
465000, 143503, 1, 0, 0
466000, 172032, 1, 0, 0
467000, 163840, 1, 0, 0
468000, 219136, 1, 0, 0
469000, 211968, 1, 0, 0
470000, 214016, 1, 0, 0
471000, 208896, 1, 0, 0
472000, 212992, 1, 0, 0
473000, 209920, 1, 0, 0
473999, 213205, 1, 0, 0
475000, 132096, 1, 0, 0
476000, 95232, 1, 0, 0
477000, 89088, 1, 0, 0
478000, 113664, 1, 0, 0
479000, 86016, 1, 0, 0
480000, 102400, 1, 0, 0
481000, 141312, 1, 0, 0
482000, 138240, 1, 0, 0
482999, 152728, 1, 0, 0
484000, 104448, 1, 0, 0
485000, 92160, 1, 0, 0
486000, 70656, 1, 0, 0
487000, 45056, 1, 0, 0
488000, 50176, 1, 0, 0
489000, 60416, 1, 0, 0
490000, 82002, 1, 0, 0
491000, 108544, 1, 0, 0
492000, 137216, 1, 0, 0
493000, 121856, 1, 0, 0
494000, 139403, 1, 0, 0
495000, 135168, 1, 0, 0
496000, 114688, 1, 0, 0
497000, 168960, 1, 0, 0
497999, 186554, 1, 0, 0
499000, 174080, 1, 0, 0
500000, 204800, 1, 0, 0
501000, 162816, 1, 0, 0
502000, 172032, 1, 0, 0
503000, 171008, 1, 0, 0
504000, 128000, 1, 0, 0
505000, 198656, 1, 0, 0
505999, 176304, 1, 0, 0
507000, 180224, 1, 0, 0
508000, 188416, 1, 0, 0
509000, 195584, 1, 0, 0
510000, 159744, 1, 0, 0
511000, 124928, 1, 0, 0
512000, 118784, 1, 0, 0
513000, 86016, 1, 0, 0
513999, 69701, 1, 0, 0
515000, 84992, 1, 0, 0
516000, 115712, 1, 0, 0
517000, 98304, 1, 0, 0
518000, 63488, 1, 0, 0
519000, 119808, 1, 0, 0
520000, 160768, 1, 0, 0
521000, 105472, 1, 0, 0
522000, 98304, 1, 0, 0
523000, 123904, 1, 0, 0
524000, 102502, 1, 0, 0
525000, 121856, 1, 0, 0
526000, 84992, 1, 0, 0
527000, 108544, 1, 0, 0
528000, 79872, 1, 0, 0
529000, 90112, 1, 0, 0
530000, 88064, 1, 0, 0
531000, 94208, 1, 0, 0
531999, 116852, 1, 0, 0
533000, 132096, 1, 0, 0
534000, 133120, 1, 0, 0
535000, 126976, 1, 0, 0
536000, 144384, 1, 0, 0
537000, 154624, 1, 0, 0
538000, 178176, 1, 0, 0
539000, 151552, 1, 0, 0
540000, 152728, 1, 0, 0
541000, 165888, 1, 0, 0
542000, 197632, 1, 0, 0
543000, 192512, 1, 0, 0
544000, 95232, 1, 0, 0
545000, 164004, 1, 0, 0
546000, 238592, 1, 0, 0
547000, 195584, 1, 0, 0
548000, 163840, 1, 0, 0
549000, 115827, 1, 0, 0
550000, 153600, 1, 0, 0
551000, 126976, 1, 0, 0
552000, 151552, 1, 0, 0
553000, 216280, 1, 0, 0
554000, 184320, 1, 0, 0
555000, 173056, 1, 0, 0
556000, 140288, 1, 0, 0
557000, 148480, 1, 0, 0
558000, 124028, 1, 0, 0
559000, 145408, 1, 0, 0
560000, 133120, 1, 0, 0
561000, 144384, 1, 0, 0
562000, 147456, 1, 0, 0
563000, 152576, 1, 0, 0
564000, 190464, 1, 0, 0
565000, 207872, 1, 0, 0
566000, 180404, 1, 0, 0
567000, 186368, 1, 0, 0
568000, 142336, 1, 0, 0
569000, 150528, 1, 0, 0
570000, 158720, 1, 0, 0
571000, 194560, 1, 0, 0
572000, 183296, 1, 0, 0
573000, 192512, 1, 0, 0
574000, 120952, 1, 0, 0
575000, 123904, 1, 0, 0
576000, 142336, 1, 0, 0
577000, 149504, 1, 0, 0
578000, 184320, 1, 0, 0
579000, 166912, 1, 0, 0
580000, 187392, 1, 0, 0
580999, 184504, 1, 0, 0
582000, 184320, 1, 0, 0
583000, 146432, 1, 0, 0
584000, 157696, 1, 0, 0
585000, 141312, 1, 0, 0
586000, 119808, 1, 0, 0
587000, 116736, 1, 0, 0
588000, 162816, 1, 0, 0
589000, 165888, 1, 0, 0
589999, 158878, 1, 0, 0
591000, 153600, 1, 0, 0
592000, 104448, 1, 0, 0
593000, 133120, 1, 0, 0
594000, 149504, 1, 0, 0
595000, 184320, 1, 0, 0
596000, 185344, 1, 0, 0
597000, 147456, 1, 0, 0
598000, 100352, 1, 0, 0
599000, 144528, 1, 0, 0
600000, 141312, 1, 0, 0
601000, 136192, 1, 0, 0
602000, 139264, 1, 0, 0
603000, 176128, 1, 0, 0
604000, 163840, 1, 0, 0
605000, 149504, 1, 0, 0
606000, 178176, 1, 0, 0
606999, 124028, 1, 0, 0
608000, 123904, 1, 0, 0
609000, 172032, 1, 0, 0
610000, 218112, 1, 0, 0
611000, 184320, 1, 0, 0
612000, 168960, 1, 0, 0
613000, 190464, 1, 0, 0
614000, 203776, 1, 0, 0
614999, 194754, 1, 0, 0
616000, 103424, 1, 0, 0
617000, 84992, 1, 0, 0
618000, 104448, 1, 0, 0
619000, 116736, 1, 0, 0
620000, 142336, 1, 0, 0
621000, 115712, 1, 0, 0
622000, 125952, 1, 0, 0
623000, 95232, 1, 0, 0
624000, 137353, 1, 0, 0
625000, 115712, 1, 0, 0
626000, 124928, 1, 0, 0
627000, 115712, 1, 0, 0
628000, 122880, 1, 0, 0
629000, 125952, 1, 0, 0
630000, 120832, 1, 0, 0
631000, 131072, 1, 0, 0
631999, 152728, 1, 0, 0
633000, 153600, 1, 0, 0
634000, 151552, 1, 0, 0
635000, 151552, 1, 0, 0
636000, 141312, 1, 0, 0
637000, 98304, 1, 0, 0
638000, 105472, 1, 0, 0
639000, 132096, 1, 0, 0
640000, 105472, 1, 0, 0
641000, 140288, 1, 0, 0
641999, 114802, 1, 0, 0
643000, 176128, 1, 0, 0
644000, 132096, 1, 0, 0
645000, 153600, 1, 0, 0
646000, 156672, 1, 0, 0
646999, 141453, 1, 0, 0
648000, 150528, 1, 0, 0
649000, 184320, 1, 0, 0
650000, 173056, 1, 0, 0
651000, 125952, 1, 0, 0
652000, 142478, 1, 0, 0
653000, 138240, 1, 0, 0
654000, 94208, 1, 0, 0
655000, 76800, 1, 0, 0
656000, 80976, 1, 0, 0
657000, 91136, 1, 0, 0
658000, 89088, 1, 0, 0
659000, 100352, 1, 0, 0
660000, 106496, 1, 0, 0
661000, 101376, 1, 0, 0
662000, 96352, 1, 0, 0
663000, 106496, 1, 0, 0
664000, 87040, 1, 0, 0
665000, 94208, 1, 0, 0
666000, 100352, 1, 0, 0
667000, 93184, 1, 0, 0
668000, 86016, 1, 0, 0
668999, 99427, 1, 0, 0
670000, 119808, 1, 0, 0
671000, 126976, 1, 0, 0
672000, 103424, 1, 0, 0
673000, 123904, 1, 0, 0
674000, 120832, 1, 0, 0
675000, 121856, 1, 0, 0
676000, 131072, 1, 0, 0
677000, 92160, 1, 0, 0
678000, 147603, 1, 0, 0
679000, 140288, 1, 0, 0
680000, 153600, 1, 0, 0
681000, 140288, 1, 0, 0
682000, 145408, 1, 0, 0
683000, 117760, 1, 0, 0
684000, 180224, 1, 0, 0
685000, 203776, 1, 0, 0
686000, 176128, 1, 0, 0
687000, 149504, 1, 0, 0
688000, 136328, 1, 0, 0
689000, 130048, 1, 0, 0
690000, 131072, 1, 0, 0
691000, 135168, 1, 0, 0
692000, 154624, 1, 0, 0
693000, 152576, 1, 0, 0
694000, 124928, 1, 0, 0
695000, 159744, 1, 0, 0
696000, 148480, 1, 0, 0
697000, 142336, 1, 0, 0
698000, 128128, 1, 0, 0
699000, 130048, 1, 0, 0
700000, 140288, 1, 0, 0
701000, 115712, 1, 0, 0
702000, 94208, 1, 0, 0
703000, 104448, 1, 0, 0
704000, 83968, 1, 0, 0
705000, 95232, 1, 0, 0
706000, 111616, 1, 0, 0
707000, 133120, 1, 0, 0
707999, 126078, 1, 0, 0
709000, 122880, 1, 0, 0
710000, 118784, 1, 0, 0
711000, 96256, 1, 0, 0
712000, 88064, 1, 0, 0
713000, 89088, 1, 0, 0
714000, 99328, 1, 0, 0
715000, 75776, 1, 0, 0
716000, 88064, 1, 0, 0
717000, 86016, 1, 0, 0
718000, 87040, 1, 0, 0
719000, 89088, 1, 0, 0
720000, 80976, 1, 0, 0
721000, 76800, 1, 0, 0
722000, 89088, 1, 0, 0
723000, 107520, 1, 0, 0
724000, 151552, 1, 0, 0
725000, 154624, 1, 0, 0
726000, 84992, 1, 0, 0
727000, 87040, 1, 0, 0
728000, 174080, 1, 0, 0
729000, 180224, 1, 0, 0
730000, 180404, 1, 0, 0
731000, 180224, 1, 0, 0
732000, 182272, 1, 0, 0
733000, 180224, 1, 0, 0
734000, 179200, 1, 0, 0
735000, 180224, 1, 0, 0
736000, 181248, 1, 0, 0
737000, 178176, 1, 0, 0
738000, 177152, 1, 0, 0
739000, 193536, 1, 0, 0
740000, 190464, 1, 0, 0
741000, 191488, 1, 0, 0
742000, 191488, 1, 0, 0
742999, 190654, 1, 0, 0
744000, 191488, 1, 0, 0
745000, 189440, 1, 0, 0
746000, 192512, 1, 0, 0
747000, 190464, 1, 0, 0
748000, 190464, 1, 0, 0
749000, 191488, 1, 0, 0
750000, 192512, 1, 0, 0
751000, 190464, 1, 0, 0
752000, 191488, 1, 0, 0
753000, 190464, 1, 0, 0
754000, 191488, 1, 0, 0
755000, 191488, 1, 0, 0
756000, 189629, 1, 0, 0
757000, 191488, 1, 0, 0
758000, 191488, 1, 0, 0
759000, 189440, 1, 0, 0
760000, 190464, 1, 0, 0
761000, 186368, 1, 0, 0
762000, 191488, 1, 0, 0
763000, 190464, 1, 0, 0
764000, 190464, 1, 0, 0
765000, 191488, 1, 0, 0
766000, 191488, 1, 0, 0
767000, 191488, 1, 0, 0
768000, 190464, 1, 0, 0
768999, 254206, 1, 0, 0
770000, 471040, 1, 0, 0
771000, 480256, 1, 0, 0
772000, 480256, 1, 0, 0
773000, 480256, 1, 0, 0
774000, 482304, 1, 0, 0
775000, 474112, 1, 0, 0
776000, 482304, 1, 0, 0
777000, 481280, 1, 0, 0
778000, 474112, 1, 0, 0
779000, 481280, 1, 0, 0
780000, 474112, 1, 0, 0
781000, 475136, 1, 0, 0
782000, 476160, 1, 0, 0
783000, 480256, 1, 0, 0
784000, 477184, 1, 0, 0
784999, 471511, 1, 0, 0
786000, 476160, 1, 0, 0
787000, 427008, 1, 0, 0
