1000, 377856, 1, 0, 0
2001, 147456, 1, 0, 0
3000, 151703, 1, 0, 0
4000, 180224, 1, 0, 0
5000, 152576, 1, 0, 0
6000, 142336, 1, 0, 0
7000, 182272, 1, 0, 0
8000, 212992, 1, 0, 0
9000, 192512, 1, 0, 0
10000, 187392, 1, 0, 0
11000, 186554, 1, 0, 0
12000, 180224, 1, 0, 0
13000, 168960, 1, 0, 0
14000, 153600, 1, 0, 0
15000, 173056, 1, 0, 0
16000, 159744, 1, 0, 0
17000, 164864, 1, 0, 0
18000, 201728, 1, 0, 0
19001, 166912, 1, 0, 0
20000, 173229, 1, 0, 0
21000, 216064, 1, 0, 0
22000, 223232, 1, 0, 0
23000, 199680, 1, 0, 0
24000, 164864, 1, 0, 0
25000, 209920, 1, 0, 0
26000, 173056, 1, 0, 0
27000, 181248, 1, 0, 0
28001, 183296, 1, 0, 0
29000, 170154, 1, 0, 0
30000, 138240, 1, 0, 0
31000, 141312, 1, 0, 0
32000, 134144, 1, 0, 0
33000, 175104, 1, 0, 0
34000, 169984, 1, 0, 0
35000, 169984, 1, 0, 0
36000, 159744, 1, 0, 0
37000, 154624, 1, 0, 0
38001, 173056, 1, 0, 0
39000, 184504, 1, 0, 0
40000, 172032, 1, 0, 0
41000, 184320, 1, 0, 0
42000, 176128, 1, 0, 0
43000, 191488, 1, 0, 0
44000, 188416, 1, 0, 0
45000, 197632, 1, 0, 0
46001, 196608, 1, 0, 0
47000, 173229, 1, 0, 0
48000, 203776, 1, 0, 0
49000, 207872, 1, 0, 0
50000, 218112, 1, 0, 0
51000, 214016, 1, 0, 0
52000, 158720, 1, 0, 0
53000, 179379, 1, 0, 0
54000, 179200, 1, 0, 0
55000, 157696, 1, 0, 0
56000, 112640, 1, 0, 0
57000, 118784, 1, 0, 0
58000, 108544, 1, 0, 0
59000, 112640, 1, 0, 0
60000, 141312, 1, 0, 0
61001, 124928, 1, 0, 0
62000, 127103, 1, 0, 0
63000, 131072, 1, 0, 0
64000, 156672, 1, 0, 0
65000, 119808, 1, 0, 0
66000, 136192, 1, 0, 0
67000, 97280, 1, 0, 0
68000, 108544, 1, 0, 0
69000, 126976, 1, 0, 0
70000, 116736, 1, 0, 0
71000, 142478, 1, 0, 0
72000, 138240, 1, 0, 0
73000, 147456, 1, 0, 0
74000, 142336, 1, 0, 0
75000, 89088, 1, 0, 0
76000, 105472, 1, 0, 0
77000, 102400, 1, 0, 0
78000, 100352, 1, 0, 0
79000, 139264, 1, 0, 0
80000, 128000, 1, 0, 0
81000, 55351, 1, 0, 0
82000, 106496, 1, 0, 0
83000, 51200, 1, 0, 0
84000, 44032, 1, 0, 0
85000, 50176, 1, 0, 0
86000, 55296, 1, 0, 0
87000, 49152, 1, 0, 0
88000, 49152, 1, 0, 0
89000, 103424, 1, 0, 0
90000, 124928, 1, 0, 0
91000, 224256, 1, 0, 0
92000, 109568, 1, 0, 0
93000, 105577, 1, 0, 0
94000, 52224, 1, 0, 0
95000, 50176, 1, 0, 0
96000, 83968, 1, 0, 0
97000, 166912, 1, 0, 0
98000, 145408, 1, 0, 0
99000, 57344, 1, 0, 0
100000, 50176, 1, 0, 0
101000, 83968, 1, 0, 0
102000, 107520, 1, 0, 0
103001, 153600, 1, 0, 0
104000, 107627, 1, 0, 0
105000, 45056, 1, 0, 0
106000, 50176, 1, 0, 0
107000, 122880, 1, 0, 0
108000, 137216, 1, 0, 0
109000, 118784, 1, 0, 0
110000, 134144, 1, 0, 0
111000, 148480, 1, 0, 0
112000, 158720, 1, 0, 0
113001, 125952, 1, 0, 0
114000, 101477, 1, 0, 0
115000, 90112, 1, 0, 0
116000, 153600, 1, 0, 0
117000, 111616, 1, 0, 0
118000, 79872, 1, 0, 0
119000, 47104, 1, 0, 0
120000, 56320, 1, 0, 0
121000, 54272, 1, 0, 0
122000, 78848, 1, 0, 0
123000, 48128, 1, 0, 0
124001, 55296, 1, 0, 0
125000, 92252, 1, 0, 0
126000, 88064, 1, 0, 0
127000, 102400, 1, 0, 0
128000, 90112, 1, 0, 0
129000, 76800, 1, 0, 0
130000, 78848, 1, 0, 0
131000, 94208, 1, 0, 0
132000, 80896, 1, 0, 0
133000, 111616, 1, 0, 0
134000, 92160, 1, 0, 0
135000, 100452, 1, 0, 0
136000, 167936, 1, 0, 0
137000, 69632, 1, 0, 0
138000, 115712, 1, 0, 0
139000, 175104, 1, 0, 0
140000, 141312, 1, 0, 0
141000, 120832, 1, 0, 0
142000, 76800, 1, 0, 0
143000, 125952, 1, 0, 0
144000, 140288, 1, 0, 0
145000, 79872, 1, 0, 0
146001, 166912, 1, 0, 0
147000, 135303, 1, 0, 0
148000, 147456, 1, 0, 0
149000, 137216, 1, 0, 0
150000, 145408, 1, 0, 0
151000, 82944, 1, 0, 0
152000, 114688, 1, 0, 0
153000, 88064, 1, 0, 0
154000, 70656, 1, 0, 0
155000, 113664, 1, 0, 0
156000, 148480, 1, 0, 0
157001, 150528, 1, 0, 0
158000, 128128, 1, 0, 0
159000, 178176, 1, 0, 0
160000, 218112, 1, 0, 0
161000, 185344, 1, 0, 0
162000, 142336, 1, 0, 0
163000, 160768, 1, 0, 0
164000, 160928, 1, 0, 0
165000, 199680, 1, 0, 0
166000, 104448, 1, 0, 0
167000, 63488, 1, 0, 0
168000, 141312, 1, 0, 0
169000, 106496, 1, 0, 0
170001, 68608, 1, 0, 0
171000, 72776, 1, 0, 0
172000, 134144, 1, 0, 0
173000, 87040, 1, 0, 0
174000, 114688, 1, 0, 0
175000, 182272, 1, 0, 0
176001, 130048, 1, 0, 0
177000, 148628, 1, 0, 0
178000, 158720, 1, 0, 0
179000, 133120, 1, 0, 0
180000, 168960, 1, 0, 0
181001, 197632, 1, 0, 0
182000, 141453, 1, 0, 0
183000, 114688, 1, 0, 0
184000, 155648, 1, 0, 0
185000, 175104, 1, 0, 0
186000, 236544, 1, 0, 0
187001, 179200, 1, 0, 0
188000, 96352, 1, 0, 0
189000, 134144, 1, 0, 0
190000, 205824, 1, 0, 0
191000, 162816, 1, 0, 0
192000, 249856, 1, 0, 0
193001, 153600, 1, 0, 0
194000, 140428, 1, 0, 0
195000, 175104, 1, 0, 0
196000, 70656, 1, 0, 0
197000, 93184, 1, 0, 0
198000, 201728, 1, 0, 0
199000, 161792, 1, 0, 0
200000, 145408, 1, 0, 0
201000, 139264, 1, 0, 0
202000, 161792, 1, 0, 0
203001, 153600, 1, 0, 0
204000, 107627, 1, 0, 0
205000, 109568, 1, 0, 0
206000, 91136, 1, 0, 0
207000, 107520, 1, 0, 0
208000, 136192, 1, 0, 0
209000, 138240, 1, 0, 0
210000, 118784, 1, 0, 0
211000, 106496, 1, 0, 0
212000, 165888, 1, 0, 0
213000, 117760, 1, 0, 0
214001, 145408, 1, 0, 0
215000, 148628, 1, 0, 0
216000, 150528, 1, 0, 0
217000, 128000, 1, 0, 0
218000, 144384, 1, 0, 0
219001, 147456, 1, 0, 0
220000, 147603, 1, 0, 0
221000, 137216, 1, 0, 0
222000, 134144, 1, 0, 0
223000, 115712, 1, 0, 0
224000, 142478, 1, 0, 0
225000, 142336, 1, 0, 0
226000, 137216, 1, 0, 0
227000, 139264, 1, 0, 0
228000, 143360, 1, 0, 0
229000, 158720, 1, 0, 0
230000, 164864, 1, 0, 0
231000, 174080, 1, 0, 0
232000, 188416, 1, 0, 0
233001, 147456, 1, 0, 0
234000, 189629, 1, 0, 0
235000, 188416, 1, 0, 0
236000, 173056, 1, 0, 0
237000, 167936, 1, 0, 0
238000, 183296, 1, 0, 0
239000, 122880, 1, 0, 0
240000, 129024, 1, 0, 0
241000, 65536, 1, 0, 0
242000, 101376, 1, 0, 0
243000, 116736, 1, 0, 0
244001, 150528, 1, 0, 0
245000, 111727, 1, 0, 0
246000, 96256, 1, 0, 0
247000, 132096, 1, 0, 0
248000, 61440, 1, 0, 0
249000, 117760, 1, 0, 0
250000, 94208, 1, 0, 0
251000, 134144, 1, 0, 0
252000, 78848, 1, 0, 0
253000, 112640, 1, 0, 0
254000, 72704, 1, 0, 0
255001, 112640, 1, 0, 0
256000, 139403, 1, 0, 0
257000, 120832, 1, 0, 0
258000, 103424, 1, 0, 0
259000, 129024, 1, 0, 0
260000, 113664, 1, 0, 0
261000, 141312, 1, 0, 0
262000, 149504, 1, 0, 0
263000, 151552, 1, 0, 0
264000, 162816, 1, 0, 0
265001, 154624, 1, 0, 0
266000, 103527, 1, 0, 0
267000, 141312, 1, 0, 0
268000, 149504, 1, 0, 0
269000, 66560, 1, 0, 0
270000, 80896, 1, 0, 0
271000, 103424, 1, 0, 0
272000, 140288, 1, 0, 0
273000, 140288, 1, 0, 0
274000, 206848, 1, 0, 0
275000, 149504, 1, 0, 0
276001, 146432, 1, 0, 0
277000, 137353, 1, 0, 0
278000, 81920, 1, 0, 0
279000, 110592, 1, 0, 0
280000, 90112, 1, 0, 0
281000, 121856, 1, 0, 0
282000, 102400, 1, 0, 0
283000, 79872, 1, 0, 0
284000, 152576, 1, 0, 0
285001, 151552, 1, 0, 0
286000, 166054, 1, 0, 0
287000, 82944, 1, 0, 0
288000, 71680, 1, 0, 0
289000, 87040, 1, 0, 0
290000, 133120, 1, 0, 0
291000, 103424, 1, 0, 0
292000, 143360, 1, 0, 0
293000, 175104, 1, 0, 0
294001, 150528, 1, 0, 0
295000, 195779, 1, 0, 0
296000, 202752, 1, 0, 0
297000, 205824, 1, 0, 0
298000, 180224, 1, 0, 0
299000, 141312, 1, 0, 0
300000, 110592, 1, 0, 0
301001, 139264, 1, 0, 0
302000, 112752, 1, 0, 0
303000, 198656, 1, 0, 0
304000, 151552, 1, 0, 0
305000, 129024, 1, 0, 0
306000, 95232, 1, 0, 0
307001, 92160, 1, 0, 0
308000, 106602, 1, 0, 0
309000, 137216, 1, 0, 0
310000, 123904, 1, 0, 0
311000, 113664, 1, 0, 0
312000, 109568, 1, 0, 0
313000, 124928, 1, 0, 0
314001, 100352, 1, 0, 0
315000, 96352, 1, 0, 0
316000, 150528, 1, 0, 0
317000, 102400, 1, 0, 0
318000, 155648, 1, 0, 0
319000, 115712, 1, 0, 0
320000, 149504, 1, 0, 0
321001, 164864, 1, 0, 0
322000, 174254, 1, 0, 0
323000, 142336, 1, 0, 0
324000, 138240, 1, 0, 0
325000, 113664, 1, 0, 0
326000, 128000, 1, 0, 0
327000, 123904, 1, 0, 0
328001, 137216, 1, 0, 0
329000, 119927, 1, 0, 0
330000, 119808, 1, 0, 0
331000, 101376, 1, 0, 0
332000, 160768, 1, 0, 0
333000, 149504, 1, 0, 0
334000, 139264, 1, 0, 0
335000, 147456, 1, 0, 0
336000, 179379, 1, 0, 0
337000, 133120, 1, 0, 0
338000, 142336, 1, 0, 0
339000, 96256, 1, 0, 0
340000, 106602, 1, 0, 0
341000, 112640, 1, 0, 0
342000, 103424, 1, 0, 0
343000, 114688, 1, 0, 0
344000, 111616, 1, 0, 0
345000, 94208, 1, 0, 0
346000, 83027, 1, 0, 0
347000, 93184, 1, 0, 0
348000, 94208, 1, 0, 0
349000, 98304, 1, 0, 0
350000, 111616, 1, 0, 0
351000, 103424, 1, 0, 0
352000, 106496, 1, 0, 0
353000, 94208, 1, 0, 0
354000, 115712, 1, 0, 0
355000, 144528, 1, 0, 0
356000, 146432, 1, 0, 0
357000, 153600, 1, 0, 0
358000, 104448, 1, 0, 0
359001, 174080, 1, 0, 0
360000, 153753, 1, 0, 0
361000, 159744, 1, 0, 0
362000, 140288, 1, 0, 0
363000, 156672, 1, 0, 0
364000, 189440, 1, 0, 0
365001, 151552, 1, 0, 0
366000, 159903, 1, 0, 0
367000, 173056, 1, 0, 0
368000, 191488, 1, 0, 0
369000, 192512, 1, 0, 0
370000, 148480, 1, 0, 0
371000, 157696, 1, 0, 0
372000, 139403, 1, 0, 0
373000, 174080, 1, 0, 0
374000, 161792, 1, 0, 0
375000, 121856, 1, 0, 0
376000, 150528, 1, 0, 0
377000, 161792, 1, 0, 0
378000, 147456, 1, 0, 0
379000, 155803, 1, 0, 0
380000, 154624, 1, 0, 0
381000, 150528, 1, 0, 0
382000, 161792, 1, 0, 0
383000, 161792, 1, 0, 0
384000, 193536, 1, 0, 0
385000, 150528, 1, 0, 0
386001, 152576, 1, 0, 0
387000, 166054, 1, 0, 0
388000, 178176, 1, 0, 0
389000, 142336, 1, 0, 0
390000, 143360, 1, 0, 0
391000, 143360, 1, 0, 0
392000, 142336, 1, 0, 0
393000, 144384, 1, 0, 0
394000, 143360, 1, 0, 0
395000, 142336, 1, 0, 0
396001, 144384, 1, 0, 0
397000, 143503, 1, 0, 0
398000, 142336, 1, 0, 0
399000, 144384, 1, 0, 0
400000, 142336, 1, 0, 0
401000, 144384, 1, 0, 0
402000, 141312, 1, 0, 0
403000, 145408, 1, 0, 0
404000, 144384, 1, 0, 0
405001, 142336, 1, 0, 0
406000, 142478, 1, 0, 0
407000, 144384, 1, 0, 0
408000, 160768, 1, 0, 0
409000, 128000, 1, 0, 0
410000, 101376, 1, 0, 0
411000, 117760, 1, 0, 0
412001, 140288, 1, 0, 0
413000, 148628, 1, 0, 0
414000, 188416, 1, 0, 0
415000, 177152, 1, 0, 0
416000, 159744, 1, 0, 0
417000, 169984, 1, 0, 0
418000, 184320, 1, 0, 0
419000, 176304, 1, 0, 0
420000, 146432, 1, 0, 0
421000, 148480, 1, 0, 0
422000, 154624, 1, 0, 0
423000, 132096, 1, 0, 0
424000, 144384, 1, 0, 0
425000, 129024, 1, 0, 0
426001, 159744, 1, 0, 0
427000, 179379, 1, 0, 0
428000, 164864, 1, 0, 0
429000, 130048, 1, 0, 0
430000, 134144, 1, 0, 0
431000, 155648, 1, 0, 0
432000, 129024, 1, 0, 0
433000, 104552, 1, 0, 0
434000, 84992, 1, 0, 0
435000, 123904, 1, 0, 0
436000, 108544, 1, 0, 0
437000, 102400, 1, 0, 0
438000, 182272, 1, 0, 0
439000, 171179, 1, 0, 0
440000, 178176, 1, 0, 0
441000, 158720, 1, 0, 0
442000, 209920, 1, 0, 0
443000, 176128, 1, 0, 0
444000, 181248, 1, 0, 0
445000, 192512, 1, 0, 0
446000, 208896, 1, 0, 0
447000, 195584, 1, 0, 0
448001, 148480, 1, 0, 0
449000, 80976, 1, 0, 0
450000, 130048, 1, 0, 0
451000, 144384, 1, 0, 0
452000, 123904, 1, 0, 0
453000, 145408, 1, 0, 0
454000, 158720, 1, 0, 0
455000, 142336, 1, 0, 0
456000, 97280, 1, 0, 0
457000, 152576, 1, 0, 0
458000, 112640, 1, 0, 0
459000, 114688, 1, 0, 0
460001, 108544, 1, 0, 0
461000, 215255, 1, 0, 0
462000, 212992, 1, 0, 0
463000, 173056, 1, 0, 0
464000, 158720, 1, 0, 0
465000, 160768, 1, 0, 0
466000, 158720, 1, 0, 0
467000, 133120, 1, 0, 0
468000, 133120, 1, 0, 0
469000, 145408, 1, 0, 0
470001, 176128, 1, 0, 0
471000, 195779, 1, 0, 0
472000, 204800, 1, 0, 0
473000, 219136, 1, 0, 0
474000, 221184, 1, 0, 0
475000, 174080, 1, 0, 0
476000, 149504, 1, 0, 0
477000, 168960, 1, 0, 0
478000, 206848, 1, 0, 0
479000, 136192, 1, 0, 0
480001, 144384, 1, 0, 0
481000, 224480, 1, 0, 0
482000, 155648, 1, 0, 0
483000, 150528, 1, 0, 0
484000, 156672, 1, 0, 0
485000, 151552, 1, 0, 0
486000, 242688, 1, 0, 0
487000, 247808, 1, 0, 0
488000, 234496, 1, 0, 0
489000, 175104, 1, 0, 0
490000, 180224, 1, 0, 0
491001, 151552, 1, 0, 0
492000, 250106, 1, 0, 0
493000, 227328, 1, 0, 0
494000, 184320, 1, 0, 0
495000, 230400, 1, 0, 0
496000, 186368, 1, 0, 0
497000, 218112, 1, 0, 0
498000, 171008, 1, 0, 0
499000, 100352, 1, 0, 0
500000, 160768, 1, 0, 0
501000, 151552, 1, 0, 0
502000, 106602, 1, 0, 0
503000, 86016, 1, 0, 0
504000, 96256, 1, 0, 0
505000, 64512, 1, 0, 0
506000, 99328, 1, 0, 0
507000, 113664, 1, 0, 0
508000, 122880, 1, 0, 0
509000, 152728, 1, 0, 0
510000, 149504, 1, 0, 0
511000, 166912, 1, 0, 0
512001, 157696, 1, 0, 0
513000, 108652, 1, 0, 0
514000, 131072, 1, 0, 0
515000, 180224, 1, 0, 0
516000, 164864, 1, 0, 0
517000, 158720, 1, 0, 0
518000, 205005, 1, 0, 0
519000, 221184, 1, 0, 0
520000, 223232, 1, 0, 0
521000, 144384, 1, 0, 0
522000, 137216, 1, 0, 0
523000, 191488, 1, 0, 0
524000, 191679, 1, 0, 0
525000, 221184, 1, 0, 0
526000, 248832, 1, 0, 0
527001, 158720, 1, 0, 0
528000, 133253, 1, 0, 0
529000, 97280, 1, 0, 0
530000, 168960, 1, 0, 0
531000, 205005, 1, 0, 0
532000, 197632, 1, 0, 0
533000, 183296, 1, 0, 0
534000, 200704, 1, 0, 0
535000, 158720, 1, 0, 0
536000, 166912, 1, 0, 0
537000, 154624, 1, 0, 0
538000, 142336, 1, 0, 0
539001, 173056, 1, 0, 0
540000, 132228, 1, 0, 0
541000, 209920, 1, 0, 0
542000, 150528, 1, 0, 0
543000, 134144, 1, 0, 0
544000, 179200, 1, 0, 0
545000, 155648, 1, 0, 0
546000, 219136, 1, 0, 0
547000, 281600, 1, 0, 0
548000, 269312, 1, 0, 0
549000, 226304, 1, 0, 0
550000, 236544, 1, 0, 0
551001, 227328, 1, 0, 0
552000, 231655, 1, 0, 0
553000, 278528, 1, 0, 0
554000, 253952, 1, 0, 0
555000, 282624, 1, 0, 0
556000, 274432, 1, 0, 0
557000, 300032, 1, 0, 0
558000, 309248, 1, 0, 0
559000, 246784, 1, 0, 0
560000, 300032, 1, 0, 0
561000, 276480, 1, 0, 0
562001, 251904, 1, 0, 0
563000, 221405, 1, 0, 0
564000, 241664, 1, 0, 0
565000, 251904, 1, 0, 0
566000, 210944, 1, 0, 0
567000, 176128, 1, 0, 0
568000, 160768, 1, 0, 0
569000, 219136, 1, 0, 0
570000, 214016, 1, 0, 0
571000, 229376, 1, 0, 0
572000, 159744, 1, 0, 0
573001, 120832, 1, 0, 0
574000, 175279, 1, 0, 0
575000, 162816, 1, 0, 0
576000, 100352, 1, 0, 0
577000, 108544, 1, 0, 0
578000, 147456, 1, 0, 0
579000, 153600, 1, 0, 0
580000, 139264, 1, 0, 0
581000, 118784, 1, 0, 0
582001, 190464, 1, 0, 0
583000, 146578, 1, 0, 0
584000, 168960, 1, 0, 0
585000, 177152, 1, 0, 0
586000, 237568, 1, 0, 0
587000, 184320, 1, 0, 0
588000, 163840, 1, 0, 0
589000, 168960, 1, 0, 0
590000, 152576, 1, 0, 0
591000, 167936, 1, 0, 0
592000, 172204, 1, 0, 0
593000, 169984, 1, 0, 0
594000, 186368, 1, 0, 0
595000, 183296, 1, 0, 0
596000, 191679, 1, 0, 0
597000, 220160, 1, 0, 0
598000, 220160, 1, 0, 0
599000, 210944, 1, 0, 0
600000, 199680, 1, 0, 0
601000, 193536, 1, 0, 0
602000, 224256, 1, 0, 0
603000, 218112, 1, 0, 0
604001, 211968, 1, 0, 0
605000, 207055, 1, 0, 0
606000, 217088, 1, 0, 0
607000, 211968, 1, 0, 0
608000, 202752, 1, 0, 0
609000, 167936, 1, 0, 0
610000, 211968, 1, 0, 0
611000, 145408, 1, 0, 0
612000, 161792, 1, 0, 0
613001, 162816, 1, 0, 0
614000, 125053, 1, 0, 0
615000, 126976, 1, 0, 0
616000, 121856, 1, 0, 0
617000, 168960, 1, 0, 0
618000, 150528, 1, 0, 0
619000, 115712, 1, 0, 0
620000, 95232, 1, 0, 0
621000, 75776, 1, 0, 0
622000, 74752, 1, 0, 0
623001, 88064, 1, 0, 0
624000, 106602, 1, 0, 0
625000, 135168, 1, 0, 0
626000, 113664, 1, 0, 0
627000, 156672, 1, 0, 0
628000, 162816, 1, 0, 0
629000, 124928, 1, 0, 0
630000, 140288, 1, 0, 0
631000, 130048, 1, 0, 0
632000, 121856, 1, 0, 0
633001, 157696, 1, 0, 0
634000, 82002, 1, 0, 0
635000, 79872, 1, 0, 0
636000, 90112, 1, 0, 0
637000, 142336, 1, 0, 0
638000, 149504, 1, 0, 0
639000, 192512, 1, 0, 0
640000, 102400, 1, 0, 0
641000, 94208, 1, 0, 0
642001, 90112, 1, 0, 0
643000, 80976, 1, 0, 0
644000, 97280, 1, 0, 0
645000, 165888, 1, 0, 0
646000, 167936, 1, 0, 0
647000, 156672, 1, 0, 0
648000, 142336, 1, 0, 0
649000, 196608, 1, 0, 0
650001, 163840, 1, 0, 0
651000, 135303, 1, 0, 0
652000, 104448, 1, 0, 0
653000, 137216, 1, 0, 0
654000, 169984, 1, 0, 0
655000, 177152, 1, 0, 0
656000, 174080, 1, 0, 0
657000, 149504, 1, 0, 0
658001, 146432, 1, 0, 0
659000, 158878, 1, 0, 0
660000, 88064, 1, 0, 0
661000, 125952, 1, 0, 0
662000, 86016, 1, 0, 0
663000, 94208, 1, 0, 0
664000, 148480, 1, 0, 0
665000, 108652, 1, 0, 0
666000, 94208, 1, 0, 0
667000, 131072, 1, 0, 0
668000, 89088, 1, 0, 0
669000, 145553, 1, 0, 0
670000, 111616, 1, 0, 0
671000, 93184, 1, 0, 0
672000, 126976, 1, 0, 0
673000, 117877, 1, 0, 0
674000, 106496, 1, 0, 0
675000, 79872, 1, 0, 0
676000, 71680, 1, 0, 0
677000, 118902, 1, 0, 0
678000, 88064, 1, 0, 0
679000, 125952, 1, 0, 0
680000, 120832, 1, 0, 0
681001, 118784, 1, 0, 0
682000, 89177, 1, 0, 0
683000, 124928, 1, 0, 0
684000, 167936, 1, 0, 0
685001, 160768, 1, 0, 0
686000, 166054, 1, 0, 0
687000, 179200, 1, 0, 0
688000, 176128, 1, 0, 0
689000, 131072, 1, 0, 0
690000, 164864, 1, 0, 0
691000, 162816, 1, 0, 0
692000, 146432, 1, 0, 0
693000, 151552, 1, 0, 0
694001, 148480, 1, 0, 0
695000, 139403, 1, 0, 0
696000, 164864, 1, 0, 0
697000, 195584, 1, 0, 0
698000, 202752, 1, 0, 0
699000, 218112, 1, 0, 0
700000, 189440, 1, 0, 0
701000, 190464, 1, 0, 0
702000, 143360, 1, 0, 0
703001, 147456, 1, 0, 0
704000, 144528, 1, 0, 0
705000, 159744, 1, 0, 0
706000, 202752, 1, 0, 0
707000, 153600, 1, 0, 0
708000, 197632, 1, 0, 0
709000, 192512, 1, 0, 0
710000, 204800, 1, 0, 0
711000, 202752, 1, 0, 0
712001, 193536, 1, 0, 0
713000, 162978, 1, 0, 0
714000, 171008, 1, 0, 0
715000, 221184, 1, 0, 0
716000, 149504, 1, 0, 0
717000, 111616, 1, 0, 0
718000, 116736, 1, 0, 0
719000, 144384, 1, 0, 0
720000, 185344, 1, 0, 0
721001, 157696, 1, 0, 0
722000, 134278, 1, 0, 0
723000, 150528, 1, 0, 0
724000, 133120, 1, 0, 0
725000, 95232, 1, 0, 0
726000, 106496, 1, 0, 0
727000, 139264, 1, 0, 0
728000, 152576, 1, 0, 0
729001, 149504, 1, 0, 0
730000, 138378, 1, 0, 0
731000, 131072, 1, 0, 0
732000, 166912, 1, 0, 0
733000, 157696, 1, 0, 0
734000, 139264, 1, 0, 0
735000, 130048, 1, 0, 0
736000, 166912, 1, 0, 0
737000, 155648, 1, 0, 0
738001, 122880, 1, 0, 0
739000, 108652, 1, 0, 0
740000, 96256, 1, 0, 0
741000, 95232, 1, 0, 0
742000, 110592, 1, 0, 0
743000, 125952, 1, 0, 0
744000, 80896, 1, 0, 0
745000, 75776, 1, 0, 0
746000, 130048, 1, 0, 0
747000, 88064, 1, 0, 0
748001, 90112, 1, 0, 0
749000, 114802, 1, 0, 0
750000, 102400, 1, 0, 0
751000, 163840, 1, 0, 0
752000, 196608, 1, 0, 0
753000, 166912, 1, 0, 0
754000, 152576, 1, 0, 0
755000, 136192, 1, 0, 0
756000, 165888, 1, 0, 0
757000, 168960, 1, 0, 0
758000, 143503, 1, 0, 0
759000, 110592, 1, 0, 0
760000, 150528, 1, 0, 0
761000, 229376, 1, 0, 0
762000, 203776, 1, 0, 0
763000, 190464, 1, 0, 0
764000, 189440, 1, 0, 0
765000, 193536, 1, 0, 0
766000, 189440, 1, 0, 0
767000, 191488, 1, 0, 0
768000, 190464, 1, 0, 0
769001, 192512, 1, 0, 0
770001, 209920, 1, 0, 0
771000, 218330, 1, 0, 0
772000, 212992, 1, 0, 0
773000, 214016, 1, 0, 0
774000, 217088, 1, 0, 0
775000, 211968, 1, 0, 0
776000, 246784, 1, 0, 0
777000, 285696, 1, 0, 0
778000, 283648, 1, 0, 0
779000, 290816, 1, 0, 0
