1001, 1581522, 1, 0, 0
2000, 1742542, 1, 0, 0
3000, 1553408, 1, 0, 0
4001, 1150976, 1, 0, 0
5000, 925597, 1, 0, 0
6000, 986112, 1, 0, 0
7000, 854016, 1, 0, 0
8000, 886646, 1, 0, 0
9000, 1285120, 1, 0, 0
10000, 1191936, 1, 0, 0
11000, 1059875, 1, 0, 0
12000, 1080320, 1, 0, 0
13000, 959488, 1, 0, 0
14000, 1201329, 1, 0, 0
15000, 1064960, 1, 0, 0
16001, 1006592, 1, 0, 0
17000, 1026050, 1, 0, 0
18000, 1652736, 1, 0, 0
19000, 1501184, 1, 0, 0
20000, 1331507, 1, 0, 0
21000, 1732608, 1, 0, 0
22000, 1759232, 1, 0, 0
23001, 1756160, 1, 0, 0
24000, 3218578, 1, 0, 0
25000, 2761728, 1, 0, 0
26000, 1643520, 1, 0, 0
27000, 1750742, 1, 0, 0
28000, 1750016, 1, 0, 0
29000, 1654784, 1, 0, 0
30000, 414110, 1, 0, 0
31000, 1566720, 1, 0, 0
32000, 512000, 1, 0, 0
33001, 356352, 1, 0, 0
34000, 374134, 1, 0, 0
35000, 548864, 1, 0, 0
36000, 381309, 1, 0, 0
37000, 384000, 1, 0, 0
38000, 495616, 1, 0, 0
39000, 1751767, 1, 0, 0
40000, 1762304, 1, 0, 0
41000, 1639424, 1, 0, 0
42000, 1623639, 1, 0, 0
43000, 3134464, 1, 0, 0
44000, 1915904, 1, 0, 0
45000, 1749717, 1, 0, 0
46000, 2608128, 1, 0, 0
47000, 1163264, 1, 0, 0
48001, 1159168, 1, 0, 0
49000, 767743, 1, 0, 0
50000, 766976, 1, 0, 0
51000, 1938432, 1, 0, 0
52000, 435635, 1, 0, 0
53000, 579584, 1, 0, 0
54000, 575488, 1, 0, 0
55001, 571392, 1, 0, 0
56000, 1094726, 1, 0, 0
57000, 1415168, 1, 0, 0
58000, 1734342, 1, 0, 0
59000, 1343488, 1, 0, 0
60000, 773120, 1, 0, 0
61000, 600664, 1, 0, 0
62000, 648192, 1, 0, 0
63000, 1118208, 1, 0, 0
64000, 1225929, 1, 0, 0
65000, 3529728, 1, 0, 0
66000, 3523584, 1, 0, 0
67000, 3374382, 1, 0, 0
68000, 3512320, 1, 0, 0
69000, 3523584, 1, 0, 0
70001, 3519488, 1, 0, 0
71000, 2735791, 1, 0, 0
72000, 806912, 1, 0, 0
73001, 507904, 1, 0, 0
74000, 1032200, 1, 0, 0
75000, 1159168, 1, 0, 0
76001, 1149952, 1, 0, 0
77000, 815919, 1, 0, 0
78000, 1154048, 1, 0, 0
79000, 549888, 1, 0, 0
80000, 403859, 1, 0, 0
81000, 581632, 1, 0, 0
82000, 1051648, 1, 0, 0
83000, 1138802, 1, 0, 0
84000, 1137664, 1, 0, 0
85000, 1129472, 1, 0, 0
86001, 1119232, 1, 0, 0
87000, 1125477, 1, 0, 0
88000, 1137664, 1, 0, 0
89000, 1143808, 1, 0, 0
90000, 1132652, 1, 0, 0
91000, 1139712, 1, 0, 0
92000, 1145856, 1, 0, 0
93000, 1123427, 1, 0, 0
94000, 1145856, 1, 0, 0
95000, 1130496, 1, 0, 0
96000, 1130602, 1, 0, 0
97000, 1136640, 1, 0, 0
98001, 880640, 1, 0, 0
99000, 574014, 1, 0, 0
100000, 548864, 1, 0, 0
101000, 638590, 1, 0, 0
102000, 1157120, 1, 0, 0
103000, 497664, 1, 0, 0
104000, 374134, 1, 0, 0
105000, 462848, 1, 0, 0
106000, 497664, 1, 0, 0
107001, 574464, 1, 0, 0
108000, 467411, 1, 0, 0
109000, 375808, 1, 0, 0
110000, 372736, 1, 0, 0
111000, 375159, 1, 0, 0
112000, 444416, 1, 0, 0
113000, 557056, 1, 0, 0
114001, 842752, 1, 0, 0
115000, 1141877, 1, 0, 0
116000, 884736, 1, 0, 0
117001, 562176, 1, 0, 0
118000, 570938, 1, 0, 0
119000, 564224, 1, 0, 0
120001, 565248, 1, 0, 0
121000, 564788, 1, 0, 0
122000, 568320, 1, 0, 0
123001, 570368, 1, 0, 0
124000, 558638, 1, 0, 0
125000, 568320, 1, 0, 0
126000, 392192, 1, 0, 0
127000, 379259, 1, 0, 0
128000, 361472, 1, 0, 0
129000, 573440, 1, 0, 0
130000, 562738, 1, 0, 0
131000, 576512, 1, 0, 0
132000, 566272, 1, 0, 0
133001, 565248, 1, 0, 0
134000, 563763, 1, 0, 0
135000, 529408, 1, 0, 0
136000, 367616, 1, 0, 0
137000, 492012, 1, 0, 0
138000, 811008, 1, 0, 0
139000, 1162240, 1, 0, 0
140000, 958398, 1, 0, 0
141000, 545792, 1, 0, 0
142000, 371712, 1, 0, 0
143000, 545313, 1, 0, 0
144000, 559104, 1, 0, 0
145000, 569344, 1, 0, 0
146000, 1155203, 1, 0, 0
147000, 1157120, 1, 0, 0
148000, 1157120, 1, 0, 0
149000, 1164428, 1, 0, 0
150000, 1156096, 1, 0, 0
151000, 843776, 1, 0, 0
152000, 1034250, 1, 0, 0
153000, 1157120, 1, 0, 0
154000, 1159168, 1, 0, 0
155000, 1149053, 1, 0, 0
156000, 1157120, 1, 0, 0
157000, 1160192, 1, 0, 0
158000, 874346, 1, 0, 0
159000, 1139712, 1, 0, 0
160000, 361472, 1, 0, 0
161000, 413085, 1, 0, 0
162000, 559104, 1, 0, 0
163000, 562176, 1, 0, 0
164000, 417185, 1, 0, 0
165000, 364544, 1, 0, 0
166000, 366592, 1, 0, 0
167000, 372736, 1, 0, 0
168000, 376184, 1, 0, 0
169000, 368640, 1, 0, 0
170000, 390144, 1, 0, 0
171000, 364908, 1, 0, 0
172000, 365568, 1, 0, 0
173000, 379904, 1, 0, 0
174001, 368640, 1, 0, 0
175000, 376184, 1, 0, 0
176000, 440320, 1, 0, 0
177000, 916372, 1, 0, 0
178000, 949248, 1, 0, 0
179000, 1154048, 1, 0, 0
180000, 1057825, 1, 0, 0
181000, 541696, 1, 0, 0
182000, 552960, 1, 0, 0
183001, 574464, 1, 0, 0
184000, 557613, 1, 0, 0
185000, 565248, 1, 0, 0
186000, 373760, 1, 0, 0
187000, 359783, 1, 0, 0
188000, 368640, 1, 0, 0
189000, 498688, 1, 0, 0
190000, 432560, 1, 0, 0
191000, 487424, 1, 0, 0
192000, 506880, 1, 0, 0
193000, 522762, 1, 0, 0
194000, 361472, 1, 0, 0
195000, 373760, 1, 0, 0
196000, 490986, 1, 0, 0
197000, 444416, 1, 0, 0
198000, 376832, 1, 0, 0
199000, 361833, 1, 0, 0
200000, 470016, 1, 0, 0
201001, 877568, 1, 0, 0
202000, 715467, 1, 0, 0
203000, 397312, 1, 0, 0
204000, 486886, 1, 0, 0
205000, 657408, 1, 0, 0
206000, 820224, 1, 0, 0
207000, 786194, 1, 0, 0
208000, 1138688, 1, 0, 0
209000, 3049472, 1, 0, 0
210000, 3524036, 1, 0, 0
211000, 3507200, 1, 0, 0
212000, 3493888, 1, 0, 0
213000, 2986922, 1, 0, 0
214000, 1783808, 1, 0, 0
215000, 1733632, 1, 0, 0
216001, 1736704, 1, 0, 0
217000, 1745617, 1, 0, 0
218000, 3086336, 1, 0, 0
219001, 3520512, 1, 0, 0
220000, 3108900, 1, 0, 0
221000, 1162240, 1, 0, 0
222001, 1154048, 1, 0, 0
223000, 625265, 1, 0, 0
224000, 922624, 1, 0, 0
225001, 369664, 1, 0, 0
226000, 430510, 1, 0, 0
227000, 1135616, 1, 0, 0
228001, 866304, 1, 0, 0
229000, 377209, 1, 0, 0
230000, 375808, 1, 0, 0
231000, 1138688, 1, 0, 0
232000, 892796, 1, 0, 0
233000, 509952, 1, 0, 0
234000, 866146, 1, 0, 0
235000, 556032, 1, 0, 0
236000, 566272, 1, 0, 0
237000, 565813, 1, 0, 0
238000, 570368, 1, 0, 0
239000, 566272, 1, 0, 0
240000, 552488, 1, 0, 0
241000, 932864, 1, 0, 0
242000, 372736, 1, 0, 0
243000, 817969, 1, 0, 0
244000, 1104896, 1, 0, 0
245000, 420864, 1, 0, 0
246000, 934822, 1, 0, 0
247000, 423936, 1, 0, 0
248000, 476160, 1, 0, 0
249001, 572416, 1, 0, 0
250000, 563763, 1, 0, 0
251000, 572416, 1, 0, 0
252001, 435200, 1, 0, 0
253000, 366958, 1, 0, 0
254000, 535552, 1, 0, 0
255001, 780288, 1, 0, 0
256000, 786194, 1, 0, 0
257000, 499712, 1, 0, 0
258000, 393609, 1, 0, 0
259000, 385024, 1, 0, 0
260000, 392192, 1, 0, 0
261001, 875520, 1, 0, 0
262000, 565813, 1, 0, 0
263000, 386048, 1, 0, 0
264001, 375808, 1, 0, 0
265000, 546338, 1, 0, 0
266000, 486400, 1, 0, 0
267001, 366592, 1, 0, 0
268000, 370034, 1, 0, 0
269000, 372736, 1, 0, 0
270000, 379904, 1, 0, 0
271000, 368640, 1, 0, 0
272000, 569913, 1, 0, 0
273000, 531456, 1, 0, 0
274000, 393216, 1, 0, 0
275000, 427008, 1, 0, 0
276000, 481280, 1, 0, 0
277000, 634880, 1, 0, 0
278000, 384000, 1, 0, 0
279000, 381952, 1, 0, 0
280001, 441344, 1, 0, 0
281000, 544288, 1, 0, 0
282000, 517120, 1, 0, 0
283000, 381952, 1, 0, 0
284000, 530432, 1, 0, 0
285000, 382976, 1, 0, 0
286000, 378880, 1, 0, 0
287001, 395264, 1, 0, 0
288000, 551463, 1, 0, 0
289000, 3504128, 1, 0, 0
290001, 1747968, 1, 0, 0
291000, 371059, 1, 0, 0
292000, 372736, 1, 0, 0
293000, 374784, 1, 0, 0
294000, 383359, 1, 0, 0
295000, 375808, 1, 0, 0
296000, 400384, 1, 0, 0
297001, 372736, 1, 0, 0
298000, 1117277, 1, 0, 0
299000, 1740800, 1, 0, 0
300001, 1732608, 1, 0, 0
301000, 3292380, 1, 0, 0
302000, 2104320, 1, 0, 0
303000, 370688, 1, 0, 0
304000, 380284, 1, 0, 0
305000, 528384, 1, 0, 0
306000, 486400, 1, 0, 0
307000, 556588, 1, 0, 0
308000, 572416, 1, 0, 0
309000, 574464, 1, 0, 0
310001, 568320, 1, 0, 0
311000, 566838, 1, 0, 0
312000, 568320, 1, 0, 0
313000, 565248, 1, 0, 0
314000, 579139, 1, 0, 0
315000, 588800, 1, 0, 0
316000, 563200, 1, 0, 0
317000, 565813, 1, 0, 0
318000, 403456, 1, 0, 0
319000, 538624, 1, 0, 0
320000, 1313057, 1, 0, 0
321000, 3509248, 1, 0, 0
322000, 3514368, 1, 0, 0
323001, 3506176, 1, 0, 0
324000, 3410258, 1, 0, 0
325000, 3524608, 1, 0, 0
326001, 3493888, 1, 0, 0
327000, 3544536, 1, 0, 0
328000, 3512320, 1, 0, 0
329000, 2964480, 1, 0, 0
330000, 1210554, 1, 0, 0
331000, 1332224, 1, 0, 0
332000, 1248256, 1, 0, 0
333000, 1180828, 1, 0, 0
334000, 1155072, 1, 0, 0
335000, 1158144, 1, 0, 0
336000, 1157253, 1, 0, 0
337000, 1149952, 1, 0, 0
338000, 1162240, 1, 0, 0
339001, 1158144, 1, 0, 0
340000, 1159303, 1, 0, 0
341000, 1162240, 1, 0, 0
342000, 1161216, 1, 0, 0
343000, 1162378, 1, 0, 0
344000, 1159168, 1, 0, 0
345001, 1158144, 1, 0, 0
346000, 1161353, 1, 0, 0
347000, 1153024, 1, 0, 0
348001, 1154048, 1, 0, 0
349000, 1144952, 1, 0, 0
350000, 1255424, 1, 0, 0
351001, 1299456, 1, 0, 0
352000, 1110102, 1, 0, 0
353000, 939008, 1, 0, 0
354000, 420260, 1, 0, 0
355000, 543744, 1, 0, 0
356000, 961536, 1, 0, 0
357000, 1154178, 1, 0, 0
358000, 1165312, 1, 0, 0
359000, 948224, 1, 0, 0
360000, 838470, 1, 0, 0
361000, 369664, 1, 0, 0
362000, 380928, 1, 0, 0
363000, 370034, 1, 0, 0
364000, 377856, 1, 0, 0
365000, 356352, 1, 0, 0
366000, 379259, 1, 0, 0
367000, 354304, 1, 0, 0
368000, 366592, 1, 0, 0
369000, 372084, 1, 0, 0
370000, 378880, 1, 0, 0
371000, 888832, 1, 0, 0
372001, 1157120, 1, 0, 0
373000, 1160328, 1, 0, 0
374000, 1150976, 1, 0, 0
375001, 1160192, 1, 0, 0
376000, 557613, 1, 0, 0
377000, 373760, 1, 0, 0
378001, 381952, 1, 0, 0
379000, 786194, 1, 0, 0
380000, 1153024, 1, 0, 0
381001, 1154048, 1, 0, 0
382000, 1156228, 1, 0, 0
383000, 1158144, 1, 0, 0
384000, 1158278, 1, 0, 0
385000, 1709056, 1, 0, 0
386000, 1470464, 1, 0, 0
387001, 992256, 1, 0, 0
388000, 1158278, 1, 0, 0
389000, 1159168, 1, 0, 0
390000, 1162240, 1, 0, 0
391000, 1156228, 1, 0, 0
392000, 1211392, 1, 0, 0
393000, 402432, 1, 0, 0
394000, 376184, 1, 0, 0
395000, 367616, 1, 0, 0
396000, 375808, 1, 0, 0
397000, 383359, 1, 0, 0
398000, 714752, 1, 0, 0
399000, 1160192, 1, 0, 0
400000, 1160328, 1, 0, 0
401000, 820224, 1, 0, 0
402001, 1139712, 1, 0, 0
403000, 1158278, 1, 0, 0
404000, 1150976, 1, 0, 0
405001, 1158144, 1, 0, 0
406000, 2210978, 1, 0, 0
407000, 3522560, 1, 0, 0
408000, 3542016, 1, 0, 0
409000, 3526086, 1, 0, 0
410000, 3419136, 1, 0, 0
411000, 1162240, 1, 0, 0
412000, 1156096, 1, 0, 0
413000, 1160192, 1, 0, 0
414000, 1149952, 1, 0, 0
415000, 1159168, 1, 0, 0
416001, 1155072, 1, 0, 0
417000, 1342782, 1, 0, 0
418000, 2039808, 1, 0, 0
419000, 3518464, 1, 0, 0
420000, 2569216, 1, 0, 0
421000, 2312192, 1, 0, 0
422000, 3048448, 1, 0, 0
423000, 1755136, 1, 0, 0
424000, 2123776, 1, 0, 0
425000, 2026474, 1, 0, 0
426000, 1744896, 1, 0, 0
427000, 1739776, 1, 0, 0
428000, 1610314, 1, 0, 0
429000, 1753088, 1, 0, 0
430001, 1340416, 1, 0, 0
431000, 1162378, 1, 0, 0
432000, 1027072, 1, 0, 0
433001, 577536, 1, 0, 0
434000, 571963, 1, 0, 0
435000, 559104, 1, 0, 0
436000, 567863, 1, 0, 0
437000, 570368, 1, 0, 0
438000, 560128, 1, 0, 0
439000, 580164, 1, 0, 0
440000, 855040, 1, 0, 0
441000, 1153024, 1, 0, 0
442000, 1056800, 1, 0, 0
443000, 393216, 1, 0, 0
444000, 2118656, 1, 0, 0
445000, 1741517, 1, 0, 0
446000, 1633280, 1, 0, 0
447000, 1370112, 1, 0, 0
448000, 1724416, 1, 0, 0
449000, 1308672, 1, 0, 0
450000, 424960, 1, 0, 0
451000, 1136640, 1, 0, 0
452000, 726016, 1, 0, 0
453000, 524288, 1, 0, 0
454001, 679936, 1, 0, 0
455000, 1063975, 1, 0, 0
456000, 791552, 1, 0, 0
457001, 375808, 1, 0, 0
458000, 373109, 1, 0, 0
459000, 385024, 1, 0, 0
460000, 380284, 1, 0, 0
461000, 706560, 1, 0, 0
462000, 1154048, 1, 0, 0
463000, 958398, 1, 0, 0
464000, 389120, 1, 0, 0
465000, 781312, 1, 0, 0
466000, 659091, 1, 0, 0
467000, 369664, 1, 0, 0
468000, 367616, 1, 0, 0
469000, 374134, 1, 0, 0
470000, 433152, 1, 0, 0
471000, 580608, 1, 0, 0
472000, 577089, 1, 0, 0
473000, 543744, 1, 0, 0
474001, 384000, 1, 0, 0
475000, 397709, 1, 0, 0
476000, 1466368, 1, 0, 0
477000, 1366016, 1, 0, 0
478000, 1748992, 1, 0, 0
479000, 1748692, 1, 0, 0
480000, 3089408, 1, 0, 0
481000, 2842624, 1, 0, 0
482000, 869221, 1, 0, 0
483000, 880640, 1, 0, 0
484000, 1076224, 1, 0, 0
485000, 863071, 1, 0, 0
486000, 1115136, 1, 0, 0
487000, 742400, 1, 0, 0
488000, 426410, 1, 0, 0
489000, 375808, 1, 0, 0
490000, 365568, 1, 0, 0
491001, 363520, 1, 0, 0
492000, 367983, 1, 0, 0
493000, 1143808, 1, 0, 0
494001, 1158144, 1, 0, 0
495000, 1153153, 1, 0, 0
496000, 1157120, 1, 0, 0
497000, 1156096, 1, 0, 0
498000, 638590, 1, 0, 0
499000, 366592, 1, 0, 0
500000, 406528, 1, 0, 0
501000, 1164428, 1, 0, 0
502000, 1160192, 1, 0, 0
503000, 1156096, 1, 0, 0
504000, 1062950, 1, 0, 0
505000, 1160192, 1, 0, 0
506000, 1156096, 1, 0, 0
507001, 1161216, 1, 0, 0
508000, 863071, 1, 0, 0
509000, 373760, 1, 0, 0
510001, 389120, 1, 0, 0
511000, 379259, 1, 0, 0
512000, 932864, 1, 0, 0
513000, 1166336, 1, 0, 0
514001, 1161216, 1, 0, 0
515000, 467411, 1, 0, 0
516000, 372736, 1, 0, 0
517000, 755443, 1, 0, 0
518000, 619520, 1, 0, 0
519000, 599040, 1, 0, 0
520000, 1035275, 1, 0, 0
521000, 964608, 1, 0, 0
522000, 785408, 1, 0, 0
523000, 781069, 1, 0, 0
524000, 703488, 1, 0, 0
525000, 463872, 1, 0, 0
526000, 1160328, 1, 0, 0
527000, 1156096, 1, 0, 0
528000, 649216, 1, 0, 0
529000, 1136752, 1, 0, 0
530000, 1142784, 1, 0, 0
531000, 1159168, 1, 0, 0
532001, 1150976, 1, 0, 0
533000, 1159303, 1, 0, 0
534000, 1053696, 1, 0, 0
535000, 1024000, 1, 0, 0
536000, 534038, 1, 0, 0
537000, 375808, 1, 0, 0
538000, 369664, 1, 0, 0
539001, 375808, 1, 0, 0
540000, 386434, 1, 0, 0
541000, 371712, 1, 0, 0
542000, 577536, 1, 0, 0
543000, 471511, 1, 0, 0
544000, 373760, 1, 0, 0
545000, 384000, 1, 0, 0
546001, 1098752, 1, 0, 0
547000, 1006574, 1, 0, 0
548000, 833536, 1, 0, 0
549000, 673792, 1, 0, 0
550000, 776968, 1, 0, 0
551000, 1158144, 1, 0, 0
552000, 1161216, 1, 0, 0
553001, 1156096, 1, 0, 0
554000, 1156228, 1, 0, 0
555000, 1162240, 1, 0, 0
556000, 1155072, 1, 0, 0
557000, 969673, 1, 0, 0
558000, 386048, 1, 0, 0
559000, 373760, 1, 0, 0
560000, 374784, 1, 0, 0
561000, 607839, 1, 0, 0
562000, 446464, 1, 0, 0
563001, 1038336, 1, 0, 0
564000, 1085501, 1, 0, 0
565000, 1155072, 1, 0, 0
566000, 1167360, 1, 0, 0
567000, 1156228, 1, 0, 0
568000, 1157120, 1, 0, 0
569000, 654336, 1, 0, 0
570000, 873472, 1, 0, 0
571000, 1152128, 1, 0, 0
572000, 1162240, 1, 0, 0
573000, 1163264, 1, 0, 0
574000, 1156228, 1, 0, 0
575000, 990208, 1, 0, 0
576000, 802816, 1, 0, 0
577001, 380928, 1, 0, 0
578000, 845645, 1, 0, 0
579000, 1163264, 1, 0, 0
580000, 1155072, 1, 0, 0
581000, 1156228, 1, 0, 0
582000, 1154048, 1, 0, 0
583000, 1156096, 1, 0, 0
584000, 1162378, 1, 0, 0
585000, 1158144, 1, 0, 0
586000, 1164288, 1, 0, 0
587001, 1157120, 1, 0, 0
588000, 1155203, 1, 0, 0
589000, 1160192, 1, 0, 0
590001, 917504, 1, 0, 0
591000, 1163403, 1, 0, 0
592000, 1156096, 1, 0, 0
593001, 911360, 1, 0, 0
594000, 815919, 1, 0, 0
595000, 379904, 1, 0, 0
596000, 497137, 1, 0, 0
597000, 454656, 1, 0, 0
598000, 570368, 1, 0, 0
599000, 528912, 1, 0, 0
600000, 362496, 1, 0, 0
