1001, 1734969, 1, 0, 0
2000, 1742542, 1, 0, 0
3000, 1510400, 1, 0, 0
4000, 1316864, 1, 0, 0
5000, 917397, 1, 0, 0
6000, 1089536, 1, 0, 0
7000, 1623040, 1, 0, 0
8000, 1538562, 1, 0, 0
9000, 1121280, 1, 0, 0
10000, 1086464, 1, 0, 0
11000, 1075251, 1, 0, 0
12000, 1161216, 1, 0, 0
13000, 1276928, 1, 0, 0
14000, 1111127, 1, 0, 0
15000, 1136640, 1, 0, 0
16000, 1058816, 1, 0, 0
17000, 1216704, 1, 0, 0
18000, 1062912, 1, 0, 0
19000, 1208320, 1, 0, 0
20000, 522762, 1, 0, 0
21000, 661504, 1, 0, 0
22000, 563200, 1, 0, 0
23000, 559104, 1, 0, 0
24000, 404884, 1, 0, 0
25000, 816128, 1, 0, 0
26000, 688128, 1, 0, 0
27000, 574014, 1, 0, 0
28000, 571392, 1, 0, 0
29000, 552960, 1, 0, 0
30000, 377209, 1, 0, 0
31000, 532480, 1, 0, 0
32000, 389120, 1, 0, 0
33001, 366592, 1, 0, 0
34000, 365933, 1, 0, 0
35000, 558080, 1, 0, 0
36000, 376184, 1, 0, 0
37000, 366592, 1, 0, 0
38000, 502784, 1, 0, 0
39000, 565813, 1, 0, 0
40000, 564224, 1, 0, 0
41000, 677888, 1, 0, 0
42000, 685741, 1, 0, 0
43000, 490496, 1, 0, 0
44000, 550912, 1, 0, 0
45000, 556588, 1, 0, 0
46000, 555008, 1, 0, 0
47000, 1167360, 1, 0, 0
48000, 1162240, 1, 0, 0
49000, 939947, 1, 0, 0
50000, 1604608, 1, 0, 0
51000, 1565696, 1, 0, 0
52000, 2790118, 1, 0, 0
53000, 1748992, 1, 0, 0
54000, 1748992, 1, 0, 0
55000, 1737728, 1, 0, 0
56000, 1957797, 1, 0, 0
57000, 908288, 1, 0, 0
58000, 599639, 1, 0, 0
59000, 988160, 1, 0, 0
60000, 1516544, 1, 0, 0
61000, 1713841, 1, 0, 0
62000, 2707456, 1, 0, 0
63000, 1116160, 1, 0, 0
64000, 1247455, 1, 0, 0
65000, 366592, 1, 0, 0
66000, 369664, 1, 0, 0
67000, 488936, 1, 0, 0
68000, 374784, 1, 0, 0
69000, 372736, 1, 0, 0
70000, 373760, 1, 0, 0
71000, 626290, 1, 0, 0
72000, 2194432, 1, 0, 0
73000, 3139584, 1, 0, 0
74000, 1520112, 1, 0, 0
75000, 1149952, 1, 0, 0
76000, 1161216, 1, 0, 0
77000, 2175103, 1, 0, 0
78000, 1163264, 1, 0, 0
79000, 2950144, 1, 0, 0
80000, 3329281, 1, 0, 0
81000, 1744896, 1, 0, 0
82000, 1232896, 1, 0, 0
83000, 1165453, 1, 0, 0
84000, 1168384, 1, 0, 0
85000, 1164288, 1, 0, 0
86000, 1168384, 1, 0, 0
87000, 1167503, 1, 0, 0
88000, 1155072, 1, 0, 0
89000, 1177600, 1, 0, 0
90000, 1160328, 1, 0, 0
91000, 1157120, 1, 0, 0
92000, 1156096, 1, 0, 0
93000, 1176728, 1, 0, 0
94000, 1156096, 1, 0, 0
95000, 1165312, 1, 0, 0
96000, 1174678, 1, 0, 0
97000, 1173504, 1, 0, 0
98000, 900096, 1, 0, 0
99000, 566838, 1, 0, 0
100000, 542720, 1, 0, 0
101000, 669341, 1, 0, 0
102000, 1157120, 1, 0, 0
103000, 563200, 1, 0, 0
104000, 361833, 1, 0, 0
105000, 3102720, 1, 0, 0
106000, 2344960, 1, 0, 0
107000, 1741824, 1, 0, 0
108000, 1040400, 1, 0, 0
109000, 3146752, 1, 0, 0
110000, 3525632, 1, 0, 0
111000, 3531211, 1, 0, 0
112000, 2847744, 1, 0, 0
113000, 1760256, 1, 0, 0
114001, 1443840, 1, 0, 0
115000, 1161353, 1, 0, 0
116000, 1422336, 1, 0, 0
117000, 1740800, 1, 0, 0
118000, 1749717, 1, 0, 0
119000, 1754112, 1, 0, 0
120000, 1753088, 1, 0, 0
121000, 1748692, 1, 0, 0
122000, 1747968, 1, 0, 0
123000, 1744896, 1, 0, 0
124000, 1772268, 1, 0, 0
125000, 1746944, 1, 0, 0
126000, 3364864, 1, 0, 0
127000, 3520960, 1, 0, 0
128000, 3514368, 1, 0, 0
129000, 2056192, 1, 0, 0
130000, 1749717, 1, 0, 0
131000, 1739776, 1, 0, 0
132000, 1752064, 1, 0, 0
133000, 1761280, 1, 0, 0
134000, 1751767, 1, 0, 0
135000, 2065408, 1, 0, 0
136000, 3529728, 1, 0, 0
137000, 2360632, 1, 0, 0
138000, 1487872, 1, 0, 0
139000, 1160192, 1, 0, 0
140000, 1357133, 1, 0, 0
141000, 2035712, 1, 0, 0
142000, 3519488, 1, 0, 0
143000, 1828644, 1, 0, 0
144000, 1748992, 1, 0, 0
145000, 1837056, 1, 0, 0
146000, 1163403, 1, 0, 0
147000, 1152000, 1, 0, 0
148000, 1160192, 1, 0, 0
149000, 1160328, 1, 0, 0
150000, 1161216, 1, 0, 0
151000, 2097152, 1, 0, 0
152000, 1550862, 1, 0, 0
153000, 1156096, 1, 0, 0
154000, 1157120, 1, 0, 0
155000, 1163403, 1, 0, 0
156000, 1160192, 1, 0, 0
157000, 1155072, 1, 0, 0
158000, 2005973, 1, 0, 0
159000, 1137664, 1, 0, 0
160000, 367616, 1, 0, 0
161000, 2957197, 1, 0, 0
162000, 1752064, 1, 0, 0
163000, 1744896, 1, 0, 0
164000, 3127351, 1, 0, 0
165000, 3536896, 1, 0, 0
166000, 3538944, 1, 0, 0
167000, 3514368, 1, 0, 0
168000, 3502510, 1, 0, 0
169000, 3522560, 1, 0, 0
170000, 3471360, 1, 0, 0
171000, 3531211, 1, 0, 0
172000, 3527680, 1, 0, 0
173000, 3500032, 1, 0, 0
174000, 3538944, 1, 0, 0
175000, 3509685, 1, 0, 0
176000, 3330048, 1, 0, 0
177000, 1886046, 1, 0, 0
178000, 947200, 1, 0, 0
179000, 1161216, 1, 0, 0
180000, 1067051, 1, 0, 0
181000, 533504, 1, 0, 0
182000, 553984, 1, 0, 0
183001, 553984, 1, 0, 0
184000, 570938, 1, 0, 0
185000, 564224, 1, 0, 0
186000, 362496, 1, 0, 0
187000, 374134, 1, 0, 0
188000, 374784, 1, 0, 0
189000, 510976, 1, 0, 0
190000, 436660, 1, 0, 0
191000, 488448, 1, 0, 0
192000, 501760, 1, 0, 0
193000, 1553937, 1, 0, 0
194000, 368640, 1, 0, 0
195000, 376832, 1, 0, 0
196000, 1282306, 1, 0, 0
197000, 828416, 1, 0, 0
198000, 1157120, 1, 0, 0
199000, 3523011, 1, 0, 0
200000, 3180544, 1, 0, 0
201001, 1426432, 1, 0, 0
202000, 716492, 1, 0, 0
203000, 860160, 1, 0, 0
204000, 1422734, 1, 0, 0
205000, 1516544, 1, 0, 0
206000, 1745920, 1, 0, 0
207000, 780044, 1, 0, 0
208000, 2117632, 1, 0, 0
209000, 358400, 1, 0, 0
210000, 367983, 1, 0, 0
211000, 380928, 1, 0, 0
212000, 388096, 1, 0, 0
213000, 800544, 1, 0, 0
214000, 1721344, 1, 0, 0
215000, 1747968, 1, 0, 0
216001, 1758208, 1, 0, 0
217000, 1767143, 1, 0, 0
218000, 702464, 1, 0, 0
219001, 365568, 1, 0, 0
220000, 504312, 1, 0, 0
221000, 1158144, 1, 0, 0
222000, 1156096, 1, 0, 0
223000, 2631239, 1, 0, 0
224000, 1857536, 1, 0, 0
225000, 3507200, 1, 0, 0
226000, 3337481, 1, 0, 0
227000, 1220608, 1, 0, 0
228000, 1277952, 1, 0, 0
229000, 376184, 1, 0, 0
230000, 384000, 1, 0, 0
231000, 1141760, 1, 0, 0
232000, 906122, 1, 0, 0
233000, 921600, 1, 0, 0
234000, 1418634, 1, 0, 0
235000, 1499136, 1, 0, 0
236000, 574464, 1, 0, 0
237000, 568888, 1, 0, 0
238000, 551936, 1, 0, 0
239000, 565248, 1, 0, 0
240000, 529937, 1, 0, 0
241000, 921600, 1, 0, 0
242000, 366592, 1, 0, 0
243000, 820020, 1, 0, 0
244000, 1106944, 1, 0, 0
245000, 428032, 1, 0, 0
246000, 1826594, 1, 0, 0
247000, 2990080, 1, 0, 0
248000, 516096, 1, 0, 0
249001, 564224, 1, 0, 0
250000, 559663, 1, 0, 0
251000, 562176, 1, 0, 0
252001, 438272, 1, 0, 0
253000, 369009, 1, 0, 0
254000, 1574912, 1, 0, 0
255000, 1223680, 1, 0, 0
256000, 791319, 1, 0, 0
257000, 1324032, 1, 0, 0
258000, 501237, 1, 0, 0
259000, 384000, 1, 0, 0
260000, 540672, 1, 0, 0
261001, 1304576, 1, 0, 0
262000, 574014, 1, 0, 0
263000, 485376, 1, 0, 0
264000, 386048, 1, 0, 0
265000, 1731267, 1, 0, 0
266000, 1016832, 1, 0, 0
267000, 370688, 1, 0, 0
268000, 378234, 1, 0, 0
269000, 377856, 1, 0, 0
270000, 386048, 1, 0, 0
271000, 388096, 1, 0, 0
272000, 1168528, 1, 0, 0
273000, 1378304, 1, 0, 0
274000, 397312, 1, 0, 0
275000, 774144, 1, 0, 0
276000, 2957312, 1, 0, 0
277000, 634880, 1, 0, 0
278000, 385024, 1, 0, 0
279000, 375808, 1, 0, 0
280000, 1015808, 1, 0, 0
281000, 1594938, 1, 0, 0
282000, 1429504, 1, 0, 0
283000, 374784, 1, 0, 0
284000, 1553408, 1, 0, 0
285000, 369664, 1, 0, 0
286000, 370688, 1, 0, 0
287000, 592896, 1, 0, 0
288000, 845645, 1, 0, 0
289000, 378880, 1, 0, 0
290000, 1396736, 1, 0, 0
291000, 3501485, 1, 0, 0
292000, 3512320, 1, 0, 0
293000, 3500032, 1, 0, 0
294000, 3482010, 1, 0, 0
295000, 3510272, 1, 0, 0
296000, 3315712, 1, 0, 0
297001, 3513344, 1, 0, 0
298000, 2560512, 1, 0, 0
299000, 1744896, 1, 0, 0
300000, 1751040, 1, 0, 0
301000, 530962, 1, 0, 0
302000, 1590272, 1, 0, 0
303000, 3512320, 1, 0, 0
304000, 3498410, 1, 0, 0
305000, 819200, 1, 0, 0
306000, 491520, 1, 0, 0
307000, 570938, 1, 0, 0
308000, 565248, 1, 0, 0
309000, 569344, 1, 0, 0
310000, 573440, 1, 0, 0
311000, 563763, 1, 0, 0
312000, 570368, 1, 0, 0
313000, 567296, 1, 0, 0
314000, 566838, 1, 0, 0
315000, 564224, 1, 0, 0
316000, 563200, 1, 0, 0
317000, 583239, 1, 0, 0
318000, 419840, 1, 0, 0
319000, 1636352, 1, 0, 0
320000, 1390958, 1, 0, 0
321000, 371712, 1, 0, 0
322000, 372736, 1, 0, 0
323001, 366592, 1, 0, 0
324000, 371059, 1, 0, 0
325000, 365568, 1, 0, 0
326000, 376832, 1, 0, 0
327000, 355683, 1, 0, 0
328000, 376832, 1, 0, 0
329000, 434176, 1, 0, 0
330000, 1065001, 1, 0, 0
331000, 959488, 1, 0, 0
332000, 1053696, 1, 0, 0
333000, 1149053, 1, 0, 0
334000, 1157120, 1, 0, 0
335000, 1160192, 1, 0, 0
336000, 1171603, 1, 0, 0
337000, 1182720, 1, 0, 0
338000, 1155072, 1, 0, 0
339000, 1158144, 1, 0, 0
340000, 1153153, 1, 0, 0
341000, 1163264, 1, 0, 0
342000, 1157120, 1, 0, 0
343000, 1157253, 1, 0, 0
344000, 1164288, 1, 0, 0
345000, 1153024, 1, 0, 0
346000, 1151103, 1, 0, 0
347000, 1161216, 1, 0, 0
348000, 1159168, 1, 0, 0
349000, 1175703, 1, 0, 0
350000, 1073152, 1, 0, 0
351001, 1059840, 1, 0, 0
352000, 1244380, 1, 0, 0
353000, 1129472, 1, 0, 0
354000, 835395, 1, 0, 0
355000, 1562624, 1, 0, 0
356000, 1378304, 1, 0, 0
357000, 1161353, 1, 0, 0
358000, 1152000, 1, 0, 0
359000, 1771520, 1, 0, 0
360000, 1821469, 1, 0, 0
361000, 3512320, 1, 0, 0
362000, 3509248, 1, 0, 0
363000, 3526086, 1, 0, 0
364000, 3522560, 1, 0, 0
365000, 3511296, 1, 0, 0
366000, 3526086, 1, 0, 0
367000, 3543040, 1, 0, 0
368000, 3513344, 1, 0, 0
369000, 3525061, 1, 0, 0
370000, 3488768, 1, 0, 0
371000, 1972224, 1, 0, 0
372001, 1154048, 1, 0, 0
373000, 1158278, 1, 0, 0
374000, 1162240, 1, 0, 0
375000, 1156096, 1, 0, 0
376000, 2957197, 1, 0, 0
377000, 3521536, 1, 0, 0
378001, 3509248, 1, 0, 0
379000, 2280680, 1, 0, 0
380000, 1165312, 1, 0, 0
381001, 1158144, 1, 0, 0
382000, 1160328, 1, 0, 0
383000, 1160192, 1, 0, 0
384000, 1160328, 1, 0, 0
385000, 704512, 1, 0, 0
386000, 549888, 1, 0, 0
387000, 1000448, 1, 0, 0
388000, 1155203, 1, 0, 0
389000, 1159168, 1, 0, 0
390000, 1155072, 1, 0, 0
391000, 1158278, 1, 0, 0
392000, 1050624, 1, 0, 0
393000, 384000, 1, 0, 0
394000, 377209, 1, 0, 0
395000, 366592, 1, 0, 0
396000, 381952, 1, 0, 0
397000, 372084, 1, 0, 0
398000, 702464, 1, 0, 0
399000, 1157120, 1, 0, 0
400000, 1158278, 1, 0, 0
401000, 813056, 1, 0, 0
402000, 1137664, 1, 0, 0
403000, 1159303, 1, 0, 0
404000, 1173504, 1, 0, 0
405000, 1167360, 1, 0, 0
406000, 832320, 1, 0, 0
407000, 384000, 1, 0, 0
408000, 371712, 1, 0, 0
409000, 364908, 1, 0, 0
410000, 401408, 1, 0, 0
411000, 1155072, 1, 0, 0
412000, 1158144, 1, 0, 0
413000, 1160192, 1, 0, 0
414000, 1157120, 1, 0, 0
415000, 1155072, 1, 0, 0
416000, 1160192, 1, 0, 0
417000, 963523, 1, 0, 0
418000, 543744, 1, 0, 0
419000, 365568, 1, 0, 0
420000, 467968, 1, 0, 0
421000, 490496, 1, 0, 0
422000, 752640, 1, 0, 0
423000, 1753088, 1, 0, 0
424000, 1454080, 1, 0, 0
425000, 1533437, 1, 0, 0
426000, 960512, 1, 0, 0
427000, 557056, 1, 0, 0
428000, 729817, 1, 0, 0
429000, 569344, 1, 0, 0
430000, 1002496, 1, 0, 0
431000, 1176728, 1, 0, 0
432000, 1296384, 1, 0, 0
433001, 1753088, 1, 0, 0
434000, 1748692, 1, 0, 0
435000, 1754112, 1, 0, 0
436000, 1742542, 1, 0, 0
437000, 1743872, 1, 0, 0
438000, 1748992, 1, 0, 0
439000, 1745617, 1, 0, 0
440000, 1474560, 1, 0, 0
441000, 1147904, 1, 0, 0
442000, 1549837, 1, 0, 0
443000, 1659904, 1, 0, 0
444000, 547840, 1, 0, 0
445000, 1743567, 1, 0, 0
446000, 1636352, 1, 0, 0
447000, 1355776, 1, 0, 0
448000, 1693696, 1, 0, 0
449000, 1740800, 1, 0, 0
450000, 3387392, 1, 0, 0
451000, 1198080, 1, 0, 0
452000, 2455552, 1, 0, 0
453000, 3032064, 1, 0, 0
454001, 2604032, 1, 0, 0
455000, 1441185, 1, 0, 0
456000, 2257920, 1, 0, 0
457001, 3502080, 1, 0, 0
458000, 3499435, 1, 0, 0
459000, 3487744, 1, 0, 0
460000, 3482010, 1, 0, 0
461000, 2508800, 1, 0, 0
462000, 1159168, 1, 0, 0
463000, 1770218, 1, 0, 0
464000, 3249152, 1, 0, 0
465000, 2282496, 1, 0, 0
466000, 662166, 1, 0, 0
467000, 384000, 1, 0, 0
468000, 385024, 1, 0, 0
469000, 378234, 1, 0, 0
470000, 794624, 1, 0, 0
471000, 1731584, 1, 0, 0
472000, 1743567, 1, 0, 0
473000, 1415168, 1, 0, 0
474000, 373760, 1, 0, 0
475000, 382334, 1, 0, 0
476000, 865280, 1, 0, 0
477000, 958464, 1, 0, 0
478000, 579584, 1, 0, 0
479000, 569913, 1, 0, 0
480000, 419840, 1, 0, 0
481000, 382976, 1, 0, 0
482000, 878446, 1, 0, 0
483000, 878592, 1, 0, 0
484000, 1076224, 1, 0, 0
485000, 857945, 1, 0, 0
486000, 1297408, 1, 0, 0
487000, 976896, 1, 0, 0
488000, 3287255, 1, 0, 0
489000, 3502080, 1, 0, 0
490000, 3520512, 1, 0, 0
491001, 3530752, 1, 0, 0
492000, 3535311, 1, 0, 0
493000, 1216512, 1, 0, 0
494000, 1159168, 1, 0, 0
495000, 1158278, 1, 0, 0
496000, 1165312, 1, 0, 0
497000, 1158144, 1, 0, 0
498000, 1294606, 1, 0, 0
499000, 369664, 1, 0, 0
500000, 411648, 1, 0, 0
501000, 1157253, 1, 0, 0
502000, 1162240, 1, 0, 0
503000, 1152000, 1, 0, 0
504000, 1444260, 1, 0, 0
505000, 1161216, 1, 0, 0
506000, 1157120, 1, 0, 0
507001, 1150976, 1, 0, 0
508000, 866146, 1, 0, 0
509000, 369664, 1, 0, 0
510000, 387072, 1, 0, 0
511000, 380284, 1, 0, 0
512000, 942080, 1, 0, 0
513000, 1154048, 1, 0, 0
514001, 1157120, 1, 0, 0
515000, 466386, 1, 0, 0
516000, 369664, 1, 0, 0
517000, 761593, 1, 0, 0
518000, 610304, 1, 0, 0
519000, 585728, 1, 0, 0
520000, 1028100, 1, 0, 0
521000, 967680, 1, 0, 0
522000, 788480, 1, 0, 0
523000, 781069, 1, 0, 0
524000, 707584, 1, 0, 0
525000, 478208, 1, 0, 0
526000, 1158278, 1, 0, 0
527000, 1154048, 1, 0, 0
528000, 663552, 1, 0, 0
529000, 1129577, 1, 0, 0
530000, 1186816, 1, 0, 0
531000, 1158144, 1, 0, 0
532000, 1149952, 1, 0, 0
533000, 1155203, 1, 0, 0
534000, 1051648, 1, 0, 0
535000, 1016832, 1, 0, 0
536000, 524812, 1, 0, 0
537000, 380928, 1, 0, 0
538000, 374784, 1, 0, 0
539000, 378880, 1, 0, 0
540000, 375159, 1, 0, 0
541000, 381952, 1, 0, 0
542000, 570368, 1, 0, 0
543000, 469461, 1, 0, 0
544000, 367616, 1, 0, 0
545000, 366592, 1, 0, 0
546000, 1096704, 1, 0, 0
547000, 1003499, 1, 0, 0
548000, 1132544, 1, 0, 0
549000, 680960, 1, 0, 0
550000, 775943, 1, 0, 0
551000, 1157120, 1, 0, 0
552000, 1157120, 1, 0, 0
553000, 1160192, 1, 0, 0
554000, 1159303, 1, 0, 0
555000, 1155072, 1, 0, 0
556000, 1156096, 1, 0, 0
557000, 964548, 1, 0, 0
558000, 368640, 1, 0, 0
559000, 380928, 1, 0, 0
560000, 372736, 1, 0, 0
561000, 781069, 1, 0, 0
562000, 886784, 1, 0, 0
563000, 1021952, 1, 0, 0
564000, 1077301, 1, 0, 0
565000, 1158144, 1, 0, 0
566000, 1152000, 1, 0, 0
567000, 1159303, 1, 0, 0
568000, 1162240, 1, 0, 0
569000, 656384, 1, 0, 0
570000, 888832, 1, 0, 0
571000, 1161353, 1, 0, 0
572000, 1150976, 1, 0, 0
573000, 1155072, 1, 0, 0
574000, 1150078, 1, 0, 0
575000, 985088, 1, 0, 0
576000, 1657856, 1, 0, 0
577000, 3508224, 1, 0, 0
578000, 2066450, 1, 0, 0
579000, 1159168, 1, 0, 0
580000, 1150976, 1, 0, 0
581000, 1153153, 1, 0, 0
582000, 1160192, 1, 0, 0
583000, 1158144, 1, 0, 0
584000, 1148028, 1, 0, 0
585000, 1156096, 1, 0, 0
586000, 1154048, 1, 0, 0
587000, 1158144, 1, 0, 0
588000, 1148028, 1, 0, 0
589000, 1159168, 1, 0, 0
590000, 1900544, 1, 0, 0
591000, 1163403, 1, 0, 0
592000, 1158144, 1, 0, 0
593000, 1894400, 1, 0, 0
594000, 839495, 1, 0, 0
595000, 393216, 1, 0, 0
596000, 499187, 1, 0, 0
597000, 491520, 1, 0, 0
598000, 556032, 1, 0, 0
599000, 527887, 1, 0, 0
600000, 367616, 1, 0, 0
