1001, 1944679, 1, 0, 0
2000, 1742542, 1, 0, 0
3000, 1650688, 1, 0, 0
4000, 1643520, 1, 0, 0
5000, 2116676, 1, 0, 0
6000, 1232896, 1, 0, 0
7000, 1180672, 1, 0, 0
8000, 1256680, 1, 0, 0
9000, 1097728, 1, 0, 0
10000, 1260544, 1, 0, 0
11000, 1252580, 1, 0, 0
12000, 1248256, 1, 0, 0
13000, 978944, 1, 0, 0
14000, 1152128, 1, 0, 0
15000, 1374208, 1, 0, 0
16000, 1449984, 1, 0, 0
17000, 1190054, 1, 0, 0
18000, 817152, 1, 0, 0
19000, 461824, 1, 0, 0
20000, 340308, 1, 0, 0
21000, 623616, 1, 0, 0
22000, 568320, 1, 0, 0
23000, 572416, 1, 0, 0
24000, 397709, 1, 0, 0
25000, 448512, 1, 0, 0
26000, 659456, 1, 0, 0
27000, 555563, 1, 0, 0
28000, 559104, 1, 0, 0
29000, 560128, 1, 0, 0
30000, 375159, 1, 0, 0
31000, 525312, 1, 0, 0
32000, 396288, 1, 0, 0
33001, 377856, 1, 0, 0
34000, 378234, 1, 0, 0
35000, 541696, 1, 0, 0
36000, 372084, 1, 0, 0
37000, 370688, 1, 0, 0
38000, 1921024, 1, 0, 0
39000, 1754842, 1, 0, 0
40000, 1744896, 1, 0, 0
41000, 1612800, 1, 0, 0
42000, 1603139, 1, 0, 0
43000, 512000, 1, 0, 0
44000, 539648, 1, 0, 0
45000, 561713, 1, 0, 0
46000, 572416, 1, 0, 0
47000, 1145856, 1, 0, 0
48000, 1158144, 1, 0, 0
49000, 762618, 1, 0, 0
50000, 926720, 1, 0, 0
51000, 664576, 1, 0, 0
52000, 447935, 1, 0, 0
53000, 560128, 1, 0, 0
54000, 571392, 1, 0, 0
55000, 568320, 1, 0, 0
56000, 555563, 1, 0, 0
57000, 1425408, 1, 0, 0
58000, 1725117, 1, 0, 0
59000, 1462272, 1, 0, 0
60000, 1516544, 1, 0, 0
61000, 1713841, 1, 0, 0
62000, 643072, 1, 0, 0
63000, 1271808, 1, 0, 0
64000, 1079351, 1, 0, 0
65000, 363520, 1, 0, 0
66000, 369664, 1, 0, 0
67000, 385409, 1, 0, 0
68000, 374784, 1, 0, 0
69000, 360448, 1, 0, 0
70000, 370688, 1, 0, 0
71000, 631415, 1, 0, 0
72000, 814080, 1, 0, 0
73000, 493568, 1, 0, 0
74000, 1044500, 1, 0, 0
75000, 1152000, 1, 0, 0
76000, 1155072, 1, 0, 0
77000, 814894, 1, 0, 0
78000, 1149952, 1, 0, 0
79000, 549888, 1, 0, 0
80000, 506362, 1, 0, 0
81000, 1741824, 1, 0, 0
82000, 1224704, 1, 0, 0
83000, 1163403, 1, 0, 0
84000, 1169408, 1, 0, 0
85000, 1172480, 1, 0, 0
86000, 1171456, 1, 0, 0
87000, 1173653, 1, 0, 0
88000, 1167360, 1, 0, 0
89000, 1149952, 1, 0, 0
90000, 1168528, 1, 0, 0
91000, 1166336, 1, 0, 0
92000, 1174528, 1, 0, 0
93000, 1166478, 1, 0, 0
94000, 1162240, 1, 0, 0
95000, 1167360, 1, 0, 0
96000, 1162378, 1, 0, 0
97000, 1163264, 1, 0, 0
98000, 1433600, 1, 0, 0
99000, 1736392, 1, 0, 0
100000, 1918976, 1, 0, 0
101000, 842570, 1, 0, 0
102000, 1160192, 1, 0, 0
103000, 513024, 1, 0, 0
104000, 375159, 1, 0, 0
105000, 456704, 1, 0, 0
106000, 497664, 1, 0, 0
107000, 576512, 1, 0, 0
108000, 471511, 1, 0, 0
109000, 370688, 1, 0, 0
110000, 365568, 1, 0, 0
111000, 359783, 1, 0, 0
112000, 911360, 1, 0, 0
113000, 1756160, 1, 0, 0
114001, 1458176, 1, 0, 0
115000, 1168528, 1, 0, 0
116000, 894976, 1, 0, 0
117000, 573440, 1, 0, 0
118000, 567863, 1, 0, 0
119000, 562176, 1, 0, 0
120000, 569344, 1, 0, 0
121000, 564788, 1, 0, 0
122000, 566272, 1, 0, 0
123000, 568320, 1, 0, 0
124000, 550438, 1, 0, 0
125000, 565248, 1, 0, 0
126000, 380928, 1, 0, 0
127000, 359783, 1, 0, 0
128000, 381952, 1, 0, 0
129000, 580608, 1, 0, 0
130000, 554538, 1, 0, 0
131000, 565248, 1, 0, 0
132000, 565248, 1, 0, 0
133000, 561152, 1, 0, 0
134000, 562738, 1, 0, 0
135000, 540672, 1, 0, 0
136000, 364544, 1, 0, 0
137000, 488936, 1, 0, 0
138000, 846848, 1, 0, 0
139000, 1160192, 1, 0, 0
140000, 967623, 1, 0, 0
141000, 543744, 1, 0, 0
142000, 367616, 1, 0, 0
143000, 556588, 1, 0, 0
144000, 579584, 1, 0, 0
145000, 572416, 1, 0, 0
146000, 1158278, 1, 0, 0
147000, 1158144, 1, 0, 0
148000, 1155072, 1, 0, 0
149000, 1153153, 1, 0, 0
150000, 1159168, 1, 0, 0
151000, 838656, 1, 0, 0
152000, 1021949, 1, 0, 0
153000, 1159168, 1, 0, 0
154000, 1156096, 1, 0, 0
155000, 1156228, 1, 0, 0
156000, 1155072, 1, 0, 0
157000, 1162240, 1, 0, 0
158000, 881521, 1, 0, 0
159000, 1136640, 1, 0, 0
160000, 375808, 1, 0, 0
161000, 412060, 1, 0, 0
162000, 568320, 1, 0, 0
163000, 564224, 1, 0, 0
164000, 416160, 1, 0, 0
165000, 366592, 1, 0, 0
166000, 361472, 1, 0, 0
167000, 374784, 1, 0, 0
168000, 385409, 1, 0, 0
169000, 360448, 1, 0, 0
170000, 381952, 1, 0, 0
171000, 376184, 1, 0, 0
172000, 371712, 1, 0, 0
173000, 370688, 1, 0, 0
174000, 360448, 1, 0, 0
175000, 381309, 1, 0, 0
176000, 431104, 1, 0, 0
177000, 918422, 1, 0, 0
178000, 954368, 1, 0, 0
179000, 1161216, 1, 0, 0
180000, 1061925, 1, 0, 0
181000, 1587200, 1, 0, 0
182000, 1763328, 1, 0, 0
183000, 1751040, 1, 0, 0
184000, 1753817, 1, 0, 0
185000, 1766400, 1, 0, 0
186000, 3524608, 1, 0, 0
187000, 3524036, 1, 0, 0
188000, 3520512, 1, 0, 0
189000, 2177024, 1, 0, 0
190000, 3005373, 1, 0, 0
191000, 2390016, 1, 0, 0
192000, 1302528, 1, 0, 0
193000, 535063, 1, 0, 0
194000, 376832, 1, 0, 0
195000, 368640, 1, 0, 0
196000, 488936, 1, 0, 0
197000, 440320, 1, 0, 0
198000, 381952, 1, 0, 0
199000, 369009, 1, 0, 0
200000, 475136, 1, 0, 0
201001, 871424, 1, 0, 0
202000, 716492, 1, 0, 0
203000, 391168, 1, 0, 0
204000, 487911, 1, 0, 0
205000, 654336, 1, 0, 0
206000, 819200, 1, 0, 0
207000, 780044, 1, 0, 0
208000, 686080, 1, 0, 0
209000, 861184, 1, 0, 0
210000, 364908, 1, 0, 0
211000, 368640, 1, 0, 0
212000, 367616, 1, 0, 0
213000, 424360, 1, 0, 0
214000, 563200, 1, 0, 0
215000, 575488, 1, 0, 0
216001, 568320, 1, 0, 0
217000, 558638, 1, 0, 0
218000, 423936, 1, 0, 0
219001, 364544, 1, 0, 0
220000, 514562, 1, 0, 0
221000, 1156096, 1, 0, 0
222000, 1161216, 1, 0, 0
223000, 632440, 1, 0, 0
224000, 921600, 1, 0, 0
225000, 372736, 1, 0, 0
226000, 436660, 1, 0, 0
227000, 1141760, 1, 0, 0
228000, 856064, 1, 0, 0
229000, 367983, 1, 0, 0
230000, 374784, 1, 0, 0
231000, 1135616, 1, 0, 0
232000, 1836844, 1, 0, 0
233000, 2134016, 1, 0, 0
234000, 1416584, 1, 0, 0
235000, 1759232, 1, 0, 0
236000, 1746944, 1, 0, 0
237000, 1746642, 1, 0, 0
238000, 1753088, 1, 0, 0
239000, 1743872, 1, 0, 0
240000, 1737417, 1, 0, 0
241000, 982016, 1, 0, 0
242000, 376832, 1, 0, 0
243000, 821045, 1, 0, 0
244000, 1104896, 1, 0, 0
245000, 423936, 1, 0, 0
246000, 933797, 1, 0, 0
247000, 789504, 1, 0, 0
248000, 2500608, 1, 0, 0
249001, 1750016, 1, 0, 0
250000, 1755867, 1, 0, 0
251000, 1752064, 1, 0, 0
252000, 794624, 1, 0, 0
253000, 364908, 1, 0, 0
254000, 527360, 1, 0, 0
255000, 781312, 1, 0, 0
256000, 800544, 1, 0, 0
257000, 502784, 1, 0, 0
258000, 388484, 1, 0, 0
259000, 378880, 1, 0, 0
260000, 401408, 1, 0, 0
261001, 873472, 1, 0, 0
262000, 563763, 1, 0, 0
263000, 387072, 1, 0, 0
264000, 372736, 1, 0, 0
265000, 563763, 1, 0, 0
266000, 473088, 1, 0, 0
267000, 370688, 1, 0, 0
268000, 379259, 1, 0, 0
269000, 374784, 1, 0, 0
270000, 385024, 1, 0, 0
271000, 375808, 1, 0, 0
272000, 561713, 1, 0, 0
273000, 519168, 1, 0, 0
274000, 398336, 1, 0, 0
275000, 438272, 1, 0, 0
276000, 476160, 1, 0, 0
277000, 655360, 1, 0, 0
278000, 380928, 1, 0, 0
279000, 375808, 1, 0, 0
280000, 440320, 1, 0, 0
281000, 547363, 1, 0, 0
282000, 514048, 1, 0, 0
283000, 374784, 1, 0, 0
284000, 530432, 1, 0, 0
285000, 375808, 1, 0, 0
286000, 373760, 1, 0, 0
287000, 386048, 1, 0, 0
288000, 445885, 1, 0, 0
289000, 372736, 1, 0, 0
290000, 739328, 1, 0, 0
291000, 377209, 1, 0, 0
292000, 369664, 1, 0, 0
293000, 372736, 1, 0, 0
294000, 380284, 1, 0, 0
295000, 371712, 1, 0, 0
296000, 396288, 1, 0, 0
297001, 377856, 1, 0, 0
298000, 483811, 1, 0, 0
299000, 577536, 1, 0, 0
300000, 572416, 1, 0, 0
301000, 411035, 1, 0, 0
302000, 464896, 1, 0, 0
303000, 365568, 1, 0, 0
304000, 378234, 1, 0, 0
305000, 1713152, 1, 0, 0
306000, 2400256, 1, 0, 0
307000, 1749717, 1, 0, 0
308000, 1746944, 1, 0, 0
309000, 1745920, 1, 0, 0
310000, 1737728, 1, 0, 0
311000, 1747667, 1, 0, 0
312000, 1758208, 1, 0, 0
313000, 1742848, 1, 0, 0
314000, 1739467, 1, 0, 0
315000, 1737728, 1, 0, 0
316000, 1753088, 1, 0, 0
317000, 1740492, 1, 0, 0
318000, 3213312, 1, 0, 0
319000, 1926144, 1, 0, 0
320000, 1404284, 1, 0, 0
321000, 376832, 1, 0, 0
322000, 378880, 1, 0, 0
323000, 376832, 1, 0, 0
324000, 385409, 1, 0, 0
325000, 373760, 1, 0, 0
326000, 374784, 1, 0, 0
327000, 367983, 1, 0, 0
328000, 360448, 1, 0, 0
329000, 423936, 1, 0, 0
330000, 1129577, 1, 0, 0
331000, 1323008, 1, 0, 0
332000, 1249280, 1, 0, 0
333000, 1178778, 1, 0, 0
334000, 1159168, 1, 0, 0
335000, 1155072, 1, 0, 0
336000, 1160328, 1, 0, 0
337000, 1148928, 1, 0, 0
338000, 1155072, 1, 0, 0
339000, 1153024, 1, 0, 0
340000, 1154178, 1, 0, 0
341000, 1159168, 1, 0, 0
342000, 1145856, 1, 0, 0
343000, 1160328, 1, 0, 0
344000, 1157120, 1, 0, 0
345000, 1160192, 1, 0, 0
346000, 1156228, 1, 0, 0
347000, 1165312, 1, 0, 0
348000, 1162240, 1, 0, 0
349000, 1144952, 1, 0, 0
350000, 1252352, 1, 0, 0
351001, 1277952, 1, 0, 0
352000, 1229005, 1, 0, 0
353000, 944128, 1, 0, 0
354000, 439735, 1, 0, 0
355000, 543744, 1, 0, 0
356000, 968704, 1, 0, 0
357000, 1154178, 1, 0, 0
358000, 1157120, 1, 0, 0
359000, 954368, 1, 0, 0
360000, 1128552, 1, 0, 0
361000, 368640, 1, 0, 0
362000, 378880, 1, 0, 0
363000, 369009, 1, 0, 0
364000, 369664, 1, 0, 0
365000, 374784, 1, 0, 0
366000, 361833, 1, 0, 0
367000, 365568, 1, 0, 0
368000, 373760, 1, 0, 0
369000, 369009, 1, 0, 0
370000, 380928, 1, 0, 0
371000, 886784, 1, 0, 0
372001, 1159168, 1, 0, 0
373000, 1155203, 1, 0, 0
374000, 1161216, 1, 0, 0
375000, 1152000, 1, 0, 0
376000, 557613, 1, 0, 0
377000, 367616, 1, 0, 0
378001, 374784, 1, 0, 0
379000, 783119, 1, 0, 0
380000, 1161216, 1, 0, 0
381001, 1150976, 1, 0, 0
382000, 1151103, 1, 0, 0
383000, 1152000, 1, 0, 0
384000, 1153153, 1, 0, 0
385000, 1514496, 1, 0, 0
386000, 2075648, 1, 0, 0
387000, 1655808, 1, 0, 0
388000, 1155203, 1, 0, 0
389000, 1156096, 1, 0, 0
390000, 1162240, 1, 0, 0
391000, 1155203, 1, 0, 0
392000, 1315840, 1, 0, 0
393000, 3462144, 1, 0, 0
394000, 3507635, 1, 0, 0
395000, 3528704, 1, 0, 0
396000, 3502080, 1, 0, 0
397000, 3511735, 1, 0, 0
398000, 2513920, 1, 0, 0
399000, 1155072, 1, 0, 0
400000, 1154178, 1, 0, 0
401000, 817152, 1, 0, 0
402000, 1149952, 1, 0, 0
403000, 1157253, 1, 0, 0
404000, 1140736, 1, 0, 0
405000, 1155072, 1, 0, 0
406000, 790294, 1, 0, 0
407000, 360448, 1, 0, 0
408000, 362496, 1, 0, 0
409000, 366958, 1, 0, 0
410000, 403456, 1, 0, 0
411000, 1156096, 1, 0, 0
412000, 1158144, 1, 0, 0
413000, 1155072, 1, 0, 0
414000, 1162240, 1, 0, 0
415000, 1161216, 1, 0, 0
416000, 1164288, 1, 0, 0
417000, 968648, 1, 0, 0
418000, 551936, 1, 0, 0
419000, 372736, 1, 0, 0
420000, 451584, 1, 0, 0
421000, 497664, 1, 0, 0
422000, 415744, 1, 0, 0
423000, 560128, 1, 0, 0
424000, 532480, 1, 0, 0
425000, 542238, 1, 0, 0
426000, 590848, 1, 0, 0
427000, 565248, 1, 0, 0
428000, 674466, 1, 0, 0
429000, 573440, 1, 0, 0
430000, 953344, 1, 0, 0
431000, 1132652, 1, 0, 0
432000, 1002496, 1, 0, 0
433001, 568320, 1, 0, 0
434000, 562738, 1, 0, 0
435000, 569344, 1, 0, 0
436000, 561713, 1, 0, 0
437000, 565248, 1, 0, 0
438000, 566272, 1, 0, 0
439000, 571963, 1, 0, 0
440000, 833536, 1, 0, 0
441000, 1155072, 1, 0, 0
442000, 911247, 1, 0, 0
443000, 394240, 1, 0, 0
444000, 462848, 1, 0, 0
445000, 574014, 1, 0, 0
446000, 666624, 1, 0, 0
447000, 946176, 1, 0, 0
448000, 584704, 1, 0, 0
449000, 775168, 1, 0, 0
450000, 409600, 1, 0, 0
451000, 1140736, 1, 0, 0
452000, 720896, 1, 0, 0
453000, 541696, 1, 0, 0
454001, 676864, 1, 0, 0
455000, 1054750, 1, 0, 0
456000, 788480, 1, 0, 0
457001, 378880, 1, 0, 0
458000, 375159, 1, 0, 0
459000, 374784, 1, 0, 0
460000, 387459, 1, 0, 0
461000, 709632, 1, 0, 0
462000, 1148928, 1, 0, 0
463000, 956348, 1, 0, 0
464000, 400384, 1, 0, 0
465000, 784384, 1, 0, 0
466000, 648840, 1, 0, 0
467000, 372736, 1, 0, 0
468000, 365568, 1, 0, 0
469000, 371059, 1, 0, 0
470000, 418816, 1, 0, 0
471000, 577536, 1, 0, 0
472000, 578114, 1, 0, 0
473000, 517120, 1, 0, 0
474000, 376832, 1, 0, 0
475000, 380284, 1, 0, 0
476000, 834560, 1, 0, 0
477000, 955392, 1, 0, 0
478000, 570368, 1, 0, 0
479000, 572988, 1, 0, 0
480000, 414720, 1, 0, 0
481000, 371712, 1, 0, 0
482000, 878446, 1, 0, 0
483000, 871424, 1, 0, 0
484000, 1073152, 1, 0, 0
485000, 868196, 1, 0, 0
486000, 1111040, 1, 0, 0
487000, 737280, 1, 0, 0
488000, 428460, 1, 0, 0
489000, 372736, 1, 0, 0
490000, 370688, 1, 0, 0
491001, 376832, 1, 0, 0
492000, 364908, 1, 0, 0
493000, 1135616, 1, 0, 0
494000, 1153024, 1, 0, 0
495000, 1161353, 1, 0, 0
496000, 1154048, 1, 0, 0
497000, 1160192, 1, 0, 0
498000, 2022374, 1, 0, 0
499000, 3512320, 1, 0, 0
500000, 3415040, 1, 0, 0
501000, 1149053, 1, 0, 0
502000, 1162240, 1, 0, 0
503000, 1164288, 1, 0, 0
504000, 1052700, 1, 0, 0
505000, 1156096, 1, 0, 0
506000, 1159168, 1, 0, 0
507001, 1159168, 1, 0, 0
508000, 2034674, 1, 0, 0
509000, 3499008, 1, 0, 0
510000, 3471360, 1, 0, 0
511000, 3500460, 1, 0, 0
512000, 1807360, 1, 0, 0
513000, 1146880, 1, 0, 0
514001, 1154048, 1, 0, 0
515000, 474586, 1, 0, 0
516000, 367616, 1, 0, 0
517000, 764668, 1, 0, 0
518000, 623616, 1, 0, 0
519000, 589824, 1, 0, 0
520000, 1031175, 1, 0, 0
521000, 968704, 1, 0, 0
522000, 788480, 1, 0, 0
523000, 788244, 1, 0, 0
524000, 715776, 1, 0, 0
525000, 465920, 1, 0, 0
526000, 1156228, 1, 0, 0
527000, 1162240, 1, 0, 0
528000, 645120, 1, 0, 0
529000, 1129577, 1, 0, 0
530000, 1144832, 1, 0, 0
531000, 1153024, 1, 0, 0
532000, 1153024, 1, 0, 0
533000, 1156228, 1, 0, 0
534000, 1059840, 1, 0, 0
535000, 1018880, 1, 0, 0
536000, 523787, 1, 0, 0
537000, 380928, 1, 0, 0
538000, 376832, 1, 0, 0
539000, 376832, 1, 0, 0
540000, 373109, 1, 0, 0
541000, 386048, 1, 0, 0
542000, 574464, 1, 0, 0
543000, 471511, 1, 0, 0
544000, 382976, 1, 0, 0
545000, 374784, 1, 0, 0
546000, 1110016, 1, 0, 0
547000, 1002474, 1, 0, 0
548000, 841728, 1, 0, 0
549000, 678912, 1, 0, 0
550000, 784144, 1, 0, 0
551000, 1161216, 1, 0, 0
552000, 1153024, 1, 0, 0
553000, 1155072, 1, 0, 0
554000, 1159303, 1, 0, 0
555000, 1154048, 1, 0, 0
556000, 1159168, 1, 0, 0
557000, 974798, 1, 0, 0
558000, 370688, 1, 0, 0
559000, 371712, 1, 0, 0
560000, 378880, 1, 0, 0
561000, 622190, 1, 0, 0
562000, 458752, 1, 0, 0
563000, 1032192, 1, 0, 0
564000, 1079351, 1, 0, 0
565000, 1166336, 1, 0, 0
566000, 1160192, 1, 0, 0
567000, 1156228, 1, 0, 0
568000, 1161216, 1, 0, 0
569000, 660480, 1, 0, 0
570000, 882688, 1, 0, 0
571000, 1156228, 1, 0, 0
572000, 1158144, 1, 0, 0
573000, 1152000, 1, 0, 0
574000, 1158278, 1, 0, 0
575000, 988160, 1, 0, 0
576000, 799744, 1, 0, 0
577000, 368640, 1, 0, 0
578000, 868196, 1, 0, 0
579000, 1154048, 1, 0, 0
580000, 1155072, 1, 0, 0
581000, 1165453, 1, 0, 0
582000, 1155072, 1, 0, 0
583000, 1156096, 1, 0, 0
584000, 1157253, 1, 0, 0
585000, 1152000, 1, 0, 0
586000, 1156096, 1, 0, 0
587000, 1155072, 1, 0, 0
588000, 1163403, 1, 0, 0
589000, 1160192, 1, 0, 0
590000, 905216, 1, 0, 0
591000, 1151103, 1, 0, 0
592000, 1154048, 1, 0, 0
593000, 910336, 1, 0, 0
594000, 2030574, 1, 0, 0
595000, 3402752, 1, 0, 0
596000, 2432384, 1, 0, 0
597000, 2575360, 1, 0, 0
598000, 1747968, 1, 0, 0
599000, 2017249, 1, 0, 0
600000, 3192832, 1, 0, 0
