1001, 1660291, 1, 0, 0
2000, 1742542, 1, 0, 0
3000, 1226752, 1, 0, 0
4001, 528384, 1, 0, 0
5000, 672416, 1, 0, 0
6000, 1316864, 1, 0, 0
7000, 966656, 1, 0, 0
8000, 957373, 1, 0, 0
9000, 1121280, 1, 0, 0
10000, 1113088, 1, 0, 0
11000, 1243355, 1, 0, 0
12000, 1144832, 1, 0, 0
13001, 1390592, 1, 0, 0
14000, 1178778, 1, 0, 0
15000, 1048576, 1, 0, 0
16001, 1101824, 1, 0, 0
17000, 1218754, 1, 0, 0
18000, 1093632, 1, 0, 0
19000, 1402880, 1, 0, 0
20000, 2433409, 1, 0, 0
21000, 1615872, 1, 0, 0
22000, 1740800, 1, 0, 0
23001, 1741824, 1, 0, 0
24000, 607839, 1, 0, 0
25000, 607232, 1, 0, 0
26000, 1638400, 1, 0, 0
27000, 1752792, 1, 0, 0
28000, 1750016, 1, 0, 0
29000, 1859584, 1, 0, 0
30000, 3464584, 1, 0, 0
31000, 2010112, 1, 0, 0
32000, 3328000, 1, 0, 0
33001, 3532800, 1, 0, 0
34000, 3510710, 1, 0, 0
35000, 2980864, 1, 0, 0
36000, 3503535, 1, 0, 0
37000, 3509248, 1, 0, 0
38000, 1717248, 1, 0, 0
39000, 558638, 1, 0, 0
40000, 561152, 1, 0, 0
41000, 698368, 1, 0, 0
42000, 716492, 1, 0, 0
43000, 494592, 1, 0, 0
44000, 1627136, 1, 0, 0
45000, 1763043, 1, 0, 0
46000, 896000, 1, 0, 0
47000, 1154048, 1, 0, 0
48001, 1152000, 1, 0, 0
49000, 2160752, 1, 0, 0
50000, 1329152, 1, 0, 0
51000, 482304, 1, 0, 0
52000, 939947, 1, 0, 0
53000, 1742848, 1, 0, 0
54000, 1736704, 1, 0, 0
55001, 1753088, 1, 0, 0
56000, 1020924, 1, 0, 0
57000, 883712, 1, 0, 0
58000, 572988, 1, 0, 0
59000, 837632, 1, 0, 0
60000, 820224, 1, 0, 0
61000, 602714, 1, 0, 0
62000, 637952, 1, 0, 0
63000, 1125376, 1, 0, 0
64000, 1080376, 1, 0, 0
65000, 363520, 1, 0, 0
66000, 369664, 1, 0, 0
67000, 383359, 1, 0, 0
68000, 366592, 1, 0, 0
69000, 374784, 1, 0, 0
70001, 367616, 1, 0, 0
71000, 641665, 1, 0, 0
72000, 811008, 1, 0, 0
73001, 492544, 1, 0, 0
74000, 1037325, 1, 0, 0
75000, 1169408, 1, 0, 0
76001, 1172480, 1, 0, 0
77000, 816944, 1, 0, 0
78000, 1164288, 1, 0, 0
79000, 575488, 1, 0, 0
80000, 394634, 1, 0, 0
81000, 564224, 1, 0, 0
82000, 1119232, 1, 0, 0
83000, 1165453, 1, 0, 0
84000, 1153024, 1, 0, 0
85000, 1165312, 1, 0, 0
86001, 1170432, 1, 0, 0
87000, 1163403, 1, 0, 0
88000, 1175552, 1, 0, 0
89001, 1158144, 1, 0, 0
90000, 1170578, 1, 0, 0
91000, 1166336, 1, 0, 0
92000, 1155072, 1, 0, 0
93000, 1162378, 1, 0, 0
94000, 1170432, 1, 0, 0
95000, 1168384, 1, 0, 0
96000, 1162378, 1, 0, 0
97000, 1157120, 1, 0, 0
98001, 1419264, 1, 0, 0
99000, 1753817, 1, 0, 0
100000, 1622016, 1, 0, 0
101000, 2479535, 1, 0, 0
102000, 1160192, 1, 0, 0
103000, 3051520, 1, 0, 0
104000, 3519935, 1, 0, 0
105000, 607232, 1, 0, 0
106000, 1295360, 1, 0, 0
107001, 1736704, 1, 0, 0
108000, 2648664, 1, 0, 0
109000, 737280, 1, 0, 0
110000, 369664, 1, 0, 0
111000, 362858, 1, 0, 0
112000, 432128, 1, 0, 0
113000, 557056, 1, 0, 0
114001, 883712, 1, 0, 0
115000, 1160328, 1, 0, 0
116000, 1431552, 1, 0, 0
117001, 1754112, 1, 0, 0
118000, 1741517, 1, 0, 0
119000, 1751040, 1, 0, 0
120001, 1741824, 1, 0, 0
121000, 1754842, 1, 0, 0
122000, 1747968, 1, 0, 0
123001, 1748992, 1, 0, 0
124000, 1748692, 1, 0, 0
125000, 1752064, 1, 0, 0
126001, 489472, 1, 0, 0
127000, 370034, 1, 0, 0
128000, 373760, 1, 0, 0
129000, 1424384, 1, 0, 0
130000, 1763043, 1, 0, 0
131000, 1748992, 1, 0, 0
132000, 1747968, 1, 0, 0
133001, 1743872, 1, 0, 0
134000, 1752792, 1, 0, 0
135000, 1489920, 1, 0, 0
136000, 369664, 1, 0, 0
137000, 1292556, 1, 0, 0
138000, 1484800, 1, 0, 0
139000, 1145856, 1, 0, 0
140000, 1349957, 1, 0, 0
141000, 1503232, 1, 0, 0
142000, 374784, 1, 0, 0
143000, 1702566, 1, 0, 0
144000, 1743872, 1, 0, 0
145000, 1653760, 1, 0, 0
146000, 1155203, 1, 0, 0
147000, 1162240, 1, 0, 0
148001, 1159168, 1, 0, 0
149000, 1154178, 1, 0, 0
150000, 1155072, 1, 0, 0
151000, 845824, 1, 0, 0
152000, 1029125, 1, 0, 0
153000, 1158144, 1, 0, 0
154000, 1158144, 1, 0, 0
155000, 1163403, 1, 0, 0
156000, 1158144, 1, 0, 0
157000, 1154048, 1, 0, 0
158000, 870246, 1, 0, 0
159000, 1214464, 1, 0, 0
160000, 3525632, 1, 0, 0
161000, 850770, 1, 0, 0
162000, 1751040, 1, 0, 0
163000, 1761280, 1, 0, 0
164000, 664216, 1, 0, 0
165000, 365568, 1, 0, 0
166000, 365568, 1, 0, 0
167001, 365568, 1, 0, 0
168000, 369009, 1, 0, 0
169000, 375808, 1, 0, 0
170000, 390144, 1, 0, 0
171000, 358758, 1, 0, 0
172000, 365568, 1, 0, 0
173000, 378880, 1, 0, 0
174001, 364544, 1, 0, 0
175000, 363883, 1, 0, 0
176000, 433152, 1, 0, 0
177000, 910222, 1, 0, 0
178000, 1781760, 1, 0, 0
179000, 1155072, 1, 0, 0
180000, 1439135, 1, 0, 0
181000, 1973248, 1, 0, 0
182000, 1760256, 1, 0, 0
183001, 1752064, 1, 0, 0
184000, 1747667, 1, 0, 0
185000, 1732608, 1, 0, 0
186001, 370688, 1, 0, 0
187000, 373109, 1, 0, 0
188000, 367616, 1, 0, 0
189000, 1444864, 1, 0, 0
190000, 754418, 1, 0, 0
191000, 1267712, 1, 0, 0
192000, 2315264, 1, 0, 0
193000, 2020324, 1, 0, 0
194000, 3522560, 1, 0, 0
195000, 3515392, 1, 0, 0
196000, 2370882, 1, 0, 0
197000, 2915328, 1, 0, 0
198000, 2716672, 1, 0, 0
199000, 375159, 1, 0, 0
200000, 504832, 1, 0, 0
201001, 1463296, 1, 0, 0
202000, 2477485, 1, 0, 0
203000, 2982912, 1, 0, 0
204000, 2236604, 1, 0, 0
205000, 1799168, 1, 0, 0
206001, 1249280, 1, 0, 0
207000, 2285805, 1, 0, 0
208000, 685056, 1, 0, 0
209000, 364544, 1, 0, 0
210000, 372084, 1, 0, 0
211000, 371712, 1, 0, 0
212000, 380928, 1, 0, 0
213000, 422310, 1, 0, 0
214000, 565248, 1, 0, 0
215000, 574464, 1, 0, 0
216001, 567296, 1, 0, 0
217000, 560688, 1, 0, 0
218000, 415744, 1, 0, 0
219001, 377856, 1, 0, 0
220000, 508412, 1, 0, 0
221000, 1155072, 1, 0, 0
222001, 1159168, 1, 0, 0
223000, 742118, 1, 0, 0
224000, 928768, 1, 0, 0
225001, 379904, 1, 0, 0
226000, 428460, 1, 0, 0
227000, 1133568, 1, 0, 0
228001, 1627136, 1, 0, 0
229000, 3508660, 1, 0, 0
230000, 3499008, 1, 0, 0
231001, 1217536, 1, 0, 0
232000, 993249, 1, 0, 0
233000, 1063936, 1, 0, 0
234000, 933797, 1, 0, 0
235000, 816128, 1, 0, 0
236000, 1743872, 1, 0, 0
237000, 1750742, 1, 0, 0
238000, 1755136, 1, 0, 0
239000, 1755136, 1, 0, 0
240000, 1808144, 1, 0, 0
241000, 1794048, 1, 0, 0
242000, 3516416, 1, 0, 0
243000, 2176128, 1, 0, 0
244000, 1312768, 1, 0, 0
245000, 3359744, 1, 0, 0
246000, 931747, 1, 0, 0
247000, 431104, 1, 0, 0
248000, 1138688, 1, 0, 0
249001, 1743872, 1, 0, 0
250000, 1751767, 1, 0, 0
251000, 1743872, 1, 0, 0
252001, 2961408, 1, 0, 0
253000, 3530186, 1, 0, 0
254000, 1995776, 1, 0, 0
255001, 1846272, 1, 0, 0
256000, 2248904, 1, 0, 0
257000, 2307072, 1, 0, 0
258000, 3346706, 1, 0, 0
259000, 3483648, 1, 0, 0
260000, 3299328, 1, 0, 0
261001, 1577984, 1, 0, 0
262000, 2923371, 1, 0, 0
263000, 3374080, 1, 0, 0
264001, 3495936, 1, 0, 0
265000, 1791743, 1, 0, 0
266000, 2653184, 1, 0, 0
267001, 3521536, 1, 0, 0
268000, 3503535, 1, 0, 0
269000, 3505152, 1, 0, 0
270000, 3479552, 1, 0, 0
271000, 3495936, 1, 0, 0
272000, 2336032, 1, 0, 0
273000, 2200576, 1, 0, 0
274000, 3442688, 1, 0, 0
275000, 2990080, 1, 0, 0
276000, 718848, 1, 0, 0
277000, 2697216, 1, 0, 0
278000, 3483648, 1, 0, 0
279001, 3494912, 1, 0, 0
280001, 2735104, 1, 0, 0
281000, 1939347, 1, 0, 0
282000, 2171904, 1, 0, 0
283000, 3499008, 1, 0, 0
284000, 2014208, 1, 0, 0
285000, 3503104, 1, 0, 0
286000, 3504128, 1, 0, 0
287001, 3262464, 1, 0, 0
288000, 2782942, 1, 0, 0
289000, 378880, 1, 0, 0
290001, 744448, 1, 0, 0
291000, 380284, 1, 0, 0
292000, 380928, 1, 0, 0
293000, 378880, 1, 0, 0
294000, 386434, 1, 0, 0
295000, 371712, 1, 0, 0
296000, 522240, 1, 0, 0
297001, 366592, 1, 0, 0
298000, 472536, 1, 0, 0
299000, 566272, 1, 0, 0
300001, 573440, 1, 0, 0
301000, 394634, 1, 0, 0
302000, 468992, 1, 0, 0
303000, 381952, 1, 0, 0
304000, 378234, 1, 0, 0
305000, 1569792, 1, 0, 0
306000, 1255424, 1, 0, 0
307000, 1752792, 1, 0, 0
308000, 1747968, 1, 0, 0
309000, 1741824, 1, 0, 0
310001, 1751040, 1, 0, 0
311000, 1749717, 1, 0, 0
312000, 1736704, 1, 0, 0
313000, 1755136, 1, 0, 0
314000, 1744592, 1, 0, 0
315000, 1741824, 1, 0, 0
316000, 1752064, 1, 0, 0
317000, 1740492, 1, 0, 0
318000, 591872, 1, 0, 0
319000, 534528, 1, 0, 0
320000, 516612, 1, 0, 0
321000, 373760, 1, 0, 0
322000, 365568, 1, 0, 0
323001, 381952, 1, 0, 0
324000, 463311, 1, 0, 0
325000, 370688, 1, 0, 0
326001, 379904, 1, 0, 0
327000, 367983, 1, 0, 0
328000, 376832, 1, 0, 0
329000, 816128, 1, 0, 0
330000, 1220804, 1, 0, 0
331000, 1017856, 1, 0, 0
332000, 1082368, 1, 0, 0
333000, 1123427, 1, 0, 0
334000, 1160192, 1, 0, 0
335000, 1156096, 1, 0, 0
336000, 1141877, 1, 0, 0
337000, 1148928, 1, 0, 0
338000, 1160192, 1, 0, 0
339001, 1160192, 1, 0, 0
340000, 1165453, 1, 0, 0
341000, 1140736, 1, 0, 0
342001, 1171456, 1, 0, 0
343000, 1152128, 1, 0, 0
344000, 1150976, 1, 0, 0
345001, 1160192, 1, 0, 0
346000, 1157253, 1, 0, 0
347000, 1156096, 1, 0, 0
348001, 1156096, 1, 0, 0
349000, 1162378, 1, 0, 0
350000, 1051648, 1, 0, 0
351001, 995328, 1, 0, 0
352000, 1048600, 1, 0, 0
353000, 1617920, 1, 0, 0
354000, 2932596, 1, 0, 0
355000, 1984512, 1, 0, 0
356000, 1323008, 1, 0, 0
357000, 1161353, 1, 0, 0
358000, 1159168, 1, 0, 0
359000, 956416, 1, 0, 0
360000, 838470, 1, 0, 0
361000, 379904, 1, 0, 0
362001, 362496, 1, 0, 0
363000, 364908, 1, 0, 0
364000, 364544, 1, 0, 0
365000, 388096, 1, 0, 0
366000, 363883, 1, 0, 0
367000, 364544, 1, 0, 0
368000, 378880, 1, 0, 0
369000, 364908, 1, 0, 0
370000, 379904, 1, 0, 0
371000, 888832, 1, 0, 0
372001, 1160192, 1, 0, 0
373000, 1157253, 1, 0, 0
374000, 1158144, 1, 0, 0
375001, 1162240, 1, 0, 0
376000, 555563, 1, 0, 0
377000, 367616, 1, 0, 0
378001, 368640, 1, 0, 0
379000, 780044, 1, 0, 0
380000, 1154048, 1, 0, 0
381001, 1169408, 1, 0, 0
382000, 1161353, 1, 0, 0
383000, 1162240, 1, 0, 0
384000, 1160328, 1, 0, 0
385000, 700416, 1, 0, 0
386000, 528384, 1, 0, 0
387001, 990208, 1, 0, 0
388000, 1161353, 1, 0, 0
389000, 1158144, 1, 0, 0
390000, 1152000, 1, 0, 0
391000, 1161353, 1, 0, 0
392000, 1052672, 1, 0, 0
393000, 376832, 1, 0, 0
394000, 370034, 1, 0, 0
395000, 365568, 1, 0, 0
396000, 375808, 1, 0, 0
397000, 364908, 1, 0, 0
398000, 701440, 1, 0, 0
399001, 1160192, 1, 0, 0
400000, 1159303, 1, 0, 0
401000, 2179072, 1, 0, 0
402001, 1204224, 1, 0, 0
403000, 1155203, 1, 0, 0
404000, 1167360, 1, 0, 0
405001, 1149952, 1, 0, 0
406000, 794394, 1, 0, 0
407000, 363520, 1, 0, 0
408001, 358400, 1, 0, 0
409000, 370034, 1, 0, 0
410000, 411648, 1, 0, 0
411000, 1156096, 1, 0, 0
412000, 1159168, 1, 0, 0
413000, 1152000, 1, 0, 0
414000, 1161216, 1, 0, 0
415000, 1154048, 1, 0, 0
416001, 1149952, 1, 0, 0
417000, 1356108, 1, 0, 0
418000, 1490944, 1, 0, 0
419000, 371712, 1, 0, 0
420000, 1146880, 1, 0, 0
421000, 1324032, 1, 0, 0
422000, 418816, 1, 0, 0
423000, 561152, 1, 0, 0
424000, 517120, 1, 0, 0
425000, 530962, 1, 0, 0
426000, 1336320, 1, 0, 0
427000, 1769472, 1, 0, 0
428000, 1615439, 1, 0, 0
429000, 1734656, 1, 0, 0
430001, 1332224, 1, 0, 0
431000, 1162378, 1, 0, 0
432000, 1302528, 1, 0, 0
433001, 1736704, 1, 0, 0
434000, 1746642, 1, 0, 0
435000, 1750016, 1, 0, 0
436000, 1758942, 1, 0, 0
437000, 1751040, 1, 0, 0
438000, 1756160, 1, 0, 0
439000, 1734342, 1, 0, 0
440000, 1464320, 1, 0, 0
441000, 1176576, 1, 0, 0
442000, 1113177, 1, 0, 0
443000, 2184192, 1, 0, 0
444000, 1503232, 1, 0, 0
445000, 571963, 1, 0, 0
446000, 689152, 1, 0, 0
447000, 961536, 1, 0, 0
448000, 628736, 1, 0, 0
449000, 805888, 1, 0, 0
450000, 408576, 1, 0, 0
451000, 1154048, 1, 0, 0
452000, 722944, 1, 0, 0
453000, 535552, 1, 0, 0
454001, 669696, 1, 0, 0
455000, 1071151, 1, 0, 0
456000, 790528, 1, 0, 0
457001, 371712, 1, 0, 0
458000, 384384, 1, 0, 0
459000, 385024, 1, 0, 0
460000, 380284, 1, 0, 0
461000, 711680, 1, 0, 0
462000, 1169408, 1, 0, 0
463000, 943023, 1, 0, 0
464000, 594944, 1, 0, 0
465000, 783360, 1, 0, 0
466000, 2657889, 1, 0, 0
467000, 3503104, 1, 0, 0
468000, 3514368, 1, 0, 0
469000, 3508660, 1, 0, 0
470000, 2987008, 1, 0, 0
471001, 1741824, 1, 0, 0
472000, 1732292, 1, 0, 0
473000, 2150400, 1, 0, 0
474001, 3497984, 1, 0, 0
475000, 3469709, 1, 0, 0
476000, 1466368, 1, 0, 0
477000, 1353728, 1, 0, 0
478000, 1729536, 1, 0, 0
479000, 1740492, 1, 0, 0
480000, 705536, 1, 0, 0
481000, 1032192, 1, 0, 0
482000, 2009049, 1, 0, 0
483000, 1998848, 1, 0, 0
484000, 1406976, 1, 0, 0
485000, 2041849, 1, 0, 0
486000, 1102848, 1, 0, 0
487000, 2179072, 1, 0, 0
488000, 487911, 1, 0, 0
489000, 379904, 1, 0, 0
490000, 372736, 1, 0, 0
491001, 361472, 1, 0, 0
492000, 362858, 1, 0, 0
493000, 1135616, 1, 0, 0
494001, 1162240, 1, 0, 0
495000, 1158278, 1, 0, 0
496000, 1155072, 1, 0, 0
497000, 1157120, 1, 0, 0
498000, 670366, 1, 0, 0
499000, 381952, 1, 0, 0
500000, 403456, 1, 0, 0
501000, 1159303, 1, 0, 0
502000, 1147904, 1, 0, 0
503000, 1158144, 1, 0, 0
504000, 1068076, 1, 0, 0
505000, 1157120, 1, 0, 0
506000, 1157120, 1, 0, 0
507001, 1159168, 1, 0, 0
508000, 866146, 1, 0, 0
509000, 386048, 1, 0, 0
510001, 382976, 1, 0, 0
511000, 373109, 1, 0, 0
512000, 950272, 1, 0, 0
513000, 1164288, 1, 0, 0
514001, 1158144, 1, 0, 0
515000, 3223703, 1, 0, 0
516000, 3516416, 1, 0, 0
517000, 2350382, 1, 0, 0
518000, 2778112, 1, 0, 0
519000, 2861056, 1, 0, 0
520000, 1536512, 1, 0, 0
521000, 1723392, 1, 0, 0
522000, 2270208, 1, 0, 0
523000, 2285805, 1, 0, 0
524000, 2497536, 1, 0, 0
525000, 3229696, 1, 0, 0
526000, 1156228, 1, 0, 0
527000, 1159168, 1, 0, 0
528000, 2668544, 1, 0, 0
529000, 1240280, 1, 0, 0
530000, 1156096, 1, 0, 0
531000, 1161216, 1, 0, 0
532001, 1174528, 1, 0, 0
533000, 1162378, 1, 0, 0
534000, 1465344, 1, 0, 0
535000, 1571840, 1, 0, 0
536000, 3041249, 1, 0, 0
537000, 3493888, 1, 0, 0
538000, 3512320, 1, 0, 0
539001, 3500032, 1, 0, 0
540000, 3495335, 1, 0, 0
541000, 3489792, 1, 0, 0
542000, 2912256, 1, 0, 0
543000, 3215503, 1, 0, 0
544000, 3509248, 1, 0, 0
545000, 3502080, 1, 0, 0
546001, 1330176, 1, 0, 0
547000, 1614414, 1, 0, 0
548000, 1826816, 1, 0, 0
549000, 2595840, 1, 0, 0
550000, 2296056, 1, 0, 0
551000, 1154048, 1, 0, 0
552000, 1159168, 1, 0, 0
553001, 1161216, 1, 0, 0
554000, 1156228, 1, 0, 0
555000, 1158144, 1, 0, 0
556000, 1161216, 1, 0, 0
557000, 1718966, 1, 0, 0
558000, 3504128, 1, 0, 0
559000, 3504128, 1, 0, 0
560001, 3507200, 1, 0, 0
561000, 2623039, 1, 0, 0
562000, 2836480, 1, 0, 0
563001, 1536000, 1, 0, 0
564000, 1391983, 1, 0, 0
565000, 1153024, 1, 0, 0
566000, 1150976, 1, 0, 0
567000, 1159303, 1, 0, 0
568000, 1150976, 1, 0, 0
569000, 2653184, 1, 0, 0
570001, 1991680, 1, 0, 0
571000, 1161353, 1, 0, 0
572000, 1159168, 1, 0, 0
573000, 1160192, 1, 0, 0
574000, 1166478, 1, 0, 0
575000, 1660928, 1, 0, 0
576000, 1374208, 1, 0, 0
577001, 373760, 1, 0, 0
578000, 853845, 1, 0, 0
579000, 1155072, 1, 0, 0
580001, 1170432, 1, 0, 0
581000, 1155203, 1, 0, 0
582000, 1160192, 1, 0, 0
583000, 1162240, 1, 0, 0
584000, 1163403, 1, 0, 0
585000, 1165312, 1, 0, 0
586000, 1157120, 1, 0, 0
587001, 1159168, 1, 0, 0
588000, 1165453, 1, 0, 0
589000, 1150976, 1, 0, 0
590001, 903168, 1, 0, 0
591000, 1157253, 1, 0, 0
592000, 1163264, 1, 0, 0
593001, 911360, 1, 0, 0
594000, 947123, 1, 0, 0
595000, 456704, 1, 0, 0
596000, 1199279, 1, 0, 0
597000, 1115136, 1, 0, 0
598000, 1755136, 1, 0, 0
599000, 1558038, 1, 0, 0
600000, 705536, 1, 0, 0
